ALSA lib confmisc.c:768:(parse_card) cannot find card '0'
ALSA lib conf.c:4292:(_snd_config_evaluate) function snd_func_card_driver returned error: No such file or directory
ALSA lib confmisc.c:392:(snd_func_concat) error evaluating strings
ALSA lib conf.c:4292:(_snd_config_evaluate) function snd_func_concat returned error: No such file or directory
ALSA lib confmisc.c:1251:(snd_func_refer) error evaluating name
ALSA lib conf.c:4292:(_snd_config_evaluate) function snd_func_refer returned error: No such file or directory
ALSA lib conf.c:4771:(snd_config_expand) Evaluate error: No such file or directory
ALSA lib pcm.c:2266:(snd_pcm_open_noupdate) Unknown PCM default
AL lib: alsa_open_playback: Could not open playback device 'default': No such file or directory
found bundled python: /sfs/nfs/blender/2.70/2.70/python
read blend: /home/sr7cb/ParallelComputing/test/Star-collapse-ntsc.blend
Old particle system converted to new system.
Old particle system converted to new system.
Old particle system converted to new system.
Old particle system converted to new system.
Old particle system converted to new system.
Old particle system converted to new system.
Old particle system converted to new system.
Old particle system converted to new system.
Old particle system converted to new system.
Old particle system converted to new system.
Old particle system converted to new system.
2.66 versioning fix: replacing black sky with premultiplied alpha for scene 1
Fra:226 Mem:10.64M (0.00M, Peak 10.64M) | Preparing Scene data
Fra:226 Mem:14.69M (0.00M, Peak 14.72M) | Preparing Scene data
Fra:226 Mem:14.72M (0.00M, Peak 14.72M) | Creating Shadowbuffers
Fra:226 Mem:14.72M (0.00M, Peak 14.72M) | Caching Point Densities
Fra:226 Mem:14.72M (0.00M, Peak 14.72M) Sce: 1 Ve:7409 Fa:8646 Ha:4489 La:1
Fra:226 Mem:14.72M (0.00M, Peak 14.72M) | Loading voxel datasets
Fra:226 Mem:14.72M (0.00M, Peak 14.72M) Sce: 1 Ve:7409 Fa:8646 Ha:4489 La:1
Fra:226 Mem:14.72M (0.00M, Peak 14.72M) Sce: 1 Ve:7409 Fa:8646 Ha:4489 La:1
Fra:226 Mem:14.72M (0.00M, Peak 14.72M) Sce: 1 Ve:7409 Fa:8646 Ha:4489 La:1
Fra:226 Mem:79.43M (0.00M, Peak 100.36M) | 1, Part 3-4
Fra:226 Mem:63.59M (0.00M, Peak 100.36M) | 1, Part 2-4
Fra:226 Mem:48.01M (0.00M, Peak 100.36M) | 1, Part 1-4
Fra:226 Mem:32.17M (0.00M, Peak 100.36M) | 1, Part 4-4
Fra:226 Mem:25.07M (0.00M, Peak 100.36M) Sce: 1 Ve:7409 Fa:8646 Ha:4489 La:1
Saved: star-collapse-0226 Time: 00:01.24 (Saving: 00:00.02)

Fra:227 Mem:25.30M (0.00M, Peak 100.36M) | Preparing Scene data
Fra:227 Mem:29.35M (0.00M, Peak 100.36M) | Preparing Scene data
Fra:227 Mem:29.38M (0.00M, Peak 100.36M) | Creating Shadowbuffers
Fra:227 Mem:29.38M (0.00M, Peak 100.36M) | Caching Point Densities
Fra:227 Mem:29.38M (0.00M, Peak 100.36M) Sce: 1 Ve:7409 Fa:8646 Ha:4483 La:1
Fra:227 Mem:29.38M (0.00M, Peak 100.36M) | Loading voxel datasets
Fra:227 Mem:29.38M (0.00M, Peak 100.36M) Sce: 1 Ve:7409 Fa:8646 Ha:4483 La:1
Fra:227 Mem:29.39M (0.00M, Peak 100.36M) Sce: 1 Ve:7409 Fa:8646 Ha:4483 La:1
Fra:227 Mem:29.39M (0.00M, Peak 100.36M) Sce: 1 Ve:7409 Fa:8646 Ha:4483 La:1
Fra:227 Mem:77.40M (0.00M, Peak 100.36M) | 1, Part 4-4
Fra:227 Mem:63.78M (0.00M, Peak 100.36M) | 1, Part 3-4
Fra:227 Mem:48.19M (0.00M, Peak 100.36M) | 1, Part 1-4
Fra:227 Mem:32.35M (0.00M, Peak 100.36M) | 1, Part 2-4
Fra:227 Mem:25.26M (0.00M, Peak 100.36M) Sce: 1 Ve:7409 Fa:8646 Ha:4483 La:1
Saved: star-collapse-0227 Time: 00:01.30 (Saving: 00:00.04)

Fra:228 Mem:25.30M (0.00M, Peak 100.36M) | Preparing Scene data
Fra:228 Mem:29.35M (0.00M, Peak 100.36M) | Preparing Scene data
Fra:228 Mem:29.38M (0.00M, Peak 100.36M) | Creating Shadowbuffers
Fra:228 Mem:29.38M (0.00M, Peak 100.36M) | Caching Point Densities
Fra:228 Mem:29.38M (0.00M, Peak 100.36M) Sce: 1 Ve:7409 Fa:8646 Ha:4471 La:1
Fra:228 Mem:29.38M (0.00M, Peak 100.36M) | Loading voxel datasets
Fra:228 Mem:29.38M (0.00M, Peak 100.36M) Sce: 1 Ve:7409 Fa:8646 Ha:4471 La:1
Fra:228 Mem:29.39M (0.00M, Peak 100.36M) Sce: 1 Ve:7409 Fa:8646 Ha:4471 La:1
Fra:228 Mem:29.39M (0.00M, Peak 100.36M) Sce: 1 Ve:7409 Fa:8646 Ha:4471 La:1
Fra:228 Mem:77.27M (0.00M, Peak 100.36M) | 1, Part 4-4
Fra:228 Mem:61.69M (0.00M, Peak 100.36M) | 1, Part 1-4
Fra:228 Mem:45.97M (0.00M, Peak 100.36M) | 1, Part 2-4
Fra:228 Mem:32.36M (0.00M, Peak 100.36M) | 1, Part 3-4
Fra:228 Mem:25.26M (0.00M, Peak 100.36M) Sce: 1 Ve:7409 Fa:8646 Ha:4471 La:1
Saved: star-collapse-0228 Time: 00:01.15 (Saving: 00:00.02)

Fra:229 Mem:25.30M (0.00M, Peak 100.36M) | Preparing Scene data
Fra:229 Mem:29.35M (0.00M, Peak 100.36M) | Preparing Scene data
Fra:229 Mem:29.39M (0.00M, Peak 100.36M) | Creating Shadowbuffers
Fra:229 Mem:29.39M (0.00M, Peak 100.36M) | Caching Point Densities
Fra:229 Mem:29.39M (0.00M, Peak 100.36M) Sce: 1 Ve:7409 Fa:8646 Ha:4465 La:1
Fra:229 Mem:29.39M (0.00M, Peak 100.36M) | Loading voxel datasets
Fra:229 Mem:29.39M (0.00M, Peak 100.36M) Sce: 1 Ve:7409 Fa:8646 Ha:4465 La:1
Fra:229 Mem:29.39M (0.00M, Peak 100.36M) Sce: 1 Ve:7409 Fa:8646 Ha:4465 La:1
Fra:229 Mem:29.39M (0.00M, Peak 100.36M) Sce: 1 Ve:7409 Fa:8646 Ha:4465 La:1
Fra:229 Mem:77.81M (0.00M, Peak 100.70M) | 1, Part 1-4
Fra:229 Mem:62.10M (0.00M, Peak 100.70M) | 1, Part 2-4
Fra:229 Mem:48.20M (0.00M, Peak 100.70M) | 1, Part 3-4
Fra:229 Mem:32.36M (0.00M, Peak 100.70M) | 1, Part 4-4
Fra:229 Mem:25.26M (0.00M, Peak 100.70M) Sce: 1 Ve:7409 Fa:8646 Ha:4465 La:1
Saved: star-collapse-0229 Time: 00:01.32 (Saving: 00:00.02)

Fra:230 Mem:25.30M (0.00M, Peak 100.70M) | Preparing Scene data
Fra:230 Mem:29.35M (0.00M, Peak 100.70M) | Preparing Scene data
Fra:230 Mem:29.39M (0.00M, Peak 100.70M) | Creating Shadowbuffers
Fra:230 Mem:29.39M (0.00M, Peak 100.70M) | Caching Point Densities
Fra:230 Mem:29.39M (0.00M, Peak 100.70M) Sce: 1 Ve:7409 Fa:8646 Ha:4456 La:1
Fra:230 Mem:29.39M (0.00M, Peak 100.70M) | Loading voxel datasets
Fra:230 Mem:29.39M (0.00M, Peak 100.70M) Sce: 1 Ve:7409 Fa:8646 Ha:4456 La:1
Fra:230 Mem:29.39M (0.00M, Peak 100.70M) Sce: 1 Ve:7409 Fa:8646 Ha:4456 La:1
Fra:230 Mem:29.39M (0.00M, Peak 100.70M) Sce: 1 Ve:7409 Fa:8646 Ha:4456 La:1
Fra:230 Mem:77.93M (0.00M, Peak 100.83M) | 1, Part 1-4
Fra:230 Mem:62.22M (0.00M, Peak 100.83M) | 1, Part 2-4
Fra:230 Mem:48.32M (0.00M, Peak 100.83M) | 1, Part 3-4
Fra:230 Mem:32.36M (0.00M, Peak 100.83M) | 1, Part 4-4
Fra:230 Mem:25.27M (0.00M, Peak 100.83M) Sce: 1 Ve:7409 Fa:8646 Ha:4456 La:1
Saved: star-collapse-0230 Time: 00:01.12 (Saving: 00:00.02)

Fra:231 Mem:25.30M (0.00M, Peak 100.83M) | Preparing Scene data
Fra:231 Mem:29.35M (0.00M, Peak 100.83M) | Preparing Scene data
Fra:231 Mem:29.39M (0.00M, Peak 100.83M) | Creating Shadowbuffers
Fra:231 Mem:29.39M (0.00M, Peak 100.83M) | Caching Point Densities
Fra:231 Mem:29.39M (0.00M, Peak 100.83M) Sce: 1 Ve:7409 Fa:8646 Ha:4447 La:1
Fra:231 Mem:29.39M (0.00M, Peak 100.83M) | Loading voxel datasets
Fra:231 Mem:29.39M (0.00M, Peak 100.83M) Sce: 1 Ve:7409 Fa:8646 Ha:4447 La:1
Fra:231 Mem:29.39M (0.00M, Peak 100.83M) Sce: 1 Ve:7409 Fa:8646 Ha:4447 La:1
Fra:231 Mem:29.39M (0.00M, Peak 100.83M) Sce: 1 Ve:7409 Fa:8646 Ha:4447 La:1
Fra:231 Mem:77.78M (0.00M, Peak 101.31M) | 1, Part 1-4
Fra:231 Mem:62.06M (0.00M, Peak 101.31M) | 1, Part 2-4
Fra:231 Mem:48.32M (0.00M, Peak 101.31M) | 1, Part 3-4
Fra:231 Mem:32.36M (0.00M, Peak 101.31M) | 1, Part 4-4
Fra:231 Mem:25.26M (0.00M, Peak 101.31M) Sce: 1 Ve:7409 Fa:8646 Ha:4447 La:1
Saved: star-collapse-0231 Time: 00:01.35 (Saving: 00:00.03)

Fra:232 Mem:25.30M (0.00M, Peak 101.31M) | Preparing Scene data
Fra:232 Mem:29.35M (0.00M, Peak 101.31M) | Preparing Scene data
Fra:232 Mem:29.39M (0.00M, Peak 101.31M) | Creating Shadowbuffers
Fra:232 Mem:29.39M (0.00M, Peak 101.31M) | Caching Point Densities
Fra:232 Mem:29.39M (0.00M, Peak 101.31M) Sce: 1 Ve:7409 Fa:8646 Ha:4435 La:1
Fra:232 Mem:29.39M (0.00M, Peak 101.31M) | Loading voxel datasets
Fra:232 Mem:29.39M (0.00M, Peak 101.31M) Sce: 1 Ve:7409 Fa:8646 Ha:4435 La:1
Fra:232 Mem:29.39M (0.00M, Peak 101.31M) Sce: 1 Ve:7409 Fa:8646 Ha:4435 La:1
Fra:232 Mem:29.39M (0.00M, Peak 101.31M) Sce: 1 Ve:7409 Fa:8646 Ha:4435 La:1
Fra:232 Mem:77.50M (0.00M, Peak 101.59M) | 1, Part 1-4
Fra:232 Mem:61.78M (0.00M, Peak 101.59M) | 1, Part 2-4
Fra:232 Mem:48.04M (0.00M, Peak 101.59M) | 1, Part 3-4
Fra:232 Mem:32.36M (0.00M, Peak 101.59M) | 1, Part 4-4
Fra:232 Mem:25.26M (0.00M, Peak 101.59M) Sce: 1 Ve:7409 Fa:8646 Ha:4435 La:1
Saved: star-collapse-0232 Time: 00:01.12 (Saving: 00:00.02)

Fra:233 Mem:25.30M (0.00M, Peak 101.59M) | Preparing Scene data
Fra:233 Mem:29.35M (0.00M, Peak 101.59M) | Preparing Scene data
Fra:233 Mem:29.39M (0.00M, Peak 101.59M) | Creating Shadowbuffers
Fra:233 Mem:29.39M (0.00M, Peak 101.59M) | Caching Point Densities
Fra:233 Mem:29.39M (0.00M, Peak 101.59M) Sce: 1 Ve:7409 Fa:8646 Ha:4429 La:1
Fra:233 Mem:29.39M (0.00M, Peak 101.59M) | Loading voxel datasets
Fra:233 Mem:29.39M (0.00M, Peak 101.59M) Sce: 1 Ve:7409 Fa:8646 Ha:4429 La:1
Fra:233 Mem:29.39M (0.00M, Peak 101.59M) Sce: 1 Ve:7409 Fa:8646 Ha:4429 La:1
Fra:233 Mem:29.39M (0.00M, Peak 101.59M) Sce: 1 Ve:7409 Fa:8646 Ha:4429 La:1
Fra:233 Mem:77.78M (0.00M, Peak 104.97M) | 1, Part 1-4
Fra:233 Mem:62.06M (0.00M, Peak 104.97M) | 1, Part 2-4
Fra:233 Mem:48.32M (0.00M, Peak 104.97M) | 1, Part 3-4
Fra:233 Mem:32.36M (0.00M, Peak 104.97M) | 1, Part 4-4
Fra:233 Mem:25.26M (0.00M, Peak 104.97M) Sce: 1 Ve:7409 Fa:8646 Ha:4429 La:1
Saved: star-collapse-0233 Time: 00:01.24 (Saving: 00:00.02)

Fra:234 Mem:25.30M (0.00M, Peak 104.97M) | Preparing Scene data
Fra:234 Mem:29.35M (0.00M, Peak 104.97M) | Preparing Scene data
Fra:234 Mem:29.39M (0.00M, Peak 104.97M) | Creating Shadowbuffers
Fra:234 Mem:29.39M (0.00M, Peak 104.97M) | Caching Point Densities
Fra:234 Mem:29.39M (0.00M, Peak 104.97M) Sce: 1 Ve:7409 Fa:8646 Ha:4417 La:1
Fra:234 Mem:29.39M (0.00M, Peak 104.97M) | Loading voxel datasets
Fra:234 Mem:29.39M (0.00M, Peak 104.97M) Sce: 1 Ve:7409 Fa:8646 Ha:4417 La:1
Fra:234 Mem:29.39M (0.00M, Peak 104.97M) Sce: 1 Ve:7409 Fa:8646 Ha:4417 La:1
Fra:234 Mem:29.39M (0.00M, Peak 104.97M) Sce: 1 Ve:7409 Fa:8646 Ha:4417 La:1
Fra:234 Mem:78.34M (0.00M, Peak 104.97M) | 1, Part 1-4
Fra:234 Mem:62.63M (0.00M, Peak 104.97M) | 1, Part 2-4
Fra:234 Mem:48.32M (0.00M, Peak 104.97M) | 1, Part 3-4
Fra:234 Mem:32.36M (0.00M, Peak 104.97M) | 1, Part 4-4
Fra:234 Mem:25.26M (0.00M, Peak 104.97M) Sce: 1 Ve:7409 Fa:8646 Ha:4417 La:1
Saved: star-collapse-0234 Time: 00:01.20 (Saving: 00:00.04)

Fra:235 Mem:25.30M (0.00M, Peak 104.97M) | Preparing Scene data
Fra:235 Mem:29.35M (0.00M, Peak 104.97M) | Preparing Scene data
Fra:235 Mem:29.39M (0.00M, Peak 104.97M) | Creating Shadowbuffers
Fra:235 Mem:29.39M (0.00M, Peak 104.97M) | Caching Point Densities
Fra:235 Mem:29.39M (0.00M, Peak 104.97M) Sce: 1 Ve:7409 Fa:8646 Ha:4414 La:1
Fra:235 Mem:29.39M (0.00M, Peak 104.97M) | Loading voxel datasets
Fra:235 Mem:29.39M (0.00M, Peak 104.97M) Sce: 1 Ve:7409 Fa:8646 Ha:4414 La:1
Fra:235 Mem:29.39M (0.00M, Peak 104.97M) Sce: 1 Ve:7409 Fa:8646 Ha:4414 La:1
Fra:235 Mem:29.39M (0.00M, Peak 104.97M) Sce: 1 Ve:7409 Fa:8646 Ha:4414 La:1
Fra:235 Mem:77.49M (0.00M, Peak 104.97M) | 1, Part 1-4
Fra:235 Mem:61.78M (0.00M, Peak 104.97M) | 1, Part 2-4
Fra:235 Mem:48.32M (0.00M, Peak 104.97M) | 1, Part 3-4
Fra:235 Mem:32.36M (0.00M, Peak 104.97M) | 1, Part 4-4
Fra:235 Mem:25.26M (0.00M, Peak 104.97M) Sce: 1 Ve:7409 Fa:8646 Ha:4414 La:1
Saved: star-collapse-0235 Time: 00:01.11 (Saving: 00:00.02)

Fra:236 Mem:25.30M (0.00M, Peak 104.97M) | Preparing Scene data
Fra:236 Mem:29.35M (0.00M, Peak 104.97M) | Preparing Scene data
Fra:236 Mem:29.38M (0.00M, Peak 104.97M) | Creating Shadowbuffers
Fra:236 Mem:29.38M (0.00M, Peak 104.97M) | Caching Point Densities
Fra:236 Mem:29.38M (0.00M, Peak 104.97M) Sce: 1 Ve:7409 Fa:8646 Ha:4399 La:1
Fra:236 Mem:29.38M (0.00M, Peak 104.97M) | Loading voxel datasets
Fra:236 Mem:29.38M (0.00M, Peak 104.97M) Sce: 1 Ve:7409 Fa:8646 Ha:4399 La:1
Fra:236 Mem:29.39M (0.00M, Peak 104.97M) Sce: 1 Ve:7409 Fa:8646 Ha:4399 La:1
Fra:236 Mem:29.39M (0.00M, Peak 104.97M) Sce: 1 Ve:7409 Fa:8646 Ha:4399 La:1
Fra:236 Mem:78.62M (0.00M, Peak 104.97M) | 1, Part 1-4
Fra:236 Mem:62.91M (0.00M, Peak 104.97M) | 1, Part 2-4
Fra:236 Mem:48.32M (0.00M, Peak 104.97M) | 1, Part 3-4
Fra:236 Mem:32.36M (0.00M, Peak 104.97M) | 1, Part 4-4
Fra:236 Mem:25.26M (0.00M, Peak 104.97M) Sce: 1 Ve:7409 Fa:8646 Ha:4399 La:1
Saved: star-collapse-0236 Time: 00:01.24 (Saving: 00:00.02)

Fra:237 Mem:25.49M (0.00M, Peak 104.97M) | Preparing Scene data
Fra:237 Mem:29.54M (0.00M, Peak 104.97M) | Preparing Scene data
Fra:237 Mem:29.57M (0.00M, Peak 104.97M) | Creating Shadowbuffers
Fra:237 Mem:29.57M (0.00M, Peak 104.97M) | Caching Point Densities
Fra:237 Mem:29.57M (0.00M, Peak 104.97M) Sce: 1 Ve:7409 Fa:8646 Ha:4393 La:1
Fra:237 Mem:29.57M (0.00M, Peak 104.97M) | Loading voxel datasets
Fra:237 Mem:29.57M (0.00M, Peak 104.97M) Sce: 1 Ve:7409 Fa:8646 Ha:4393 La:1
Fra:237 Mem:29.58M (0.00M, Peak 104.97M) Sce: 1 Ve:7409 Fa:8646 Ha:4393 La:1
Fra:237 Mem:29.58M (0.00M, Peak 104.97M) Sce: 1 Ve:7409 Fa:8646 Ha:4393 La:1
Fra:237 Mem:78.53M (0.00M, Peak 104.97M) | 1, Part 1-4
Fra:237 Mem:62.81M (0.00M, Peak 104.97M) | 1, Part 2-4
Fra:237 Mem:48.51M (0.00M, Peak 104.97M) | 1, Part 3-4
Fra:237 Mem:32.54M (0.00M, Peak 104.97M) | 1, Part 4-4
Fra:237 Mem:25.45M (0.00M, Peak 104.97M) Sce: 1 Ve:7409 Fa:8646 Ha:4393 La:1
Saved: star-collapse-0237 Time: 00:01.18 (Saving: 00:00.02)

Fra:238 Mem:25.49M (0.00M, Peak 104.97M) | Preparing Scene data
Fra:238 Mem:29.54M (0.00M, Peak 104.97M) | Preparing Scene data
Fra:238 Mem:29.57M (0.00M, Peak 104.97M) | Creating Shadowbuffers
Fra:238 Mem:29.57M (0.00M, Peak 104.97M) | Caching Point Densities
Fra:238 Mem:29.57M (0.00M, Peak 104.97M) Sce: 1 Ve:7409 Fa:8646 Ha:4384 La:1
Fra:238 Mem:29.57M (0.00M, Peak 104.97M) | Loading voxel datasets
Fra:238 Mem:29.57M (0.00M, Peak 104.97M) Sce: 1 Ve:7409 Fa:8646 Ha:4384 La:1
Fra:238 Mem:29.57M (0.00M, Peak 104.97M) Sce: 1 Ve:7409 Fa:8646 Ha:4384 La:1
Fra:238 Mem:29.57M (0.00M, Peak 104.97M) Sce: 1 Ve:7409 Fa:8646 Ha:4384 La:1
Fra:238 Mem:78.53M (0.00M, Peak 104.97M) | 1, Part 1-4
Fra:238 Mem:62.81M (0.00M, Peak 104.97M) | 1, Part 2-4
Fra:238 Mem:48.51M (0.00M, Peak 104.97M) | 1, Part 3-4
Fra:238 Mem:32.54M (0.00M, Peak 104.97M) | 1, Part 4-4
Fra:238 Mem:25.45M (0.00M, Peak 104.97M) Sce: 1 Ve:7409 Fa:8646 Ha:4384 La:1
Saved: star-collapse-0238 Time: 00:01.23 (Saving: 00:00.02)

Fra:239 Mem:25.49M (0.00M, Peak 104.97M) | Preparing Scene data
Fra:239 Mem:29.54M (0.00M, Peak 104.97M) | Preparing Scene data
Fra:239 Mem:29.57M (0.00M, Peak 104.97M) | Creating Shadowbuffers
Fra:239 Mem:29.57M (0.00M, Peak 104.97M) | Caching Point Densities
Fra:239 Mem:29.57M (0.00M, Peak 104.97M) Sce: 1 Ve:7409 Fa:8646 Ha:4375 La:1
Fra:239 Mem:29.57M (0.00M, Peak 104.97M) | Loading voxel datasets
Fra:239 Mem:29.57M (0.00M, Peak 104.97M) Sce: 1 Ve:7409 Fa:8646 Ha:4375 La:1
Fra:239 Mem:29.57M (0.00M, Peak 104.97M) Sce: 1 Ve:7409 Fa:8646 Ha:4375 La:1
Fra:239 Mem:29.57M (0.00M, Peak 104.97M) Sce: 1 Ve:7409 Fa:8646 Ha:4375 La:1
Fra:239 Mem:77.68M (0.00M, Peak 104.97M) | 1, Part 1-4
Fra:239 Mem:61.97M (0.00M, Peak 104.97M) | 1, Part 2-4
Fra:239 Mem:48.51M (0.00M, Peak 104.97M) | 1, Part 3-4
Fra:239 Mem:32.54M (0.00M, Peak 104.97M) | 1, Part 4-4
Fra:239 Mem:25.45M (0.00M, Peak 104.97M) Sce: 1 Ve:7409 Fa:8646 Ha:4375 La:1
Saved: star-collapse-0239 Time: 00:01.24 (Saving: 00:00.02)

Fra:240 Mem:25.49M (0.00M, Peak 104.97M) | Preparing Scene data
Fra:240 Mem:29.54M (0.00M, Peak 104.97M) | Preparing Scene data
Fra:240 Mem:29.57M (0.00M, Peak 104.97M) | Creating Shadowbuffers
Fra:240 Mem:29.57M (0.00M, Peak 104.97M) | Caching Point Densities
Fra:240 Mem:29.57M (0.00M, Peak 104.97M) Sce: 1 Ve:7409 Fa:8646 Ha:4363 La:1
Fra:240 Mem:29.57M (0.00M, Peak 104.97M) | Loading voxel datasets
Fra:240 Mem:29.57M (0.00M, Peak 104.97M) Sce: 1 Ve:7409 Fa:8646 Ha:4363 La:1
Fra:240 Mem:29.57M (0.00M, Peak 104.97M) Sce: 1 Ve:7409 Fa:8646 Ha:4363 La:1
Fra:240 Mem:29.57M (0.00M, Peak 104.97M) Sce: 1 Ve:7409 Fa:8646 Ha:4363 La:1
Fra:240 Mem:78.40M (0.00M, Peak 104.97M) | 1, Part 1-4
Fra:240 Mem:62.81M (0.00M, Peak 104.97M) | 1, Part 2-4
Fra:240 Mem:48.51M (0.00M, Peak 104.97M) | 1, Part 3-4
Fra:240 Mem:32.54M (0.00M, Peak 104.97M) | 1, Part 4-4
Fra:240 Mem:25.45M (0.00M, Peak 104.97M) Sce: 1 Ve:7409 Fa:8646 Ha:4363 La:1
Saved: star-collapse-0240 Time: 00:01.23 (Saving: 00:00.02)

Fra:241 Mem:25.49M (0.00M, Peak 104.97M) | Preparing Scene data
Fra:241 Mem:29.54M (0.00M, Peak 104.97M) | Preparing Scene data
Fra:241 Mem:29.57M (0.00M, Peak 104.97M) | Creating Shadowbuffers
Fra:241 Mem:29.57M (0.00M, Peak 104.97M) | Caching Point Densities
Fra:241 Mem:29.57M (0.00M, Peak 104.97M) Sce: 1 Ve:7409 Fa:8646 Ha:4357 La:1
Fra:241 Mem:29.57M (0.00M, Peak 104.97M) | Loading voxel datasets
Fra:241 Mem:29.57M (0.00M, Peak 104.97M) Sce: 1 Ve:7409 Fa:8646 Ha:4357 La:1
Fra:241 Mem:29.57M (0.00M, Peak 104.97M) Sce: 1 Ve:7409 Fa:8646 Ha:4357 La:1
Fra:241 Mem:29.57M (0.00M, Peak 104.97M) Sce: 1 Ve:7409 Fa:8646 Ha:4357 La:1
Fra:241 Mem:78.12M (0.00M, Peak 104.97M) | 1, Part 1-4
Fra:241 Mem:62.53M (0.00M, Peak 104.97M) | 1, Part 2-4
Fra:241 Mem:48.51M (0.00M, Peak 104.97M) | 1, Part 3-4
Fra:241 Mem:32.54M (0.00M, Peak 104.97M) | 1, Part 4-4
Fra:241 Mem:25.45M (0.00M, Peak 104.97M) Sce: 1 Ve:7409 Fa:8646 Ha:4357 La:1
Saved: star-collapse-0241 Time: 00:01.08 (Saving: 00:00.02)

Fra:242 Mem:25.49M (0.00M, Peak 104.97M) | Preparing Scene data
Fra:242 Mem:29.54M (0.00M, Peak 104.97M) | Preparing Scene data
Fra:242 Mem:29.57M (0.00M, Peak 104.97M) | Creating Shadowbuffers
Fra:242 Mem:29.57M (0.00M, Peak 104.97M) | Caching Point Densities
Fra:242 Mem:29.57M (0.00M, Peak 104.97M) Sce: 1 Ve:7409 Fa:8646 Ha:4345 La:1
Fra:242 Mem:29.57M (0.00M, Peak 104.97M) | Loading voxel datasets
Fra:242 Mem:29.57M (0.00M, Peak 104.97M) Sce: 1 Ve:7409 Fa:8646 Ha:4345 La:1
Fra:242 Mem:29.57M (0.00M, Peak 104.97M) Sce: 1 Ve:7409 Fa:8646 Ha:4345 La:1
Fra:242 Mem:29.57M (0.00M, Peak 104.97M) Sce: 1 Ve:7409 Fa:8646 Ha:4345 La:1
Fra:242 Mem:78.24M (0.00M, Peak 104.97M) | 1, Part 1-4
Fra:242 Mem:62.65M (0.00M, Peak 104.97M) | 1, Part 2-4
Fra:242 Mem:48.50M (0.00M, Peak 104.97M) | 1, Part 3-4
Fra:242 Mem:32.54M (0.00M, Peak 104.97M) | 1, Part 4-4
Fra:242 Mem:25.45M (0.00M, Peak 104.97M) Sce: 1 Ve:7409 Fa:8646 Ha:4345 La:1
Saved: star-collapse-0242 Time: 00:01.08 (Saving: 00:00.02)

Fra:243 Mem:25.49M (0.00M, Peak 104.97M) | Preparing Scene data
Fra:243 Mem:29.54M (0.00M, Peak 104.97M) | Preparing Scene data
Fra:243 Mem:29.57M (0.00M, Peak 104.97M) | Creating Shadowbuffers
Fra:243 Mem:29.57M (0.00M, Peak 104.97M) | Caching Point Densities
Fra:243 Mem:29.57M (0.00M, Peak 104.97M) Sce: 1 Ve:7409 Fa:8646 Ha:4342 La:1
Fra:243 Mem:29.57M (0.00M, Peak 104.97M) | Loading voxel datasets
Fra:243 Mem:29.57M (0.00M, Peak 104.97M) Sce: 1 Ve:7409 Fa:8646 Ha:4342 La:1
Fra:243 Mem:29.57M (0.00M, Peak 104.97M) Sce: 1 Ve:7409 Fa:8646 Ha:4342 La:1
Fra:243 Mem:29.57M (0.00M, Peak 104.97M) Sce: 1 Ve:7409 Fa:8646 Ha:4342 La:1
Fra:243 Mem:78.80M (0.00M, Peak 104.97M) | 1, Part 1-4
Fra:243 Mem:63.22M (0.00M, Peak 104.97M) | 1, Part 2-4
Fra:243 Mem:48.50M (0.00M, Peak 104.97M) | 1, Part 3-4
Fra:243 Mem:32.54M (0.00M, Peak 104.97M) | 1, Part 4-4
Fra:243 Mem:25.45M (0.00M, Peak 104.97M) Sce: 1 Ve:7409 Fa:8646 Ha:4342 La:1
Saved: star-collapse-0243 Time: 00:01.08 (Saving: 00:00.02)

Fra:244 Mem:25.49M (0.00M, Peak 104.97M) | Preparing Scene data
Fra:244 Mem:29.54M (0.00M, Peak 104.97M) | Preparing Scene data
Fra:244 Mem:29.57M (0.00M, Peak 104.97M) | Creating Shadowbuffers
Fra:244 Mem:29.57M (0.00M, Peak 104.97M) | Caching Point Densities
Fra:244 Mem:29.57M (0.00M, Peak 104.97M) Sce: 1 Ve:7409 Fa:8646 Ha:4327 La:1
Fra:244 Mem:29.57M (0.00M, Peak 104.97M) | Loading voxel datasets
Fra:244 Mem:29.57M (0.00M, Peak 104.97M) Sce: 1 Ve:7409 Fa:8646 Ha:4327 La:1
Fra:244 Mem:29.57M (0.00M, Peak 104.97M) Sce: 1 Ve:7409 Fa:8646 Ha:4327 La:1
Fra:244 Mem:29.57M (0.00M, Peak 104.97M) Sce: 1 Ve:7409 Fa:8646 Ha:4327 La:1
Fra:244 Mem:78.24M (0.00M, Peak 104.97M) | 1, Part 1-4
Fra:244 Mem:62.65M (0.00M, Peak 104.97M) | 1, Part 2-4
Fra:244 Mem:48.50M (0.00M, Peak 104.97M) | 1, Part 3-4
Fra:244 Mem:32.54M (0.00M, Peak 104.97M) | 1, Part 4-4
Fra:244 Mem:25.45M (0.00M, Peak 104.97M) Sce: 1 Ve:7409 Fa:8646 Ha:4327 La:1
Saved: star-collapse-0244 Time: 00:01.08 (Saving: 00:00.02)

Fra:245 Mem:25.49M (0.00M, Peak 104.97M) | Preparing Scene data
Fra:245 Mem:29.54M (0.00M, Peak 104.97M) | Preparing Scene data
Fra:245 Mem:29.57M (0.00M, Peak 104.97M) | Creating Shadowbuffers
Fra:245 Mem:29.57M (0.00M, Peak 104.97M) | Caching Point Densities
Fra:245 Mem:29.57M (0.00M, Peak 104.97M) Sce: 1 Ve:7409 Fa:8646 Ha:4321 La:1
Fra:245 Mem:29.57M (0.00M, Peak 104.97M) | Loading voxel datasets
Fra:245 Mem:29.57M (0.00M, Peak 104.97M) Sce: 1 Ve:7409 Fa:8646 Ha:4321 La:1
Fra:245 Mem:29.57M (0.00M, Peak 104.97M) Sce: 1 Ve:7409 Fa:8646 Ha:4321 La:1
Fra:245 Mem:29.57M (0.00M, Peak 104.97M) Sce: 1 Ve:7409 Fa:8646 Ha:4321 La:1
Fra:245 Mem:78.80M (0.00M, Peak 104.97M) | 1, Part 1-4
Fra:245 Mem:63.22M (0.00M, Peak 104.97M) | 1, Part 2-4
Fra:245 Mem:48.50M (0.00M, Peak 104.97M) | 1, Part 3-4
Fra:245 Mem:32.54M (0.00M, Peak 104.97M) | 1, Part 4-4
Fra:245 Mem:25.45M (0.00M, Peak 104.97M) Sce: 1 Ve:7409 Fa:8646 Ha:4321 La:1
Saved: star-collapse-0245 Time: 00:01.24 (Saving: 00:00.02)

Fra:246 Mem:25.49M (0.00M, Peak 104.97M) | Preparing Scene data
Fra:246 Mem:29.54M (0.00M, Peak 104.97M) | Preparing Scene data
Fra:246 Mem:29.57M (0.00M, Peak 104.97M) | Creating Shadowbuffers
Fra:246 Mem:29.57M (0.00M, Peak 104.97M) | Caching Point Densities
Fra:246 Mem:29.57M (0.00M, Peak 104.97M) Sce: 1 Ve:7409 Fa:8646 Ha:4309 La:1
Fra:246 Mem:29.57M (0.00M, Peak 104.97M) | Loading voxel datasets
Fra:246 Mem:29.57M (0.00M, Peak 104.97M) Sce: 1 Ve:7409 Fa:8646 Ha:4309 La:1
Fra:246 Mem:29.57M (0.00M, Peak 104.97M) Sce: 1 Ve:7409 Fa:8646 Ha:4309 La:1
Fra:246 Mem:29.57M (0.00M, Peak 104.97M) Sce: 1 Ve:7409 Fa:8646 Ha:4309 La:1
Fra:246 Mem:78.52M (0.00M, Peak 104.97M) | 1, Part 1-4
Fra:246 Mem:62.93M (0.00M, Peak 104.97M) | 1, Part 2-4
Fra:246 Mem:48.50M (0.00M, Peak 104.97M) | 1, Part 3-4
Fra:246 Mem:32.54M (0.00M, Peak 104.97M) | 1, Part 4-4
Fra:246 Mem:25.45M (0.00M, Peak 104.97M) Sce: 1 Ve:7409 Fa:8646 Ha:4309 La:1
Saved: star-collapse-0246 Time: 00:01.22 (Saving: 00:00.02)

Fra:247 Mem:25.67M (0.00M, Peak 104.97M) | Preparing Scene data
Fra:247 Mem:29.72M (0.00M, Peak 104.97M) | Preparing Scene data
Fra:247 Mem:29.75M (0.00M, Peak 104.97M) | Creating Shadowbuffers
Fra:247 Mem:29.75M (0.00M, Peak 104.97M) | Caching Point Densities
Fra:247 Mem:29.75M (0.00M, Peak 104.97M) Sce: 1 Ve:7409 Fa:8646 Ha:4303 La:1
Fra:247 Mem:29.75M (0.00M, Peak 104.97M) | Loading voxel datasets
Fra:247 Mem:29.75M (0.00M, Peak 104.97M) Sce: 1 Ve:7409 Fa:8646 Ha:4303 La:1
Fra:247 Mem:29.76M (0.00M, Peak 104.97M) Sce: 1 Ve:7409 Fa:8646 Ha:4303 La:1
Fra:247 Mem:29.76M (0.00M, Peak 104.97M) Sce: 1 Ve:7409 Fa:8646 Ha:4303 La:1
Fra:247 Mem:77.99M (0.00M, Peak 104.97M) | 1, Part 1-4
Fra:247 Mem:62.40M (0.00M, Peak 104.97M) | 1, Part 2-4
Fra:247 Mem:48.81M (0.00M, Peak 104.97M) | 1, Part 3-4
Fra:247 Mem:32.72M (0.00M, Peak 104.97M) | 1, Part 4-4
Fra:247 Mem:25.63M (0.00M, Peak 104.97M) Sce: 1 Ve:7409 Fa:8646 Ha:4303 La:1
Saved: star-collapse-0247 Time: 00:01.15 (Saving: 00:00.02)

Fra:248 Mem:25.67M (0.00M, Peak 104.97M) | Preparing Scene data
Fra:248 Mem:29.72M (0.00M, Peak 104.97M) | Preparing Scene data
Fra:248 Mem:29.75M (0.00M, Peak 104.97M) | Creating Shadowbuffers
Fra:248 Mem:29.75M (0.00M, Peak 104.97M) | Caching Point Densities
Fra:248 Mem:29.75M (0.00M, Peak 104.97M) Sce: 1 Ve:7409 Fa:8646 Ha:4294 La:1
Fra:248 Mem:29.75M (0.00M, Peak 104.97M) | Loading voxel datasets
Fra:248 Mem:29.75M (0.00M, Peak 104.97M) Sce: 1 Ve:7409 Fa:8646 Ha:4294 La:1
Fra:248 Mem:29.76M (0.00M, Peak 104.97M) Sce: 1 Ve:7409 Fa:8646 Ha:4294 La:1
Fra:248 Mem:29.76M (0.00M, Peak 104.97M) Sce: 1 Ve:7409 Fa:8646 Ha:4294 La:1
Fra:248 Mem:78.83M (0.00M, Peak 104.97M) | 1, Part 1-4
Fra:248 Mem:63.24M (0.00M, Peak 104.97M) | 1, Part 2-4
Fra:248 Mem:48.81M (0.00M, Peak 104.97M) | 1, Part 3-4
Fra:248 Mem:32.72M (0.00M, Peak 104.97M) | 1, Part 4-4
Fra:248 Mem:25.63M (0.00M, Peak 104.97M) Sce: 1 Ve:7409 Fa:8646 Ha:4294 La:1
Saved: star-collapse-0248 Time: 00:01.25 (Saving: 00:00.02)

Fra:249 Mem:25.67M (0.00M, Peak 104.97M) | Preparing Scene data
Fra:249 Mem:29.72M (0.00M, Peak 104.97M) | Preparing Scene data
Fra:249 Mem:29.75M (0.00M, Peak 104.97M) | Creating Shadowbuffers
Fra:249 Mem:29.75M (0.00M, Peak 104.97M) | Caching Point Densities
Fra:249 Mem:29.75M (0.00M, Peak 104.97M) Sce: 1 Ve:7409 Fa:8646 Ha:4285 La:1
Fra:249 Mem:29.75M (0.00M, Peak 104.97M) | Loading voxel datasets
Fra:249 Mem:29.75M (0.00M, Peak 104.97M) Sce: 1 Ve:7409 Fa:8646 Ha:4285 La:1
Fra:249 Mem:29.75M (0.00M, Peak 104.97M) Sce: 1 Ve:7409 Fa:8646 Ha:4285 La:1
Fra:249 Mem:29.75M (0.00M, Peak 104.97M) Sce: 1 Ve:7409 Fa:8646 Ha:4285 La:1
Fra:249 Mem:78.27M (0.00M, Peak 104.97M) | 1, Part 1-4
Fra:249 Mem:62.68M (0.00M, Peak 104.97M) | 1, Part 2-4
Fra:249 Mem:48.53M (0.00M, Peak 104.97M) | 1, Part 3-4
Fra:249 Mem:32.72M (0.00M, Peak 104.97M) | 1, Part 4-4
Fra:249 Mem:25.63M (0.00M, Peak 104.97M) Sce: 1 Ve:7409 Fa:8646 Ha:4285 La:1
Saved: star-collapse-0249 Time: 00:01.25 (Saving: 00:00.02)

Fra:250 Mem:25.67M (0.00M, Peak 104.97M) | Preparing Scene data
Fra:250 Mem:29.72M (0.00M, Peak 104.97M) | Preparing Scene data
Fra:250 Mem:29.75M (0.00M, Peak 104.97M) | Creating Shadowbuffers
Fra:250 Mem:29.75M (0.00M, Peak 104.97M) | Caching Point Densities
Fra:250 Mem:29.75M (0.00M, Peak 104.97M) Sce: 1 Ve:7409 Fa:8646 Ha:4273 La:1
Fra:250 Mem:29.75M (0.00M, Peak 104.97M) | Loading voxel datasets
Fra:250 Mem:29.75M (0.00M, Peak 104.97M) Sce: 1 Ve:7409 Fa:8646 Ha:4273 La:1
Fra:250 Mem:29.75M (0.00M, Peak 104.97M) Sce: 1 Ve:7409 Fa:8646 Ha:4273 La:1
Fra:250 Mem:29.75M (0.00M, Peak 104.97M) Sce: 1 Ve:7409 Fa:8646 Ha:4273 La:1
Fra:250 Mem:78.55M (0.00M, Peak 104.97M) | 1, Part 1-4
Fra:250 Mem:62.96M (0.00M, Peak 104.97M) | 1, Part 2-4
Fra:250 Mem:48.53M (0.00M, Peak 104.97M) | 1, Part 3-4
Fra:250 Mem:32.72M (0.00M, Peak 104.97M) | 1, Part 4-4
Fra:250 Mem:25.63M (0.00M, Peak 104.97M) Sce: 1 Ve:7409 Fa:8646 Ha:4273 La:1
Saved: star-collapse-0250 Time: 00:01.25 (Saving: 00:00.02)

Error, region type 2 missing in - name:"Info", id:7
Error, region type 4 missing in - name:"Info", id:7

Blender quit

real	0m31.097s
user	0m54.119s
sys	0m1.528s
