ALSA lib confmisc.c:768:(parse_card) cannot find card '0'
ALSA lib conf.c:4292:(_snd_config_evaluate) function snd_func_card_driver returned error: No such file or directory
ALSA lib confmisc.c:392:(snd_func_concat) error evaluating strings
ALSA lib conf.c:4292:(_snd_config_evaluate) function snd_func_concat returned error: No such file or directory
ALSA lib confmisc.c:1251:(snd_func_refer) error evaluating name
ALSA lib conf.c:4292:(_snd_config_evaluate) function snd_func_refer returned error: No such file or directory
ALSA lib conf.c:4771:(snd_config_expand) Evaluate error: No such file or directory
ALSA lib pcm.c:2266:(snd_pcm_open_noupdate) Unknown PCM default
AL lib: alsa_open_playback: Could not open playback device 'default': No such file or directory
found bundled python: /sfs/nfs/blender/2.70/2.70/python
read blend: /home/sr7cb/ParallelComputing/test/Star-collapse-ntsc.blend
Old particle system converted to new system.
Old particle system converted to new system.
Old particle system converted to new system.
Old particle system converted to new system.
Old particle system converted to new system.
Old particle system converted to new system.
Old particle system converted to new system.
Old particle system converted to new system.
Old particle system converted to new system.
Old particle system converted to new system.
Old particle system converted to new system.
2.66 versioning fix: replacing black sky with premultiplied alpha for scene 1
Fra:126 Mem:10.52M (0.00M, Peak 10.52M) | Preparing Scene data
Fra:126 Mem:13.70M (0.00M, Peak 13.74M) | Preparing Scene data
Fra:126 Mem:13.72M (0.00M, Peak 13.74M) | Creating Shadowbuffers
Fra:126 Mem:13.72M (0.00M, Peak 13.74M) | Caching Point Densities
Fra:126 Mem:13.72M (0.00M, Peak 13.74M) Sce: 1 Ve:6361 Fa:5240 Ha:2442 La:1
Fra:126 Mem:13.72M (0.00M, Peak 13.74M) | Loading voxel datasets
Fra:126 Mem:13.72M (0.00M, Peak 13.74M) Sce: 1 Ve:6361 Fa:5240 Ha:2442 La:1
Fra:126 Mem:13.72M (0.00M, Peak 13.74M) Sce: 1 Ve:6361 Fa:5240 Ha:2442 La:1
Fra:126 Mem:13.72M (0.00M, Peak 13.74M) Sce: 1 Ve:6361 Fa:5240 Ha:2442 La:1
Fra:126 Mem:78.21M (0.00M, Peak 94.47M) | 1, Part 3-4
Fra:126 Mem:62.62M (0.00M, Peak 94.47M) | 1, Part 4-4
Fra:126 Mem:46.75M (0.00M, Peak 94.47M) | 1, Part 1-4
Fra:126 Mem:31.17M (0.00M, Peak 94.47M) | 1, Part 2-4
Fra:126 Mem:24.96M (0.00M, Peak 94.47M) Sce: 1 Ve:6361 Fa:5240 Ha:2442 La:1
Saved: star-collapse-0126 Time: 00:01.04 (Saving: 00:00.02)

Fra:127 Mem:25.07M (0.00M, Peak 94.47M) | Preparing Scene data
Fra:127 Mem:28.25M (0.00M, Peak 94.47M) | Preparing Scene data
Fra:127 Mem:28.27M (0.00M, Peak 94.47M) | Creating Shadowbuffers
Fra:127 Mem:28.27M (0.00M, Peak 94.47M) | Caching Point Densities
Fra:127 Mem:28.27M (0.00M, Peak 94.47M) Sce: 1 Ve:6361 Fa:5240 Ha:2438 La:1
Fra:127 Mem:28.27M (0.00M, Peak 94.47M) | Loading voxel datasets
Fra:127 Mem:28.27M (0.00M, Peak 94.47M) Sce: 1 Ve:6361 Fa:5240 Ha:2438 La:1
Fra:127 Mem:28.27M (0.00M, Peak 94.47M) Sce: 1 Ve:6361 Fa:5240 Ha:2438 La:1
Fra:127 Mem:28.27M (0.00M, Peak 94.47M) Sce: 1 Ve:6361 Fa:5240 Ha:2438 La:1
Fra:127 Mem:78.28M (0.00M, Peak 102.66M) | 1, Part 3-4
Fra:127 Mem:62.69M (0.00M, Peak 102.66M) | 1, Part 4-4
Fra:127 Mem:47.11M (0.00M, Peak 102.66M) | 1, Part 2-4
Fra:127 Mem:31.24M (0.00M, Peak 102.66M) | 1, Part 1-4
Fra:127 Mem:25.03M (0.00M, Peak 102.66M) Sce: 1 Ve:6361 Fa:5240 Ha:2438 La:1
Saved: star-collapse-0127 Time: 00:01.13 (Saving: 00:00.02)

Fra:128 Mem:25.07M (0.00M, Peak 102.66M) | Preparing Scene data
Fra:128 Mem:28.25M (0.00M, Peak 102.66M) | Preparing Scene data
Fra:128 Mem:28.27M (0.00M, Peak 102.66M) | Creating Shadowbuffers
Fra:128 Mem:28.27M (0.00M, Peak 102.66M) | Caching Point Densities
Fra:128 Mem:28.27M (0.00M, Peak 102.66M) Sce: 1 Ve:6361 Fa:5240 Ha:2440 La:1
Fra:128 Mem:28.27M (0.00M, Peak 102.66M) | Loading voxel datasets
Fra:128 Mem:28.27M (0.00M, Peak 102.66M) Sce: 1 Ve:6361 Fa:5240 Ha:2440 La:1
Fra:128 Mem:28.27M (0.00M, Peak 102.66M) Sce: 1 Ve:6361 Fa:5240 Ha:2440 La:1
Fra:128 Mem:28.27M (0.00M, Peak 102.66M) Sce: 1 Ve:6361 Fa:5240 Ha:2440 La:1
Fra:128 Mem:78.28M (0.00M, Peak 102.94M) | 1, Part 4-4
Fra:128 Mem:62.69M (0.00M, Peak 102.94M) | 1, Part 3-4
Fra:128 Mem:47.11M (0.00M, Peak 102.94M) | 1, Part 2-4
Fra:128 Mem:31.24M (0.00M, Peak 102.94M) | 1, Part 1-4
Fra:128 Mem:25.03M (0.00M, Peak 102.94M) Sce: 1 Ve:6361 Fa:5240 Ha:2440 La:1
Saved: star-collapse-0128 Time: 00:01.01 (Saving: 00:00.02)

Fra:129 Mem:25.07M (0.00M, Peak 102.94M) | Preparing Scene data
Fra:129 Mem:28.25M (0.00M, Peak 102.94M) | Preparing Scene data
Fra:129 Mem:28.27M (0.00M, Peak 102.94M) | Creating Shadowbuffers
Fra:129 Mem:28.27M (0.00M, Peak 102.94M) | Caching Point Densities
Fra:129 Mem:28.27M (0.00M, Peak 102.94M) Sce: 1 Ve:6361 Fa:5240 Ha:2436 La:1
Fra:129 Mem:28.27M (0.00M, Peak 102.94M) | Loading voxel datasets
Fra:129 Mem:28.27M (0.00M, Peak 102.94M) Sce: 1 Ve:6361 Fa:5240 Ha:2436 La:1
Fra:129 Mem:28.27M (0.00M, Peak 102.94M) Sce: 1 Ve:6361 Fa:5240 Ha:2436 La:1
Fra:129 Mem:28.27M (0.00M, Peak 102.94M) Sce: 1 Ve:6361 Fa:5240 Ha:2436 La:1
Fra:129 Mem:78.28M (0.00M, Peak 102.94M) | 1, Part 3-4
Fra:129 Mem:62.69M (0.00M, Peak 102.94M) | 1, Part 4-4
Fra:129 Mem:47.11M (0.00M, Peak 102.94M) | 1, Part 2-4
Fra:129 Mem:31.24M (0.00M, Peak 102.94M) | 1, Part 1-4
Fra:129 Mem:25.03M (0.00M, Peak 102.94M) Sce: 1 Ve:6361 Fa:5240 Ha:2436 La:1
Saved: star-collapse-0129 Time: 00:01.00 (Saving: 00:00.02)

Fra:130 Mem:25.07M (0.00M, Peak 102.94M) | Preparing Scene data
Fra:130 Mem:28.25M (0.00M, Peak 102.94M) | Preparing Scene data
Fra:130 Mem:28.27M (0.00M, Peak 102.94M) | Creating Shadowbuffers
Fra:130 Mem:28.27M (0.00M, Peak 102.94M) | Caching Point Densities
Fra:130 Mem:28.27M (0.00M, Peak 102.94M) Sce: 1 Ve:6361 Fa:5240 Ha:2438 La:1
Fra:130 Mem:28.27M (0.00M, Peak 102.94M) | Loading voxel datasets
Fra:130 Mem:28.27M (0.00M, Peak 102.94M) Sce: 1 Ve:6361 Fa:5240 Ha:2438 La:1
Fra:130 Mem:28.27M (0.00M, Peak 102.94M) Sce: 1 Ve:6361 Fa:5240 Ha:2438 La:1
Fra:130 Mem:28.27M (0.00M, Peak 102.94M) Sce: 1 Ve:6361 Fa:5240 Ha:2438 La:1
Fra:130 Mem:78.28M (0.00M, Peak 106.67M) | 1, Part 3-4
Fra:130 Mem:62.69M (0.00M, Peak 106.67M) | 1, Part 4-4
Fra:130 Mem:47.11M (0.00M, Peak 106.67M) | 1, Part 2-4
Fra:130 Mem:31.24M (0.00M, Peak 106.67M) | 1, Part 1-4
Fra:130 Mem:25.03M (0.00M, Peak 106.67M) Sce: 1 Ve:6361 Fa:5240 Ha:2438 La:1
Saved: star-collapse-0130 Time: 00:00.98 (Saving: 00:00.02)

Fra:131 Mem:28.25M (0.00M, Peak 106.67M) | Preparing Scene data
Fra:131 Mem:28.27M (0.00M, Peak 106.67M) | Creating Shadowbuffers
Fra:131 Mem:28.27M (0.00M, Peak 106.67M) | Caching Point Densities
Fra:131 Mem:28.27M (0.00M, Peak 106.67M) Sce: 1 Ve:6361 Fa:5240 Ha:2433 La:1
Fra:131 Mem:28.27M (0.00M, Peak 106.67M) | Loading voxel datasets
Fra:131 Mem:28.27M (0.00M, Peak 106.67M) Sce: 1 Ve:6361 Fa:5240 Ha:2433 La:1
Fra:131 Mem:28.27M (0.00M, Peak 106.67M) Sce: 1 Ve:6361 Fa:5240 Ha:2433 La:1
Fra:131 Mem:28.27M (0.00M, Peak 106.67M) Sce: 1 Ve:6361 Fa:5240 Ha:2433 La:1
Fra:131 Mem:78.28M (0.00M, Peak 106.95M) | 1, Part 3-4
Fra:131 Mem:62.69M (0.00M, Peak 106.95M) | 1, Part 4-4
Fra:131 Mem:47.11M (0.00M, Peak 106.95M) | 1, Part 2-4
Fra:131 Mem:31.24M (0.00M, Peak 106.95M) | 1, Part 1-4
Fra:131 Mem:25.03M (0.00M, Peak 106.95M) Sce: 1 Ve:6361 Fa:5240 Ha:2433 La:1
Saved: star-collapse-0131 Time: 00:01.01 (Saving: 00:00.02)

Fra:132 Mem:25.07M (0.00M, Peak 106.95M) | Preparing Scene data
Fra:132 Mem:28.25M (0.00M, Peak 106.95M) | Preparing Scene data
Fra:132 Mem:28.26M (0.00M, Peak 106.95M) | Creating Shadowbuffers
Fra:132 Mem:28.26M (0.00M, Peak 106.95M) | Caching Point Densities
Fra:132 Mem:28.26M (0.00M, Peak 106.95M) Sce: 1 Ve:6361 Fa:5240 Ha:2435 La:1
Fra:132 Mem:28.26M (0.00M, Peak 106.95M) | Loading voxel datasets
Fra:132 Mem:28.26M (0.00M, Peak 106.95M) Sce: 1 Ve:6361 Fa:5240 Ha:2435 La:1
Fra:132 Mem:28.27M (0.00M, Peak 106.95M) Sce: 1 Ve:6361 Fa:5240 Ha:2435 La:1
Fra:132 Mem:28.27M (0.00M, Peak 106.95M) Sce: 1 Ve:6361 Fa:5240 Ha:2435 La:1
Fra:132 Mem:78.28M (0.00M, Peak 106.95M) | 1, Part 3-4
Fra:132 Mem:62.69M (0.00M, Peak 106.95M) | 1, Part 4-4
Fra:132 Mem:47.11M (0.00M, Peak 106.95M) | 1, Part 2-4
Fra:132 Mem:31.24M (0.00M, Peak 106.95M) | 1, Part 1-4
Fra:132 Mem:25.03M (0.00M, Peak 106.95M) Sce: 1 Ve:6361 Fa:5240 Ha:2435 La:1
Saved: star-collapse-0132 Time: 00:01.03 (Saving: 00:00.02)

Fra:133 Mem:25.07M (0.00M, Peak 106.95M) | Preparing Scene data
Fra:133 Mem:28.25M (0.00M, Peak 106.95M) | Preparing Scene data
Fra:133 Mem:28.26M (0.00M, Peak 106.95M) | Creating Shadowbuffers
Fra:133 Mem:28.26M (0.00M, Peak 106.95M) | Caching Point Densities
Fra:133 Mem:28.26M (0.00M, Peak 106.95M) Sce: 1 Ve:6361 Fa:5240 Ha:2431 La:1
Fra:133 Mem:28.26M (0.00M, Peak 106.95M) | Loading voxel datasets
Fra:133 Mem:28.26M (0.00M, Peak 106.95M) Sce: 1 Ve:6361 Fa:5240 Ha:2431 La:1
Fra:133 Mem:28.27M (0.00M, Peak 106.95M) Sce: 1 Ve:6361 Fa:5240 Ha:2431 La:1
Fra:133 Mem:28.27M (0.00M, Peak 106.95M) Sce: 1 Ve:6361 Fa:5240 Ha:2431 La:1
Fra:133 Mem:78.16M (0.00M, Peak 106.95M) | 1, Part 3-4
Fra:133 Mem:62.69M (0.00M, Peak 106.95M) | 1, Part 4-4
Fra:133 Mem:47.11M (0.00M, Peak 106.95M) | 1, Part 2-4
Fra:133 Mem:31.24M (0.00M, Peak 106.95M) | 1, Part 1-4
Fra:133 Mem:25.03M (0.00M, Peak 106.95M) Sce: 1 Ve:6361 Fa:5240 Ha:2431 La:1
Saved: star-collapse-0133 Time: 00:01.02 (Saving: 00:00.02)

Fra:134 Mem:25.07M (0.00M, Peak 106.95M) | Preparing Scene data
Fra:134 Mem:28.25M (0.00M, Peak 106.95M) | Preparing Scene data
Fra:134 Mem:28.26M (0.00M, Peak 106.95M) | Creating Shadowbuffers
Fra:134 Mem:28.26M (0.00M, Peak 106.95M) | Caching Point Densities
Fra:134 Mem:28.26M (0.00M, Peak 106.95M) Sce: 1 Ve:6361 Fa:5240 Ha:2433 La:1
Fra:134 Mem:28.26M (0.00M, Peak 106.95M) | Loading voxel datasets
Fra:134 Mem:28.26M (0.00M, Peak 106.95M) Sce: 1 Ve:6361 Fa:5240 Ha:2433 La:1
Fra:134 Mem:28.27M (0.00M, Peak 106.95M) Sce: 1 Ve:6361 Fa:5240 Ha:2433 La:1
Fra:134 Mem:28.27M (0.00M, Peak 106.95M) Sce: 1 Ve:6361 Fa:5240 Ha:2433 La:1
Fra:134 Mem:78.16M (0.00M, Peak 106.95M) | 1, Part 3-4
Fra:134 Mem:62.69M (0.00M, Peak 106.95M) | 1, Part 4-4
Fra:134 Mem:47.11M (0.00M, Peak 106.95M) | 1, Part 2-4
Fra:134 Mem:31.24M (0.00M, Peak 106.95M) | 1, Part 1-4
Fra:134 Mem:25.03M (0.00M, Peak 106.95M) Sce: 1 Ve:6361 Fa:5240 Ha:2433 La:1
Saved: star-collapse-0134 Time: 00:00.98 (Saving: 00:00.02)

Fra:135 Mem:28.25M (0.00M, Peak 106.95M) | Preparing Scene data
Fra:135 Mem:28.26M (0.00M, Peak 106.95M) | Creating Shadowbuffers
Fra:135 Mem:28.26M (0.00M, Peak 106.95M) | Caching Point Densities
Fra:135 Mem:28.26M (0.00M, Peak 106.95M) Sce: 1 Ve:6361 Fa:5240 Ha:2435 La:1
Fra:135 Mem:28.26M (0.00M, Peak 106.95M) | Loading voxel datasets
Fra:135 Mem:28.26M (0.00M, Peak 106.95M) Sce: 1 Ve:6361 Fa:5240 Ha:2435 La:1
Fra:135 Mem:28.27M (0.00M, Peak 106.95M) Sce: 1 Ve:6361 Fa:5240 Ha:2435 La:1
Fra:135 Mem:28.27M (0.00M, Peak 106.95M) Sce: 1 Ve:6361 Fa:5240 Ha:2435 La:1
Fra:135 Mem:78.16M (0.00M, Peak 106.95M) | 1, Part 3-4
Fra:135 Mem:62.69M (0.00M, Peak 106.95M) | 1, Part 4-4
Fra:135 Mem:47.11M (0.00M, Peak 106.95M) | 1, Part 2-4
Fra:135 Mem:31.24M (0.00M, Peak 106.95M) | 1, Part 1-4
Fra:135 Mem:25.03M (0.00M, Peak 106.95M) Sce: 1 Ve:6361 Fa:5240 Ha:2435 La:1
Saved: star-collapse-0135 Time: 00:01.09 (Saving: 00:00.02)

Fra:136 Mem:25.07M (0.00M, Peak 106.95M) | Preparing Scene data
Fra:136 Mem:28.25M (0.00M, Peak 106.95M) | Preparing Scene data
Fra:136 Mem:28.26M (0.00M, Peak 106.95M) | Creating Shadowbuffers
Fra:136 Mem:28.26M (0.00M, Peak 106.95M) | Caching Point Densities
Fra:136 Mem:28.26M (0.00M, Peak 106.95M) Sce: 1 Ve:6361 Fa:5240 Ha:2431 La:1
Fra:136 Mem:28.26M (0.00M, Peak 106.95M) | Loading voxel datasets
Fra:136 Mem:28.26M (0.00M, Peak 106.95M) Sce: 1 Ve:6361 Fa:5240 Ha:2431 La:1
Fra:136 Mem:28.27M (0.00M, Peak 106.95M) Sce: 1 Ve:6361 Fa:5240 Ha:2431 La:1
Fra:136 Mem:28.27M (0.00M, Peak 106.95M) Sce: 1 Ve:6361 Fa:5240 Ha:2431 La:1
Fra:136 Mem:78.16M (0.00M, Peak 106.95M) | 1, Part 3-4
Fra:136 Mem:62.69M (0.00M, Peak 106.95M) | 1, Part 4-4
Fra:136 Mem:47.11M (0.00M, Peak 106.95M) | 1, Part 2-4
Fra:136 Mem:31.24M (0.00M, Peak 106.95M) | 1, Part 1-4
Fra:136 Mem:25.03M (0.00M, Peak 106.95M) Sce: 1 Ve:6361 Fa:5240 Ha:2431 La:1
Saved: star-collapse-0136 Time: 00:01.08 (Saving: 00:00.02)

Fra:137 Mem:25.14M (0.00M, Peak 106.95M) | Preparing Scene data
Fra:137 Mem:28.32M (0.00M, Peak 106.95M) | Preparing Scene data
Fra:137 Mem:28.34M (0.00M, Peak 106.95M) | Creating Shadowbuffers
Fra:137 Mem:28.34M (0.00M, Peak 106.95M) | Caching Point Densities
Fra:137 Mem:28.34M (0.00M, Peak 106.95M) Sce: 1 Ve:6361 Fa:5240 Ha:2433 La:1
Fra:137 Mem:28.34M (0.00M, Peak 106.95M) | Loading voxel datasets
Fra:137 Mem:28.34M (0.00M, Peak 106.95M) Sce: 1 Ve:6361 Fa:5240 Ha:2433 La:1
Fra:137 Mem:28.34M (0.00M, Peak 106.95M) Sce: 1 Ve:6361 Fa:5240 Ha:2433 La:1
Fra:137 Mem:28.34M (0.00M, Peak 106.95M) Sce: 1 Ve:6361 Fa:5240 Ha:2433 La:1
Fra:137 Mem:78.23M (0.00M, Peak 106.95M) | 1, Part 3-4
Fra:137 Mem:62.76M (0.00M, Peak 106.95M) | 1, Part 4-4
Fra:137 Mem:47.18M (0.00M, Peak 106.95M) | 1, Part 2-4
Fra:137 Mem:31.31M (0.00M, Peak 106.95M) | 1, Part 1-4
Fra:137 Mem:25.10M (0.00M, Peak 106.95M) Sce: 1 Ve:6361 Fa:5240 Ha:2433 La:1
Saved: star-collapse-0137 Time: 00:01.08 (Saving: 00:00.02)

Fra:138 Mem:25.14M (0.00M, Peak 106.95M) | Preparing Scene data
Fra:138 Mem:28.32M (0.00M, Peak 106.95M) | Preparing Scene data
Fra:138 Mem:28.34M (0.00M, Peak 106.95M) | Creating Shadowbuffers
Fra:138 Mem:28.34M (0.00M, Peak 106.95M) | Caching Point Densities
Fra:138 Mem:28.34M (0.00M, Peak 106.95M) Sce: 1 Ve:6361 Fa:5240 Ha:2429 La:1
Fra:138 Mem:28.34M (0.00M, Peak 106.95M) | Loading voxel datasets
Fra:138 Mem:28.34M (0.00M, Peak 106.95M) Sce: 1 Ve:6361 Fa:5240 Ha:2429 La:1
Fra:138 Mem:28.34M (0.00M, Peak 106.95M) Sce: 1 Ve:6361 Fa:5240 Ha:2429 La:1
Fra:138 Mem:28.34M (0.00M, Peak 106.95M) Sce: 1 Ve:6361 Fa:5240 Ha:2429 La:1
Fra:138 Mem:78.23M (0.00M, Peak 106.95M) | 1, Part 3-4
Fra:138 Mem:62.76M (0.00M, Peak 106.95M) | 1, Part 4-4
Fra:138 Mem:47.18M (0.00M, Peak 106.95M) | 1, Part 2-4
Fra:138 Mem:31.31M (0.00M, Peak 106.95M) | 1, Part 1-4
Fra:138 Mem:25.10M (0.00M, Peak 106.95M) Sce: 1 Ve:6361 Fa:5240 Ha:2429 La:1
Saved: star-collapse-0138 Time: 00:00.99 (Saving: 00:00.02)

Fra:139 Mem:28.32M (0.00M, Peak 106.95M) | Preparing Scene data
Fra:139 Mem:28.34M (0.00M, Peak 106.95M) | Creating Shadowbuffers
Fra:139 Mem:28.34M (0.00M, Peak 106.95M) | Caching Point Densities
Fra:139 Mem:28.34M (0.00M, Peak 106.95M) Sce: 1 Ve:6361 Fa:5240 Ha:2431 La:1
Fra:139 Mem:28.34M (0.00M, Peak 106.95M) | Loading voxel datasets
Fra:139 Mem:28.34M (0.00M, Peak 106.95M) Sce: 1 Ve:6361 Fa:5240 Ha:2431 La:1
Fra:139 Mem:28.34M (0.00M, Peak 106.95M) Sce: 1 Ve:6361 Fa:5240 Ha:2431 La:1
Fra:139 Mem:28.34M (0.00M, Peak 106.95M) Sce: 1 Ve:6361 Fa:5240 Ha:2431 La:1
Fra:139 Mem:78.23M (0.00M, Peak 106.95M) | 1, Part 3-4
Fra:139 Mem:62.76M (0.00M, Peak 106.95M) | 1, Part 4-4
Fra:139 Mem:47.18M (0.00M, Peak 106.95M) | 1, Part 2-4
Fra:139 Mem:31.31M (0.00M, Peak 106.95M) | 1, Part 1-4
Fra:139 Mem:25.10M (0.00M, Peak 106.95M) Sce: 1 Ve:6361 Fa:5240 Ha:2431 La:1
Saved: star-collapse-0139 Time: 00:00.98 (Saving: 00:00.02)

Fra:140 Mem:25.14M (0.00M, Peak 106.95M) | Preparing Scene data
Fra:140 Mem:28.32M (0.00M, Peak 106.95M) | Preparing Scene data
Fra:140 Mem:28.34M (0.00M, Peak 106.95M) | Creating Shadowbuffers
Fra:140 Mem:28.34M (0.00M, Peak 106.95M) | Caching Point Densities
Fra:140 Mem:28.34M (0.00M, Peak 106.95M) Sce: 1 Ve:6361 Fa:5240 Ha:2427 La:1
Fra:140 Mem:28.34M (0.00M, Peak 106.95M) | Loading voxel datasets
Fra:140 Mem:28.34M (0.00M, Peak 106.95M) Sce: 1 Ve:6361 Fa:5240 Ha:2427 La:1
Fra:140 Mem:28.34M (0.00M, Peak 106.95M) Sce: 1 Ve:6361 Fa:5240 Ha:2427 La:1
Fra:140 Mem:28.34M (0.00M, Peak 106.95M) Sce: 1 Ve:6361 Fa:5240 Ha:2427 La:1
Fra:140 Mem:78.23M (0.00M, Peak 106.95M) | 1, Part 3-4
Fra:140 Mem:62.76M (0.00M, Peak 106.95M) | 1, Part 4-4
Fra:140 Mem:47.18M (0.00M, Peak 106.95M) | 1, Part 2-4
Fra:140 Mem:31.31M (0.00M, Peak 106.95M) | 1, Part 1-4
Fra:140 Mem:25.10M (0.00M, Peak 106.95M) Sce: 1 Ve:6361 Fa:5240 Ha:2427 La:1
Saved: star-collapse-0140 Time: 00:00.98 (Saving: 00:00.02)

Fra:141 Mem:28.32M (0.00M, Peak 106.95M) | Preparing Scene data
Fra:141 Mem:28.34M (0.00M, Peak 106.95M) | Creating Shadowbuffers
Fra:141 Mem:28.34M (0.00M, Peak 106.95M) | Caching Point Densities
Fra:141 Mem:28.34M (0.00M, Peak 106.95M) Sce: 1 Ve:6361 Fa:5240 Ha:2428 La:1
Fra:141 Mem:28.34M (0.00M, Peak 106.95M) | Loading voxel datasets
Fra:141 Mem:28.34M (0.00M, Peak 106.95M) Sce: 1 Ve:6361 Fa:5240 Ha:2428 La:1
Fra:141 Mem:28.34M (0.00M, Peak 106.95M) Sce: 1 Ve:6361 Fa:5240 Ha:2428 La:1
Fra:141 Mem:28.34M (0.00M, Peak 106.95M) Sce: 1 Ve:6361 Fa:5240 Ha:2428 La:1
Fra:141 Mem:78.23M (0.00M, Peak 106.95M) | 1, Part 3-4
Fra:141 Mem:62.76M (0.00M, Peak 106.95M) | 1, Part 4-4
Fra:141 Mem:47.18M (0.00M, Peak 106.95M) | 1, Part 2-4
Fra:141 Mem:31.31M (0.00M, Peak 106.95M) | 1, Part 1-4
Fra:141 Mem:25.10M (0.00M, Peak 106.95M) Sce: 1 Ve:6361 Fa:5240 Ha:2428 La:1
Saved: star-collapse-0141 Time: 00:00.98 (Saving: 00:00.02)

Fra:142 Mem:25.14M (0.00M, Peak 106.95M) | Preparing Scene data
Fra:142 Mem:28.32M (0.00M, Peak 106.95M) | Preparing Scene data
Fra:142 Mem:28.34M (0.00M, Peak 106.95M) | Creating Shadowbuffers
Fra:142 Mem:28.34M (0.00M, Peak 106.95M) | Caching Point Densities
Fra:142 Mem:28.34M (0.00M, Peak 106.95M) Sce: 1 Ve:6361 Fa:5240 Ha:2424 La:1
Fra:142 Mem:28.34M (0.00M, Peak 106.95M) | Loading voxel datasets
Fra:142 Mem:28.34M (0.00M, Peak 106.95M) Sce: 1 Ve:6361 Fa:5240 Ha:2424 La:1
Fra:142 Mem:28.34M (0.00M, Peak 106.95M) Sce: 1 Ve:6361 Fa:5240 Ha:2424 La:1
Fra:142 Mem:28.34M (0.00M, Peak 106.95M) Sce: 1 Ve:6361 Fa:5240 Ha:2424 La:1
Fra:142 Mem:78.23M (0.00M, Peak 106.95M) | 1, Part 3-4
Fra:142 Mem:62.76M (0.00M, Peak 106.95M) | 1, Part 4-4
Fra:142 Mem:47.18M (0.00M, Peak 106.95M) | 1, Part 2-4
Fra:142 Mem:31.31M (0.00M, Peak 106.95M) | 1, Part 1-4
Fra:142 Mem:25.10M (0.00M, Peak 106.95M) Sce: 1 Ve:6361 Fa:5240 Ha:2424 La:1
Saved: star-collapse-0142 Time: 00:01.05 (Saving: 00:00.02)

Fra:143 Mem:25.14M (0.00M, Peak 106.95M) | Preparing Scene data
Fra:143 Mem:28.32M (0.00M, Peak 106.95M) | Preparing Scene data
Fra:143 Mem:28.34M (0.00M, Peak 106.95M) | Creating Shadowbuffers
Fra:143 Mem:28.34M (0.00M, Peak 106.95M) | Caching Point Densities
Fra:143 Mem:28.34M (0.00M, Peak 106.95M) Sce: 1 Ve:6361 Fa:5240 Ha:2426 La:1
Fra:143 Mem:28.34M (0.00M, Peak 106.95M) | Loading voxel datasets
Fra:143 Mem:28.34M (0.00M, Peak 106.95M) Sce: 1 Ve:6361 Fa:5240 Ha:2426 La:1
Fra:143 Mem:28.34M (0.00M, Peak 106.95M) Sce: 1 Ve:6361 Fa:5240 Ha:2426 La:1
Fra:143 Mem:28.34M (0.00M, Peak 106.95M) Sce: 1 Ve:6361 Fa:5240 Ha:2426 La:1
Fra:143 Mem:78.23M (0.00M, Peak 106.95M) | 1, Part 3-4
Fra:143 Mem:62.76M (0.00M, Peak 106.95M) | 1, Part 4-4
Fra:143 Mem:47.18M (0.00M, Peak 106.95M) | 1, Part 2-4
Fra:143 Mem:31.31M (0.00M, Peak 106.95M) | 1, Part 1-4
Fra:143 Mem:25.10M (0.00M, Peak 106.95M) Sce: 1 Ve:6361 Fa:5240 Ha:2426 La:1
Saved: star-collapse-0143 Time: 00:01.05 (Saving: 00:00.02)

Fra:144 Mem:25.14M (0.00M, Peak 106.95M) | Preparing Scene data
Fra:144 Mem:28.32M (0.00M, Peak 106.95M) | Preparing Scene data
Fra:144 Mem:28.34M (0.00M, Peak 106.95M) | Creating Shadowbuffers
Fra:144 Mem:28.34M (0.00M, Peak 106.95M) | Caching Point Densities
Fra:144 Mem:28.34M (0.00M, Peak 106.95M) Sce: 1 Ve:6361 Fa:5240 Ha:2422 La:1
Fra:144 Mem:28.34M (0.00M, Peak 106.95M) | Loading voxel datasets
Fra:144 Mem:28.34M (0.00M, Peak 106.95M) Sce: 1 Ve:6361 Fa:5240 Ha:2422 La:1
Fra:144 Mem:28.34M (0.00M, Peak 106.95M) Sce: 1 Ve:6361 Fa:5240 Ha:2422 La:1
Fra:144 Mem:28.34M (0.00M, Peak 106.95M) Sce: 1 Ve:6361 Fa:5240 Ha:2422 La:1
Fra:144 Mem:78.23M (0.00M, Peak 107.18M) | 1, Part 3-4
Fra:144 Mem:62.76M (0.00M, Peak 107.18M) | 1, Part 4-4
Fra:144 Mem:47.18M (0.00M, Peak 107.18M) | 1, Part 2-4
Fra:144 Mem:31.31M (0.00M, Peak 107.18M) | 1, Part 1-4
Fra:144 Mem:25.10M (0.00M, Peak 107.18M) Sce: 1 Ve:6361 Fa:5240 Ha:2422 La:1
Saved: star-collapse-0144 Time: 00:01.04 (Saving: 00:00.02)

Fra:145 Mem:25.14M (0.00M, Peak 107.18M) | Preparing Scene data
Fra:145 Mem:28.32M (0.00M, Peak 107.18M) | Preparing Scene data
Fra:145 Mem:28.34M (0.00M, Peak 107.18M) | Creating Shadowbuffers
Fra:145 Mem:28.34M (0.00M, Peak 107.18M) | Caching Point Densities
Fra:145 Mem:28.34M (0.00M, Peak 107.18M) Sce: 1 Ve:6361 Fa:5240 Ha:2424 La:1
Fra:145 Mem:28.34M (0.00M, Peak 107.18M) | Loading voxel datasets
Fra:145 Mem:28.34M (0.00M, Peak 107.18M) Sce: 1 Ve:6361 Fa:5240 Ha:2424 La:1
Fra:145 Mem:28.34M (0.00M, Peak 107.18M) Sce: 1 Ve:6361 Fa:5240 Ha:2424 La:1
Fra:145 Mem:28.34M (0.00M, Peak 107.18M) Sce: 1 Ve:6361 Fa:5240 Ha:2424 La:1
Fra:145 Mem:78.23M (0.00M, Peak 107.18M) | 1, Part 3-4
Fra:145 Mem:62.76M (0.00M, Peak 107.18M) | 1, Part 4-4
Fra:145 Mem:47.18M (0.00M, Peak 107.18M) | 1, Part 2-4
Fra:145 Mem:31.31M (0.00M, Peak 107.18M) | 1, Part 1-4
Fra:145 Mem:25.10M (0.00M, Peak 107.18M) Sce: 1 Ve:6361 Fa:5240 Ha:2424 La:1
Saved: star-collapse-0145 Time: 00:00.93 (Saving: 00:00.02)

Fra:146 Mem:28.32M (0.00M, Peak 107.18M) | Preparing Scene data
Fra:146 Mem:28.33M (0.00M, Peak 107.18M) | Creating Shadowbuffers
Fra:146 Mem:28.33M (0.00M, Peak 107.18M) | Caching Point Densities
Fra:146 Mem:28.33M (0.00M, Peak 107.18M) Sce: 1 Ve:6361 Fa:5240 Ha:2420 La:1
Fra:146 Mem:28.33M (0.00M, Peak 107.18M) | Loading voxel datasets
Fra:146 Mem:28.33M (0.00M, Peak 107.18M) Sce: 1 Ve:6361 Fa:5240 Ha:2420 La:1
Fra:146 Mem:28.34M (0.00M, Peak 107.18M) Sce: 1 Ve:6361 Fa:5240 Ha:2420 La:1
Fra:146 Mem:28.34M (0.00M, Peak 107.18M) Sce: 1 Ve:6361 Fa:5240 Ha:2420 La:1
Fra:146 Mem:78.23M (0.00M, Peak 108.30M) | 1, Part 3-4
Fra:146 Mem:62.76M (0.00M, Peak 108.30M) | 1, Part 4-4
Fra:146 Mem:47.18M (0.00M, Peak 108.30M) | 1, Part 2-4
Fra:146 Mem:31.31M (0.00M, Peak 108.30M) | 1, Part 1-4
Fra:146 Mem:25.10M (0.00M, Peak 108.30M) Sce: 1 Ve:6361 Fa:5240 Ha:2420 La:1
Saved: star-collapse-0146 Time: 00:01.07 (Saving: 00:00.02)

Fra:147 Mem:25.21M (0.00M, Peak 108.30M) | Preparing Scene data
Fra:147 Mem:28.39M (0.00M, Peak 108.30M) | Preparing Scene data
Fra:147 Mem:28.41M (0.00M, Peak 108.30M) | Creating Shadowbuffers
Fra:147 Mem:28.41M (0.00M, Peak 108.30M) | Caching Point Densities
Fra:147 Mem:28.41M (0.00M, Peak 108.30M) Sce: 1 Ve:6361 Fa:5240 Ha:2422 La:1
Fra:147 Mem:28.41M (0.00M, Peak 108.30M) | Loading voxel datasets
Fra:147 Mem:28.41M (0.00M, Peak 108.30M) Sce: 1 Ve:6361 Fa:5240 Ha:2422 La:1
Fra:147 Mem:28.41M (0.00M, Peak 108.30M) Sce: 1 Ve:6361 Fa:5240 Ha:2422 La:1
Fra:147 Mem:28.41M (0.00M, Peak 108.30M) Sce: 1 Ve:6361 Fa:5240 Ha:2422 La:1
Fra:147 Mem:78.30M (0.00M, Peak 108.30M) | 1, Part 4-4
Fra:147 Mem:62.83M (0.00M, Peak 108.30M) | 1, Part 3-4
Fra:147 Mem:46.96M (0.00M, Peak 108.30M) | 1, Part 1-4
Fra:147 Mem:31.38M (0.00M, Peak 108.30M) | 1, Part 2-4
Fra:147 Mem:25.17M (0.00M, Peak 108.30M) Sce: 1 Ve:6361 Fa:5240 Ha:2422 La:1
Saved: star-collapse-0147 Time: 00:00.89 (Saving: 00:00.02)

Fra:148 Mem:28.39M (0.00M, Peak 108.30M) | Preparing Scene data
Fra:148 Mem:28.41M (0.00M, Peak 108.30M) | Creating Shadowbuffers
Fra:148 Mem:28.41M (0.00M, Peak 108.30M) | Caching Point Densities
Fra:148 Mem:28.41M (0.00M, Peak 108.30M) Sce: 1 Ve:6361 Fa:5240 Ha:2418 La:1
Fra:148 Mem:28.41M (0.00M, Peak 108.30M) | Loading voxel datasets
Fra:148 Mem:28.41M (0.00M, Peak 108.30M) Sce: 1 Ve:6361 Fa:5240 Ha:2418 La:1
Fra:148 Mem:28.41M (0.00M, Peak 108.30M) Sce: 1 Ve:6361 Fa:5240 Ha:2418 La:1
Fra:148 Mem:28.41M (0.00M, Peak 108.30M) Sce: 1 Ve:6361 Fa:5240 Ha:2418 La:1
Fra:148 Mem:78.01M (0.00M, Peak 108.30M) | 1, Part 4-4
Fra:148 Mem:62.55M (0.00M, Peak 108.30M) | 1, Part 3-4
Fra:148 Mem:46.96M (0.00M, Peak 108.30M) | 1, Part 2-4
Fra:148 Mem:31.38M (0.00M, Peak 108.30M) | 1, Part 1-4
Fra:148 Mem:25.17M (0.00M, Peak 108.30M) Sce: 1 Ve:6361 Fa:5240 Ha:2418 La:1
Saved: star-collapse-0148 Time: 00:00.91 (Saving: 00:00.02)

Fra:149 Mem:25.21M (0.00M, Peak 108.30M) | Preparing Scene data
Fra:149 Mem:28.39M (0.00M, Peak 108.30M) | Preparing Scene data
Fra:149 Mem:28.41M (0.00M, Peak 108.30M) | Creating Shadowbuffers
Fra:149 Mem:28.41M (0.00M, Peak 108.30M) | Caching Point Densities
Fra:149 Mem:28.41M (0.00M, Peak 108.30M) Sce: 1 Ve:6361 Fa:5240 Ha:2420 La:1
Fra:149 Mem:28.41M (0.00M, Peak 108.30M) | Loading voxel datasets
Fra:149 Mem:28.41M (0.00M, Peak 108.30M) Sce: 1 Ve:6361 Fa:5240 Ha:2420 La:1
Fra:149 Mem:28.41M (0.00M, Peak 108.30M) Sce: 1 Ve:6361 Fa:5240 Ha:2420 La:1
Fra:149 Mem:28.41M (0.00M, Peak 108.30M) Sce: 1 Ve:6361 Fa:5240 Ha:2420 La:1
Fra:149 Mem:78.01M (0.00M, Peak 108.30M) | 1, Part 4-4
Fra:149 Mem:62.55M (0.00M, Peak 108.30M) | 1, Part 3-4
Fra:149 Mem:46.96M (0.00M, Peak 108.30M) | 1, Part 1-4
Fra:149 Mem:31.38M (0.00M, Peak 108.30M) | 1, Part 2-4
Fra:149 Mem:25.17M (0.00M, Peak 108.30M) Sce: 1 Ve:6361 Fa:5240 Ha:2420 La:1
Saved: star-collapse-0149 Time: 00:01.03 (Saving: 00:00.02)

Fra:150 Mem:25.21M (0.00M, Peak 108.30M) | Preparing Scene data
Fra:150 Mem:28.35M (0.00M, Peak 108.30M) | Preparing Scene data
Fra:150 Mem:28.37M (0.00M, Peak 108.30M) | Creating Shadowbuffers
Fra:150 Mem:28.37M (0.00M, Peak 108.30M) | Caching Point Densities
Fra:150 Mem:28.37M (0.00M, Peak 108.30M) Sce: 1 Ve:6361 Fa:5240 Ha:2416 La:1
Fra:150 Mem:28.37M (0.00M, Peak 108.30M) | Loading voxel datasets
Fra:150 Mem:28.37M (0.00M, Peak 108.30M) Sce: 1 Ve:6361 Fa:5240 Ha:2416 La:1
Fra:150 Mem:28.37M (0.00M, Peak 108.30M) Sce: 1 Ve:6361 Fa:5240 Ha:2416 La:1
Fra:150 Mem:28.37M (0.00M, Peak 108.30M) Sce: 1 Ve:6361 Fa:5240 Ha:2416 La:1
Fra:150 Mem:78.10M (0.00M, Peak 108.30M) | 1, Part 4-4
Fra:150 Mem:62.64M (0.00M, Peak 108.30M) | 1, Part 3-4
Fra:150 Mem:47.05M (0.00M, Peak 108.30M) | 1, Part 1-4
Fra:150 Mem:31.34M (0.00M, Peak 108.30M) | 1, Part 2-4
Fra:150 Mem:25.17M (0.00M, Peak 108.30M) Sce: 1 Ve:6361 Fa:5240 Ha:2416 La:1
Saved: star-collapse-0150 Time: 00:00.89 (Saving: 00:00.02)

Error, region type 2 missing in - name:"Info", id:7
Error, region type 4 missing in - name:"Info", id:7

Blender quit

real	0m26.373s
user	0m45.809s
sys	0m1.669s
