ALSA lib confmisc.c:768:(parse_card) cannot find card '0'
ALSA lib conf.c:4292:(_snd_config_evaluate) function snd_func_card_driver returned error: No such file or directory
ALSA lib confmisc.c:392:(snd_func_concat) error evaluating strings
ALSA lib conf.c:4292:(_snd_config_evaluate) function snd_func_concat returned error: No such file or directory
ALSA lib confmisc.c:1251:(snd_func_refer) error evaluating name
ALSA lib conf.c:4292:(_snd_config_evaluate) function snd_func_refer returned error: No such file or directory
ALSA lib conf.c:4771:(snd_config_expand) Evaluate error: No such file or directory
ALSA lib pcm.c:2266:(snd_pcm_open_noupdate) Unknown PCM default
AL lib: alsa_open_playback: Could not open playback device 'default': No such file or directory
found bundled python: /sfs/nfs/blender/2.70/2.70/python
read blend: /home/sr7cb/ParallelComputing/test/Star-collapse-ntsc.blend
Old particle system converted to new system.
Old particle system converted to new system.
Old particle system converted to new system.
Old particle system converted to new system.
Old particle system converted to new system.
Old particle system converted to new system.
Old particle system converted to new system.
Old particle system converted to new system.
Old particle system converted to new system.
Old particle system converted to new system.
Old particle system converted to new system.
2.66 versioning fix: replacing black sky with premultiplied alpha for scene 1
Fra:4 Mem:10.46M (0.00M, Peak 10.46M) | Preparing Scene data
Fra:4 Mem:13.61M (0.00M, Peak 13.62M) | Preparing Scene data
Fra:4 Mem:13.62M (0.00M, Peak 13.62M) | Creating Shadowbuffers
Fra:4 Mem:13.62M (0.00M, Peak 13.62M) | Caching Point Densities
Fra:4 Mem:13.62M (0.00M, Peak 13.62M) Sce: 1 Ve:5209 Fa:3320 Ha:1127 La:1
Fra:4 Mem:13.62M (0.00M, Peak 13.62M) | Loading voxel datasets
Fra:4 Mem:13.62M (0.00M, Peak 13.62M) Sce: 1 Ve:5209 Fa:3320 Ha:1127 La:1
Fra:4 Mem:13.62M (0.00M, Peak 13.62M) Sce: 1 Ve:5209 Fa:3320 Ha:1127 La:1
Fra:4 Mem:13.62M (0.00M, Peak 13.62M) Sce: 1 Ve:5209 Fa:3320 Ha:1127 La:1
Fra:4 Mem:50.40M (0.00M, Peak 67.07M) | 1, Part 1-4
Fra:4 Mem:35.06M (0.00M, Peak 67.07M) | 1, Part 2-4
Fra:4 Mem:46.91M (0.00M, Peak 67.07M) | 1, Part 4-4
Fra:4 Mem:31.07M (0.00M, Peak 67.07M) | 1, Part 3-4
Fra:4 Mem:24.90M (0.00M, Peak 67.07M) Sce: 1 Ve:5209 Fa:3320 Ha:1127 La:1
Saved: star-collapse-0004 Time: 00:00.37 (Saving: 00:00.02)

Error, region type 2 missing in - name:"Info", id:7
Error, region type 4 missing in - name:"Info", id:7

Blender quit

real	0m1.352s
user	0m1.382s
sys	0m0.109s
ALSA lib confmisc.c:768:(parse_card) cannot find card '0'
ALSA lib conf.c:4292:(_snd_config_evaluate) function snd_func_card_driver returned error: No such file or directory
ALSA lib confmisc.c:392:(snd_func_concat) error evaluating strings
ALSA lib conf.c:4292:(_snd_config_evaluate) function snd_func_concat returned error: No such file or directory
ALSA lib confmisc.c:1251:(snd_func_refer) error evaluating name
ALSA lib conf.c:4292:(_snd_config_evaluate) function snd_func_refer returned error: No such file or directory
ALSA lib conf.c:4771:(snd_config_expand) Evaluate error: No such file or directory
ALSA lib pcm.c:2266:(snd_pcm_open_noupdate) Unknown PCM default
AL lib: alsa_open_playback: Could not open playback device 'default': No such file or directory
found bundled python: /sfs/nfs/blender/2.70/2.70/python
read blend: /home/sr7cb/ParallelComputing/test/Star-collapse-ntsc.blend
Old particle system converted to new system.
Old particle system converted to new system.
Old particle system converted to new system.
Old particle system converted to new system.
Old particle system converted to new system.
Old particle system converted to new system.
Old particle system converted to new system.
Old particle system converted to new system.
Old particle system converted to new system.
Old particle system converted to new system.
Old particle system converted to new system.
2.66 versioning fix: replacing black sky with premultiplied alpha for scene 1
Fra:24 Mem:10.48M (0.00M, Peak 10.48M) | Preparing Scene data
Fra:24 Mem:13.64M (0.00M, Peak 13.65M) | Preparing Scene data
Fra:24 Mem:13.65M (0.00M, Peak 13.65M) | Creating Shadowbuffers
Fra:24 Mem:13.65M (0.00M, Peak 13.65M) | Caching Point Densities
Fra:24 Mem:13.65M (0.00M, Peak 13.65M) Sce: 1 Ve:5449 Fa:3720 Ha:1509 La:1
Fra:24 Mem:13.65M (0.00M, Peak 13.65M) | Loading voxel datasets
Fra:24 Mem:13.65M (0.00M, Peak 13.65M) Sce: 1 Ve:5449 Fa:3720 Ha:1509 La:1
Fra:24 Mem:13.65M (0.00M, Peak 13.65M) Sce: 1 Ve:5449 Fa:3720 Ha:1509 La:1
Fra:24 Mem:13.65M (0.00M, Peak 13.65M) Sce: 1 Ve:5449 Fa:3720 Ha:1509 La:1
Fra:24 Mem:74.26M (0.00M, Peak 92.89M) | 1, Part 2-4
Fra:24 Mem:58.92M (0.00M, Peak 92.89M) | 1, Part 1-4
Fra:24 Mem:46.93M (0.00M, Peak 92.89M) | 1, Part 4-4
Fra:24 Mem:31.09M (0.00M, Peak 92.89M) | 1, Part 3-4
Fra:24 Mem:24.91M (0.00M, Peak 92.89M) Sce: 1 Ve:5449 Fa:3720 Ha:1509 La:1
Saved: star-collapse-0024 Time: 00:00.49 (Saving: 00:00.02)

Error, region type 2 missing in - name:"Info", id:7
Error, region type 4 missing in - name:"Info", id:7

Blender quit

real	0m1.369s
user	0m1.550s
sys	0m0.131s
ALSA lib confmisc.c:768:(parse_card) cannot find card '0'
ALSA lib conf.c:4292:(_snd_config_evaluate) function snd_func_card_driver returned error: No such file or directory
ALSA lib confmisc.c:392:(snd_func_concat) error evaluating strings
ALSA lib conf.c:4292:(_snd_config_evaluate) function snd_func_concat returned error: No such file or directory
ALSA lib confmisc.c:1251:(snd_func_refer) error evaluating name
ALSA lib conf.c:4292:(_snd_config_evaluate) function snd_func_refer returned error: No such file or directory
ALSA lib conf.c:4771:(snd_config_expand) Evaluate error: No such file or directory
ALSA lib pcm.c:2266:(snd_pcm_open_noupdate) Unknown PCM default
AL lib: alsa_open_playback: Could not open playback device 'default': No such file or directory
found bundled python: /sfs/nfs/blender/2.70/2.70/python
read blend: /home/sr7cb/ParallelComputing/test/Star-collapse-ntsc.blend
Old particle system converted to new system.
Old particle system converted to new system.
Old particle system converted to new system.
Old particle system converted to new system.
Old particle system converted to new system.
Old particle system converted to new system.
Old particle system converted to new system.
Old particle system converted to new system.
Old particle system converted to new system.
Old particle system converted to new system.
Old particle system converted to new system.
2.66 versioning fix: replacing black sky with premultiplied alpha for scene 1
Fra:44 Mem:10.49M (0.00M, Peak 10.50M) | Preparing Scene data
Fra:44 Mem:13.69M (0.00M, Peak 13.71M) | Preparing Scene data
Fra:44 Mem:13.70M (0.00M, Peak 13.71M) | Creating Shadowbuffers
Fra:44 Mem:13.70M (0.00M, Peak 13.71M) | Caching Point Densities
Fra:44 Mem:13.70M (0.00M, Peak 13.71M) Sce: 1 Ve:5689 Fa:4120 Ha:1891 La:1
Fra:44 Mem:13.70M (0.00M, Peak 13.71M) | Loading voxel datasets
Fra:44 Mem:13.70M (0.00M, Peak 13.71M) Sce: 1 Ve:5689 Fa:4120 Ha:1891 La:1
Fra:44 Mem:13.71M (0.00M, Peak 13.71M) Sce: 1 Ve:5689 Fa:4120 Ha:1891 La:1
Fra:44 Mem:13.71M (0.00M, Peak 13.71M) Sce: 1 Ve:5689 Fa:4120 Ha:1891 La:1
Fra:44 Mem:77.32M (0.00M, Peak 89.95M) | 1, Part 2-4
Fra:44 Mem:62.83M (0.00M, Peak 89.95M) | 1, Part 1-4
Fra:44 Mem:46.99M (0.00M, Peak 89.95M) | 1, Part 4-4
Fra:44 Mem:31.15M (0.00M, Peak 89.95M) | 1, Part 3-4
Fra:44 Mem:24.93M (0.00M, Peak 89.95M) Sce: 1 Ve:5689 Fa:4120 Ha:1891 La:1
Saved: star-collapse-0044 Time: 00:01.16 (Saving: 00:00.05)

Error, region type 2 missing in - name:"Info", id:7
Error, region type 4 missing in - name:"Info", id:7

Blender quit

real	0m2.088s
user	0m2.772s
sys	0m0.143s
ALSA lib confmisc.c:768:(parse_card) cannot find card '0'
ALSA lib conf.c:4292:(_snd_config_evaluate) function snd_func_card_driver returned error: No such file or directory
ALSA lib confmisc.c:392:(snd_func_concat) error evaluating strings
ALSA lib conf.c:4292:(_snd_config_evaluate) function snd_func_concat returned error: No such file or directory
ALSA lib confmisc.c:1251:(snd_func_refer) error evaluating name
ALSA lib conf.c:4292:(_snd_config_evaluate) function snd_func_refer returned error: No such file or directory
ALSA lib conf.c:4771:(snd_config_expand) Evaluate error: No such file or directory
ALSA lib pcm.c:2266:(snd_pcm_open_noupdate) Unknown PCM default
AL lib: alsa_open_playback: Could not open playback device 'default': No such file or directory
found bundled python: /sfs/nfs/blender/2.70/2.70/python
read blend: /home/sr7cb/ParallelComputing/test/Star-collapse-ntsc.blend
Old particle system converted to new system.
Old particle system converted to new system.
Old particle system converted to new system.
Old particle system converted to new system.
Old particle system converted to new system.
Old particle system converted to new system.
Old particle system converted to new system.
Old particle system converted to new system.
Old particle system converted to new system.
Old particle system converted to new system.
Old particle system converted to new system.
2.66 versioning fix: replacing black sky with premultiplied alpha for scene 1
Fra:64 Mem:10.51M (0.00M, Peak 10.51M) | Preparing Scene data
Fra:64 Mem:13.71M (0.00M, Peak 13.74M) | Preparing Scene data
Fra:64 Mem:13.73M (0.00M, Peak 13.74M) | Creating Shadowbuffers
Fra:64 Mem:13.73M (0.00M, Peak 13.74M) | Caching Point Densities
Fra:64 Mem:13.73M (0.00M, Peak 13.74M) Sce: 1 Ve:5929 Fa:4520 Ha:2141 La:1
Fra:64 Mem:13.73M (0.00M, Peak 13.74M) | Loading voxel datasets
Fra:64 Mem:13.73M (0.00M, Peak 13.74M) Sce: 1 Ve:5929 Fa:4520 Ha:2141 La:1
Fra:64 Mem:13.73M (0.00M, Peak 13.74M) Sce: 1 Ve:5929 Fa:4520 Ha:2141 La:1
Fra:64 Mem:13.73M (0.00M, Peak 13.74M) Sce: 1 Ve:5929 Fa:4520 Ha:2141 La:1
Fra:64 Mem:78.19M (0.00M, Peak 90.94M) | 1, Part 2-4
Fra:64 Mem:62.73M (0.00M, Peak 90.94M) | 1, Part 1-4
Fra:64 Mem:46.89M (0.00M, Peak 90.94M) | 1, Part 3-4
Fra:64 Mem:31.17M (0.00M, Peak 90.94M) | 1, Part 4-4
Fra:64 Mem:24.95M (0.00M, Peak 90.94M) Sce: 1 Ve:5929 Fa:4520 Ha:2141 La:1
Saved: star-collapse-0064 Time: 00:01.81 (Saving: 00:00.04)

Error, region type 2 missing in - name:"Info", id:7
Error, region type 4 missing in - name:"Info", id:7

Blender quit

real	1m7.765s
user	0m4.552s
sys	0m0.180s
ALSA lib confmisc.c:768:(parse_card) cannot find card '0'
ALSA lib conf.c:4292:(_snd_config_evaluate) function snd_func_card_driver returned error: No such file or directory
ALSA lib confmisc.c:392:(snd_func_concat) error evaluating strings
ALSA lib conf.c:4292:(_snd_config_evaluate) function snd_func_concat returned error: No such file or directory
ALSA lib confmisc.c:1251:(snd_func_refer) error evaluating name
ALSA lib conf.c:4292:(_snd_config_evaluate) function snd_func_refer returned error: No such file or directory
ALSA lib conf.c:4771:(snd_config_expand) Evaluate error: No such file or directory
ALSA lib pcm.c:2266:(snd_pcm_open_noupdate) Unknown PCM default
AL lib: alsa_open_playback: Could not open playback device 'default': No such file or directory
found bundled python: /sfs/nfs/blender/2.70/2.70/python
read blend: /home/sr7cb/ParallelComputing/test/Star-collapse-ntsc.blend
Old particle system converted to new system.
Old particle system converted to new system.
Old particle system converted to new system.
Old particle system converted to new system.
Old particle system converted to new system.
Old particle system converted to new system.
Old particle system converted to new system.
Old particle system converted to new system.
Old particle system converted to new system.
Old particle system converted to new system.
Old particle system converted to new system.
2.66 versioning fix: replacing black sky with premultiplied alpha for scene 1
Fra:84 Mem:10.52M (0.00M, Peak 10.52M) | Preparing Scene data
Fra:84 Mem:13.72M (0.00M, Peak 13.76M) | Preparing Scene data
Fra:84 Mem:13.74M (0.00M, Peak 13.76M) | Creating Shadowbuffers
Fra:84 Mem:13.74M (0.00M, Peak 13.76M) | Caching Point Densities
Fra:84 Mem:13.74M (0.00M, Peak 13.76M) Sce: 1 Ve:6169 Fa:4920 Ha:2327 La:1
Fra:84 Mem:13.74M (0.00M, Peak 13.76M) | Loading voxel datasets
Fra:84 Mem:13.74M (0.00M, Peak 13.76M) Sce: 1 Ve:6169 Fa:4920 Ha:2327 La:1
Fra:84 Mem:13.75M (0.00M, Peak 13.76M) Sce: 1 Ve:6169 Fa:4920 Ha:2327 La:1
Fra:84 Mem:13.75M (0.00M, Peak 13.76M) Sce: 1 Ve:6169 Fa:4920 Ha:2327 La:1
Fra:84 Mem:77.92M (0.00M, Peak 90.67M) | 1, Part 2-4
Fra:84 Mem:62.62M (0.00M, Peak 90.67M) | 1, Part 1-4
Fra:84 Mem:46.78M (0.00M, Peak 90.67M) | 1, Part 3-4
Fra:84 Mem:31.19M (0.00M, Peak 90.67M) | 1, Part 4-4
Fra:84 Mem:24.96M (0.00M, Peak 90.67M) Sce: 1 Ve:6169 Fa:4920 Ha:2327 La:1
Saved: star-collapse-0084 Time: 00:01.96 (Saving: 00:00.04)

Error, region type 2 missing in - name:"Info", id:7
Error, region type 4 missing in - name:"Info", id:7

Blender quit

real	0m3.611s
user	0m4.898s
sys	0m0.192s
ALSA lib confmisc.c:768:(parse_card) cannot find card '0'
ALSA lib conf.c:4292:(_snd_config_evaluate) function snd_func_card_driver returned error: No such file or directory
ALSA lib confmisc.c:392:(snd_func_concat) error evaluating strings
ALSA lib conf.c:4292:(_snd_config_evaluate) function snd_func_concat returned error: No such file or directory
ALSA lib confmisc.c:1251:(snd_func_refer) error evaluating name
ALSA lib conf.c:4292:(_snd_config_evaluate) function snd_func_refer returned error: No such file or directory
ALSA lib conf.c:4771:(snd_config_expand) Evaluate error: No such file or directory
ALSA lib pcm.c:2266:(snd_pcm_open_noupdate) Unknown PCM default
AL lib: alsa_open_playback: Could not open playback device 'default': No such file or directory
found bundled python: /sfs/nfs/blender/2.70/2.70/python
read blend: /home/sr7cb/ParallelComputing/test/Star-collapse-ntsc.blend
Old particle system converted to new system.
Old particle system converted to new system.
Old particle system converted to new system.
Old particle system converted to new system.
Old particle system converted to new system.
Old particle system converted to new system.
Old particle system converted to new system.
Old particle system converted to new system.
Old particle system converted to new system.
Old particle system converted to new system.
Old particle system converted to new system.
2.66 versioning fix: replacing black sky with premultiplied alpha for scene 1
Fra:104 Mem:10.52M (0.00M, Peak 10.52M) | Preparing Scene data
Fra:104 Mem:13.73M (0.00M, Peak 13.77M) | Preparing Scene data
Fra:104 Mem:13.75M (0.00M, Peak 13.77M) | Creating Shadowbuffers
Fra:104 Mem:13.75M (0.00M, Peak 13.77M) | Caching Point Densities
Fra:104 Mem:13.75M (0.00M, Peak 13.77M) Sce: 1 Ve:6361 Fa:5240 Ha:2466 La:1
Fra:104 Mem:13.75M (0.00M, Peak 13.77M) | Loading voxel datasets
Fra:104 Mem:13.75M (0.00M, Peak 13.77M) Sce: 1 Ve:6361 Fa:5240 Ha:2466 La:1
Fra:104 Mem:13.75M (0.00M, Peak 13.77M) Sce: 1 Ve:6361 Fa:5240 Ha:2466 La:1
Fra:104 Mem:13.75M (0.00M, Peak 13.77M) Sce: 1 Ve:6361 Fa:5240 Ha:2466 La:1
Fra:104 Mem:77.96M (0.00M, Peak 94.69M) | 1, Part 1-4
Fra:104 Mem:62.50M (0.00M, Peak 94.69M) | 1, Part 2-4
Fra:104 Mem:46.79M (0.00M, Peak 94.69M) | 1, Part 3-4
Fra:104 Mem:31.20M (0.00M, Peak 94.69M) | 1, Part 4-4
Fra:104 Mem:24.96M (0.00M, Peak 94.69M) Sce: 1 Ve:6361 Fa:5240 Ha:2466 La:1
Saved: star-collapse-0104 Time: 00:02.09 (Saving: 00:00.04)

Error, region type 2 missing in - name:"Info", id:7
Error, region type 4 missing in - name:"Info", id:7

Blender quit

real	0m3.746s
user	0m5.244s
sys	0m0.190s
ALSA lib confmisc.c:768:(parse_card) cannot find card '0'
ALSA lib conf.c:4292:(_snd_config_evaluate) function snd_func_card_driver returned error: No such file or directory
ALSA lib confmisc.c:392:(snd_func_concat) error evaluating strings
ALSA lib conf.c:4292:(_snd_config_evaluate) function snd_func_concat returned error: No such file or directory
ALSA lib confmisc.c:1251:(snd_func_refer) error evaluating name
ALSA lib conf.c:4292:(_snd_config_evaluate) function snd_func_refer returned error: No such file or directory
ALSA lib conf.c:4771:(snd_config_expand) Evaluate error: No such file or directory
ALSA lib pcm.c:2266:(snd_pcm_open_noupdate) Unknown PCM default
AL lib: alsa_open_playback: Could not open playback device 'default': No such file or directory
found bundled python: /sfs/nfs/blender/2.70/2.70/python
read blend: /home/sr7cb/ParallelComputing/test/Star-collapse-ntsc.blend
Old particle system converted to new system.
Old particle system converted to new system.
Old particle system converted to new system.
Old particle system converted to new system.
Old particle system converted to new system.
Old particle system converted to new system.
Old particle system converted to new system.
Old particle system converted to new system.
Old particle system converted to new system.
Old particle system converted to new system.
Old particle system converted to new system.
2.66 versioning fix: replacing black sky with premultiplied alpha for scene 1
Fra:124 Mem:10.52M (0.00M, Peak 10.52M) | Preparing Scene data
Fra:124 Mem:13.73M (0.00M, Peak 13.77M) | Preparing Scene data
Fra:124 Mem:13.75M (0.00M, Peak 13.77M) | Creating Shadowbuffers
Fra:124 Mem:13.75M (0.00M, Peak 13.77M) | Caching Point Densities
Fra:124 Mem:13.75M (0.00M, Peak 13.77M) Sce: 1 Ve:6361 Fa:5240 Ha:2444 La:1
Fra:124 Mem:13.75M (0.00M, Peak 13.77M) | Loading voxel datasets
Fra:124 Mem:13.75M (0.00M, Peak 13.77M) Sce: 1 Ve:6361 Fa:5240 Ha:2444 La:1
Fra:124 Mem:13.75M (0.00M, Peak 13.77M) Sce: 1 Ve:6361 Fa:5240 Ha:2444 La:1
Fra:124 Mem:13.75M (0.00M, Peak 13.77M) Sce: 1 Ve:6361 Fa:5240 Ha:2444 La:1
Fra:124 Mem:77.96M (0.00M, Peak 101.78M) | 1, Part 4-4
Fra:124 Mem:62.37M (0.00M, Peak 101.78M) | 1, Part 3-4
Fra:124 Mem:46.78M (0.00M, Peak 101.78M) | 1, Part 2-4
Fra:124 Mem:31.20M (0.00M, Peak 101.78M) | 1, Part 1-4
Fra:124 Mem:24.96M (0.00M, Peak 101.78M) Sce: 1 Ve:6361 Fa:5240 Ha:2444 La:1
Saved: star-collapse-0124 Time: 00:02.05 (Saving: 00:00.04)

Error, region type 2 missing in - name:"Info", id:7
Error, region type 4 missing in - name:"Info", id:7

Blender quit

real	0m3.698s
user	0m5.067s
sys	0m0.190s
ALSA lib confmisc.c:768:(parse_card) cannot find card '0'
ALSA lib conf.c:4292:(_snd_config_evaluate) function snd_func_card_driver returned error: No such file or directory
ALSA lib confmisc.c:392:(snd_func_concat) error evaluating strings
ALSA lib conf.c:4292:(_snd_config_evaluate) function snd_func_concat returned error: No such file or directory
ALSA lib confmisc.c:1251:(snd_func_refer) error evaluating name
ALSA lib conf.c:4292:(_snd_config_evaluate) function snd_func_refer returned error: No such file or directory
ALSA lib conf.c:4771:(snd_config_expand) Evaluate error: No such file or directory
ALSA lib pcm.c:2266:(snd_pcm_open_noupdate) Unknown PCM default
AL lib: alsa_open_playback: Could not open playback device 'default': No such file or directory
found bundled python: /sfs/nfs/blender/2.70/2.70/python
read blend: /home/sr7cb/ParallelComputing/test/Star-collapse-ntsc.blend
Old particle system converted to new system.
Old particle system converted to new system.
Old particle system converted to new system.
Old particle system converted to new system.
Old particle system converted to new system.
Old particle system converted to new system.
Old particle system converted to new system.
Old particle system converted to new system.
Old particle system converted to new system.
Old particle system converted to new system.
Old particle system converted to new system.
2.66 versioning fix: replacing black sky with premultiplied alpha for scene 1
Fra:144 Mem:10.52M (0.00M, Peak 10.52M) | Preparing Scene data
Fra:144 Mem:13.70M (0.00M, Peak 13.74M) | Preparing Scene data
Fra:144 Mem:13.72M (0.00M, Peak 13.74M) | Creating Shadowbuffers
Fra:144 Mem:13.72M (0.00M, Peak 13.74M) | Caching Point Densities
Fra:144 Mem:13.72M (0.00M, Peak 13.74M) Sce: 1 Ve:6361 Fa:5240 Ha:2422 La:1
Fra:144 Mem:13.72M (0.00M, Peak 13.74M) | Loading voxel datasets
Fra:144 Mem:13.72M (0.00M, Peak 13.74M) Sce: 1 Ve:6361 Fa:5240 Ha:2422 La:1
Fra:144 Mem:13.72M (0.00M, Peak 13.74M) Sce: 1 Ve:6361 Fa:5240 Ha:2422 La:1
Fra:144 Mem:13.72M (0.00M, Peak 13.74M) Sce: 1 Ve:6361 Fa:5240 Ha:2422 La:1
Fra:144 Mem:78.21M (0.00M, Peak 97.30M) | 1, Part 4-4
Fra:144 Mem:62.62M (0.00M, Peak 97.30M) | 1, Part 2-4
Fra:144 Mem:47.03M (0.00M, Peak 97.30M) | 1, Part 3-4
Fra:144 Mem:31.16M (0.00M, Peak 97.30M) | 1, Part 1-4
Fra:144 Mem:24.96M (0.00M, Peak 97.30M) Sce: 1 Ve:6361 Fa:5240 Ha:2422 La:1
Saved: star-collapse-0144 Time: 00:02.21 (Saving: 00:00.16)

Error, region type 2 missing in - name:"Info", id:7
Error, region type 4 missing in - name:"Info", id:7

Blender quit

real	0m3.844s
user	0m4.885s
sys	0m0.193s
ALSA lib confmisc.c:768:(parse_card) cannot find card '0'
ALSA lib conf.c:4292:(_snd_config_evaluate) function snd_func_card_driver returned error: No such file or directory
ALSA lib confmisc.c:392:(snd_func_concat) error evaluating strings
ALSA lib conf.c:4292:(_snd_config_evaluate) function snd_func_concat returned error: No such file or directory
ALSA lib confmisc.c:1251:(snd_func_refer) error evaluating name
ALSA lib conf.c:4292:(_snd_config_evaluate) function snd_func_refer returned error: No such file or directory
ALSA lib conf.c:4771:(snd_config_expand) Evaluate error: No such file or directory
ALSA lib pcm.c:2266:(snd_pcm_open_noupdate) Unknown PCM default
AL lib: alsa_open_playback: Could not open playback device 'default': No such file or directory
found bundled python: /sfs/nfs/blender/2.70/2.70/python
read blend: /home/sr7cb/ParallelComputing/test/Star-collapse-ntsc.blend
Old particle system converted to new system.
Old particle system converted to new system.
Old particle system converted to new system.
Old particle system converted to new system.
Old particle system converted to new system.
Old particle system converted to new system.
Old particle system converted to new system.
Old particle system converted to new system.
Old particle system converted to new system.
Old particle system converted to new system.
Old particle system converted to new system.
2.66 versioning fix: replacing black sky with premultiplied alpha for scene 1
Fra:164 Mem:10.52M (0.00M, Peak 10.52M) | Preparing Scene data
Fra:164 Mem:13.66M (0.00M, Peak 13.70M) | Preparing Scene data
Fra:164 Mem:13.68M (0.00M, Peak 13.70M) | Creating Shadowbuffers
Fra:164 Mem:13.68M (0.00M, Peak 13.70M) | Caching Point Densities
Fra:164 Mem:13.68M (0.00M, Peak 13.70M) Sce: 1 Ve:6361 Fa:5240 Ha:2422 La:1
Fra:164 Mem:13.68M (0.00M, Peak 13.70M) | Loading voxel datasets
Fra:164 Mem:13.68M (0.00M, Peak 13.70M) Sce: 1 Ve:6361 Fa:5240 Ha:2422 La:1
Fra:164 Mem:13.68M (0.00M, Peak 13.70M) Sce: 1 Ve:6361 Fa:5240 Ha:2422 La:1
Fra:164 Mem:13.68M (0.00M, Peak 13.70M) Sce: 1 Ve:6361 Fa:5240 Ha:2422 La:1
Fra:164 Mem:67.37M (0.00M, Peak 100.50M) | 1, Part 2-4
Fra:164 Mem:62.05M (0.00M, Peak 100.50M) | 1, Part 1-4
Fra:164 Mem:46.59M (0.00M, Peak 100.50M) | 1, Part 3-4
Fra:164 Mem:31.13M (0.00M, Peak 100.50M) | 1, Part 4-4
Fra:164 Mem:24.96M (0.00M, Peak 100.50M) Sce: 1 Ve:6361 Fa:5240 Ha:2422 La:1
Saved: star-collapse-0164 Time: 00:02.10 (Saving: 00:00.04)

Error, region type 2 missing in - name:"Info", id:7
Error, region type 4 missing in - name:"Info", id:7

Blender quit

real	0m3.946s
user	0m5.336s
sys	0m0.181s
ALSA lib confmisc.c:768:(parse_card) cannot find card '0'
ALSA lib conf.c:4292:(_snd_config_evaluate) function snd_func_card_driver returned error: No such file or directory
ALSA lib confmisc.c:392:(snd_func_concat) error evaluating strings
ALSA lib conf.c:4292:(_snd_config_evaluate) function snd_func_concat returned error: No such file or directory
ALSA lib confmisc.c:1251:(snd_func_refer) error evaluating name
ALSA lib conf.c:4292:(_snd_config_evaluate) function snd_func_refer returned error: No such file or directory
ALSA lib conf.c:4771:(snd_config_expand) Evaluate error: No such file or directory
ALSA lib pcm.c:2266:(snd_pcm_open_noupdate) Unknown PCM default
AL lib: alsa_open_playback: Could not open playback device 'default': No such file or directory
found bundled python: /sfs/nfs/blender/2.70/2.70/python
read blend: /home/sr7cb/ParallelComputing/test/Star-collapse-ntsc.blend
Old particle system converted to new system.
Old particle system converted to new system.
Old particle system converted to new system.
Old particle system converted to new system.
Old particle system converted to new system.
Old particle system converted to new system.
Old particle system converted to new system.
Old particle system converted to new system.
Old particle system converted to new system.
Old particle system converted to new system.
Old particle system converted to new system.
2.66 versioning fix: replacing black sky with premultiplied alpha for scene 1
Fra:184 Mem:10.57M (0.00M, Peak 10.57M) | Preparing Scene data
Fra:184 Mem:13.83M (0.00M, Peak 13.87M) | Preparing Scene data
Fra:184 Mem:13.85M (0.00M, Peak 13.87M) | Creating Shadowbuffers
Fra:184 Mem:13.85M (0.00M, Peak 13.87M) | Caching Point Densities
Fra:184 Mem:13.85M (0.00M, Peak 13.87M) Sce: 1 Ve:6361 Fa:5240 Ha:3070 La:1
Fra:184 Mem:13.85M (0.00M, Peak 13.87M) | Loading voxel datasets
Fra:184 Mem:13.85M (0.00M, Peak 13.87M) Sce: 1 Ve:6361 Fa:5240 Ha:3070 La:1
Fra:184 Mem:13.85M (0.00M, Peak 13.87M) Sce: 1 Ve:6361 Fa:5240 Ha:3070 La:1
Fra:184 Mem:13.85M (0.00M, Peak 13.87M) Sce: 1 Ve:6361 Fa:5240 Ha:3070 La:1
Fra:184 Mem:78.09M (0.00M, Peak 102.50M) | 1, Part 2-4
Fra:184 Mem:62.63M (0.00M, Peak 102.50M) | 1, Part 3-4
Fra:184 Mem:46.76M (0.00M, Peak 102.50M) | 1, Part 1-4
Fra:184 Mem:31.30M (0.00M, Peak 102.50M) | 1, Part 4-4
Fra:184 Mem:25.01M (0.00M, Peak 102.50M) Sce: 1 Ve:6361 Fa:5240 Ha:3070 La:1
Saved: star-collapse-0184 Time: 00:02.46 (Saving: 00:00.04)

Error, region type 2 missing in - name:"Info", id:7
Error, region type 4 missing in - name:"Info", id:7

Blender quit

real	0m4.101s
user	0m5.690s
sys	0m0.187s
ALSA lib confmisc.c:768:(parse_card) cannot find card '0'
ALSA lib conf.c:4292:(_snd_config_evaluate) function snd_func_card_driver returned error: No such file or directory
ALSA lib confmisc.c:392:(snd_func_concat) error evaluating strings
ALSA lib conf.c:4292:(_snd_config_evaluate) function snd_func_concat returned error: No such file or directory
ALSA lib confmisc.c:1251:(snd_func_refer) error evaluating name
ALSA lib conf.c:4292:(_snd_config_evaluate) function snd_func_refer returned error: No such file or directory
ALSA lib conf.c:4771:(snd_config_expand) Evaluate error: No such file or directory
ALSA lib pcm.c:2266:(snd_pcm_open_noupdate) Unknown PCM default
AL lib: alsa_open_playback: Could not open playback device 'default': No such file or directory
found bundled python: /sfs/nfs/blender/2.70/2.70/python
read blend: /home/sr7cb/ParallelComputing/test/Star-collapse-ntsc.blend
Old particle system converted to new system.
Old particle system converted to new system.
Old particle system converted to new system.
Old particle system converted to new system.
Old particle system converted to new system.
Old particle system converted to new system.
Old particle system converted to new system.
Old particle system converted to new system.
Old particle system converted to new system.
Old particle system converted to new system.
Old particle system converted to new system.
2.66 versioning fix: replacing black sky with premultiplied alpha for scene 1
Fra:204 Mem:10.60M (0.00M, Peak 10.61M) | Preparing Scene data
Fra:204 Mem:14.56M (0.00M, Peak 14.60M) | Preparing Scene data
Fra:204 Mem:14.59M (0.00M, Peak 14.60M) | Creating Shadowbuffers
Fra:204 Mem:14.59M (0.00M, Peak 14.60M) | Caching Point Densities
Fra:204 Mem:14.59M (0.00M, Peak 14.60M) Sce: 1 Ve:7409 Fa:8646 Ha:3958 La:1
Fra:204 Mem:14.59M (0.00M, Peak 14.60M) | Loading voxel datasets
Fra:204 Mem:14.59M (0.00M, Peak 14.60M) Sce: 1 Ve:7409 Fa:8646 Ha:3958 La:1
Fra:204 Mem:14.59M (0.00M, Peak 14.60M) Sce: 1 Ve:7409 Fa:8646 Ha:3958 La:1
Fra:204 Mem:14.59M (0.00M, Peak 14.60M) Sce: 1 Ve:7409 Fa:8646 Ha:3958 La:1
Fra:204 Mem:78.52M (0.00M, Peak 97.48M) | 1, Part 1-4
Fra:204 Mem:63.46M (0.00M, Peak 97.48M) | 1, Part 3-4
Fra:204 Mem:47.62M (0.00M, Peak 97.48M) | 1, Part 2-4
Fra:204 Mem:32.04M (0.00M, Peak 97.48M) | 1, Part 4-4
Fra:204 Mem:25.04M (0.00M, Peak 97.48M) Sce: 1 Ve:7409 Fa:8646 Ha:3958 La:1
Saved: star-collapse-0204 Time: 00:02.52 (Saving: 00:00.04)

Error, region type 2 missing in - name:"Info", id:7
Error, region type 4 missing in - name:"Info", id:7

Blender quit

real	0m4.178s
user	0m5.886s
sys	0m0.195s
ALSA lib confmisc.c:768:(parse_card) cannot find card '0'
ALSA lib conf.c:4292:(_snd_config_evaluate) function snd_func_card_driver returned error: No such file or directory
ALSA lib confmisc.c:392:(snd_func_concat) error evaluating strings
ALSA lib conf.c:4292:(_snd_config_evaluate) function snd_func_concat returned error: No such file or directory
ALSA lib confmisc.c:1251:(snd_func_refer) error evaluating name
ALSA lib conf.c:4292:(_snd_config_evaluate) function snd_func_refer returned error: No such file or directory
ALSA lib conf.c:4771:(snd_config_expand) Evaluate error: No such file or directory
ALSA lib pcm.c:2266:(snd_pcm_open_noupdate) Unknown PCM default
AL lib: alsa_open_playback: Could not open playback device 'default': No such file or directory
found bundled python: /sfs/nfs/blender/2.70/2.70/python
read blend: /home/sr7cb/ParallelComputing/test/Star-collapse-ntsc.blend
Old particle system converted to new system.
Old particle system converted to new system.
Old particle system converted to new system.
Old particle system converted to new system.
Old particle system converted to new system.
Old particle system converted to new system.
Old particle system converted to new system.
Old particle system converted to new system.
Old particle system converted to new system.
Old particle system converted to new system.
Old particle system converted to new system.
2.66 versioning fix: replacing black sky with premultiplied alpha for scene 1
Fra:224 Mem:10.63M (0.00M, Peak 10.64M) | Preparing Scene data
Fra:224 Mem:14.68M (0.00M, Peak 14.72M) | Preparing Scene data
Fra:224 Mem:14.72M (0.00M, Peak 14.72M) | Creating Shadowbuffers
Fra:224 Mem:14.72M (0.00M, Peak 14.72M) | Caching Point Densities
Fra:224 Mem:14.72M (0.00M, Peak 14.72M) Sce: 1 Ve:7409 Fa:8646 Ha:4507 La:1
Fra:224 Mem:14.72M (0.00M, Peak 14.72M) | Loading voxel datasets
Fra:224 Mem:14.72M (0.00M, Peak 14.72M) Sce: 1 Ve:7409 Fa:8646 Ha:4507 La:1
Fra:224 Mem:14.72M (0.00M, Peak 14.72M) Sce: 1 Ve:7409 Fa:8646 Ha:4507 La:1
Fra:224 Mem:14.72M (0.00M, Peak 14.72M) Sce: 1 Ve:7409 Fa:8646 Ha:4507 La:1
Fra:224 Mem:77.21M (0.00M, Peak 95.22M) | 1, Part 4-4
Fra:224 Mem:61.62M (0.00M, Peak 95.22M) | 1, Part 1-4
Fra:224 Mem:45.78M (0.00M, Peak 95.22M) | 1, Part 2-4
Fra:224 Mem:32.17M (0.00M, Peak 95.22M) | 1, Part 3-4
Fra:224 Mem:25.07M (0.00M, Peak 95.22M) Sce: 1 Ve:7409 Fa:8646 Ha:4507 La:1
Saved: star-collapse-0224 Time: 00:02.36 (Saving: 00:00.04)

Error, region type 2 missing in - name:"Info", id:7
Error, region type 4 missing in - name:"Info", id:7

Blender quit

real	3m57.699s
user	0m5.606s
sys	0m0.182s
