ALSA lib confmisc.c:768:(parse_card) cannot find card '0'
ALSA lib conf.c:4292:(_snd_config_evaluate) function snd_func_card_driver returned error: No such file or directory
ALSA lib confmisc.c:392:(snd_func_concat) error evaluating strings
ALSA lib conf.c:4292:(_snd_config_evaluate) function snd_func_concat returned error: No such file or directory
ALSA lib confmisc.c:1251:(snd_func_refer) error evaluating name
ALSA lib conf.c:4292:(_snd_config_evaluate) function snd_func_refer returned error: No such file or directory
ALSA lib conf.c:4771:(snd_config_expand) Evaluate error: No such file or directory
ALSA lib pcm.c:2266:(snd_pcm_open_noupdate) Unknown PCM default
AL lib: alsa_open_playback: Could not open playback device 'default': No such file or directory
found bundled python: /sfs/nfs/blender/2.70/2.70/python
read blend: /home/sr7cb/ParallelComputing/test/Star-collapse-ntsc.blend
Old particle system converted to new system.
Old particle system converted to new system.
Old particle system converted to new system.
Old particle system converted to new system.
Old particle system converted to new system.
Old particle system converted to new system.
Old particle system converted to new system.
Old particle system converted to new system.
Old particle system converted to new system.
Old particle system converted to new system.
Old particle system converted to new system.
2.66 versioning fix: replacing black sky with premultiplied alpha for scene 1
Fra:11 Mem:10.47M (0.00M, Peak 10.47M) | Preparing Scene data
Fra:11 Mem:13.62M (0.00M, Peak 13.63M) | Preparing Scene data
Fra:11 Mem:13.63M (0.00M, Peak 13.63M) | Creating Shadowbuffers
Fra:11 Mem:13.63M (0.00M, Peak 13.63M) | Caching Point Densities
Fra:11 Mem:13.63M (0.00M, Peak 13.63M) Sce: 1 Ve:5293 Fa:3460 Ha:1264 La:1
Fra:11 Mem:13.63M (0.00M, Peak 13.63M) | Loading voxel datasets
Fra:11 Mem:13.63M (0.00M, Peak 13.63M) Sce: 1 Ve:5293 Fa:3460 Ha:1264 La:1
Fra:11 Mem:13.63M (0.00M, Peak 13.63M) Sce: 1 Ve:5293 Fa:3460 Ha:1264 La:1
Fra:11 Mem:13.63M (0.00M, Peak 13.63M) Sce: 1 Ve:5293 Fa:3460 Ha:1264 La:1
Fra:11 Mem:78.82M (0.00M, Peak 96.02M) | 1, Part 1-4
Fra:11 Mem:58.90M (0.00M, Peak 96.02M) | 1, Part 2-4
Fra:11 Mem:46.92M (0.00M, Peak 96.02M) | 1, Part 4-4
Fra:11 Mem:31.08M (0.00M, Peak 96.02M) | 1, Part 3-4
Fra:11 Mem:24.90M (0.00M, Peak 96.02M) Sce: 1 Ve:5293 Fa:3460 Ha:1264 La:1
Saved: star-collapse-0011 Time: 00:00.42 (Saving: 00:00.02)

Error, region type 2 missing in - name:"Info", id:7
Error, region type 4 missing in - name:"Info", id:7

Blender quit

real	0m1.362s
user	0m1.489s
sys	0m0.107s
ALSA lib confmisc.c:768:(parse_card) cannot find card '0'
ALSA lib conf.c:4292:(_snd_config_evaluate) function snd_func_card_driver returned error: No such file or directory
ALSA lib confmisc.c:392:(snd_func_concat) error evaluating strings
ALSA lib conf.c:4292:(_snd_config_evaluate) function snd_func_concat returned error: No such file or directory
ALSA lib confmisc.c:1251:(snd_func_refer) error evaluating name
ALSA lib conf.c:4292:(_snd_config_evaluate) function snd_func_refer returned error: No such file or directory
ALSA lib conf.c:4771:(snd_config_expand) Evaluate error: No such file or directory
ALSA lib pcm.c:2266:(snd_pcm_open_noupdate) Unknown PCM default
AL lib: alsa_open_playback: Could not open playback device 'default': No such file or directory
found bundled python: /sfs/nfs/blender/2.70/2.70/python
read blend: /home/sr7cb/ParallelComputing/test/Star-collapse-ntsc.blend
Old particle system converted to new system.
Old particle system converted to new system.
Old particle system converted to new system.
Old particle system converted to new system.
Old particle system converted to new system.
Old particle system converted to new system.
Old particle system converted to new system.
Old particle system converted to new system.
Old particle system converted to new system.
Old particle system converted to new system.
Old particle system converted to new system.
2.66 versioning fix: replacing black sky with premultiplied alpha for scene 1
Fra:31 Mem:10.48M (0.00M, Peak 10.49M) | Preparing Scene data
Fra:31 Mem:13.67M (0.00M, Peak 13.69M) | Preparing Scene data
Fra:31 Mem:13.69M (0.00M, Peak 13.69M) | Creating Shadowbuffers
Fra:31 Mem:13.69M (0.00M, Peak 13.69M) | Caching Point Densities
Fra:31 Mem:13.69M (0.00M, Peak 13.69M) Sce: 1 Ve:5533 Fa:3860 Ha:1646 La:1
Fra:31 Mem:13.69M (0.00M, Peak 13.69M) | Loading voxel datasets
Fra:31 Mem:13.69M (0.00M, Peak 13.69M) Sce: 1 Ve:5533 Fa:3860 Ha:1646 La:1
Fra:31 Mem:13.69M (0.00M, Peak 13.69M) Sce: 1 Ve:5533 Fa:3860 Ha:1646 La:1
Fra:31 Mem:13.69M (0.00M, Peak 13.69M) Sce: 1 Ve:5533 Fa:3860 Ha:1646 La:1
Fra:31 Mem:61.93M (0.00M, Peak 96.38M) | 1, Part 2-4
Fra:31 Mem:58.96M (0.00M, Peak 96.38M) | 1, Part 1-4
Fra:31 Mem:46.97M (0.00M, Peak 96.38M) | 1, Part 4-4
Fra:31 Mem:31.14M (0.00M, Peak 96.38M) | 1, Part 3-4
Fra:31 Mem:24.92M (0.00M, Peak 96.38M) Sce: 1 Ve:5533 Fa:3860 Ha:1646 La:1
Saved: star-collapse-0031 Time: 00:01.17 (Saving: 00:00.11)

Error, region type 2 missing in - name:"Info", id:7
Error, region type 4 missing in - name:"Info", id:7

Blender quit

real	0m2.257s
user	0m2.809s
sys	0m0.152s
ALSA lib confmisc.c:768:(parse_card) cannot find card '0'
ALSA lib conf.c:4292:(_snd_config_evaluate) function snd_func_card_driver returned error: No such file or directory
ALSA lib confmisc.c:392:(snd_func_concat) error evaluating strings
ALSA lib conf.c:4292:(_snd_config_evaluate) function snd_func_concat returned error: No such file or directory
ALSA lib confmisc.c:1251:(snd_func_refer) error evaluating name
ALSA lib conf.c:4292:(_snd_config_evaluate) function snd_func_refer returned error: No such file or directory
ALSA lib conf.c:4771:(snd_config_expand) Evaluate error: No such file or directory
ALSA lib pcm.c:2266:(snd_pcm_open_noupdate) Unknown PCM default
AL lib: alsa_open_playback: Could not open playback device 'default': No such file or directory
found bundled python: /sfs/nfs/blender/2.70/2.70/python
read blend: /home/sr7cb/ParallelComputing/test/Star-collapse-ntsc.blend
Old particle system converted to new system.
Old particle system converted to new system.
Old particle system converted to new system.
Old particle system converted to new system.
Old particle system converted to new system.
Old particle system converted to new system.
Old particle system converted to new system.
Old particle system converted to new system.
Old particle system converted to new system.
Old particle system converted to new system.
Old particle system converted to new system.
2.66 versioning fix: replacing black sky with premultiplied alpha for scene 1
Fra:51 Mem:10.50M (0.00M, Peak 10.50M) | Preparing Scene data
Fra:51 Mem:13.70M (0.00M, Peak 13.72M) | Preparing Scene data
Fra:51 Mem:13.71M (0.00M, Peak 13.72M) | Creating Shadowbuffers
Fra:51 Mem:13.71M (0.00M, Peak 13.72M) | Caching Point Densities
Fra:51 Mem:13.71M (0.00M, Peak 13.72M) Sce: 1 Ve:5773 Fa:4260 Ha:2027 La:1
Fra:51 Mem:13.71M (0.00M, Peak 13.72M) | Loading voxel datasets
Fra:51 Mem:13.71M (0.00M, Peak 13.72M) Sce: 1 Ve:5773 Fa:4260 Ha:2027 La:1
Fra:51 Mem:13.72M (0.00M, Peak 13.72M) Sce: 1 Ve:5773 Fa:4260 Ha:2027 La:1
Fra:51 Mem:13.72M (0.00M, Peak 13.72M) Sce: 1 Ve:5773 Fa:4260 Ha:2027 La:1
Fra:51 Mem:77.74M (0.00M, Peak 90.65M) | 1, Part 2-4
Fra:51 Mem:62.84M (0.00M, Peak 90.65M) | 1, Part 1-4
Fra:51 Mem:47.00M (0.00M, Peak 90.65M) | 1, Part 3-4
Fra:51 Mem:31.16M (0.00M, Peak 90.65M) | 1, Part 4-4
Fra:51 Mem:24.94M (0.00M, Peak 90.65M) Sce: 1 Ve:5773 Fa:4260 Ha:2027 La:1
Saved: star-collapse-0051 Time: 00:01.58 (Saving: 00:00.04)

Error, region type 2 missing in - name:"Info", id:7
Error, region type 4 missing in - name:"Info", id:7

Blender quit

real	3m19.881s
user	0m4.293s
sys	0m0.212s
ALSA lib confmisc.c:768:(parse_card) cannot find card '0'
ALSA lib conf.c:4292:(_snd_config_evaluate) function snd_func_card_driver returned error: No such file or directory
ALSA lib confmisc.c:392:(snd_func_concat) error evaluating strings
ALSA lib conf.c:4292:(_snd_config_evaluate) function snd_func_concat returned error: No such file or directory
ALSA lib confmisc.c:1251:(snd_func_refer) error evaluating name
ALSA lib conf.c:4292:(_snd_config_evaluate) function snd_func_refer returned error: No such file or directory
ALSA lib conf.c:4771:(snd_config_expand) Evaluate error: No such file or directory
ALSA lib pcm.c:2266:(snd_pcm_open_noupdate) Unknown PCM default
AL lib: alsa_open_playback: Could not open playback device 'default': No such file or directory
found bundled python: /sfs/nfs/blender/2.70/2.70/python
read blend: /home/sr7cb/ParallelComputing/test/Star-collapse-ntsc.blend
Old particle system converted to new system.
Old particle system converted to new system.
Old particle system converted to new system.
Old particle system converted to new system.
Old particle system converted to new system.
Old particle system converted to new system.
Old particle system converted to new system.
Old particle system converted to new system.
Old particle system converted to new system.
Old particle system converted to new system.
Old particle system converted to new system.
2.66 versioning fix: replacing black sky with premultiplied alpha for scene 1
Fra:71 Mem:10.51M (0.00M, Peak 10.52M) | Preparing Scene data
Fra:71 Mem:13.72M (0.00M, Peak 13.75M) | Preparing Scene data
Fra:71 Mem:13.73M (0.00M, Peak 13.75M) | Creating Shadowbuffers
Fra:71 Mem:13.73M (0.00M, Peak 13.75M) | Caching Point Densities
Fra:71 Mem:13.73M (0.00M, Peak 13.75M) Sce: 1 Ve:6013 Fa:4660 Ha:2207 La:1
Fra:71 Mem:13.73M (0.00M, Peak 13.75M) | Loading voxel datasets
Fra:71 Mem:13.73M (0.00M, Peak 13.75M) Sce: 1 Ve:6013 Fa:4660 Ha:2207 La:1
Fra:71 Mem:13.74M (0.00M, Peak 13.75M) Sce: 1 Ve:6013 Fa:4660 Ha:2207 La:1
Fra:71 Mem:13.74M (0.00M, Peak 13.75M) Sce: 1 Ve:6013 Fa:4660 Ha:2207 La:1
Fra:71 Mem:77.91M (0.00M, Peak 90.41M) | 1, Part 2-4
Fra:71 Mem:62.73M (0.00M, Peak 90.41M) | 1, Part 1-4
Fra:71 Mem:46.89M (0.00M, Peak 90.41M) | 1, Part 3-4
Fra:71 Mem:31.18M (0.00M, Peak 90.41M) | 1, Part 4-4
Fra:71 Mem:24.95M (0.00M, Peak 90.41M) Sce: 1 Ve:6013 Fa:4660 Ha:2207 La:1
Saved: star-collapse-0071 Time: 00:01.85 (Saving: 00:00.04)

Error, region type 2 missing in - name:"Info", id:7
Error, region type 4 missing in - name:"Info", id:7

Blender quit

real	0m3.591s
user	0m4.821s
sys	0m0.210s
ALSA lib confmisc.c:768:(parse_card) cannot find card '0'
ALSA lib conf.c:4292:(_snd_config_evaluate) function snd_func_card_driver returned error: No such file or directory
ALSA lib confmisc.c:392:(snd_func_concat) error evaluating strings
ALSA lib conf.c:4292:(_snd_config_evaluate) function snd_func_concat returned error: No such file or directory
ALSA lib confmisc.c:1251:(snd_func_refer) error evaluating name
ALSA lib conf.c:4292:(_snd_config_evaluate) function snd_func_refer returned error: No such file or directory
ALSA lib conf.c:4771:(snd_config_expand) Evaluate error: No such file or directory
ALSA lib pcm.c:2266:(snd_pcm_open_noupdate) Unknown PCM default
AL lib: alsa_open_playback: Could not open playback device 'default': No such file or directory
found bundled python: /sfs/nfs/blender/2.70/2.70/python
read blend: /home/sr7cb/ParallelComputing/test/Star-collapse-ntsc.blend
Old particle system converted to new system.
Old particle system converted to new system.
Old particle system converted to new system.
Old particle system converted to new system.
Old particle system converted to new system.
Old particle system converted to new system.
Old particle system converted to new system.
Old particle system converted to new system.
Old particle system converted to new system.
Old particle system converted to new system.
Old particle system converted to new system.
2.66 versioning fix: replacing black sky with premultiplied alpha for scene 1
Fra:91 Mem:10.52M (0.00M, Peak 10.52M) | Preparing Scene data
Fra:91 Mem:13.73M (0.00M, Peak 13.76M) | Preparing Scene data
Fra:91 Mem:13.75M (0.00M, Peak 13.76M) | Creating Shadowbuffers
Fra:91 Mem:13.75M (0.00M, Peak 13.76M) | Caching Point Densities
Fra:91 Mem:13.75M (0.00M, Peak 13.76M) Sce: 1 Ve:6253 Fa:5060 Ha:2387 La:1
Fra:91 Mem:13.75M (0.00M, Peak 13.76M) | Loading voxel datasets
Fra:91 Mem:13.75M (0.00M, Peak 13.76M) Sce: 1 Ve:6253 Fa:5060 Ha:2387 La:1
Fra:91 Mem:13.75M (0.00M, Peak 13.76M) Sce: 1 Ve:6253 Fa:5060 Ha:2387 La:1
Fra:91 Mem:13.75M (0.00M, Peak 13.76M) Sce: 1 Ve:6253 Fa:5060 Ha:2387 La:1
Fra:91 Mem:78.21M (0.00M, Peak 90.96M) | 1, Part 2-4
Fra:91 Mem:62.62M (0.00M, Peak 90.96M) | 1, Part 1-4
Fra:91 Mem:46.78M (0.00M, Peak 90.96M) | 1, Part 3-4
Fra:91 Mem:31.20M (0.00M, Peak 90.96M) | 1, Part 4-4
Fra:91 Mem:24.96M (0.00M, Peak 90.96M) Sce: 1 Ve:6253 Fa:5060 Ha:2387 La:1
Saved: star-collapse-0091 Time: 00:01.99 (Saving: 00:00.04)

Error, region type 2 missing in - name:"Info", id:7
Error, region type 4 missing in - name:"Info", id:7

Blender quit

real	0m3.724s
user	0m5.015s
sys	0m0.203s
ALSA lib confmisc.c:768:(parse_card) cannot find card '0'
ALSA lib conf.c:4292:(_snd_config_evaluate) function snd_func_card_driver returned error: No such file or directory
ALSA lib confmisc.c:392:(snd_func_concat) error evaluating strings
ALSA lib conf.c:4292:(_snd_config_evaluate) function snd_func_concat returned error: No such file or directory
ALSA lib confmisc.c:1251:(snd_func_refer) error evaluating name
ALSA lib conf.c:4292:(_snd_config_evaluate) function snd_func_refer returned error: No such file or directory
ALSA lib conf.c:4771:(snd_config_expand) Evaluate error: No such file or directory
ALSA lib pcm.c:2266:(snd_pcm_open_noupdate) Unknown PCM default
AL lib: alsa_open_playback: Could not open playback device 'default': No such file or directory
found bundled python: /sfs/nfs/blender/2.70/2.70/python
read blend: /home/sr7cb/ParallelComputing/test/Star-collapse-ntsc.blend
Old particle system converted to new system.
Old particle system converted to new system.
Old particle system converted to new system.
Old particle system converted to new system.
Old particle system converted to new system.
Old particle system converted to new system.
Old particle system converted to new system.
Old particle system converted to new system.
Old particle system converted to new system.
Old particle system converted to new system.
Old particle system converted to new system.
2.66 versioning fix: replacing black sky with premultiplied alpha for scene 1
Fra:111 Mem:10.52M (0.00M, Peak 10.52M) | Preparing Scene data
Fra:111 Mem:13.73M (0.00M, Peak 13.77M) | Preparing Scene data
Fra:111 Mem:13.75M (0.00M, Peak 13.77M) | Creating Shadowbuffers
Fra:111 Mem:13.75M (0.00M, Peak 13.77M) | Caching Point Densities
Fra:111 Mem:13.75M (0.00M, Peak 13.77M) Sce: 1 Ve:6361 Fa:5240 Ha:2455 La:1
Fra:111 Mem:13.75M (0.00M, Peak 13.77M) | Loading voxel datasets
Fra:111 Mem:13.75M (0.00M, Peak 13.77M) Sce: 1 Ve:6361 Fa:5240 Ha:2455 La:1
Fra:111 Mem:13.75M (0.00M, Peak 13.77M) Sce: 1 Ve:6361 Fa:5240 Ha:2455 La:1
Fra:111 Mem:13.75M (0.00M, Peak 13.77M) Sce: 1 Ve:6361 Fa:5240 Ha:2455 La:1
Fra:111 Mem:77.96M (0.00M, Peak 95.72M) | 1, Part 4-4
Fra:111 Mem:62.50M (0.00M, Peak 95.72M) | 1, Part 2-4
Fra:111 Mem:46.78M (0.00M, Peak 95.72M) | 1, Part 3-4
Fra:111 Mem:31.20M (0.00M, Peak 95.72M) | 1, Part 1-4
Fra:111 Mem:24.96M (0.00M, Peak 95.72M) Sce: 1 Ve:6361 Fa:5240 Ha:2455 La:1
Saved: star-collapse-0111 Time: 00:02.30 (Saving: 00:00.22)

Error, region type 2 missing in - name:"Info", id:7
Error, region type 4 missing in - name:"Info", id:7

Blender quit

real	0m4.066s
user	0m5.220s
sys	0m0.208s
ALSA lib confmisc.c:768:(parse_card) cannot find card '0'
ALSA lib conf.c:4292:(_snd_config_evaluate) function snd_func_card_driver returned error: No such file or directory
ALSA lib confmisc.c:392:(snd_func_concat) error evaluating strings
ALSA lib conf.c:4292:(_snd_config_evaluate) function snd_func_concat returned error: No such file or directory
ALSA lib confmisc.c:1251:(snd_func_refer) error evaluating name
ALSA lib conf.c:4292:(_snd_config_evaluate) function snd_func_refer returned error: No such file or directory
ALSA lib conf.c:4771:(snd_config_expand) Evaluate error: No such file or directory
ALSA lib pcm.c:2266:(snd_pcm_open_noupdate) Unknown PCM default
AL lib: alsa_open_playback: Could not open playback device 'default': No such file or directory
found bundled python: /sfs/nfs/blender/2.70/2.70/python
read blend: /home/sr7cb/ParallelComputing/test/Star-collapse-ntsc.blend
Old particle system converted to new system.
Old particle system converted to new system.
Old particle system converted to new system.
Old particle system converted to new system.
Old particle system converted to new system.
Old particle system converted to new system.
Old particle system converted to new system.
Old particle system converted to new system.
Old particle system converted to new system.
Old particle system converted to new system.
Old particle system converted to new system.
2.66 versioning fix: replacing black sky with premultiplied alpha for scene 1
Fra:131 Mem:10.52M (0.00M, Peak 10.52M) | Preparing Scene data
Fra:131 Mem:13.70M (0.00M, Peak 13.74M) | Preparing Scene data
Fra:131 Mem:13.72M (0.00M, Peak 13.74M) | Creating Shadowbuffers
Fra:131 Mem:13.72M (0.00M, Peak 13.74M) | Caching Point Densities
Fra:131 Mem:13.72M (0.00M, Peak 13.74M) Sce: 1 Ve:6361 Fa:5240 Ha:2433 La:1
Fra:131 Mem:13.72M (0.00M, Peak 13.74M) | Loading voxel datasets
Fra:131 Mem:13.72M (0.00M, Peak 13.74M) Sce: 1 Ve:6361 Fa:5240 Ha:2433 La:1
Fra:131 Mem:13.72M (0.00M, Peak 13.74M) Sce: 1 Ve:6361 Fa:5240 Ha:2433 La:1
Fra:131 Mem:13.72M (0.00M, Peak 13.74M) Sce: 1 Ve:6361 Fa:5240 Ha:2433 La:1
Fra:131 Mem:78.21M (0.00M, Peak 98.08M) | 1, Part 3-4
Fra:131 Mem:62.62M (0.00M, Peak 98.08M) | 1, Part 4-4
Fra:131 Mem:47.03M (0.00M, Peak 98.08M) | 1, Part 2-4
Fra:131 Mem:31.17M (0.00M, Peak 98.08M) | 1, Part 1-4
Fra:131 Mem:24.96M (0.00M, Peak 98.08M) Sce: 1 Ve:6361 Fa:5240 Ha:2433 La:1
Saved: star-collapse-0131 Time: 00:02.08 (Saving: 00:00.04)

Error, region type 2 missing in - name:"Info", id:7
Error, region type 4 missing in - name:"Info", id:7

Blender quit

real	0m3.961s
user	0m5.218s
sys	0m0.203s
ALSA lib confmisc.c:768:(parse_card) cannot find card '0'
ALSA lib conf.c:4292:(_snd_config_evaluate) function snd_func_card_driver returned error: No such file or directory
ALSA lib confmisc.c:392:(snd_func_concat) error evaluating strings
ALSA lib conf.c:4292:(_snd_config_evaluate) function snd_func_concat returned error: No such file or directory
ALSA lib confmisc.c:1251:(snd_func_refer) error evaluating name
ALSA lib conf.c:4292:(_snd_config_evaluate) function snd_func_refer returned error: No such file or directory
ALSA lib conf.c:4771:(snd_config_expand) Evaluate error: No such file or directory
ALSA lib pcm.c:2266:(snd_pcm_open_noupdate) Unknown PCM default
AL lib: alsa_open_playback: Could not open playback device 'default': No such file or directory
found bundled python: /sfs/nfs/blender/2.70/2.70/python
read blend: /home/sr7cb/ParallelComputing/test/Star-collapse-ntsc.blend
Old particle system converted to new system.
Old particle system converted to new system.
Old particle system converted to new system.
Old particle system converted to new system.
Old particle system converted to new system.
Old particle system converted to new system.
Old particle system converted to new system.
Old particle system converted to new system.
Old particle system converted to new system.
Old particle system converted to new system.
Old particle system converted to new system.
2.66 versioning fix: replacing black sky with premultiplied alpha for scene 1
Fra:151 Mem:10.52M (0.00M, Peak 10.52M) | Preparing Scene data
Fra:151 Mem:13.66M (0.00M, Peak 13.70M) | Preparing Scene data
Fra:151 Mem:13.68M (0.00M, Peak 13.70M) | Creating Shadowbuffers
Fra:151 Mem:13.68M (0.00M, Peak 13.70M) | Caching Point Densities
Fra:151 Mem:13.68M (0.00M, Peak 13.70M) Sce: 1 Ve:6361 Fa:5240 Ha:2422 La:1
Fra:151 Mem:13.68M (0.00M, Peak 13.70M) | Loading voxel datasets
Fra:151 Mem:13.68M (0.00M, Peak 13.70M) Sce: 1 Ve:6361 Fa:5240 Ha:2422 La:1
Fra:151 Mem:13.68M (0.00M, Peak 13.70M) Sce: 1 Ve:6361 Fa:5240 Ha:2422 La:1
Fra:151 Mem:13.68M (0.00M, Peak 13.70M) Sce: 1 Ve:6361 Fa:5240 Ha:2422 La:1
Fra:151 Mem:77.64M (0.00M, Peak 96.23M) | 1, Part 2-4
Fra:151 Mem:62.18M (0.00M, Peak 96.23M) | 1, Part 4-4
Fra:151 Mem:46.71M (0.00M, Peak 96.23M) | 1, Part 3-4
Fra:151 Mem:31.13M (0.00M, Peak 96.23M) | 1, Part 1-4
Fra:151 Mem:24.96M (0.00M, Peak 96.23M) Sce: 1 Ve:6361 Fa:5240 Ha:2422 La:1
Saved: star-collapse-0151 Time: 00:02.12 (Saving: 00:00.06)

Error, region type 2 missing in - name:"Info", id:7
Error, region type 4 missing in - name:"Info", id:7

Blender quit

real	0m3.857s
user	0m5.088s
sys	0m0.198s
ALSA lib confmisc.c:768:(parse_card) cannot find card '0'
ALSA lib conf.c:4292:(_snd_config_evaluate) function snd_func_card_driver returned error: No such file or directory
ALSA lib confmisc.c:392:(snd_func_concat) error evaluating strings
ALSA lib conf.c:4292:(_snd_config_evaluate) function snd_func_concat returned error: No such file or directory
ALSA lib confmisc.c:1251:(snd_func_refer) error evaluating name
ALSA lib conf.c:4292:(_snd_config_evaluate) function snd_func_refer returned error: No such file or directory
ALSA lib conf.c:4771:(snd_config_expand) Evaluate error: No such file or directory
ALSA lib pcm.c:2266:(snd_pcm_open_noupdate) Unknown PCM default
AL lib: alsa_open_playback: Could not open playback device 'default': No such file or directory
found bundled python: /sfs/nfs/blender/2.70/2.70/python
read blend: /home/sr7cb/ParallelComputing/test/Star-collapse-ntsc.blend
Old particle system converted to new system.
Old particle system converted to new system.
Old particle system converted to new system.
Old particle system converted to new system.
Old particle system converted to new system.
Old particle system converted to new system.
Old particle system converted to new system.
Old particle system converted to new system.
Old particle system converted to new system.
Old particle system converted to new system.
Old particle system converted to new system.
2.66 versioning fix: replacing black sky with premultiplied alpha for scene 1
Fra:171 Mem:10.54M (0.00M, Peak 10.55M) | Preparing Scene data
Fra:171 Mem:13.80M (0.00M, Peak 13.84M) | Preparing Scene data
Fra:171 Mem:13.82M (0.00M, Peak 13.84M) | Creating Shadowbuffers
Fra:171 Mem:13.82M (0.00M, Peak 13.84M) | Caching Point Densities
Fra:171 Mem:13.82M (0.00M, Peak 13.84M) Sce: 1 Ve:6361 Fa:5240 Ha:2470 La:1
Fra:171 Mem:13.82M (0.00M, Peak 13.84M) | Loading voxel datasets
Fra:171 Mem:13.82M (0.00M, Peak 13.84M) Sce: 1 Ve:6361 Fa:5240 Ha:2470 La:1
Fra:171 Mem:13.82M (0.00M, Peak 13.84M) Sce: 1 Ve:6361 Fa:5240 Ha:2470 La:1
Fra:171 Mem:13.82M (0.00M, Peak 13.84M) Sce: 1 Ve:6361 Fa:5240 Ha:2470 La:1
Fra:171 Mem:78.19M (0.00M, Peak 100.92M) | 1, Part 1-4
Fra:171 Mem:62.19M (0.00M, Peak 100.92M) | 1, Part 2-4
Fra:171 Mem:46.73M (0.00M, Peak 100.92M) | 1, Part 3-4
Fra:171 Mem:31.27M (0.00M, Peak 100.92M) | 1, Part 4-4
Fra:171 Mem:24.98M (0.00M, Peak 100.92M) Sce: 1 Ve:6361 Fa:5240 Ha:2470 La:1
Saved: star-collapse-0171 Time: 00:02.16 (Saving: 00:00.12)

Error, region type 2 missing in - name:"Info", id:7
Error, region type 4 missing in - name:"Info", id:7

Blender quit

real	0m4.149s
user	0m5.293s
sys	0m0.213s
ALSA lib confmisc.c:768:(parse_card) cannot find card '0'
ALSA lib conf.c:4292:(_snd_config_evaluate) function snd_func_card_driver returned error: No such file or directory
ALSA lib confmisc.c:392:(snd_func_concat) error evaluating strings
ALSA lib conf.c:4292:(_snd_config_evaluate) function snd_func_concat returned error: No such file or directory
ALSA lib confmisc.c:1251:(snd_func_refer) error evaluating name
ALSA lib conf.c:4292:(_snd_config_evaluate) function snd_func_refer returned error: No such file or directory
ALSA lib conf.c:4771:(snd_config_expand) Evaluate error: No such file or directory
ALSA lib pcm.c:2266:(snd_pcm_open_noupdate) Unknown PCM default
AL lib: alsa_open_playback: Could not open playback device 'default': No such file or directory
found bundled python: /sfs/nfs/blender/2.70/2.70/python
read blend: /home/sr7cb/ParallelComputing/test/Star-collapse-ntsc.blend
Old particle system converted to new system.
Old particle system converted to new system.
Old particle system converted to new system.
Old particle system converted to new system.
Old particle system converted to new system.
Old particle system converted to new system.
Old particle system converted to new system.
Old particle system converted to new system.
Old particle system converted to new system.
Old particle system converted to new system.
Old particle system converted to new system.
2.66 versioning fix: replacing black sky with premultiplied alpha for scene 1
Fra:191 Mem:10.58M (0.00M, Peak 10.59M) | Preparing Scene data
Fra:191 Mem:14.44M (0.00M, Peak 14.48M) | Preparing Scene data
Fra:191 Mem:14.47M (0.00M, Peak 14.48M) | Creating Shadowbuffers
Fra:191 Mem:14.47M (0.00M, Peak 14.48M) | Caching Point Densities
Fra:191 Mem:14.47M (0.00M, Peak 14.48M) Sce: 1 Ve:7409 Fa:8646 Ha:3394 La:1
Fra:191 Mem:14.47M (0.00M, Peak 14.48M) | Loading voxel datasets
Fra:191 Mem:14.47M (0.00M, Peak 14.48M) Sce: 1 Ve:7409 Fa:8646 Ha:3394 La:1
Fra:191 Mem:14.47M (0.00M, Peak 14.48M) Sce: 1 Ve:7409 Fa:8646 Ha:3394 La:1
Fra:191 Mem:14.47M (0.00M, Peak 14.48M) Sce: 1 Ve:7409 Fa:8646 Ha:3394 La:1
Fra:191 Mem:78.96M (0.00M, Peak 100.17M) | 1, Part 1-4
Fra:191 Mem:63.50M (0.00M, Peak 100.17M) | 1, Part 3-4
Fra:191 Mem:47.38M (0.00M, Peak 100.17M) | 1, Part 2-4
Fra:191 Mem:31.92M (0.00M, Peak 100.17M) | 1, Part 4-4
Fra:191 Mem:25.02M (0.00M, Peak 100.17M) Sce: 1 Ve:7409 Fa:8646 Ha:3394 La:1
Saved: star-collapse-0191 Time: 00:02.38 (Saving: 00:00.04)

Error, region type 2 missing in - name:"Info", id:7
Error, region type 4 missing in - name:"Info", id:7

Blender quit

real	0m4.589s
user	0m5.709s
sys	0m0.214s
ALSA lib confmisc.c:768:(parse_card) cannot find card '0'
ALSA lib conf.c:4292:(_snd_config_evaluate) function snd_func_card_driver returned error: No such file or directory
ALSA lib confmisc.c:392:(snd_func_concat) error evaluating strings
ALSA lib conf.c:4292:(_snd_config_evaluate) function snd_func_concat returned error: No such file or directory
ALSA lib confmisc.c:1251:(snd_func_refer) error evaluating name
ALSA lib conf.c:4292:(_snd_config_evaluate) function snd_func_refer returned error: No such file or directory
ALSA lib conf.c:4771:(snd_config_expand) Evaluate error: No such file or directory
ALSA lib pcm.c:2266:(snd_pcm_open_noupdate) Unknown PCM default
AL lib: alsa_open_playback: Could not open playback device 'default': No such file or directory
found bundled python: /sfs/nfs/blender/2.70/2.70/python
read blend: /home/sr7cb/ParallelComputing/test/Star-collapse-ntsc.blend
Old particle system converted to new system.
Old particle system converted to new system.
Old particle system converted to new system.
Old particle system converted to new system.
Old particle system converted to new system.
Old particle system converted to new system.
Old particle system converted to new system.
Old particle system converted to new system.
Old particle system converted to new system.
Old particle system converted to new system.
Old particle system converted to new system.
2.66 versioning fix: replacing black sky with premultiplied alpha for scene 1
Fra:211 Mem:10.61M (0.00M, Peak 10.62M) | Preparing Scene data
Fra:211 Mem:14.57M (0.00M, Peak 14.61M) | Preparing Scene data
Fra:211 Mem:14.60M (0.00M, Peak 14.61M) | Creating Shadowbuffers
Fra:211 Mem:14.60M (0.00M, Peak 14.61M) | Caching Point Densities
Fra:211 Mem:14.60M (0.00M, Peak 14.61M) Sce: 1 Ve:7409 Fa:8646 Ha:4213 La:1
Fra:211 Mem:14.60M (0.00M, Peak 14.61M) | Loading voxel datasets
Fra:211 Mem:14.60M (0.00M, Peak 14.61M) Sce: 1 Ve:7409 Fa:8646 Ha:4213 La:1
Fra:211 Mem:14.60M (0.00M, Peak 14.61M) Sce: 1 Ve:7409 Fa:8646 Ha:4213 La:1
Fra:211 Mem:14.60M (0.00M, Peak 14.61M) Sce: 1 Ve:7409 Fa:8646 Ha:4213 La:1
Fra:211 Mem:76.53M (0.00M, Peak 94.29M) | 1, Part 1-4
Fra:211 Mem:60.57M (0.00M, Peak 94.29M) | 1, Part 2-4
Fra:211 Mem:47.64M (0.00M, Peak 94.29M) | 1, Part 3-4
Fra:211 Mem:32.05M (0.00M, Peak 94.29M) | 1, Part 4-4
Fra:211 Mem:25.05M (0.00M, Peak 94.29M) Sce: 1 Ve:7409 Fa:8646 Ha:4213 La:1
Saved: star-collapse-0211 Time: 00:02.50 (Saving: 00:00.04)

Error, region type 2 missing in - name:"Info", id:7
Error, region type 4 missing in - name:"Info", id:7

Blender quit

real	0m39.166s
user	0m5.993s
sys	0m0.235s
ALSA lib confmisc.c:768:(parse_card) cannot find card '0'
ALSA lib conf.c:4292:(_snd_config_evaluate) function snd_func_card_driver returned error: No such file or directory
ALSA lib confmisc.c:392:(snd_func_concat) error evaluating strings
ALSA lib conf.c:4292:(_snd_config_evaluate) function snd_func_concat returned error: No such file or directory
ALSA lib confmisc.c:1251:(snd_func_refer) error evaluating name
ALSA lib conf.c:4292:(_snd_config_evaluate) function snd_func_refer returned error: No such file or directory
ALSA lib conf.c:4771:(snd_config_expand) Evaluate error: No such file or directory
ALSA lib pcm.c:2266:(snd_pcm_open_noupdate) Unknown PCM default
AL lib: alsa_open_playback: Could not open playback device 'default': No such file or directory
found bundled python: /sfs/nfs/blender/2.70/2.70/python
read blend: /home/sr7cb/ParallelComputing/test/Star-collapse-ntsc.blend
Old particle system converted to new system.
Old particle system converted to new system.
Old particle system converted to new system.
Old particle system converted to new system.
Old particle system converted to new system.
Old particle system converted to new system.
Old particle system converted to new system.
Old particle system converted to new system.
Old particle system converted to new system.
Old particle system converted to new system.
Old particle system converted to new system.
2.66 versioning fix: replacing black sky with premultiplied alpha for scene 1
Fra:231 Mem:10.64M (0.00M, Peak 10.65M) | Preparing Scene data
Fra:231 Mem:14.69M (0.00M, Peak 14.73M) | Preparing Scene data
Fra:231 Mem:14.73M (0.00M, Peak 14.73M) | Creating Shadowbuffers
Fra:231 Mem:14.73M (0.00M, Peak 14.73M) | Caching Point Densities
Fra:231 Mem:14.73M (0.00M, Peak 14.73M) Sce: 1 Ve:7409 Fa:8646 Ha:4447 La:1
Fra:231 Mem:14.73M (0.00M, Peak 14.73M) | Loading voxel datasets
Fra:231 Mem:14.73M (0.00M, Peak 14.73M) Sce: 1 Ve:7409 Fa:8646 Ha:4447 La:1
Fra:231 Mem:14.73M (0.00M, Peak 14.73M) Sce: 1 Ve:7409 Fa:8646 Ha:4447 La:1
Fra:231 Mem:14.73M (0.00M, Peak 14.73M) Sce: 1 Ve:7409 Fa:8646 Ha:4447 La:1
Fra:231 Mem:77.59M (0.00M, Peak 100.49M) | 1, Part 1-4
Fra:231 Mem:63.85M (0.00M, Peak 100.49M) | 1, Part 3-4
Fra:231 Mem:48.14M (0.00M, Peak 100.49M) | 1, Part 2-4
Fra:231 Mem:32.17M (0.00M, Peak 100.49M) | 1, Part 4-4
Fra:231 Mem:25.08M (0.00M, Peak 100.49M) Sce: 1 Ve:7409 Fa:8646 Ha:4447 La:1
Saved: star-collapse-0231 Time: 00:02.54 (Saving: 00:00.05)

Error, region type 2 missing in - name:"Info", id:7
Error, region type 4 missing in - name:"Info", id:7

Blender quit

real	0m4.275s
user	0m5.882s
sys	0m0.224s
