ALSA lib confmisc.c:768:(parse_card) cannot find card '0'
ALSA lib conf.c:4292:(_snd_config_evaluate) function snd_func_card_driver returned error: No such file or directory
ALSA lib confmisc.c:392:(snd_func_concat) error evaluating strings
ALSA lib conf.c:4292:(_snd_config_evaluate) function snd_func_concat returned error: No such file or directory
ALSA lib confmisc.c:1251:(snd_func_refer) error evaluating name
ALSA lib conf.c:4292:(_snd_config_evaluate) function snd_func_refer returned error: No such file or directory
ALSA lib conf.c:4771:(snd_config_expand) Evaluate error: No such file or directory
ALSA lib pcm.c:2266:(snd_pcm_open_noupdate) Unknown PCM default
AL lib: alsa_open_playback: Could not open playback device 'default': No such file or directory
found bundled python: /sfs/nfs/blender/2.70/2.70/python
read blend: /home/sr7cb/ParallelComputing/test/Star-collapse-ntsc.blend
Old particle system converted to new system.
Old particle system converted to new system.
Old particle system converted to new system.
Old particle system converted to new system.
Old particle system converted to new system.
Old particle system converted to new system.
Old particle system converted to new system.
Old particle system converted to new system.
Old particle system converted to new system.
Old particle system converted to new system.
Old particle system converted to new system.
2.66 versioning fix: replacing black sky with premultiplied alpha for scene 1
Fra:19 Mem:10.47M (0.00M, Peak 10.48M) | Preparing Scene data
Fra:19 Mem:13.63M (0.00M, Peak 13.65M) | Preparing Scene data
Fra:19 Mem:13.64M (0.00M, Peak 13.65M) | Creating Shadowbuffers
Fra:19 Mem:13.64M (0.00M, Peak 13.65M) | Caching Point Densities
Fra:19 Mem:13.64M (0.00M, Peak 13.65M) Sce: 1 Ve:5389 Fa:3620 Ha:1416 La:1
Fra:19 Mem:13.64M (0.00M, Peak 13.65M) | Loading voxel datasets
Fra:19 Mem:13.64M (0.00M, Peak 13.65M) Sce: 1 Ve:5389 Fa:3620 Ha:1416 La:1
Fra:19 Mem:13.64M (0.00M, Peak 13.65M) Sce: 1 Ve:5389 Fa:3620 Ha:1416 La:1
Fra:19 Mem:13.64M (0.00M, Peak 13.65M) Sce: 1 Ve:5389 Fa:3620 Ha:1416 La:1
Fra:19 Mem:75.42M (0.00M, Peak 92.40M) | 1, Part 2-4
Fra:19 Mem:58.91M (0.00M, Peak 92.40M) | 1, Part 1-4
Fra:19 Mem:46.93M (0.00M, Peak 92.40M) | 1, Part 4-4
Fra:19 Mem:31.09M (0.00M, Peak 92.40M) | 1, Part 3-4
Fra:19 Mem:24.91M (0.00M, Peak 92.40M) Sce: 1 Ve:5389 Fa:3620 Ha:1416 La:1
Saved: star-collapse-0019 Time: 00:00.49 (Saving: 00:00.02)

Error, region type 2 missing in - name:"Info", id:7
Error, region type 4 missing in - name:"Info", id:7

Blender quit

real	0m2.036s
user	0m2.180s
sys	0m0.156s
ALSA lib confmisc.c:768:(parse_card) cannot find card '0'
ALSA lib conf.c:4292:(_snd_config_evaluate) function snd_func_card_driver returned error: No such file or directory
ALSA lib confmisc.c:392:(snd_func_concat) error evaluating strings
ALSA lib conf.c:4292:(_snd_config_evaluate) function snd_func_concat returned error: No such file or directory
ALSA lib confmisc.c:1251:(snd_func_refer) error evaluating name
ALSA lib conf.c:4292:(_snd_config_evaluate) function snd_func_refer returned error: No such file or directory
ALSA lib conf.c:4771:(snd_config_expand) Evaluate error: No such file or directory
ALSA lib pcm.c:2266:(snd_pcm_open_noupdate) Unknown PCM default
AL lib: alsa_open_playback: Could not open playback device 'default': No such file or directory
found bundled python: /sfs/nfs/blender/2.70/2.70/python
read blend: /home/sr7cb/ParallelComputing/test/Star-collapse-ntsc.blend
Old particle system converted to new system.
Old particle system converted to new system.
Old particle system converted to new system.
Old particle system converted to new system.
Old particle system converted to new system.
Old particle system converted to new system.
Old particle system converted to new system.
Old particle system converted to new system.
Old particle system converted to new system.
Old particle system converted to new system.
Old particle system converted to new system.
2.66 versioning fix: replacing black sky with premultiplied alpha for scene 1
Fra:39 Mem:10.49M (0.00M, Peak 10.49M) | Preparing Scene data
Fra:39 Mem:13.68M (0.00M, Peak 13.70M) | Preparing Scene data
Fra:39 Mem:13.70M (0.00M, Peak 13.70M) | Creating Shadowbuffers
Fra:39 Mem:13.70M (0.00M, Peak 13.70M) | Caching Point Densities
Fra:39 Mem:13.70M (0.00M, Peak 13.70M) Sce: 1 Ve:5629 Fa:4020 Ha:1798 La:1
Fra:39 Mem:13.70M (0.00M, Peak 13.70M) | Loading voxel datasets
Fra:39 Mem:13.70M (0.00M, Peak 13.70M) Sce: 1 Ve:5629 Fa:4020 Ha:1798 La:1
Fra:39 Mem:13.70M (0.00M, Peak 13.70M) Sce: 1 Ve:5629 Fa:4020 Ha:1798 La:1
Fra:39 Mem:13.70M (0.00M, Peak 13.70M) Sce: 1 Ve:5629 Fa:4020 Ha:1798 La:1
Fra:39 Mem:67.16M (0.00M, Peak 78.21M) | 1, Part 1-4
Fra:39 Mem:58.97M (0.00M, Peak 78.21M) | 1, Part 2-4
Fra:39 Mem:46.98M (0.00M, Peak 78.21M) | 1, Part 4-4
Fra:39 Mem:31.15M (0.00M, Peak 78.21M) | 1, Part 3-4
Fra:39 Mem:24.93M (0.00M, Peak 78.21M) Sce: 1 Ve:5629 Fa:4020 Ha:1798 La:1
Saved: star-collapse-0039 Time: 00:00.81 (Saving: 00:00.04)

Error, region type 2 missing in - name:"Info", id:7
Error, region type 4 missing in - name:"Info", id:7

Blender quit

real	0m1.695s
user	0m2.007s
sys	0m0.137s
ALSA lib confmisc.c:768:(parse_card) cannot find card '0'
ALSA lib conf.c:4292:(_snd_config_evaluate) function snd_func_card_driver returned error: No such file or directory
ALSA lib confmisc.c:392:(snd_func_concat) error evaluating strings
ALSA lib conf.c:4292:(_snd_config_evaluate) function snd_func_concat returned error: No such file or directory
ALSA lib confmisc.c:1251:(snd_func_refer) error evaluating name
ALSA lib conf.c:4292:(_snd_config_evaluate) function snd_func_refer returned error: No such file or directory
ALSA lib conf.c:4771:(snd_config_expand) Evaluate error: No such file or directory
ALSA lib pcm.c:2266:(snd_pcm_open_noupdate) Unknown PCM default
AL lib: alsa_open_playback: Could not open playback device 'default': No such file or directory
found bundled python: /sfs/nfs/blender/2.70/2.70/python
read blend: /home/sr7cb/ParallelComputing/test/Star-collapse-ntsc.blend
Old particle system converted to new system.
Old particle system converted to new system.
Old particle system converted to new system.
Old particle system converted to new system.
Old particle system converted to new system.
Old particle system converted to new system.
Old particle system converted to new system.
Old particle system converted to new system.
Old particle system converted to new system.
Old particle system converted to new system.
Old particle system converted to new system.
2.66 versioning fix: replacing black sky with premultiplied alpha for scene 1
Fra:59 Mem:10.51M (0.00M, Peak 10.51M) | Preparing Scene data
Fra:59 Mem:13.71M (0.00M, Peak 13.73M) | Preparing Scene data
Fra:59 Mem:13.72M (0.00M, Peak 13.73M) | Creating Shadowbuffers
Fra:59 Mem:13.72M (0.00M, Peak 13.73M) | Caching Point Densities
Fra:59 Mem:13.72M (0.00M, Peak 13.73M) Sce: 1 Ve:5869 Fa:4420 Ha:2099 La:1
Fra:59 Mem:13.72M (0.00M, Peak 13.73M) | Loading voxel datasets
Fra:59 Mem:13.72M (0.00M, Peak 13.73M) Sce: 1 Ve:5869 Fa:4420 Ha:2099 La:1
Fra:59 Mem:13.73M (0.00M, Peak 13.73M) Sce: 1 Ve:5869 Fa:4420 Ha:2099 La:1
Fra:59 Mem:13.73M (0.00M, Peak 13.73M) Sce: 1 Ve:5869 Fa:4420 Ha:2099 La:1
Fra:59 Mem:77.34M (0.00M, Peak 90.68M) | 1, Part 2-4
Fra:59 Mem:62.72M (0.00M, Peak 90.68M) | 1, Part 1-4
Fra:59 Mem:47.01M (0.00M, Peak 90.68M) | 1, Part 4-4
Fra:59 Mem:31.17M (0.00M, Peak 90.68M) | 1, Part 3-4
Fra:59 Mem:24.94M (0.00M, Peak 90.68M) Sce: 1 Ve:5869 Fa:4420 Ha:2099 La:1
Saved: star-collapse-0059 Time: 00:01.03 (Saving: 00:00.06)

Error, region type 2 missing in - name:"Info", id:7
Error, region type 4 missing in - name:"Info", id:7

Blender quit

real	4m25.127s
user	0m2.447s
sys	0m0.151s
ALSA lib confmisc.c:768:(parse_card) cannot find card '0'
ALSA lib conf.c:4292:(_snd_config_evaluate) function snd_func_card_driver returned error: No such file or directory
ALSA lib confmisc.c:392:(snd_func_concat) error evaluating strings
ALSA lib conf.c:4292:(_snd_config_evaluate) function snd_func_concat returned error: No such file or directory
ALSA lib confmisc.c:1251:(snd_func_refer) error evaluating name
ALSA lib conf.c:4292:(_snd_config_evaluate) function snd_func_refer returned error: No such file or directory
ALSA lib conf.c:4771:(snd_config_expand) Evaluate error: No such file or directory
ALSA lib pcm.c:2266:(snd_pcm_open_noupdate) Unknown PCM default
AL lib: alsa_open_playback: Could not open playback device 'default': No such file or directory
found bundled python: /sfs/nfs/blender/2.70/2.70/python
read blend: /home/sr7cb/ParallelComputing/test/Star-collapse-ntsc.blend
Old particle system converted to new system.
Old particle system converted to new system.
Old particle system converted to new system.
Old particle system converted to new system.
Old particle system converted to new system.
Old particle system converted to new system.
Old particle system converted to new system.
Old particle system converted to new system.
Old particle system converted to new system.
Old particle system converted to new system.
Old particle system converted to new system.
2.66 versioning fix: replacing black sky with premultiplied alpha for scene 1
Fra:79 Mem:10.52M (0.00M, Peak 10.52M) | Preparing Scene data
Fra:79 Mem:13.72M (0.00M, Peak 13.75M) | Preparing Scene data
Fra:79 Mem:13.74M (0.00M, Peak 13.75M) | Creating Shadowbuffers
Fra:79 Mem:13.74M (0.00M, Peak 13.75M) | Caching Point Densities
Fra:79 Mem:13.74M (0.00M, Peak 13.75M) Sce: 1 Ve:6109 Fa:4820 Ha:2279 La:1
Fra:79 Mem:13.74M (0.00M, Peak 13.75M) | Loading voxel datasets
Fra:79 Mem:13.74M (0.00M, Peak 13.75M) Sce: 1 Ve:6109 Fa:4820 Ha:2279 La:1
Fra:79 Mem:13.74M (0.00M, Peak 13.75M) Sce: 1 Ve:6109 Fa:4820 Ha:2279 La:1
Fra:79 Mem:13.74M (0.00M, Peak 13.75M) Sce: 1 Ve:6109 Fa:4820 Ha:2279 La:1
Fra:79 Mem:78.20M (0.00M, Peak 91.98M) | 1, Part 2-4
Fra:79 Mem:62.49M (0.00M, Peak 91.98M) | 1, Part 4-4
Fra:79 Mem:47.02M (0.00M, Peak 91.98M) | 1, Part 1-4
Fra:79 Mem:31.19M (0.00M, Peak 91.98M) | 1, Part 3-4
Fra:79 Mem:24.95M (0.00M, Peak 91.98M) Sce: 1 Ve:6109 Fa:4820 Ha:2279 La:1
Saved: star-collapse-0079 Time: 00:01.36 (Saving: 00:00.02)

Error, region type 2 missing in - name:"Info", id:7
Error, region type 4 missing in - name:"Info", id:7

Blender quit

real	0m2.303s
user	0m3.040s
sys	0m0.133s
ALSA lib confmisc.c:768:(parse_card) cannot find card '0'
ALSA lib conf.c:4292:(_snd_config_evaluate) function snd_func_card_driver returned error: No such file or directory
ALSA lib confmisc.c:392:(snd_func_concat) error evaluating strings
ALSA lib conf.c:4292:(_snd_config_evaluate) function snd_func_concat returned error: No such file or directory
ALSA lib confmisc.c:1251:(snd_func_refer) error evaluating name
ALSA lib conf.c:4292:(_snd_config_evaluate) function snd_func_refer returned error: No such file or directory
ALSA lib conf.c:4771:(snd_config_expand) Evaluate error: No such file or directory
ALSA lib pcm.c:2266:(snd_pcm_open_noupdate) Unknown PCM default
AL lib: alsa_open_playback: Could not open playback device 'default': No such file or directory
found bundled python: /sfs/nfs/blender/2.70/2.70/python
read blend: /home/sr7cb/ParallelComputing/test/Star-collapse-ntsc.blend
Old particle system converted to new system.
Old particle system converted to new system.
Old particle system converted to new system.
Old particle system converted to new system.
Old particle system converted to new system.
Old particle system converted to new system.
Old particle system converted to new system.
Old particle system converted to new system.
Old particle system converted to new system.
Old particle system converted to new system.
Old particle system converted to new system.
2.66 versioning fix: replacing black sky with premultiplied alpha for scene 1
Fra:99 Mem:10.52M (0.00M, Peak 10.52M) | Preparing Scene data
Fra:99 Mem:13.73M (0.00M, Peak 13.77M) | Preparing Scene data
Fra:99 Mem:13.75M (0.00M, Peak 13.77M) | Creating Shadowbuffers
Fra:99 Mem:13.75M (0.00M, Peak 13.77M) | Caching Point Densities
Fra:99 Mem:13.75M (0.00M, Peak 13.77M) Sce: 1 Ve:6349 Fa:5220 Ha:2459 La:1
Fra:99 Mem:13.75M (0.00M, Peak 13.77M) | Loading voxel datasets
Fra:99 Mem:13.75M (0.00M, Peak 13.77M) Sce: 1 Ve:6349 Fa:5220 Ha:2459 La:1
Fra:99 Mem:13.75M (0.00M, Peak 13.77M) Sce: 1 Ve:6349 Fa:5220 Ha:2459 La:1
Fra:99 Mem:13.75M (0.00M, Peak 13.77M) Sce: 1 Ve:6349 Fa:5220 Ha:2459 La:1
Fra:99 Mem:78.09M (0.00M, Peak 94.81M) | 1, Part 4-4
Fra:99 Mem:62.50M (0.00M, Peak 94.81M) | 1, Part 1-4
Fra:99 Mem:46.66M (0.00M, Peak 94.81M) | 1, Part 3-4
Fra:99 Mem:31.20M (0.00M, Peak 94.81M) | 1, Part 2-4
Fra:99 Mem:24.96M (0.00M, Peak 94.81M) Sce: 1 Ve:6349 Fa:5220 Ha:2459 La:1
Saved: star-collapse-0099 Time: 00:01.22 (Saving: 00:00.03)

Error, region type 2 missing in - name:"Info", id:7
Error, region type 4 missing in - name:"Info", id:7

Blender quit

real	0m2.237s
user	0m2.860s
sys	0m0.129s
ALSA lib confmisc.c:768:(parse_card) cannot find card '0'
ALSA lib conf.c:4292:(_snd_config_evaluate) function snd_func_card_driver returned error: No such file or directory
ALSA lib confmisc.c:392:(snd_func_concat) error evaluating strings
ALSA lib conf.c:4292:(_snd_config_evaluate) function snd_func_concat returned error: No such file or directory
ALSA lib confmisc.c:1251:(snd_func_refer) error evaluating name
ALSA lib conf.c:4292:(_snd_config_evaluate) function snd_func_refer returned error: No such file or directory
ALSA lib conf.c:4771:(snd_config_expand) Evaluate error: No such file or directory
ALSA lib pcm.c:2266:(snd_pcm_open_noupdate) Unknown PCM default
AL lib: alsa_open_playback: Could not open playback device 'default': No such file or directory
found bundled python: /sfs/nfs/blender/2.70/2.70/python
read blend: /home/sr7cb/ParallelComputing/test/Star-collapse-ntsc.blend
Old particle system converted to new system.
Old particle system converted to new system.
Old particle system converted to new system.
Old particle system converted to new system.
Old particle system converted to new system.
Old particle system converted to new system.
Old particle system converted to new system.
Old particle system converted to new system.
Old particle system converted to new system.
Old particle system converted to new system.
Old particle system converted to new system.
2.66 versioning fix: replacing black sky with premultiplied alpha for scene 1
Fra:119 Mem:10.52M (0.00M, Peak 10.52M) | Preparing Scene data
Fra:119 Mem:13.73M (0.00M, Peak 13.77M) | Preparing Scene data
Fra:119 Mem:13.75M (0.00M, Peak 13.77M) | Creating Shadowbuffers
Fra:119 Mem:13.75M (0.00M, Peak 13.77M) | Caching Point Densities
Fra:119 Mem:13.75M (0.00M, Peak 13.77M) Sce: 1 Ve:6361 Fa:5240 Ha:2447 La:1
Fra:119 Mem:13.75M (0.00M, Peak 13.77M) | Loading voxel datasets
Fra:119 Mem:13.75M (0.00M, Peak 13.77M) Sce: 1 Ve:6361 Fa:5240 Ha:2447 La:1
Fra:119 Mem:13.75M (0.00M, Peak 13.77M) Sce: 1 Ve:6361 Fa:5240 Ha:2447 La:1
Fra:119 Mem:13.75M (0.00M, Peak 13.77M) Sce: 1 Ve:6361 Fa:5240 Ha:2447 La:1
Fra:119 Mem:78.08M (0.00M, Peak 94.81M) | 1, Part 1-4
Fra:119 Mem:62.37M (0.00M, Peak 94.81M) | 1, Part 3-4
Fra:119 Mem:46.78M (0.00M, Peak 94.81M) | 1, Part 4-4
Fra:119 Mem:31.20M (0.00M, Peak 94.81M) | 1, Part 2-4
Fra:119 Mem:24.96M (0.00M, Peak 94.81M) Sce: 1 Ve:6361 Fa:5240 Ha:2447 La:1
Saved: star-collapse-0119 Time: 00:01.25 (Saving: 00:00.04)

Error, region type 2 missing in - name:"Info", id:7
Error, region type 4 missing in - name:"Info", id:7

Blender quit

real	0m2.233s
user	0m2.875s
sys	0m0.125s
ALSA lib confmisc.c:768:(parse_card) cannot find card '0'
ALSA lib conf.c:4292:(_snd_config_evaluate) function snd_func_card_driver returned error: No such file or directory
ALSA lib confmisc.c:392:(snd_func_concat) error evaluating strings
ALSA lib conf.c:4292:(_snd_config_evaluate) function snd_func_concat returned error: No such file or directory
ALSA lib confmisc.c:1251:(snd_func_refer) error evaluating name
ALSA lib conf.c:4292:(_snd_config_evaluate) function snd_func_refer returned error: No such file or directory
ALSA lib conf.c:4771:(snd_config_expand) Evaluate error: No such file or directory
ALSA lib pcm.c:2266:(snd_pcm_open_noupdate) Unknown PCM default
AL lib: alsa_open_playback: Could not open playback device 'default': No such file or directory
found bundled python: /sfs/nfs/blender/2.70/2.70/python
read blend: /home/sr7cb/ParallelComputing/test/Star-collapse-ntsc.blend
Old particle system converted to new system.
Old particle system converted to new system.
Old particle system converted to new system.
Old particle system converted to new system.
Old particle system converted to new system.
Old particle system converted to new system.
Old particle system converted to new system.
Old particle system converted to new system.
Old particle system converted to new system.
Old particle system converted to new system.
Old particle system converted to new system.
2.66 versioning fix: replacing black sky with premultiplied alpha for scene 1
Fra:139 Mem:10.52M (0.00M, Peak 10.52M) | Preparing Scene data
Fra:139 Mem:13.70M (0.00M, Peak 13.74M) | Preparing Scene data
Fra:139 Mem:13.72M (0.00M, Peak 13.74M) | Creating Shadowbuffers
Fra:139 Mem:13.72M (0.00M, Peak 13.74M) | Caching Point Densities
Fra:139 Mem:13.72M (0.00M, Peak 13.74M) Sce: 1 Ve:6361 Fa:5240 Ha:2431 La:1
Fra:139 Mem:13.72M (0.00M, Peak 13.74M) | Loading voxel datasets
Fra:139 Mem:13.72M (0.00M, Peak 13.74M) Sce: 1 Ve:6361 Fa:5240 Ha:2431 La:1
Fra:139 Mem:13.72M (0.00M, Peak 13.74M) Sce: 1 Ve:6361 Fa:5240 Ha:2431 La:1
Fra:139 Mem:13.72M (0.00M, Peak 13.74M) Sce: 1 Ve:6361 Fa:5240 Ha:2431 La:1
Fra:139 Mem:78.08M (0.00M, Peak 96.10M) | 1, Part 3-4
Fra:139 Mem:62.62M (0.00M, Peak 96.10M) | 1, Part 4-4
Fra:139 Mem:47.03M (0.00M, Peak 96.10M) | 1, Part 2-4
Fra:139 Mem:31.17M (0.00M, Peak 96.10M) | 1, Part 1-4
Fra:139 Mem:24.96M (0.00M, Peak 96.10M) Sce: 1 Ve:6361 Fa:5240 Ha:2431 La:1
Saved: star-collapse-0139 Time: 00:01.06 (Saving: 00:00.03)

Error, region type 2 missing in - name:"Info", id:7
Error, region type 4 missing in - name:"Info", id:7

Blender quit

real	0m1.958s
user	0m2.583s
sys	0m0.124s
ALSA lib confmisc.c:768:(parse_card) cannot find card '0'
ALSA lib conf.c:4292:(_snd_config_evaluate) function snd_func_card_driver returned error: No such file or directory
ALSA lib confmisc.c:392:(snd_func_concat) error evaluating strings
ALSA lib conf.c:4292:(_snd_config_evaluate) function snd_func_concat returned error: No such file or directory
ALSA lib confmisc.c:1251:(snd_func_refer) error evaluating name
ALSA lib conf.c:4292:(_snd_config_evaluate) function snd_func_refer returned error: No such file or directory
ALSA lib conf.c:4771:(snd_config_expand) Evaluate error: No such file or directory
ALSA lib pcm.c:2266:(snd_pcm_open_noupdate) Unknown PCM default
AL lib: alsa_open_playback: Could not open playback device 'default': No such file or directory
found bundled python: /sfs/nfs/blender/2.70/2.70/python
read blend: /home/sr7cb/ParallelComputing/test/Star-collapse-ntsc.blend
Old particle system converted to new system.
Old particle system converted to new system.
Old particle system converted to new system.
Old particle system converted to new system.
Old particle system converted to new system.
Old particle system converted to new system.
Old particle system converted to new system.
Old particle system converted to new system.
Old particle system converted to new system.
Old particle system converted to new system.
Old particle system converted to new system.
2.66 versioning fix: replacing black sky with premultiplied alpha for scene 1
Fra:159 Mem:10.52M (0.00M, Peak 10.52M) | Preparing Scene data
Fra:159 Mem:13.66M (0.00M, Peak 13.70M) | Preparing Scene data
Fra:159 Mem:13.68M (0.00M, Peak 13.70M) | Creating Shadowbuffers
Fra:159 Mem:13.68M (0.00M, Peak 13.70M) | Caching Point Densities
Fra:159 Mem:13.68M (0.00M, Peak 13.70M) Sce: 1 Ve:6361 Fa:5240 Ha:2422 La:1
Fra:159 Mem:13.68M (0.00M, Peak 13.70M) | Loading voxel datasets
Fra:159 Mem:13.68M (0.00M, Peak 13.70M) Sce: 1 Ve:6361 Fa:5240 Ha:2422 La:1
Fra:159 Mem:13.68M (0.00M, Peak 13.70M) Sce: 1 Ve:6361 Fa:5240 Ha:2422 La:1
Fra:159 Mem:13.68M (0.00M, Peak 13.70M) Sce: 1 Ve:6361 Fa:5240 Ha:2422 La:1
Fra:159 Mem:78.05M (0.00M, Peak 100.87M) | 1, Part 1-4
Fra:159 Mem:62.58M (0.00M, Peak 100.87M) | 1, Part 4-4
Fra:159 Mem:46.59M (0.00M, Peak 100.87M) | 1, Part 2-4
Fra:159 Mem:31.13M (0.00M, Peak 100.87M) | 1, Part 3-4
Fra:159 Mem:24.96M (0.00M, Peak 100.87M) Sce: 1 Ve:6361 Fa:5240 Ha:2422 La:1
Saved: star-collapse-0159 Time: 00:01.14 (Saving: 00:00.05)

Error, region type 2 missing in - name:"Info", id:7
Error, region type 4 missing in - name:"Info", id:7

Blender quit

real	0m2.036s
user	0m2.609s
sys	0m0.136s
ALSA lib confmisc.c:768:(parse_card) cannot find card '0'
ALSA lib conf.c:4292:(_snd_config_evaluate) function snd_func_card_driver returned error: No such file or directory
ALSA lib confmisc.c:392:(snd_func_concat) error evaluating strings
ALSA lib conf.c:4292:(_snd_config_evaluate) function snd_func_concat returned error: No such file or directory
ALSA lib confmisc.c:1251:(snd_func_refer) error evaluating name
ALSA lib conf.c:4292:(_snd_config_evaluate) function snd_func_refer returned error: No such file or directory
ALSA lib conf.c:4771:(snd_config_expand) Evaluate error: No such file or directory
ALSA lib pcm.c:2266:(snd_pcm_open_noupdate) Unknown PCM default
AL lib: alsa_open_playback: Could not open playback device 'default': No such file or directory
found bundled python: /sfs/nfs/blender/2.70/2.70/python
read blend: /home/sr7cb/ParallelComputing/test/Star-collapse-ntsc.blend
Old particle system converted to new system.
Old particle system converted to new system.
Old particle system converted to new system.
Old particle system converted to new system.
Old particle system converted to new system.
Old particle system converted to new system.
Old particle system converted to new system.
Old particle system converted to new system.
Old particle system converted to new system.
Old particle system converted to new system.
Old particle system converted to new system.
2.66 versioning fix: replacing black sky with premultiplied alpha for scene 1
Fra:179 Mem:10.56M (0.00M, Peak 10.56M) | Preparing Scene data
Fra:179 Mem:13.82M (0.00M, Peak 13.86M) | Preparing Scene data
Fra:179 Mem:13.84M (0.00M, Peak 13.86M) | Creating Shadowbuffers
Fra:179 Mem:13.84M (0.00M, Peak 13.86M) | Caching Point Densities
Fra:179 Mem:13.84M (0.00M, Peak 13.86M) Sce: 1 Ve:6361 Fa:5240 Ha:2839 La:1
Fra:179 Mem:13.84M (0.00M, Peak 13.86M) | Loading voxel datasets
Fra:179 Mem:13.84M (0.00M, Peak 13.86M) Sce: 1 Ve:6361 Fa:5240 Ha:2839 La:1
Fra:179 Mem:13.84M (0.00M, Peak 13.86M) Sce: 1 Ve:6361 Fa:5240 Ha:2839 La:1
Fra:179 Mem:13.84M (0.00M, Peak 13.86M) Sce: 1 Ve:6361 Fa:5240 Ha:2839 La:1
Fra:179 Mem:78.61M (0.00M, Peak 101.64M) | 1, Part 3-4
Fra:179 Mem:62.62M (0.00M, Peak 101.64M) | 1, Part 2-4
Fra:179 Mem:46.75M (0.00M, Peak 101.64M) | 1, Part 1-4
Fra:179 Mem:31.29M (0.00M, Peak 101.64M) | 1, Part 4-4
Fra:179 Mem:25.00M (0.00M, Peak 101.64M) Sce: 1 Ve:6361 Fa:5240 Ha:2839 La:1
Saved: star-collapse-0179 Time: 00:01.28 (Saving: 00:00.04)

Error, region type 2 missing in - name:"Info", id:7
Error, region type 4 missing in - name:"Info", id:7

Blender quit

real	0m2.898s
user	0m3.510s
sys	0m0.157s
ALSA lib confmisc.c:768:(parse_card) cannot find card '0'
ALSA lib conf.c:4292:(_snd_config_evaluate) function snd_func_card_driver returned error: No such file or directory
ALSA lib confmisc.c:392:(snd_func_concat) error evaluating strings
ALSA lib conf.c:4292:(_snd_config_evaluate) function snd_func_concat returned error: No such file or directory
ALSA lib confmisc.c:1251:(snd_func_refer) error evaluating name
ALSA lib conf.c:4292:(_snd_config_evaluate) function snd_func_refer returned error: No such file or directory
ALSA lib conf.c:4771:(snd_config_expand) Evaluate error: No such file or directory
ALSA lib pcm.c:2266:(snd_pcm_open_noupdate) Unknown PCM default
AL lib: alsa_open_playback: Could not open playback device 'default': No such file or directory
found bundled python: /sfs/nfs/blender/2.70/2.70/python
read blend: /home/sr7cb/ParallelComputing/test/Star-collapse-ntsc.blend
Old particle system converted to new system.
Old particle system converted to new system.
Old particle system converted to new system.
Old particle system converted to new system.
Old particle system converted to new system.
Old particle system converted to new system.
Old particle system converted to new system.
Old particle system converted to new system.
Old particle system converted to new system.
Old particle system converted to new system.
Old particle system converted to new system.
2.66 versioning fix: replacing black sky with premultiplied alpha for scene 1
Fra:199 Mem:10.59M (0.00M, Peak 10.60M) | Preparing Scene data
Fra:199 Mem:14.46M (0.00M, Peak 14.49M) | Preparing Scene data
Fra:199 Mem:14.49M (0.00M, Peak 14.49M) | Creating Shadowbuffers
Fra:199 Mem:14.49M (0.00M, Peak 14.49M) | Caching Point Densities
Fra:199 Mem:14.49M (0.00M, Peak 14.49M) Sce: 1 Ve:7409 Fa:8646 Ha:3763 La:1
Fra:199 Mem:14.49M (0.00M, Peak 14.49M) | Loading voxel datasets
Fra:199 Mem:14.49M (0.00M, Peak 14.49M) Sce: 1 Ve:7409 Fa:8646 Ha:3763 La:1
Fra:199 Mem:14.49M (0.00M, Peak 14.49M) Sce: 1 Ve:7409 Fa:8646 Ha:3763 La:1
Fra:199 Mem:14.49M (0.00M, Peak 14.49M) Sce: 1 Ve:7409 Fa:8646 Ha:3763 La:1
Fra:199 Mem:79.26M (0.00M, Peak 97.02M) | 1, Part 4-4
Fra:199 Mem:63.14M (0.00M, Peak 97.02M) | 1, Part 2-4
Fra:199 Mem:47.27M (0.00M, Peak 97.02M) | 1, Part 1-4
Fra:199 Mem:31.93M (0.00M, Peak 97.02M) | 1, Part 3-4
Fra:199 Mem:25.03M (0.00M, Peak 97.02M) Sce: 1 Ve:7409 Fa:8646 Ha:3763 La:1
Saved: star-collapse-0199 Time: 00:01.44 (Saving: 00:00.08)

Error, region type 2 missing in - name:"Info", id:7
Error, region type 4 missing in - name:"Info", id:7

Blender quit

real	0m2.559s
user	0m3.152s
sys	0m0.159s
ALSA lib confmisc.c:768:(parse_card) cannot find card '0'
ALSA lib conf.c:4292:(_snd_config_evaluate) function snd_func_card_driver returned error: No such file or directory
ALSA lib confmisc.c:392:(snd_func_concat) error evaluating strings
ALSA lib conf.c:4292:(_snd_config_evaluate) function snd_func_concat returned error: No such file or directory
ALSA lib confmisc.c:1251:(snd_func_refer) error evaluating name
ALSA lib conf.c:4292:(_snd_config_evaluate) function snd_func_refer returned error: No such file or directory
ALSA lib conf.c:4771:(snd_config_expand) Evaluate error: No such file or directory
ALSA lib pcm.c:2266:(snd_pcm_open_noupdate) Unknown PCM default
AL lib: alsa_open_playback: Could not open playback device 'default': No such file or directory
found bundled python: /sfs/nfs/blender/2.70/2.70/python
read blend: /home/sr7cb/ParallelComputing/test/Star-collapse-ntsc.blend
Old particle system converted to new system.
Old particle system converted to new system.
Old particle system converted to new system.
Old particle system converted to new system.
Old particle system converted to new system.
Old particle system converted to new system.
Old particle system converted to new system.
Old particle system converted to new system.
Old particle system converted to new system.
Old particle system converted to new system.
Old particle system converted to new system.
2.66 versioning fix: replacing black sky with premultiplied alpha for scene 1
Fra:219 Mem:10.63M (0.00M, Peak 10.63M) | Preparing Scene data
Fra:219 Mem:14.58M (0.00M, Peak 14.62M) | Preparing Scene data
Fra:219 Mem:14.62M (0.00M, Peak 14.62M) | Creating Shadowbuffers
Fra:219 Mem:14.62M (0.00M, Peak 14.62M) | Caching Point Densities
Fra:219 Mem:14.62M (0.00M, Peak 14.62M) Sce: 1 Ve:7409 Fa:8646 Ha:4510 La:1
Fra:219 Mem:14.62M (0.00M, Peak 14.62M) | Loading voxel datasets
Fra:219 Mem:14.62M (0.00M, Peak 14.62M) Sce: 1 Ve:7409 Fa:8646 Ha:4510 La:1
Fra:219 Mem:14.62M (0.00M, Peak 14.62M) Sce: 1 Ve:7409 Fa:8646 Ha:4510 La:1
Fra:219 Mem:14.62M (0.00M, Peak 14.62M) Sce: 1 Ve:7409 Fa:8646 Ha:4510 La:1
Fra:219 Mem:79.20M (0.00M, Peak 100.57M) | 1, Part 3-4
Fra:219 Mem:63.61M (0.00M, Peak 100.57M) | 1, Part 1-4
Fra:219 Mem:47.78M (0.00M, Peak 100.57M) | 1, Part 2-4
Fra:219 Mem:32.06M (0.00M, Peak 100.57M) | 1, Part 4-4
Fra:219 Mem:25.06M (0.00M, Peak 100.57M) Sce: 1 Ve:7409 Fa:8646 Ha:4510 La:1
Saved: star-collapse-0219 Time: 00:01.27 (Saving: 00:00.03)

Error, region type 2 missing in - name:"Info", id:7
Error, region type 4 missing in - name:"Info", id:7

Blender quit

real	0m2.235s
user	0m2.976s
sys	0m0.132s
ALSA lib confmisc.c:768:(parse_card) cannot find card '0'
ALSA lib conf.c:4292:(_snd_config_evaluate) function snd_func_card_driver returned error: No such file or directory
ALSA lib confmisc.c:392:(snd_func_concat) error evaluating strings
ALSA lib conf.c:4292:(_snd_config_evaluate) function snd_func_concat returned error: No such file or directory
ALSA lib confmisc.c:1251:(snd_func_refer) error evaluating name
ALSA lib conf.c:4292:(_snd_config_evaluate) function snd_func_refer returned error: No such file or directory
ALSA lib conf.c:4771:(snd_config_expand) Evaluate error: No such file or directory
ALSA lib pcm.c:2266:(snd_pcm_open_noupdate) Unknown PCM default
AL lib: alsa_open_playback: Could not open playback device 'default': No such file or directory
found bundled python: /sfs/nfs/blender/2.70/2.70/python
read blend: /home/sr7cb/ParallelComputing/test/Star-collapse-ntsc.blend
Old particle system converted to new system.
Old particle system converted to new system.
Old particle system converted to new system.
Old particle system converted to new system.
Old particle system converted to new system.
Old particle system converted to new system.
Old particle system converted to new system.
Old particle system converted to new system.
Old particle system converted to new system.
Old particle system converted to new system.
Old particle system converted to new system.
2.66 versioning fix: replacing black sky with premultiplied alpha for scene 1
Fra:239 Mem:10.64M (0.00M, Peak 10.64M) | Preparing Scene data
Fra:239 Mem:14.69M (0.00M, Peak 14.73M) | Preparing Scene data
Fra:239 Mem:14.72M (0.00M, Peak 14.73M) | Creating Shadowbuffers
Fra:239 Mem:14.72M (0.00M, Peak 14.73M) | Caching Point Densities
Fra:239 Mem:14.72M (0.00M, Peak 14.73M) Sce: 1 Ve:7409 Fa:8646 Ha:4375 La:1
Fra:239 Mem:14.72M (0.00M, Peak 14.73M) | Loading voxel datasets
Fra:239 Mem:14.72M (0.00M, Peak 14.73M) Sce: 1 Ve:7409 Fa:8646 Ha:4375 La:1
Fra:239 Mem:14.73M (0.00M, Peak 14.73M) Sce: 1 Ve:7409 Fa:8646 Ha:4375 La:1
Fra:239 Mem:14.73M (0.00M, Peak 14.73M) Sce: 1 Ve:7409 Fa:8646 Ha:4375 La:1
Fra:239 Mem:79.31M (0.00M, Peak 101.56M) | 1, Part 3-4
Fra:239 Mem:63.85M (0.00M, Peak 101.56M) | 1, Part 1-4
Fra:239 Mem:48.13M (0.00M, Peak 101.56M) | 1, Part 2-4
Fra:239 Mem:32.17M (0.00M, Peak 101.56M) | 1, Part 4-4
Fra:239 Mem:25.08M (0.00M, Peak 101.56M) Sce: 1 Ve:7409 Fa:8646 Ha:4375 La:1
Saved: star-collapse-0239 Time: 00:01.49 (Saving: 00:00.03)

Error, region type 2 missing in - name:"Info", id:7
Error, region type 4 missing in - name:"Info", id:7

Blender quit

real	0m2.436s
user	0m3.265s
sys	0m0.143s
