ALSA lib confmisc.c:768:(parse_card) cannot find card '0'
ALSA lib conf.c:4292:(_snd_config_evaluate) function snd_func_card_driver returned error: No such file or directory
ALSA lib confmisc.c:392:(snd_func_concat) error evaluating strings
ALSA lib conf.c:4292:(_snd_config_evaluate) function snd_func_concat returned error: No such file or directory
ALSA lib confmisc.c:1251:(snd_func_refer) error evaluating name
ALSA lib conf.c:4292:(_snd_config_evaluate) function snd_func_refer returned error: No such file or directory
ALSA lib conf.c:4771:(snd_config_expand) Evaluate error: No such file or directory
ALSA lib pcm.c:2266:(snd_pcm_open_noupdate) Unknown PCM default
AL lib: alsa_open_playback: Could not open playback device 'default': No such file or directory
found bundled python: /sfs/nfs/blender/2.70/2.70/python
read blend: /home/sr7cb/ParallelComputing/test/Star-collapse-ntsc.blend
Old particle system converted to new system.
Old particle system converted to new system.
Old particle system converted to new system.
Old particle system converted to new system.
Old particle system converted to new system.
Old particle system converted to new system.
Old particle system converted to new system.
Old particle system converted to new system.
Old particle system converted to new system.
Old particle system converted to new system.
Old particle system converted to new system.
2.66 versioning fix: replacing black sky with premultiplied alpha for scene 1
Fra:14 Mem:10.47M (0.00M, Peak 10.47M) | Preparing Scene data
Fra:14 Mem:13.62M (0.00M, Peak 13.64M) | Preparing Scene data
Fra:14 Mem:13.63M (0.00M, Peak 13.64M) | Creating Shadowbuffers
Fra:14 Mem:13.63M (0.00M, Peak 13.64M) | Caching Point Densities
Fra:14 Mem:13.63M (0.00M, Peak 13.64M) Sce: 1 Ve:5329 Fa:3520 Ha:1318 La:1
Fra:14 Mem:13.63M (0.00M, Peak 13.64M) | Loading voxel datasets
Fra:14 Mem:13.63M (0.00M, Peak 13.64M) Sce: 1 Ve:5329 Fa:3520 Ha:1318 La:1
Fra:14 Mem:13.64M (0.00M, Peak 13.64M) Sce: 1 Ve:5329 Fa:3520 Ha:1318 La:1
Fra:14 Mem:13.64M (0.00M, Peak 13.64M) Sce: 1 Ve:5329 Fa:3520 Ha:1318 La:1
Fra:14 Mem:61.88M (0.00M, Peak 96.89M) | 1, Part 2-4
Fra:14 Mem:58.91M (0.00M, Peak 96.89M) | 1, Part 1-4
Fra:14 Mem:46.92M (0.00M, Peak 96.89M) | 1, Part 4-4
Fra:14 Mem:31.08M (0.00M, Peak 96.89M) | 1, Part 3-4
Fra:14 Mem:24.90M (0.00M, Peak 96.89M) Sce: 1 Ve:5329 Fa:3520 Ha:1318 La:1
Saved: star-collapse-0014 Time: 00:00.42 (Saving: 00:00.02)

Error, region type 2 missing in - name:"Info", id:7
Error, region type 4 missing in - name:"Info", id:7

Blender quit

real	0m1.449s
user	0m1.503s
sys	0m0.138s
ALSA lib confmisc.c:768:(parse_card) cannot find card '0'
ALSA lib conf.c:4292:(_snd_config_evaluate) function snd_func_card_driver returned error: No such file or directory
ALSA lib confmisc.c:392:(snd_func_concat) error evaluating strings
ALSA lib conf.c:4292:(_snd_config_evaluate) function snd_func_concat returned error: No such file or directory
ALSA lib confmisc.c:1251:(snd_func_refer) error evaluating name
ALSA lib conf.c:4292:(_snd_config_evaluate) function snd_func_refer returned error: No such file or directory
ALSA lib conf.c:4771:(snd_config_expand) Evaluate error: No such file or directory
ALSA lib pcm.c:2266:(snd_pcm_open_noupdate) Unknown PCM default
AL lib: alsa_open_playback: Could not open playback device 'default': No such file or directory
found bundled python: /sfs/nfs/blender/2.70/2.70/python
read blend: /home/sr7cb/ParallelComputing/test/Star-collapse-ntsc.blend
Old particle system converted to new system.
Old particle system converted to new system.
Old particle system converted to new system.
Old particle system converted to new system.
Old particle system converted to new system.
Old particle system converted to new system.
Old particle system converted to new system.
Old particle system converted to new system.
Old particle system converted to new system.
Old particle system converted to new system.
Old particle system converted to new system.
2.66 versioning fix: replacing black sky with premultiplied alpha for scene 1
Fra:34 Mem:10.49M (0.00M, Peak 10.49M) | Preparing Scene data
Fra:34 Mem:13.68M (0.00M, Peak 13.70M) | Preparing Scene data
Fra:34 Mem:13.69M (0.00M, Peak 13.70M) | Creating Shadowbuffers
Fra:34 Mem:13.69M (0.00M, Peak 13.70M) | Caching Point Densities
Fra:34 Mem:13.69M (0.00M, Peak 13.70M) Sce: 1 Ve:5569 Fa:3920 Ha:1700 La:1
Fra:34 Mem:13.69M (0.00M, Peak 13.70M) | Loading voxel datasets
Fra:34 Mem:13.69M (0.00M, Peak 13.70M) Sce: 1 Ve:5569 Fa:3920 Ha:1700 La:1
Fra:34 Mem:13.69M (0.00M, Peak 13.70M) Sce: 1 Ve:5569 Fa:3920 Ha:1700 La:1
Fra:34 Mem:13.69M (0.00M, Peak 13.70M) Sce: 1 Ve:5569 Fa:3920 Ha:1700 La:1
Fra:34 Mem:73.74M (0.00M, Peak 95.07M) | 1, Part 1-4
Fra:34 Mem:58.97M (0.00M, Peak 95.07M) | 1, Part 2-4
Fra:34 Mem:46.98M (0.00M, Peak 95.07M) | 1, Part 4-4
Fra:34 Mem:31.14M (0.00M, Peak 95.07M) | 1, Part 3-4
Fra:34 Mem:24.92M (0.00M, Peak 95.07M) Sce: 1 Ve:5569 Fa:3920 Ha:1700 La:1
Saved: star-collapse-0034 Time: 00:00.58 (Saving: 00:00.03)

Error, region type 2 missing in - name:"Info", id:7
Error, region type 4 missing in - name:"Info", id:7

Blender quit

real	0m1.497s
user	0m1.755s
sys	0m0.143s
ALSA lib confmisc.c:768:(parse_card) cannot find card '0'
ALSA lib conf.c:4292:(_snd_config_evaluate) function snd_func_card_driver returned error: No such file or directory
ALSA lib confmisc.c:392:(snd_func_concat) error evaluating strings
ALSA lib conf.c:4292:(_snd_config_evaluate) function snd_func_concat returned error: No such file or directory
ALSA lib confmisc.c:1251:(snd_func_refer) error evaluating name
ALSA lib conf.c:4292:(_snd_config_evaluate) function snd_func_refer returned error: No such file or directory
ALSA lib conf.c:4771:(snd_config_expand) Evaluate error: No such file or directory
ALSA lib pcm.c:2266:(snd_pcm_open_noupdate) Unknown PCM default
AL lib: alsa_open_playback: Could not open playback device 'default': No such file or directory
found bundled python: /sfs/nfs/blender/2.70/2.70/python
read blend: /home/sr7cb/ParallelComputing/test/Star-collapse-ntsc.blend
Old particle system converted to new system.
Old particle system converted to new system.
Old particle system converted to new system.
Old particle system converted to new system.
Old particle system converted to new system.
Old particle system converted to new system.
Old particle system converted to new system.
Old particle system converted to new system.
Old particle system converted to new system.
Old particle system converted to new system.
Old particle system converted to new system.
2.66 versioning fix: replacing black sky with premultiplied alpha for scene 1
Fra:54 Mem:10.50M (0.00M, Peak 10.50M) | Preparing Scene data
Fra:54 Mem:13.70M (0.00M, Peak 13.73M) | Preparing Scene data
Fra:54 Mem:13.72M (0.00M, Peak 13.73M) | Creating Shadowbuffers
Fra:54 Mem:13.72M (0.00M, Peak 13.73M) | Caching Point Densities
Fra:54 Mem:13.72M (0.00M, Peak 13.73M) Sce: 1 Ve:5809 Fa:4320 Ha:2051 La:1
Fra:54 Mem:13.72M (0.00M, Peak 13.73M) | Loading voxel datasets
Fra:54 Mem:13.72M (0.00M, Peak 13.73M) Sce: 1 Ve:5809 Fa:4320 Ha:2051 La:1
Fra:54 Mem:13.72M (0.00M, Peak 13.73M) Sce: 1 Ve:5809 Fa:4320 Ha:2051 La:1
Fra:54 Mem:13.72M (0.00M, Peak 13.73M) Sce: 1 Ve:5809 Fa:4320 Ha:2051 La:1
Fra:54 Mem:78.18M (0.00M, Peak 90.67M) | 1, Part 2-4
Fra:54 Mem:62.71M (0.00M, Peak 90.67M) | 1, Part 1-4
Fra:54 Mem:47.00M (0.00M, Peak 90.67M) | 1, Part 4-4
Fra:54 Mem:31.16M (0.00M, Peak 90.67M) | 1, Part 3-4
Fra:54 Mem:24.94M (0.00M, Peak 90.67M) Sce: 1 Ve:5809 Fa:4320 Ha:2051 La:1
Saved: star-collapse-0054 Time: 00:01.62 (Saving: 00:00.04)

Error, region type 2 missing in - name:"Info", id:7
Error, region type 4 missing in - name:"Info", id:7

Blender quit

real	0m33.194s
user	0m4.206s
sys	0m0.187s
ALSA lib confmisc.c:768:(parse_card) cannot find card '0'
ALSA lib conf.c:4292:(_snd_config_evaluate) function snd_func_card_driver returned error: No such file or directory
ALSA lib confmisc.c:392:(snd_func_concat) error evaluating strings
ALSA lib conf.c:4292:(_snd_config_evaluate) function snd_func_concat returned error: No such file or directory
ALSA lib confmisc.c:1251:(snd_func_refer) error evaluating name
ALSA lib conf.c:4292:(_snd_config_evaluate) function snd_func_refer returned error: No such file or directory
ALSA lib conf.c:4771:(snd_config_expand) Evaluate error: No such file or directory
ALSA lib pcm.c:2266:(snd_pcm_open_noupdate) Unknown PCM default
AL lib: alsa_open_playback: Could not open playback device 'default': No such file or directory
found bundled python: /sfs/nfs/blender/2.70/2.70/python
read blend: /home/sr7cb/ParallelComputing/test/Star-collapse-ntsc.blend
Old particle system converted to new system.
Old particle system converted to new system.
Old particle system converted to new system.
Old particle system converted to new system.
Old particle system converted to new system.
Old particle system converted to new system.
Old particle system converted to new system.
Old particle system converted to new system.
Old particle system converted to new system.
Old particle system converted to new system.
Old particle system converted to new system.
2.66 versioning fix: replacing black sky with premultiplied alpha for scene 1
Fra:74 Mem:10.51M (0.00M, Peak 10.52M) | Preparing Scene data
Fra:74 Mem:13.72M (0.00M, Peak 13.75M) | Preparing Scene data
Fra:74 Mem:13.73M (0.00M, Peak 13.75M) | Creating Shadowbuffers
Fra:74 Mem:13.73M (0.00M, Peak 13.75M) | Caching Point Densities
Fra:74 Mem:13.73M (0.00M, Peak 13.75M) Sce: 1 Ve:6049 Fa:4720 Ha:2237 La:1
Fra:74 Mem:13.73M (0.00M, Peak 13.75M) | Loading voxel datasets
Fra:74 Mem:13.73M (0.00M, Peak 13.75M) Sce: 1 Ve:6049 Fa:4720 Ha:2237 La:1
Fra:74 Mem:13.74M (0.00M, Peak 13.75M) Sce: 1 Ve:6049 Fa:4720 Ha:2237 La:1
Fra:74 Mem:13.74M (0.00M, Peak 13.75M) Sce: 1 Ve:6049 Fa:4720 Ha:2237 La:1
Fra:74 Mem:78.20M (0.00M, Peak 90.95M) | 1, Part 2-4
Fra:74 Mem:62.73M (0.00M, Peak 90.95M) | 1, Part 1-4
Fra:74 Mem:47.02M (0.00M, Peak 90.95M) | 1, Part 4-4
Fra:74 Mem:31.18M (0.00M, Peak 90.95M) | 1, Part 3-4
Fra:74 Mem:24.95M (0.00M, Peak 90.95M) Sce: 1 Ve:6049 Fa:4720 Ha:2237 La:1
Saved: star-collapse-0074 Time: 00:01.87 (Saving: 00:00.05)

Error, region type 2 missing in - name:"Info", id:7
Error, region type 4 missing in - name:"Info", id:7

Blender quit

real	1m42.558s
user	0m4.761s
sys	0m0.182s
ALSA lib confmisc.c:768:(parse_card) cannot find card '0'
ALSA lib conf.c:4292:(_snd_config_evaluate) function snd_func_card_driver returned error: No such file or directory
ALSA lib confmisc.c:392:(snd_func_concat) error evaluating strings
ALSA lib conf.c:4292:(_snd_config_evaluate) function snd_func_concat returned error: No such file or directory
ALSA lib confmisc.c:1251:(snd_func_refer) error evaluating name
ALSA lib conf.c:4292:(_snd_config_evaluate) function snd_func_refer returned error: No such file or directory
ALSA lib conf.c:4771:(snd_config_expand) Evaluate error: No such file or directory
ALSA lib pcm.c:2266:(snd_pcm_open_noupdate) Unknown PCM default
AL lib: alsa_open_playback: Could not open playback device 'default': No such file or directory
found bundled python: /sfs/nfs/blender/2.70/2.70/python
read blend: /home/sr7cb/ParallelComputing/test/Star-collapse-ntsc.blend
Old particle system converted to new system.
Old particle system converted to new system.
Old particle system converted to new system.
Old particle system converted to new system.
Old particle system converted to new system.
Old particle system converted to new system.
Old particle system converted to new system.
Old particle system converted to new system.
Old particle system converted to new system.
Old particle system converted to new system.
Old particle system converted to new system.
2.66 versioning fix: replacing black sky with premultiplied alpha for scene 1
Fra:94 Mem:10.52M (0.00M, Peak 10.52M) | Preparing Scene data
Fra:94 Mem:13.73M (0.00M, Peak 13.77M) | Preparing Scene data
Fra:94 Mem:13.75M (0.00M, Peak 13.77M) | Creating Shadowbuffers
Fra:94 Mem:13.75M (0.00M, Peak 13.77M) | Caching Point Densities
Fra:94 Mem:13.75M (0.00M, Peak 13.77M) Sce: 1 Ve:6289 Fa:5120 Ha:2417 La:1
Fra:94 Mem:13.75M (0.00M, Peak 13.77M) | Loading voxel datasets
Fra:94 Mem:13.75M (0.00M, Peak 13.77M) Sce: 1 Ve:6289 Fa:5120 Ha:2417 La:1
Fra:94 Mem:13.75M (0.00M, Peak 13.77M) Sce: 1 Ve:6289 Fa:5120 Ha:2417 La:1
Fra:94 Mem:13.75M (0.00M, Peak 13.77M) Sce: 1 Ve:6289 Fa:5120 Ha:2417 La:1
Fra:94 Mem:78.21M (0.00M, Peak 90.96M) | 1, Part 2-4
Fra:94 Mem:62.62M (0.00M, Peak 90.96M) | 1, Part 1-4
Fra:94 Mem:46.78M (0.00M, Peak 90.96M) | 1, Part 3-4
Fra:94 Mem:31.20M (0.00M, Peak 90.96M) | 1, Part 4-4
Fra:94 Mem:24.96M (0.00M, Peak 90.96M) Sce: 1 Ve:6289 Fa:5120 Ha:2417 La:1
Saved: star-collapse-0094 Time: 00:01.95 (Saving: 00:00.04)

Error, region type 2 missing in - name:"Info", id:7
Error, region type 4 missing in - name:"Info", id:7

Blender quit

real	0m3.577s
user	0m4.834s
sys	0m0.179s
ALSA lib confmisc.c:768:(parse_card) cannot find card '0'
ALSA lib conf.c:4292:(_snd_config_evaluate) function snd_func_card_driver returned error: No such file or directory
ALSA lib confmisc.c:392:(snd_func_concat) error evaluating strings
ALSA lib conf.c:4292:(_snd_config_evaluate) function snd_func_concat returned error: No such file or directory
ALSA lib confmisc.c:1251:(snd_func_refer) error evaluating name
ALSA lib conf.c:4292:(_snd_config_evaluate) function snd_func_refer returned error: No such file or directory
ALSA lib conf.c:4771:(snd_config_expand) Evaluate error: No such file or directory
ALSA lib pcm.c:2266:(snd_pcm_open_noupdate) Unknown PCM default
AL lib: alsa_open_playback: Could not open playback device 'default': No such file or directory
found bundled python: /sfs/nfs/blender/2.70/2.70/python
read blend: /home/sr7cb/ParallelComputing/test/Star-collapse-ntsc.blend
Old particle system converted to new system.
Old particle system converted to new system.
Old particle system converted to new system.
Old particle system converted to new system.
Old particle system converted to new system.
Old particle system converted to new system.
Old particle system converted to new system.
Old particle system converted to new system.
Old particle system converted to new system.
Old particle system converted to new system.
Old particle system converted to new system.
2.66 versioning fix: replacing black sky with premultiplied alpha for scene 1
Fra:114 Mem:10.52M (0.00M, Peak 10.52M) | Preparing Scene data
Fra:114 Mem:13.73M (0.00M, Peak 13.77M) | Preparing Scene data
Fra:114 Mem:13.75M (0.00M, Peak 13.77M) | Creating Shadowbuffers
Fra:114 Mem:13.75M (0.00M, Peak 13.77M) | Caching Point Densities
Fra:114 Mem:13.75M (0.00M, Peak 13.77M) Sce: 1 Ve:6361 Fa:5240 Ha:2455 La:1
Fra:114 Mem:13.75M (0.00M, Peak 13.77M) | Loading voxel datasets
Fra:114 Mem:13.75M (0.00M, Peak 13.77M) Sce: 1 Ve:6361 Fa:5240 Ha:2455 La:1
Fra:114 Mem:13.75M (0.00M, Peak 13.77M) Sce: 1 Ve:6361 Fa:5240 Ha:2455 La:1
Fra:114 Mem:13.75M (0.00M, Peak 13.77M) Sce: 1 Ve:6361 Fa:5240 Ha:2455 La:1
Fra:114 Mem:77.96M (0.00M, Peak 103.37M) | 1, Part 3-4
Fra:114 Mem:62.37M (0.00M, Peak 103.37M) | 1, Part 2-4
Fra:114 Mem:46.78M (0.00M, Peak 103.37M) | 1, Part 4-4
Fra:114 Mem:31.20M (0.00M, Peak 103.37M) | 1, Part 1-4
Fra:114 Mem:24.96M (0.00M, Peak 103.37M) Sce: 1 Ve:6361 Fa:5240 Ha:2455 La:1
Saved: star-collapse-0114 Time: 00:02.17 (Saving: 00:00.04)

Error, region type 2 missing in - name:"Info", id:7
Error, region type 4 missing in - name:"Info", id:7

Blender quit

real	0m3.826s
user	0m5.349s
sys	0m0.205s
ALSA lib confmisc.c:768:(parse_card) cannot find card '0'
ALSA lib conf.c:4292:(_snd_config_evaluate) function snd_func_card_driver returned error: No such file or directory
ALSA lib confmisc.c:392:(snd_func_concat) error evaluating strings
ALSA lib conf.c:4292:(_snd_config_evaluate) function snd_func_concat returned error: No such file or directory
ALSA lib confmisc.c:1251:(snd_func_refer) error evaluating name
ALSA lib conf.c:4292:(_snd_config_evaluate) function snd_func_refer returned error: No such file or directory
ALSA lib conf.c:4771:(snd_config_expand) Evaluate error: No such file or directory
ALSA lib pcm.c:2266:(snd_pcm_open_noupdate) Unknown PCM default
AL lib: alsa_open_playback: Could not open playback device 'default': No such file or directory
found bundled python: /sfs/nfs/blender/2.70/2.70/python
read blend: /home/sr7cb/ParallelComputing/test/Star-collapse-ntsc.blend
Old particle system converted to new system.
Old particle system converted to new system.
Old particle system converted to new system.
Old particle system converted to new system.
Old particle system converted to new system.
Old particle system converted to new system.
Old particle system converted to new system.
Old particle system converted to new system.
Old particle system converted to new system.
Old particle system converted to new system.
Old particle system converted to new system.
2.66 versioning fix: replacing black sky with premultiplied alpha for scene 1
Fra:134 Mem:10.52M (0.00M, Peak 10.52M) | Preparing Scene data
Fra:134 Mem:13.70M (0.00M, Peak 13.74M) | Preparing Scene data
Fra:134 Mem:13.72M (0.00M, Peak 13.74M) | Creating Shadowbuffers
Fra:134 Mem:13.72M (0.00M, Peak 13.74M) | Caching Point Densities
Fra:134 Mem:13.72M (0.00M, Peak 13.74M) Sce: 1 Ve:6361 Fa:5240 Ha:2433 La:1
Fra:134 Mem:13.72M (0.00M, Peak 13.74M) | Loading voxel datasets
Fra:134 Mem:13.72M (0.00M, Peak 13.74M) Sce: 1 Ve:6361 Fa:5240 Ha:2433 La:1
Fra:134 Mem:13.72M (0.00M, Peak 13.74M) Sce: 1 Ve:6361 Fa:5240 Ha:2433 La:1
Fra:134 Mem:13.72M (0.00M, Peak 13.74M) Sce: 1 Ve:6361 Fa:5240 Ha:2433 La:1
Fra:134 Mem:78.08M (0.00M, Peak 97.95M) | 1, Part 2-4
Fra:134 Mem:62.62M (0.00M, Peak 97.95M) | 1, Part 4-4
Fra:134 Mem:47.03M (0.00M, Peak 97.95M) | 1, Part 3-4
Fra:134 Mem:31.17M (0.00M, Peak 97.95M) | 1, Part 1-4
Fra:134 Mem:24.96M (0.00M, Peak 97.95M) Sce: 1 Ve:6361 Fa:5240 Ha:2433 La:1
Saved: star-collapse-0134 Time: 00:02.32 (Saving: 00:00.13)

Error, region type 2 missing in - name:"Info", id:7
Error, region type 4 missing in - name:"Info", id:7

Blender quit

real	0m3.970s
user	0m5.143s
sys	0m0.180s
ALSA lib confmisc.c:768:(parse_card) cannot find card '0'
ALSA lib conf.c:4292:(_snd_config_evaluate) function snd_func_card_driver returned error: No such file or directory
ALSA lib confmisc.c:392:(snd_func_concat) error evaluating strings
ALSA lib conf.c:4292:(_snd_config_evaluate) function snd_func_concat returned error: No such file or directory
ALSA lib confmisc.c:1251:(snd_func_refer) error evaluating name
ALSA lib conf.c:4292:(_snd_config_evaluate) function snd_func_refer returned error: No such file or directory
ALSA lib conf.c:4771:(snd_config_expand) Evaluate error: No such file or directory
ALSA lib pcm.c:2266:(snd_pcm_open_noupdate) Unknown PCM default
AL lib: alsa_open_playback: Could not open playback device 'default': No such file or directory
found bundled python: /sfs/nfs/blender/2.70/2.70/python
read blend: /home/sr7cb/ParallelComputing/test/Star-collapse-ntsc.blend
Old particle system converted to new system.
Old particle system converted to new system.
Old particle system converted to new system.
Old particle system converted to new system.
Old particle system converted to new system.
Old particle system converted to new system.
Old particle system converted to new system.
Old particle system converted to new system.
Old particle system converted to new system.
Old particle system converted to new system.
Old particle system converted to new system.
2.66 versioning fix: replacing black sky with premultiplied alpha for scene 1
Fra:154 Mem:10.52M (0.00M, Peak 10.52M) | Preparing Scene data
Fra:154 Mem:13.66M (0.00M, Peak 13.70M) | Preparing Scene data
Fra:154 Mem:13.68M (0.00M, Peak 13.70M) | Creating Shadowbuffers
Fra:154 Mem:13.68M (0.00M, Peak 13.70M) | Caching Point Densities
Fra:154 Mem:13.68M (0.00M, Peak 13.70M) Sce: 1 Ve:6361 Fa:5240 Ha:2422 La:1
Fra:154 Mem:13.68M (0.00M, Peak 13.70M) | Loading voxel datasets
Fra:154 Mem:13.68M (0.00M, Peak 13.70M) Sce: 1 Ve:6361 Fa:5240 Ha:2422 La:1
Fra:154 Mem:13.68M (0.00M, Peak 13.70M) Sce: 1 Ve:6361 Fa:5240 Ha:2422 La:1
Fra:154 Mem:13.68M (0.00M, Peak 13.70M) Sce: 1 Ve:6361 Fa:5240 Ha:2422 La:1
Fra:154 Mem:77.76M (0.00M, Peak 103.05M) | 1, Part 1-4
Fra:154 Mem:62.05M (0.00M, Peak 103.05M) | 1, Part 2-4
Fra:154 Mem:46.59M (0.00M, Peak 103.05M) | 1, Part 3-4
Fra:154 Mem:31.13M (0.00M, Peak 103.05M) | 1, Part 4-4
Fra:154 Mem:24.96M (0.00M, Peak 103.05M) Sce: 1 Ve:6361 Fa:5240 Ha:2422 La:1
Saved: star-collapse-0154 Time: 00:01.93 (Saving: 00:00.04)

Error, region type 2 missing in - name:"Info", id:7
Error, region type 4 missing in - name:"Info", id:7

Blender quit

real	0m3.754s
user	0m5.023s
sys	0m0.198s
ALSA lib confmisc.c:768:(parse_card) cannot find card '0'
ALSA lib conf.c:4292:(_snd_config_evaluate) function snd_func_card_driver returned error: No such file or directory
ALSA lib confmisc.c:392:(snd_func_concat) error evaluating strings
ALSA lib conf.c:4292:(_snd_config_evaluate) function snd_func_concat returned error: No such file or directory
ALSA lib confmisc.c:1251:(snd_func_refer) error evaluating name
ALSA lib conf.c:4292:(_snd_config_evaluate) function snd_func_refer returned error: No such file or directory
ALSA lib conf.c:4771:(snd_config_expand) Evaluate error: No such file or directory
ALSA lib pcm.c:2266:(snd_pcm_open_noupdate) Unknown PCM default
AL lib: alsa_open_playback: Could not open playback device 'default': No such file or directory
found bundled python: /sfs/nfs/blender/2.70/2.70/python
read blend: /home/sr7cb/ParallelComputing/test/Star-collapse-ntsc.blend
Old particle system converted to new system.
Old particle system converted to new system.
Old particle system converted to new system.
Old particle system converted to new system.
Old particle system converted to new system.
Old particle system converted to new system.
Old particle system converted to new system.
Old particle system converted to new system.
Old particle system converted to new system.
Old particle system converted to new system.
Old particle system converted to new system.
2.66 versioning fix: replacing black sky with premultiplied alpha for scene 1
Fra:174 Mem:10.55M (0.00M, Peak 10.55M) | Preparing Scene data
Fra:174 Mem:13.81M (0.00M, Peak 13.85M) | Preparing Scene data
Fra:174 Mem:13.83M (0.00M, Peak 13.85M) | Creating Shadowbuffers
Fra:174 Mem:13.83M (0.00M, Peak 13.85M) | Caching Point Densities
Fra:174 Mem:13.83M (0.00M, Peak 13.85M) Sce: 1 Ve:6361 Fa:5240 Ha:2608 La:1
Fra:174 Mem:13.83M (0.00M, Peak 13.85M) | Loading voxel datasets
Fra:174 Mem:13.83M (0.00M, Peak 13.85M) Sce: 1 Ve:6361 Fa:5240 Ha:2608 La:1
Fra:174 Mem:13.83M (0.00M, Peak 13.85M) Sce: 1 Ve:6361 Fa:5240 Ha:2608 La:1
Fra:174 Mem:13.83M (0.00M, Peak 13.85M) Sce: 1 Ve:6361 Fa:5240 Ha:2608 La:1
Fra:174 Mem:78.19M (0.00M, Peak 103.20M) | 1, Part 1-4
Fra:174 Mem:62.20M (0.00M, Peak 103.20M) | 1, Part 2-4
Fra:174 Mem:46.74M (0.00M, Peak 103.20M) | 1, Part 3-4
Fra:174 Mem:31.28M (0.00M, Peak 103.20M) | 1, Part 4-4
Fra:174 Mem:24.99M (0.00M, Peak 103.20M) Sce: 1 Ve:6361 Fa:5240 Ha:2608 La:1
Saved: star-collapse-0174 Time: 00:02.12 (Saving: 00:00.05)

Error, region type 2 missing in - name:"Info", id:7
Error, region type 4 missing in - name:"Info", id:7

Blender quit

real	0m3.751s
user	0m5.313s
sys	0m0.184s
ALSA lib confmisc.c:768:(parse_card) cannot find card '0'
ALSA lib conf.c:4292:(_snd_config_evaluate) function snd_func_card_driver returned error: No such file or directory
ALSA lib confmisc.c:392:(snd_func_concat) error evaluating strings
ALSA lib conf.c:4292:(_snd_config_evaluate) function snd_func_concat returned error: No such file or directory
ALSA lib confmisc.c:1251:(snd_func_refer) error evaluating name
ALSA lib conf.c:4292:(_snd_config_evaluate) function snd_func_refer returned error: No such file or directory
ALSA lib conf.c:4771:(snd_config_expand) Evaluate error: No such file or directory
ALSA lib pcm.c:2266:(snd_pcm_open_noupdate) Unknown PCM default
AL lib: alsa_open_playback: Could not open playback device 'default': No such file or directory
found bundled python: /sfs/nfs/blender/2.70/2.70/python
read blend: /home/sr7cb/ParallelComputing/test/Star-collapse-ntsc.blend
Old particle system converted to new system.
Old particle system converted to new system.
Old particle system converted to new system.
Old particle system converted to new system.
Old particle system converted to new system.
Old particle system converted to new system.
Old particle system converted to new system.
Old particle system converted to new system.
Old particle system converted to new system.
Old particle system converted to new system.
Old particle system converted to new system.
2.66 versioning fix: replacing black sky with premultiplied alpha for scene 1
Fra:194 Mem:10.59M (0.00M, Peak 10.59M) | Preparing Scene data
Fra:194 Mem:14.45M (0.00M, Peak 14.49M) | Preparing Scene data
Fra:194 Mem:14.48M (0.00M, Peak 14.49M) | Creating Shadowbuffers
Fra:194 Mem:14.48M (0.00M, Peak 14.49M) | Caching Point Densities
Fra:194 Mem:14.48M (0.00M, Peak 14.49M) Sce: 1 Ve:7409 Fa:8646 Ha:3532 La:1
Fra:194 Mem:14.48M (0.00M, Peak 14.49M) | Loading voxel datasets
Fra:194 Mem:14.48M (0.00M, Peak 14.49M) Sce: 1 Ve:7409 Fa:8646 Ha:3532 La:1
Fra:194 Mem:14.48M (0.00M, Peak 14.49M) Sce: 1 Ve:7409 Fa:8646 Ha:3532 La:1
Fra:194 Mem:14.48M (0.00M, Peak 14.49M) Sce: 1 Ve:7409 Fa:8646 Ha:3532 La:1
Fra:194 Mem:79.25M (0.00M, Peak 97.24M) | 1, Part 4-4
Fra:194 Mem:63.13M (0.00M, Peak 97.24M) | 1, Part 2-4
Fra:194 Mem:47.26M (0.00M, Peak 97.24M) | 1, Part 1-4
Fra:194 Mem:31.92M (0.00M, Peak 97.24M) | 1, Part 3-4
Fra:194 Mem:25.02M (0.00M, Peak 97.24M) Sce: 1 Ve:7409 Fa:8646 Ha:3532 La:1
Saved: star-collapse-0194 Time: 00:02.72 (Saving: 00:00.25)

Error, region type 2 missing in - name:"Info", id:7
Error, region type 4 missing in - name:"Info", id:7

Blender quit

real	0m4.431s
user	0m5.898s
sys	0m0.197s
ALSA lib confmisc.c:768:(parse_card) cannot find card '0'
ALSA lib conf.c:4292:(_snd_config_evaluate) function snd_func_card_driver returned error: No such file or directory
ALSA lib confmisc.c:392:(snd_func_concat) error evaluating strings
ALSA lib conf.c:4292:(_snd_config_evaluate) function snd_func_concat returned error: No such file or directory
ALSA lib confmisc.c:1251:(snd_func_refer) error evaluating name
ALSA lib conf.c:4292:(_snd_config_evaluate) function snd_func_refer returned error: No such file or directory
ALSA lib conf.c:4771:(snd_config_expand) Evaluate error: No such file or directory
ALSA lib pcm.c:2266:(snd_pcm_open_noupdate) Unknown PCM default
AL lib: alsa_open_playback: Could not open playback device 'default': No such file or directory
found bundled python: /sfs/nfs/blender/2.70/2.70/python
read blend: /home/sr7cb/ParallelComputing/test/Star-collapse-ntsc.blend
Old particle system converted to new system.
Old particle system converted to new system.
Old particle system converted to new system.
Old particle system converted to new system.
Old particle system converted to new system.
Old particle system converted to new system.
Old particle system converted to new system.
Old particle system converted to new system.
Old particle system converted to new system.
Old particle system converted to new system.
Old particle system converted to new system.
2.66 versioning fix: replacing black sky with premultiplied alpha for scene 1
Fra:214 Mem:10.62M (0.00M, Peak 10.62M) | Preparing Scene data
Fra:214 Mem:14.57M (0.00M, Peak 14.61M) | Preparing Scene data
Fra:214 Mem:14.61M (0.00M, Peak 14.61M) | Creating Shadowbuffers
Fra:214 Mem:14.61M (0.00M, Peak 14.61M) | Caching Point Densities
Fra:214 Mem:14.61M (0.00M, Peak 14.61M) Sce: 1 Ve:7409 Fa:8646 Ha:4327 La:1
Fra:214 Mem:14.61M (0.00M, Peak 14.61M) | Loading voxel datasets
Fra:214 Mem:14.61M (0.00M, Peak 14.61M) Sce: 1 Ve:7409 Fa:8646 Ha:4327 La:1
Fra:214 Mem:14.61M (0.00M, Peak 14.61M) Sce: 1 Ve:7409 Fa:8646 Ha:4327 La:1
Fra:214 Mem:14.61M (0.00M, Peak 14.61M) Sce: 1 Ve:7409 Fa:8646 Ha:4327 La:1
Fra:214 Mem:76.54M (0.00M, Peak 99.15M) | 1, Part 1-4
Fra:214 Mem:60.70M (0.00M, Peak 99.15M) | 1, Part 2-4
Fra:214 Mem:47.77M (0.00M, Peak 99.15M) | 1, Part 3-4
Fra:214 Mem:32.05M (0.00M, Peak 99.15M) | 1, Part 4-4
Fra:214 Mem:25.06M (0.00M, Peak 99.15M) Sce: 1 Ve:7409 Fa:8646 Ha:4327 La:1
Saved: star-collapse-0214 Time: 00:02.43 (Saving: 00:00.04)

Error, region type 2 missing in - name:"Info", id:7
Error, region type 4 missing in - name:"Info", id:7

Blender quit

real	0m4.507s
user	0m5.805s
sys	0m0.181s
ALSA lib confmisc.c:768:(parse_card) cannot find card '0'
ALSA lib conf.c:4292:(_snd_config_evaluate) function snd_func_card_driver returned error: No such file or directory
ALSA lib confmisc.c:392:(snd_func_concat) error evaluating strings
ALSA lib conf.c:4292:(_snd_config_evaluate) function snd_func_concat returned error: No such file or directory
ALSA lib confmisc.c:1251:(snd_func_refer) error evaluating name
ALSA lib conf.c:4292:(_snd_config_evaluate) function snd_func_refer returned error: No such file or directory
ALSA lib conf.c:4771:(snd_config_expand) Evaluate error: No such file or directory
ALSA lib pcm.c:2266:(snd_pcm_open_noupdate) Unknown PCM default
AL lib: alsa_open_playback: Could not open playback device 'default': No such file or directory
found bundled python: /sfs/nfs/blender/2.70/2.70/python
read blend: /home/sr7cb/ParallelComputing/test/Star-collapse-ntsc.blend
Old particle system converted to new system.
Old particle system converted to new system.
Old particle system converted to new system.
Old particle system converted to new system.
Old particle system converted to new system.
Old particle system converted to new system.
Old particle system converted to new system.
Old particle system converted to new system.
Old particle system converted to new system.
Old particle system converted to new system.
Old particle system converted to new system.
2.66 versioning fix: replacing black sky with premultiplied alpha for scene 1
Fra:234 Mem:10.64M (0.00M, Peak 10.64M) | Preparing Scene data
Fra:234 Mem:14.69M (0.00M, Peak 14.73M) | Preparing Scene data
Fra:234 Mem:14.72M (0.00M, Peak 14.73M) | Creating Shadowbuffers
Fra:234 Mem:14.72M (0.00M, Peak 14.73M) | Caching Point Densities
Fra:234 Mem:14.72M (0.00M, Peak 14.73M) Sce: 1 Ve:7409 Fa:8646 Ha:4417 La:1
Fra:234 Mem:14.72M (0.00M, Peak 14.73M) | Loading voxel datasets
Fra:234 Mem:14.72M (0.00M, Peak 14.73M) Sce: 1 Ve:7409 Fa:8646 Ha:4417 La:1
Fra:234 Mem:14.73M (0.00M, Peak 14.73M) Sce: 1 Ve:7409 Fa:8646 Ha:4417 La:1
Fra:234 Mem:14.73M (0.00M, Peak 14.73M) Sce: 1 Ve:7409 Fa:8646 Ha:4417 La:1
Fra:234 Mem:79.32M (0.00M, Peak 102.53M) | 1, Part 1-4
Fra:234 Mem:62.44M (0.00M, Peak 102.53M) | 1, Part 2-4
Fra:234 Mem:48.13M (0.00M, Peak 102.53M) | 1, Part 3-4
Fra:234 Mem:32.17M (0.00M, Peak 102.53M) | 1, Part 4-4
Fra:234 Mem:25.08M (0.00M, Peak 102.53M) Sce: 1 Ve:7409 Fa:8646 Ha:4417 La:1
Saved: star-collapse-0234 Time: 00:02.17 (Saving: 00:00.04)

Error, region type 2 missing in - name:"Info", id:7
Error, region type 4 missing in - name:"Info", id:7

Blender quit

real	6m8.512s
user	0m5.189s
sys	0m0.202s
