ALSA lib confmisc.c:768:(parse_card) cannot find card '0'
ALSA lib conf.c:4292:(_snd_config_evaluate) function snd_func_card_driver returned error: No such file or directory
ALSA lib confmisc.c:392:(snd_func_concat) error evaluating strings
ALSA lib conf.c:4292:(_snd_config_evaluate) function snd_func_concat returned error: No such file or directory
ALSA lib confmisc.c:1251:(snd_func_refer) error evaluating name
ALSA lib conf.c:4292:(_snd_config_evaluate) function snd_func_refer returned error: No such file or directory
ALSA lib conf.c:4771:(snd_config_expand) Evaluate error: No such file or directory
ALSA lib pcm.c:2266:(snd_pcm_open_noupdate) Unknown PCM default
AL lib: alsa_open_playback: Could not open playback device 'default': No such file or directory
found bundled python: /sfs/nfs/blender/2.70/2.70/python
read blend: /home/sr7cb/ParallelComputing/test/Star-collapse-ntsc.blend
Old particle system converted to new system.
Old particle system converted to new system.
Old particle system converted to new system.
Old particle system converted to new system.
Old particle system converted to new system.
Old particle system converted to new system.
Old particle system converted to new system.
Old particle system converted to new system.
Old particle system converted to new system.
Old particle system converted to new system.
Old particle system converted to new system.
2.66 versioning fix: replacing black sky with premultiplied alpha for scene 1
Fra:193 Mem:10.59M (0.00M, Peak 10.59M) | Preparing Scene data
Fra:193 Mem:14.45M (0.00M, Peak 14.49M) | Preparing Scene data
Fra:193 Mem:14.47M (0.00M, Peak 14.49M) | Creating Shadowbuffers
Fra:193 Mem:14.47M (0.00M, Peak 14.49M) | Caching Point Densities
Fra:193 Mem:14.47M (0.00M, Peak 14.49M) Sce: 1 Ve:7409 Fa:8646 Ha:3484 La:1
Fra:193 Mem:14.47M (0.00M, Peak 14.49M) | Loading voxel datasets
Fra:193 Mem:14.47M (0.00M, Peak 14.49M) Sce: 1 Ve:7409 Fa:8646 Ha:3484 La:1
Fra:193 Mem:14.48M (0.00M, Peak 14.49M) Sce: 1 Ve:7409 Fa:8646 Ha:3484 La:1
Fra:193 Mem:14.48M (0.00M, Peak 14.49M) Sce: 1 Ve:7409 Fa:8646 Ha:3484 La:1
Fra:193 Mem:79.09M (0.00M, Peak 97.13M) | 1, Part 1-4
Fra:193 Mem:62.97M (0.00M, Peak 97.13M) | 1, Part 2-4
Fra:193 Mem:47.51M (0.00M, Peak 97.13M) | 1, Part 3-4
Fra:193 Mem:31.92M (0.00M, Peak 97.13M) | 1, Part 4-4
Fra:193 Mem:25.02M (0.00M, Peak 97.13M) Sce: 1 Ve:7409 Fa:8646 Ha:3484 La:1
Saved: star-collapse-0193 Time: 00:01.38 (Saving: 00:00.02)

Fra:194 Mem:25.20M (0.00M, Peak 97.13M) | Preparing Scene data
Fra:194 Mem:29.06M (0.00M, Peak 97.13M) | Preparing Scene data
Fra:194 Mem:29.08M (0.00M, Peak 97.13M) | Creating Shadowbuffers
Fra:194 Mem:29.08M (0.00M, Peak 97.13M) | Caching Point Densities
Fra:194 Mem:29.08M (0.00M, Peak 97.13M) Sce: 1 Ve:7409 Fa:8646 Ha:3532 La:1
Fra:194 Mem:29.08M (0.00M, Peak 97.13M) | Loading voxel datasets
Fra:194 Mem:29.08M (0.00M, Peak 97.13M) Sce: 1 Ve:7409 Fa:8646 Ha:3532 La:1
Fra:194 Mem:29.09M (0.00M, Peak 97.13M) Sce: 1 Ve:7409 Fa:8646 Ha:3532 La:1
Fra:194 Mem:29.09M (0.00M, Peak 97.13M) Sce: 1 Ve:7409 Fa:8646 Ha:3532 La:1
Fra:194 Mem:78.98M (0.00M, Peak 98.22M) | 1, Part 1-4
Fra:194 Mem:62.86M (0.00M, Peak 98.22M) | 1, Part 2-4
Fra:194 Mem:47.52M (0.00M, Peak 98.22M) | 1, Part 3-4
Fra:194 Mem:32.06M (0.00M, Peak 98.22M) | 1, Part 4-4
Fra:194 Mem:25.16M (0.00M, Peak 98.22M) Sce: 1 Ve:7409 Fa:8646 Ha:3532 La:1
Saved: star-collapse-0194 Time: 00:01.22 (Saving: 00:00.02)

Fra:195 Mem:25.20M (0.00M, Peak 98.22M) | Preparing Scene data
Fra:195 Mem:29.06M (0.00M, Peak 98.22M) | Preparing Scene data
Fra:195 Mem:29.09M (0.00M, Peak 98.22M) | Creating Shadowbuffers
Fra:195 Mem:29.09M (0.00M, Peak 98.22M) | Caching Point Densities
Fra:195 Mem:29.09M (0.00M, Peak 98.22M) Sce: 1 Ve:7409 Fa:8646 Ha:3577 La:1
Fra:195 Mem:29.09M (0.00M, Peak 98.22M) | Loading voxel datasets
Fra:195 Mem:29.09M (0.00M, Peak 98.22M) Sce: 1 Ve:7409 Fa:8646 Ha:3577 La:1
Fra:195 Mem:29.09M (0.00M, Peak 98.22M) Sce: 1 Ve:7409 Fa:8646 Ha:3577 La:1
Fra:195 Mem:29.09M (0.00M, Peak 98.22M) Sce: 1 Ve:7409 Fa:8646 Ha:3577 La:1
Fra:195 Mem:79.38M (0.00M, Peak 98.22M) | 1, Part 4-4
Fra:195 Mem:63.51M (0.00M, Peak 98.22M) | 1, Part 1-4
Fra:195 Mem:47.40M (0.00M, Peak 98.22M) | 1, Part 2-4
Fra:195 Mem:32.06M (0.00M, Peak 98.22M) | 1, Part 3-4
Fra:195 Mem:25.16M (0.00M, Peak 98.22M) Sce: 1 Ve:7409 Fa:8646 Ha:3577 La:1
Saved: star-collapse-0195 Time: 00:01.16 (Saving: 00:00.02)

Fra:196 Mem:25.20M (0.00M, Peak 98.22M) | Preparing Scene data
Fra:196 Mem:29.06M (0.00M, Peak 98.22M) | Preparing Scene data
Fra:196 Mem:29.09M (0.00M, Peak 98.22M) | Creating Shadowbuffers
Fra:196 Mem:29.09M (0.00M, Peak 98.22M) | Caching Point Densities
Fra:196 Mem:29.09M (0.00M, Peak 98.22M) Sce: 1 Ve:7409 Fa:8646 Ha:3625 La:1
Fra:196 Mem:29.09M (0.00M, Peak 98.22M) | Loading voxel datasets
Fra:196 Mem:29.09M (0.00M, Peak 98.22M) Sce: 1 Ve:7409 Fa:8646 Ha:3625 La:1
Fra:196 Mem:29.09M (0.00M, Peak 98.22M) Sce: 1 Ve:7409 Fa:8646 Ha:3625 La:1
Fra:196 Mem:29.09M (0.00M, Peak 98.22M) Sce: 1 Ve:7409 Fa:8646 Ha:3625 La:1
Fra:196 Mem:78.98M (0.00M, Peak 102.51M) | 1, Part 1-4
Fra:196 Mem:62.86M (0.00M, Peak 102.51M) | 1, Part 2-4
Fra:196 Mem:47.52M (0.00M, Peak 102.51M) | 1, Part 3-4
Fra:196 Mem:32.06M (0.00M, Peak 102.51M) | 1, Part 4-4
Fra:196 Mem:25.16M (0.00M, Peak 102.51M) Sce: 1 Ve:7409 Fa:8646 Ha:3625 La:1
Saved: star-collapse-0196 Time: 00:01.19 (Saving: 00:00.02)

Fra:197 Mem:25.20M (0.00M, Peak 102.51M) | Preparing Scene data
Fra:197 Mem:29.06M (0.00M, Peak 102.51M) | Preparing Scene data
Fra:197 Mem:29.09M (0.00M, Peak 102.51M) | Creating Shadowbuffers
Fra:197 Mem:29.09M (0.00M, Peak 102.51M) | Caching Point Densities
Fra:197 Mem:29.09M (0.00M, Peak 102.51M) Sce: 1 Ve:7409 Fa:8646 Ha:3670 La:1
Fra:197 Mem:29.09M (0.00M, Peak 102.51M) | Loading voxel datasets
Fra:197 Mem:29.09M (0.00M, Peak 102.51M) Sce: 1 Ve:7409 Fa:8646 Ha:3670 La:1
Fra:197 Mem:29.09M (0.00M, Peak 102.51M) Sce: 1 Ve:7409 Fa:8646 Ha:3670 La:1
Fra:197 Mem:29.09M (0.00M, Peak 102.51M) Sce: 1 Ve:7409 Fa:8646 Ha:3670 La:1
Fra:197 Mem:78.98M (0.00M, Peak 102.51M) | 1, Part 1-4
Fra:197 Mem:50.49M (0.00M, Peak 102.51M) | 1, Part 3-4
Fra:197 Mem:47.52M (0.00M, Peak 102.51M) | 1, Part 2-4
Fra:197 Mem:32.06M (0.00M, Peak 102.51M) | 1, Part 4-4
Fra:197 Mem:25.16M (0.00M, Peak 102.51M) Sce: 1 Ve:7409 Fa:8646 Ha:3670 La:1
Saved: star-collapse-0197 Time: 00:01.20 (Saving: 00:00.02)

Fra:198 Mem:25.20M (0.00M, Peak 102.51M) | Preparing Scene data
Fra:198 Mem:29.06M (0.00M, Peak 102.51M) | Preparing Scene data
Fra:198 Mem:29.09M (0.00M, Peak 102.51M) | Creating Shadowbuffers
Fra:198 Mem:29.09M (0.00M, Peak 102.51M) | Caching Point Densities
Fra:198 Mem:29.09M (0.00M, Peak 102.51M) Sce: 1 Ve:7409 Fa:8646 Ha:3715 La:1
Fra:198 Mem:29.09M (0.00M, Peak 102.51M) | Loading voxel datasets
Fra:198 Mem:29.09M (0.00M, Peak 102.51M) Sce: 1 Ve:7409 Fa:8646 Ha:3715 La:1
Fra:198 Mem:29.10M (0.00M, Peak 102.51M) Sce: 1 Ve:7409 Fa:8646 Ha:3715 La:1
Fra:198 Mem:29.10M (0.00M, Peak 102.51M) Sce: 1 Ve:7409 Fa:8646 Ha:3715 La:1
Fra:198 Mem:79.11M (0.00M, Peak 102.51M) | 1, Part 1-4
Fra:198 Mem:62.99M (0.00M, Peak 102.51M) | 1, Part 2-4
Fra:198 Mem:47.65M (0.00M, Peak 102.51M) | 1, Part 3-4
Fra:198 Mem:32.06M (0.00M, Peak 102.51M) | 1, Part 4-4
Fra:198 Mem:25.16M (0.00M, Peak 102.51M) Sce: 1 Ve:7409 Fa:8646 Ha:3715 La:1
Saved: star-collapse-0198 Time: 00:01.19 (Saving: 00:00.02)

Fra:199 Mem:25.20M (0.00M, Peak 102.51M) | Preparing Scene data
Fra:199 Mem:29.07M (0.00M, Peak 102.51M) | Preparing Scene data
Fra:199 Mem:29.09M (0.00M, Peak 102.51M) | Creating Shadowbuffers
Fra:199 Mem:29.09M (0.00M, Peak 102.51M) | Caching Point Densities
Fra:199 Mem:29.09M (0.00M, Peak 102.51M) Sce: 1 Ve:7409 Fa:8646 Ha:3763 La:1
Fra:199 Mem:29.09M (0.00M, Peak 102.51M) | Loading voxel datasets
Fra:199 Mem:29.09M (0.00M, Peak 102.51M) Sce: 1 Ve:7409 Fa:8646 Ha:3763 La:1
Fra:199 Mem:29.10M (0.00M, Peak 102.51M) Sce: 1 Ve:7409 Fa:8646 Ha:3763 La:1
Fra:199 Mem:29.10M (0.00M, Peak 102.51M) Sce: 1 Ve:7409 Fa:8646 Ha:3763 La:1
Fra:199 Mem:79.11M (0.00M, Peak 102.51M) | 1, Part 1-4
Fra:199 Mem:62.99M (0.00M, Peak 102.51M) | 1, Part 2-4
Fra:199 Mem:47.65M (0.00M, Peak 102.51M) | 1, Part 3-4
Fra:199 Mem:32.07M (0.00M, Peak 102.51M) | 1, Part 4-4
Fra:199 Mem:25.16M (0.00M, Peak 102.51M) Sce: 1 Ve:7409 Fa:8646 Ha:3763 La:1
Saved: star-collapse-0199 Time: 00:01.15 (Saving: 00:00.02)

Fra:200 Mem:25.21M (0.00M, Peak 102.51M) | Preparing Scene data
Fra:200 Mem:29.07M (0.00M, Peak 102.51M) | Preparing Scene data
Fra:200 Mem:29.10M (0.00M, Peak 102.51M) | Creating Shadowbuffers
Fra:200 Mem:29.10M (0.00M, Peak 102.51M) | Caching Point Densities
Fra:200 Mem:29.10M (0.00M, Peak 102.51M) Sce: 1 Ve:7409 Fa:8646 Ha:3808 La:1
Fra:200 Mem:29.10M (0.00M, Peak 102.51M) | Loading voxel datasets
Fra:200 Mem:29.10M (0.00M, Peak 102.51M) Sce: 1 Ve:7409 Fa:8646 Ha:3808 La:1
Fra:200 Mem:29.10M (0.00M, Peak 102.51M) Sce: 1 Ve:7409 Fa:8646 Ha:3808 La:1
Fra:200 Mem:29.10M (0.00M, Peak 102.51M) Sce: 1 Ve:7409 Fa:8646 Ha:3808 La:1
Fra:200 Mem:79.11M (0.00M, Peak 102.51M) | 1, Part 1-4
Fra:200 Mem:62.99M (0.00M, Peak 102.51M) | 1, Part 2-4
Fra:200 Mem:35.03M (0.00M, Peak 102.51M) | 1, Part 3-4
Fra:200 Mem:32.07M (0.00M, Peak 102.51M) | 1, Part 4-4
Fra:200 Mem:25.17M (0.00M, Peak 102.51M) Sce: 1 Ve:7409 Fa:8646 Ha:3808 La:1
Saved: star-collapse-0200 Time: 00:01.15 (Saving: 00:00.02)

Fra:201 Mem:25.21M (0.00M, Peak 102.51M) | Preparing Scene data
Fra:201 Mem:29.07M (0.00M, Peak 102.51M) | Preparing Scene data
Fra:201 Mem:29.10M (0.00M, Peak 102.51M) | Creating Shadowbuffers
Fra:201 Mem:29.10M (0.00M, Peak 102.51M) | Caching Point Densities
Fra:201 Mem:29.10M (0.00M, Peak 102.51M) Sce: 1 Ve:7409 Fa:8646 Ha:3841 La:1
Fra:201 Mem:29.10M (0.00M, Peak 102.51M) | Loading voxel datasets
Fra:201 Mem:29.10M (0.00M, Peak 102.51M) Sce: 1 Ve:7409 Fa:8646 Ha:3841 La:1
Fra:201 Mem:29.10M (0.00M, Peak 102.51M) Sce: 1 Ve:7409 Fa:8646 Ha:3841 La:1
Fra:201 Mem:29.10M (0.00M, Peak 102.51M) Sce: 1 Ve:7409 Fa:8646 Ha:3841 La:1
Fra:201 Mem:79.11M (0.00M, Peak 102.51M) | 1, Part 1-4
Fra:201 Mem:50.62M (0.00M, Peak 102.51M) | 1, Part 2-4
Fra:201 Mem:47.66M (0.00M, Peak 102.51M) | 1, Part 3-4
Fra:201 Mem:32.07M (0.00M, Peak 102.51M) | 1, Part 4-4
Fra:201 Mem:25.17M (0.00M, Peak 102.51M) Sce: 1 Ve:7409 Fa:8646 Ha:3841 La:1
Saved: star-collapse-0201 Time: 00:01.19 (Saving: 00:00.02)

Fra:202 Mem:25.21M (0.00M, Peak 102.51M) | Preparing Scene data
Fra:202 Mem:29.07M (0.00M, Peak 102.51M) | Preparing Scene data
Fra:202 Mem:29.10M (0.00M, Peak 102.51M) | Creating Shadowbuffers
Fra:202 Mem:29.10M (0.00M, Peak 102.51M) | Caching Point Densities
Fra:202 Mem:29.10M (0.00M, Peak 102.51M) Sce: 1 Ve:7409 Fa:8646 Ha:3883 La:1
Fra:202 Mem:29.10M (0.00M, Peak 102.51M) | Loading voxel datasets
Fra:202 Mem:29.10M (0.00M, Peak 102.51M) Sce: 1 Ve:7409 Fa:8646 Ha:3883 La:1
Fra:202 Mem:29.10M (0.00M, Peak 102.51M) Sce: 1 Ve:7409 Fa:8646 Ha:3883 La:1
Fra:202 Mem:29.10M (0.00M, Peak 102.51M) Sce: 1 Ve:7409 Fa:8646 Ha:3883 La:1
Fra:202 Mem:78.83M (0.00M, Peak 102.51M) | 1, Part 1-4
Fra:202 Mem:63.00M (0.00M, Peak 102.51M) | 1, Part 2-4
Fra:202 Mem:47.41M (0.00M, Peak 102.51M) | 1, Part 4-4
Fra:202 Mem:32.07M (0.00M, Peak 102.51M) | 1, Part 3-4
Fra:202 Mem:25.17M (0.00M, Peak 102.51M) Sce: 1 Ve:7409 Fa:8646 Ha:3883 La:1
Saved: star-collapse-0202 Time: 00:01.19 (Saving: 00:00.02)

Fra:203 Mem:25.21M (0.00M, Peak 102.51M) | Preparing Scene data
Fra:203 Mem:29.07M (0.00M, Peak 102.51M) | Preparing Scene data
Fra:203 Mem:29.10M (0.00M, Peak 102.51M) | Creating Shadowbuffers
Fra:203 Mem:29.10M (0.00M, Peak 102.51M) | Caching Point Densities
Fra:203 Mem:29.10M (0.00M, Peak 102.51M) Sce: 1 Ve:7409 Fa:8646 Ha:3916 La:1
Fra:203 Mem:29.10M (0.00M, Peak 102.51M) | Loading voxel datasets
Fra:203 Mem:29.10M (0.00M, Peak 102.51M) Sce: 1 Ve:7409 Fa:8646 Ha:3916 La:1
Fra:203 Mem:29.10M (0.00M, Peak 102.51M) Sce: 1 Ve:7409 Fa:8646 Ha:3916 La:1
Fra:203 Mem:29.10M (0.00M, Peak 102.51M) Sce: 1 Ve:7409 Fa:8646 Ha:3916 La:1
Fra:203 Mem:78.84M (0.00M, Peak 102.51M) | 1, Part 1-4
Fra:203 Mem:63.00M (0.00M, Peak 102.51M) | 1, Part 2-4
Fra:203 Mem:47.66M (0.00M, Peak 102.51M) | 1, Part 3-4
Fra:203 Mem:32.07M (0.00M, Peak 102.51M) | 1, Part 4-4
Fra:203 Mem:25.17M (0.00M, Peak 102.51M) Sce: 1 Ve:7409 Fa:8646 Ha:3916 La:1
Saved: star-collapse-0203 Time: 00:02.18 (Saving: 00:00.04)

Fra:204 Mem:25.36M (0.00M, Peak 102.51M) | Preparing Scene data
Fra:204 Mem:29.32M (0.00M, Peak 102.51M) | Preparing Scene data
Fra:204 Mem:29.35M (0.00M, Peak 102.51M) | Creating Shadowbuffers
Fra:204 Mem:29.35M (0.00M, Peak 102.51M) | Caching Point Densities
Fra:204 Mem:29.35M (0.00M, Peak 102.51M) Sce: 1 Ve:7409 Fa:8646 Ha:3958 La:1
Fra:204 Mem:29.35M (0.00M, Peak 102.51M) | Loading voxel datasets
Fra:204 Mem:29.35M (0.00M, Peak 102.51M) Sce: 1 Ve:7409 Fa:8646 Ha:3958 La:1
Fra:204 Mem:29.35M (0.00M, Peak 102.51M) Sce: 1 Ve:7409 Fa:8646 Ha:3958 La:1
Fra:204 Mem:29.35M (0.00M, Peak 102.51M) Sce: 1 Ve:7409 Fa:8646 Ha:3958 La:1
Fra:204 Mem:78.80M (0.00M, Peak 102.51M) | 1, Part 1-4
Fra:204 Mem:62.96M (0.00M, Peak 102.51M) | 1, Part 2-4
Fra:204 Mem:47.37M (0.00M, Peak 102.51M) | 1, Part 4-4
Fra:204 Mem:32.32M (0.00M, Peak 102.51M) | 1, Part 3-4
Fra:204 Mem:25.32M (0.00M, Peak 102.51M) Sce: 1 Ve:7409 Fa:8646 Ha:3958 La:1
Saved: star-collapse-0204 Time: 00:02.20 (Saving: 00:00.04)

Error, region type 2 missing in - name:"Info", id:7
Error, region type 4 missing in - name:"Info", id:7

Blender quit

real	0m17.381s
user	0m30.063s
sys	0m0.659s
