ALSA lib confmisc.c:768:(parse_card) cannot find card '0'
ALSA lib conf.c:4292:(_snd_config_evaluate) function snd_func_card_driver returned error: No such file or directory
ALSA lib confmisc.c:392:(snd_func_concat) error evaluating strings
ALSA lib conf.c:4292:(_snd_config_evaluate) function snd_func_concat returned error: No such file or directory
ALSA lib confmisc.c:1251:(snd_func_refer) error evaluating name
ALSA lib conf.c:4292:(_snd_config_evaluate) function snd_func_refer returned error: No such file or directory
ALSA lib conf.c:4771:(snd_config_expand) Evaluate error: No such file or directory
ALSA lib pcm.c:2266:(snd_pcm_open_noupdate) Unknown PCM default
AL lib: alsa_open_playback: Could not open playback device 'default': No such file or directory
found bundled python: /sfs/nfs/blender/2.70/2.70/python
read blend: /home/sr7cb/ParallelComputing/test/Star-collapse-ntsc.blend
Old particle system converted to new system.
Old particle system converted to new system.
Old particle system converted to new system.
Old particle system converted to new system.
Old particle system converted to new system.
Old particle system converted to new system.
Old particle system converted to new system.
Old particle system converted to new system.
Old particle system converted to new system.
Old particle system converted to new system.
Old particle system converted to new system.
2.66 versioning fix: replacing black sky with premultiplied alpha for scene 1
Fra:97 Mem:10.52M (0.00M, Peak 10.52M) | Preparing Scene data
Fra:97 Mem:13.73M (0.00M, Peak 13.77M) | Preparing Scene data
Fra:97 Mem:13.75M (0.00M, Peak 13.77M) | Creating Shadowbuffers
Fra:97 Mem:13.75M (0.00M, Peak 13.77M) | Caching Point Densities
Fra:97 Mem:13.75M (0.00M, Peak 13.77M) Sce: 1 Ve:6325 Fa:5180 Ha:2441 La:1
Fra:97 Mem:13.75M (0.00M, Peak 13.77M) | Loading voxel datasets
Fra:97 Mem:13.75M (0.00M, Peak 13.77M) Sce: 1 Ve:6325 Fa:5180 Ha:2441 La:1
Fra:97 Mem:13.75M (0.00M, Peak 13.77M) Sce: 1 Ve:6325 Fa:5180 Ha:2441 La:1
Fra:97 Mem:13.75M (0.00M, Peak 13.77M) Sce: 1 Ve:6325 Fa:5180 Ha:2441 La:1
Fra:97 Mem:78.21M (0.00M, Peak 94.86M) | 1, Part 2-4
Fra:97 Mem:62.62M (0.00M, Peak 94.86M) | 1, Part 1-4
Fra:97 Mem:46.78M (0.00M, Peak 94.86M) | 1, Part 3-4
Fra:97 Mem:31.20M (0.00M, Peak 94.86M) | 1, Part 4-4
Fra:97 Mem:24.96M (0.00M, Peak 94.86M) Sce: 1 Ve:6325 Fa:5180 Ha:2441 La:1
Saved: star-collapse-0097 Time: 00:01.14 (Saving: 00:00.02)

Fra:98 Mem:25.07M (0.00M, Peak 94.86M) | Preparing Scene data
Fra:98 Mem:28.28M (0.00M, Peak 94.86M) | Preparing Scene data
Fra:98 Mem:28.30M (0.00M, Peak 94.86M) | Creating Shadowbuffers
Fra:98 Mem:28.30M (0.00M, Peak 94.86M) | Caching Point Densities
Fra:98 Mem:28.30M (0.00M, Peak 94.86M) Sce: 1 Ve:6337 Fa:5200 Ha:2453 La:1
Fra:98 Mem:28.30M (0.00M, Peak 94.86M) | Loading voxel datasets
Fra:98 Mem:28.30M (0.00M, Peak 94.86M) Sce: 1 Ve:6337 Fa:5200 Ha:2453 La:1
Fra:98 Mem:28.30M (0.00M, Peak 94.86M) Sce: 1 Ve:6337 Fa:5200 Ha:2453 La:1
Fra:98 Mem:28.30M (0.00M, Peak 94.86M) Sce: 1 Ve:6337 Fa:5200 Ha:2453 La:1
Fra:98 Mem:78.16M (0.00M, Peak 95.92M) | 1, Part 1-4
Fra:98 Mem:62.70M (0.00M, Peak 95.92M) | 1, Part 2-4
Fra:98 Mem:46.86M (0.00M, Peak 95.92M) | 1, Part 3-4
Fra:98 Mem:31.27M (0.00M, Peak 95.92M) | 1, Part 4-4
Fra:98 Mem:25.03M (0.00M, Peak 95.92M) Sce: 1 Ve:6337 Fa:5200 Ha:2453 La:1
Saved: star-collapse-0098 Time: 00:00.97 (Saving: 00:00.02)

Fra:99 Mem:28.28M (0.00M, Peak 95.92M) | Preparing Scene data
Fra:99 Mem:28.30M (0.00M, Peak 95.92M) | Creating Shadowbuffers
Fra:99 Mem:28.30M (0.00M, Peak 95.92M) | Caching Point Densities
Fra:99 Mem:28.30M (0.00M, Peak 95.92M) Sce: 1 Ve:6349 Fa:5220 Ha:2459 La:1
Fra:99 Mem:28.30M (0.00M, Peak 95.92M) | Loading voxel datasets
Fra:99 Mem:28.30M (0.00M, Peak 95.92M) Sce: 1 Ve:6349 Fa:5220 Ha:2459 La:1
Fra:99 Mem:28.30M (0.00M, Peak 95.92M) Sce: 1 Ve:6349 Fa:5220 Ha:2459 La:1
Fra:99 Mem:28.30M (0.00M, Peak 95.92M) Sce: 1 Ve:6349 Fa:5220 Ha:2459 La:1
Fra:99 Mem:78.28M (0.00M, Peak 95.92M) | 1, Part 2-4
Fra:99 Mem:62.70M (0.00M, Peak 95.92M) | 1, Part 4-4
Fra:99 Mem:46.86M (0.00M, Peak 95.92M) | 1, Part 3-4
Fra:99 Mem:31.27M (0.00M, Peak 95.92M) | 1, Part 1-4
Fra:99 Mem:25.03M (0.00M, Peak 95.92M) Sce: 1 Ve:6349 Fa:5220 Ha:2459 La:1
Saved: star-collapse-0099 Time: 00:01.04 (Saving: 00:00.02)

Fra:100 Mem:25.07M (0.00M, Peak 95.92M) | Preparing Scene data
Fra:100 Mem:28.28M (0.00M, Peak 95.92M) | Preparing Scene data
Fra:100 Mem:28.30M (0.00M, Peak 95.92M) | Creating Shadowbuffers
Fra:100 Mem:28.30M (0.00M, Peak 95.92M) | Caching Point Densities
Fra:100 Mem:28.30M (0.00M, Peak 95.92M) Sce: 1 Ve:6361 Fa:5240 Ha:2471 La:1
Fra:100 Mem:28.30M (0.00M, Peak 95.92M) | Loading voxel datasets
Fra:100 Mem:28.30M (0.00M, Peak 95.92M) Sce: 1 Ve:6361 Fa:5240 Ha:2471 La:1
Fra:100 Mem:28.30M (0.00M, Peak 95.92M) Sce: 1 Ve:6361 Fa:5240 Ha:2471 La:1
Fra:100 Mem:28.30M (0.00M, Peak 95.92M) Sce: 1 Ve:6361 Fa:5240 Ha:2471 La:1
Fra:100 Mem:78.28M (0.00M, Peak 95.92M) | 1, Part 2-4
Fra:100 Mem:53.95M (0.00M, Peak 95.92M) | 1, Part 4-4
Fra:100 Mem:46.86M (0.00M, Peak 95.92M) | 1, Part 3-4
Fra:100 Mem:31.27M (0.00M, Peak 95.92M) | 1, Part 1-4
Fra:100 Mem:25.03M (0.00M, Peak 95.92M) Sce: 1 Ve:6361 Fa:5240 Ha:2471 La:1
Saved: star-collapse-0100 Time: 00:01.16 (Saving: 00:00.02)

Fra:101 Mem:25.07M (0.00M, Peak 95.92M) | Preparing Scene data
Fra:101 Mem:28.28M (0.00M, Peak 95.92M) | Preparing Scene data
Fra:101 Mem:28.30M (0.00M, Peak 95.92M) | Creating Shadowbuffers
Fra:101 Mem:28.30M (0.00M, Peak 95.92M) | Caching Point Densities
Fra:101 Mem:28.30M (0.00M, Peak 95.92M) Sce: 1 Ve:6361 Fa:5240 Ha:2466 La:1
Fra:101 Mem:28.30M (0.00M, Peak 95.92M) | Loading voxel datasets
Fra:101 Mem:28.30M (0.00M, Peak 95.92M) Sce: 1 Ve:6361 Fa:5240 Ha:2466 La:1
Fra:101 Mem:28.30M (0.00M, Peak 95.92M) Sce: 1 Ve:6361 Fa:5240 Ha:2466 La:1
Fra:101 Mem:28.30M (0.00M, Peak 95.92M) Sce: 1 Ve:6361 Fa:5240 Ha:2466 La:1
Fra:101 Mem:78.28M (0.00M, Peak 95.92M) | 1, Part 2-4
Fra:101 Mem:62.45M (0.00M, Peak 95.92M) | 1, Part 3-4
Fra:101 Mem:36.59M (0.00M, Peak 95.92M) | 1, Part 1-4
Fra:101 Mem:31.27M (0.00M, Peak 95.92M) | 1, Part 4-4
Fra:101 Mem:25.03M (0.00M, Peak 95.92M) Sce: 1 Ve:6361 Fa:5240 Ha:2466 La:1
Saved: star-collapse-0101 Time: 00:00.98 (Saving: 00:00.02)

Fra:102 Mem:28.28M (0.00M, Peak 95.92M) | Preparing Scene data
Fra:102 Mem:28.30M (0.00M, Peak 95.92M) | Creating Shadowbuffers
Fra:102 Mem:28.30M (0.00M, Peak 95.92M) | Caching Point Densities
Fra:102 Mem:28.30M (0.00M, Peak 95.92M) Sce: 1 Ve:6361 Fa:5240 Ha:2468 La:1
Fra:102 Mem:28.30M (0.00M, Peak 95.92M) | Loading voxel datasets
Fra:102 Mem:28.30M (0.00M, Peak 95.92M) Sce: 1 Ve:6361 Fa:5240 Ha:2468 La:1
Fra:102 Mem:28.30M (0.00M, Peak 95.92M) Sce: 1 Ve:6361 Fa:5240 Ha:2468 La:1
Fra:102 Mem:28.30M (0.00M, Peak 95.92M) Sce: 1 Ve:6361 Fa:5240 Ha:2468 La:1
Fra:102 Mem:78.28M (0.00M, Peak 100.70M) | 1, Part 2-4
Fra:102 Mem:62.45M (0.00M, Peak 100.70M) | 1, Part 3-4
Fra:102 Mem:46.86M (0.00M, Peak 100.70M) | 1, Part 4-4
Fra:102 Mem:31.27M (0.00M, Peak 100.70M) | 1, Part 1-4
Fra:102 Mem:25.03M (0.00M, Peak 100.70M) Sce: 1 Ve:6361 Fa:5240 Ha:2468 La:1
Saved: star-collapse-0102 Time: 00:01.00 (Saving: 00:00.02)

Fra:103 Mem:25.07M (0.00M, Peak 100.70M) | Preparing Scene data
Fra:103 Mem:28.28M (0.00M, Peak 100.70M) | Preparing Scene data
Fra:103 Mem:28.30M (0.00M, Peak 100.70M) | Creating Shadowbuffers
Fra:103 Mem:28.30M (0.00M, Peak 100.70M) | Caching Point Densities
Fra:103 Mem:28.30M (0.00M, Peak 100.70M) Sce: 1 Ve:6361 Fa:5240 Ha:2464 La:1
Fra:103 Mem:28.30M (0.00M, Peak 100.70M) | Loading voxel datasets
Fra:103 Mem:28.30M (0.00M, Peak 100.70M) Sce: 1 Ve:6361 Fa:5240 Ha:2464 La:1
Fra:103 Mem:28.30M (0.00M, Peak 100.70M) Sce: 1 Ve:6361 Fa:5240 Ha:2464 La:1
Fra:103 Mem:28.30M (0.00M, Peak 100.70M) Sce: 1 Ve:6361 Fa:5240 Ha:2464 La:1
Fra:103 Mem:78.28M (0.00M, Peak 100.70M) | 1, Part 2-4
Fra:103 Mem:52.18M (0.00M, Peak 100.70M) | 1, Part 3-4
Fra:103 Mem:46.86M (0.00M, Peak 100.70M) | 1, Part 4-4
Fra:103 Mem:31.27M (0.00M, Peak 100.70M) | 1, Part 1-4
Fra:103 Mem:25.03M (0.00M, Peak 100.70M) Sce: 1 Ve:6361 Fa:5240 Ha:2464 La:1
Saved: star-collapse-0103 Time: 00:01.05 (Saving: 00:00.02)

Fra:104 Mem:25.07M (0.00M, Peak 100.70M) | Preparing Scene data
Fra:104 Mem:28.28M (0.00M, Peak 100.70M) | Preparing Scene data
Fra:104 Mem:28.30M (0.00M, Peak 100.70M) | Creating Shadowbuffers
Fra:104 Mem:28.30M (0.00M, Peak 100.70M) | Caching Point Densities
Fra:104 Mem:28.30M (0.00M, Peak 100.70M) Sce: 1 Ve:6361 Fa:5240 Ha:2466 La:1
Fra:104 Mem:28.30M (0.00M, Peak 100.70M) | Loading voxel datasets
Fra:104 Mem:28.30M (0.00M, Peak 100.70M) Sce: 1 Ve:6361 Fa:5240 Ha:2466 La:1
Fra:104 Mem:28.30M (0.00M, Peak 100.70M) Sce: 1 Ve:6361 Fa:5240 Ha:2466 La:1
Fra:104 Mem:28.30M (0.00M, Peak 100.70M) Sce: 1 Ve:6361 Fa:5240 Ha:2466 La:1
Fra:104 Mem:78.16M (0.00M, Peak 100.70M) | 1, Part 2-4
Fra:104 Mem:62.45M (0.00M, Peak 100.70M) | 1, Part 3-4
Fra:104 Mem:46.86M (0.00M, Peak 100.70M) | 1, Part 1-4
Fra:104 Mem:31.27M (0.00M, Peak 100.70M) | 1, Part 4-4
Fra:104 Mem:25.03M (0.00M, Peak 100.70M) Sce: 1 Ve:6361 Fa:5240 Ha:2466 La:1
Saved: star-collapse-0104 Time: 00:00.95 (Saving: 00:00.02)

Fra:105 Mem:28.28M (0.00M, Peak 100.70M) | Preparing Scene data
Fra:105 Mem:28.30M (0.00M, Peak 100.70M) | Creating Shadowbuffers
Fra:105 Mem:28.30M (0.00M, Peak 100.70M) | Caching Point Densities
Fra:105 Mem:28.30M (0.00M, Peak 100.70M) Sce: 1 Ve:6361 Fa:5240 Ha:2462 La:1
Fra:105 Mem:28.30M (0.00M, Peak 100.70M) | Loading voxel datasets
Fra:105 Mem:28.30M (0.00M, Peak 100.70M) Sce: 1 Ve:6361 Fa:5240 Ha:2462 La:1
Fra:105 Mem:28.30M (0.00M, Peak 100.70M) Sce: 1 Ve:6361 Fa:5240 Ha:2462 La:1
Fra:105 Mem:28.30M (0.00M, Peak 100.70M) Sce: 1 Ve:6361 Fa:5240 Ha:2462 La:1
Fra:105 Mem:78.16M (0.00M, Peak 101.85M) | 1, Part 2-4
Fra:105 Mem:62.45M (0.00M, Peak 101.85M) | 1, Part 3-4
Fra:105 Mem:46.86M (0.00M, Peak 101.85M) | 1, Part 4-4
Fra:105 Mem:31.27M (0.00M, Peak 101.85M) | 1, Part 1-4
Fra:105 Mem:25.03M (0.00M, Peak 101.85M) Sce: 1 Ve:6361 Fa:5240 Ha:2462 La:1
Saved: star-collapse-0105 Time: 00:00.95 (Saving: 00:00.02)

Fra:106 Mem:25.07M (0.00M, Peak 101.85M) | Preparing Scene data
Fra:106 Mem:28.28M (0.00M, Peak 101.85M) | Preparing Scene data
Fra:106 Mem:28.30M (0.00M, Peak 101.85M) | Creating Shadowbuffers
Fra:106 Mem:28.30M (0.00M, Peak 101.85M) | Caching Point Densities
Fra:106 Mem:28.30M (0.00M, Peak 101.85M) Sce: 1 Ve:6361 Fa:5240 Ha:2464 La:1
Fra:106 Mem:28.30M (0.00M, Peak 101.85M) | Loading voxel datasets
Fra:106 Mem:28.30M (0.00M, Peak 101.85M) Sce: 1 Ve:6361 Fa:5240 Ha:2464 La:1
Fra:106 Mem:28.30M (0.00M, Peak 101.85M) Sce: 1 Ve:6361 Fa:5240 Ha:2464 La:1
Fra:106 Mem:28.30M (0.00M, Peak 101.85M) Sce: 1 Ve:6361 Fa:5240 Ha:2464 La:1
Fra:106 Mem:78.16M (0.00M, Peak 101.85M) | 1, Part 2-4
Fra:106 Mem:62.45M (0.00M, Peak 101.85M) | 1, Part 3-4
Fra:106 Mem:46.86M (0.00M, Peak 101.85M) | 1, Part 4-4
Fra:106 Mem:31.27M (0.00M, Peak 101.85M) | 1, Part 1-4
Fra:106 Mem:25.03M (0.00M, Peak 101.85M) Sce: 1 Ve:6361 Fa:5240 Ha:2464 La:1
Saved: star-collapse-0106 Time: 00:01.39 (Saving: 00:00.04)

Fra:107 Mem:25.07M (0.00M, Peak 101.85M) | Preparing Scene data
Fra:107 Mem:28.28M (0.00M, Peak 101.85M) | Preparing Scene data
Fra:107 Mem:28.30M (0.00M, Peak 101.85M) | Creating Shadowbuffers
Fra:107 Mem:28.30M (0.00M, Peak 101.85M) | Caching Point Densities
Fra:107 Mem:28.30M (0.00M, Peak 101.85M) Sce: 1 Ve:6361 Fa:5240 Ha:2460 La:1
Fra:107 Mem:28.30M (0.00M, Peak 101.85M) | Loading voxel datasets
Fra:107 Mem:28.30M (0.00M, Peak 101.85M) Sce: 1 Ve:6361 Fa:5240 Ha:2460 La:1
Fra:107 Mem:28.30M (0.00M, Peak 101.85M) Sce: 1 Ve:6361 Fa:5240 Ha:2460 La:1
Fra:107 Mem:28.30M (0.00M, Peak 101.85M) Sce: 1 Ve:6361 Fa:5240 Ha:2460 La:1
Fra:107 Mem:65.41M (0.00M, Peak 101.85M) | 1, Part 3-4
Fra:107 Mem:62.45M (0.00M, Peak 101.85M) | 1, Part 2-4
Fra:107 Mem:46.86M (0.00M, Peak 101.85M) | 1, Part 4-4
Fra:107 Mem:31.27M (0.00M, Peak 101.85M) | 1, Part 1-4
Fra:107 Mem:25.03M (0.00M, Peak 101.85M) Sce: 1 Ve:6361 Fa:5240 Ha:2460 La:1
Saved: star-collapse-0107 Time: 00:01.92 (Saving: 00:00.04)

Fra:108 Mem:25.14M (0.00M, Peak 101.85M) | Preparing Scene data
Fra:108 Mem:28.35M (0.00M, Peak 101.85M) | Preparing Scene data
Fra:108 Mem:28.37M (0.00M, Peak 101.85M) | Creating Shadowbuffers
Fra:108 Mem:28.37M (0.00M, Peak 101.85M) | Caching Point Densities
Fra:108 Mem:28.37M (0.00M, Peak 101.85M) Sce: 1 Ve:6361 Fa:5240 Ha:2462 La:1
Fra:108 Mem:28.37M (0.00M, Peak 101.85M) | Loading voxel datasets
Fra:108 Mem:28.37M (0.00M, Peak 101.85M) Sce: 1 Ve:6361 Fa:5240 Ha:2462 La:1
Fra:108 Mem:28.37M (0.00M, Peak 101.85M) Sce: 1 Ve:6361 Fa:5240 Ha:2462 La:1
Fra:108 Mem:28.37M (0.00M, Peak 101.85M) Sce: 1 Ve:6361 Fa:5240 Ha:2462 La:1
Fra:108 Mem:77.98M (0.00M, Peak 101.85M) | 1, Part 3-4
Fra:108 Mem:62.52M (0.00M, Peak 101.85M) | 1, Part 2-4
Fra:108 Mem:46.93M (0.00M, Peak 101.85M) | 1, Part 4-4
Fra:108 Mem:31.34M (0.00M, Peak 101.85M) | 1, Part 1-4
Fra:108 Mem:25.10M (0.00M, Peak 101.85M) Sce: 1 Ve:6361 Fa:5240 Ha:2462 La:1
Saved: star-collapse-0108 Time: 00:01.81 (Saving: 00:00.04)

Error, region type 2 missing in - name:"Info", id:7
Error, region type 4 missing in - name:"Info", id:7

Blender quit

real	0m15.315s
user	0m25.914s
sys	0m0.700s
