ALSA lib confmisc.c:768:(parse_card) cannot find card '0'
ALSA lib conf.c:4292:(_snd_config_evaluate) function snd_func_card_driver returned error: No such file or directory
ALSA lib confmisc.c:392:(snd_func_concat) error evaluating strings
ALSA lib conf.c:4292:(_snd_config_evaluate) function snd_func_concat returned error: No such file or directory
ALSA lib confmisc.c:1251:(snd_func_refer) error evaluating name
ALSA lib conf.c:4292:(_snd_config_evaluate) function snd_func_refer returned error: No such file or directory
ALSA lib conf.c:4771:(snd_config_expand) Evaluate error: No such file or directory
ALSA lib pcm.c:2266:(snd_pcm_open_noupdate) Unknown PCM default
AL lib: alsa_open_playback: Could not open playback device 'default': No such file or directory
found bundled python: /sfs/nfs/blender/2.70/2.70/python
read blend: /home/sr7cb/ParallelComputing/test/Star-collapse-ntsc.blend
Old particle system converted to new system.
Old particle system converted to new system.
Old particle system converted to new system.
Old particle system converted to new system.
Old particle system converted to new system.
Old particle system converted to new system.
Old particle system converted to new system.
Old particle system converted to new system.
Old particle system converted to new system.
Old particle system converted to new system.
Old particle system converted to new system.
2.66 versioning fix: replacing black sky with premultiplied alpha for scene 1
Fra:37 Mem:10.49M (0.00M, Peak 10.49M) | Preparing Scene data
Fra:37 Mem:13.68M (0.00M, Peak 13.70M) | Preparing Scene data
Fra:37 Mem:13.70M (0.00M, Peak 13.70M) | Creating Shadowbuffers
Fra:37 Mem:13.70M (0.00M, Peak 13.70M) | Caching Point Densities
Fra:37 Mem:13.70M (0.00M, Peak 13.70M) Sce: 1 Ve:5605 Fa:3980 Ha:1760 La:1
Fra:37 Mem:13.70M (0.00M, Peak 13.70M) | Loading voxel datasets
Fra:37 Mem:13.70M (0.00M, Peak 13.70M) Sce: 1 Ve:5605 Fa:3980 Ha:1760 La:1
Fra:37 Mem:13.70M (0.00M, Peak 13.70M) Sce: 1 Ve:5605 Fa:3980 Ha:1760 La:1
Fra:37 Mem:13.70M (0.00M, Peak 13.70M) Sce: 1 Ve:5605 Fa:3980 Ha:1760 La:1
Fra:37 Mem:74.31M (0.00M, Peak 91.82M) | 1, Part 2-4
Fra:37 Mem:62.82M (0.00M, Peak 91.82M) | 1, Part 1-4
Fra:37 Mem:46.98M (0.00M, Peak 91.82M) | 1, Part 4-4
Fra:37 Mem:31.14M (0.00M, Peak 91.82M) | 1, Part 3-4
Fra:37 Mem:24.92M (0.00M, Peak 91.82M) Sce: 1 Ve:5605 Fa:3980 Ha:1760 La:1
Saved: star-collapse-0037 Time: 00:00.88 (Saving: 00:00.02)

Fra:38 Mem:28.20M (0.00M, Peak 91.82M) | Preparing Scene data
Fra:38 Mem:28.21M (0.00M, Peak 91.82M) | Creating Shadowbuffers
Fra:38 Mem:28.21M (0.00M, Peak 91.82M) | Caching Point Densities
Fra:38 Mem:28.21M (0.00M, Peak 91.82M) Sce: 1 Ve:5617 Fa:4000 Ha:1776 La:1
Fra:38 Mem:28.21M (0.00M, Peak 91.82M) | Loading voxel datasets
Fra:38 Mem:28.21M (0.00M, Peak 91.82M) Sce: 1 Ve:5617 Fa:4000 Ha:1776 La:1
Fra:38 Mem:28.22M (0.00M, Peak 91.82M) Sce: 1 Ve:5617 Fa:4000 Ha:1776 La:1
Fra:38 Mem:28.22M (0.00M, Peak 91.82M) Sce: 1 Ve:5617 Fa:4000 Ha:1776 La:1
Fra:38 Mem:78.20M (0.00M, Peak 100.84M) | 1, Part 2-4
Fra:38 Mem:62.86M (0.00M, Peak 100.84M) | 1, Part 1-4
Fra:38 Mem:47.02M (0.00M, Peak 100.84M) | 1, Part 4-4
Fra:38 Mem:31.18M (0.00M, Peak 100.84M) | 1, Part 3-4
Fra:38 Mem:24.97M (0.00M, Peak 100.84M) Sce: 1 Ve:5617 Fa:4000 Ha:1776 La:1
Saved: star-collapse-0038 Time: 00:00.84 (Saving: 00:00.02)

Fra:39 Mem:25.01M (0.00M, Peak 100.84M) | Preparing Scene data
Fra:39 Mem:28.20M (0.00M, Peak 100.84M) | Preparing Scene data
Fra:39 Mem:28.21M (0.00M, Peak 100.84M) | Creating Shadowbuffers
Fra:39 Mem:28.21M (0.00M, Peak 100.84M) | Caching Point Densities
Fra:39 Mem:28.21M (0.00M, Peak 100.84M) Sce: 1 Ve:5629 Fa:4020 Ha:1798 La:1
Fra:39 Mem:28.21M (0.00M, Peak 100.84M) | Loading voxel datasets
Fra:39 Mem:28.21M (0.00M, Peak 100.84M) Sce: 1 Ve:5629 Fa:4020 Ha:1798 La:1
Fra:39 Mem:28.22M (0.00M, Peak 100.84M) Sce: 1 Ve:5629 Fa:4020 Ha:1798 La:1
Fra:39 Mem:28.22M (0.00M, Peak 100.84M) Sce: 1 Ve:5629 Fa:4020 Ha:1798 La:1
Fra:39 Mem:78.20M (0.00M, Peak 100.85M) | 1, Part 2-4
Fra:39 Mem:62.86M (0.00M, Peak 100.85M) | 1, Part 1-4
Fra:39 Mem:47.02M (0.00M, Peak 100.85M) | 1, Part 4-4
Fra:39 Mem:31.19M (0.00M, Peak 100.85M) | 1, Part 3-4
Fra:39 Mem:24.97M (0.00M, Peak 100.85M) Sce: 1 Ve:5629 Fa:4020 Ha:1798 La:1
Saved: star-collapse-0039 Time: 00:00.59 (Saving: 00:00.02)

Fra:40 Mem:28.20M (0.00M, Peak 100.85M) | Preparing Scene data
Fra:40 Mem:28.22M (0.00M, Peak 100.85M) | Creating Shadowbuffers
Fra:40 Mem:28.22M (0.00M, Peak 100.85M) | Caching Point Densities
Fra:40 Mem:28.22M (0.00M, Peak 100.85M) Sce: 1 Ve:5641 Fa:4040 Ha:1814 La:1
Fra:40 Mem:28.22M (0.00M, Peak 100.85M) | Loading voxel datasets
Fra:40 Mem:28.22M (0.00M, Peak 100.85M) Sce: 1 Ve:5641 Fa:4040 Ha:1814 La:1
Fra:40 Mem:28.22M (0.00M, Peak 100.85M) Sce: 1 Ve:5641 Fa:4040 Ha:1814 La:1
Fra:40 Mem:28.22M (0.00M, Peak 100.85M) Sce: 1 Ve:5641 Fa:4040 Ha:1814 La:1
Fra:40 Mem:77.92M (0.00M, Peak 100.85M) | 1, Part 2-4
Fra:40 Mem:62.86M (0.00M, Peak 100.85M) | 1, Part 1-4
Fra:40 Mem:47.02M (0.00M, Peak 100.85M) | 1, Part 3-4
Fra:40 Mem:31.19M (0.00M, Peak 100.85M) | 1, Part 4-4
Fra:40 Mem:24.97M (0.00M, Peak 100.85M) Sce: 1 Ve:5641 Fa:4040 Ha:1814 La:1
Saved: star-collapse-0040 Time: 00:00.58 (Saving: 00:00.02)

Fra:41 Mem:25.01M (0.00M, Peak 100.85M) | Preparing Scene data
Fra:41 Mem:28.20M (0.00M, Peak 100.85M) | Preparing Scene data
Fra:41 Mem:28.22M (0.00M, Peak 100.85M) | Creating Shadowbuffers
Fra:41 Mem:28.22M (0.00M, Peak 100.85M) | Caching Point Densities
Fra:41 Mem:28.22M (0.00M, Peak 100.85M) Sce: 1 Ve:5653 Fa:4060 Ha:1837 La:1
Fra:41 Mem:28.22M (0.00M, Peak 100.85M) | Loading voxel datasets
Fra:41 Mem:28.22M (0.00M, Peak 100.85M) Sce: 1 Ve:5653 Fa:4060 Ha:1837 La:1
Fra:41 Mem:28.22M (0.00M, Peak 100.85M) Sce: 1 Ve:5653 Fa:4060 Ha:1837 La:1
Fra:41 Mem:28.22M (0.00M, Peak 100.85M) Sce: 1 Ve:5653 Fa:4060 Ha:1837 La:1
Fra:41 Mem:77.64M (0.00M, Peak 100.85M) | 1, Part 2-4
Fra:41 Mem:62.86M (0.00M, Peak 100.85M) | 1, Part 1-4
Fra:41 Mem:47.03M (0.00M, Peak 100.85M) | 1, Part 3-4
Fra:41 Mem:31.19M (0.00M, Peak 100.85M) | 1, Part 4-4
Fra:41 Mem:24.97M (0.00M, Peak 100.85M) Sce: 1 Ve:5653 Fa:4060 Ha:1837 La:1
Saved: star-collapse-0041 Time: 00:00.60 (Saving: 00:00.02)

Fra:42 Mem:28.20M (0.00M, Peak 100.85M) | Preparing Scene data
Fra:42 Mem:28.22M (0.00M, Peak 100.85M) | Creating Shadowbuffers
Fra:42 Mem:28.22M (0.00M, Peak 100.85M) | Caching Point Densities
Fra:42 Mem:28.22M (0.00M, Peak 100.85M) Sce: 1 Ve:5665 Fa:4080 Ha:1853 La:1
Fra:42 Mem:28.22M (0.00M, Peak 100.85M) | Loading voxel datasets
Fra:42 Mem:28.22M (0.00M, Peak 100.85M) Sce: 1 Ve:5665 Fa:4080 Ha:1853 La:1
Fra:42 Mem:28.22M (0.00M, Peak 100.85M) Sce: 1 Ve:5665 Fa:4080 Ha:1853 La:1
Fra:42 Mem:28.22M (0.00M, Peak 100.85M) Sce: 1 Ve:5665 Fa:4080 Ha:1853 La:1
Fra:42 Mem:77.92M (0.00M, Peak 100.85M) | 1, Part 2-4
Fra:42 Mem:62.86M (0.00M, Peak 100.85M) | 1, Part 1-4
Fra:42 Mem:47.03M (0.00M, Peak 100.85M) | 1, Part 3-4
Fra:42 Mem:31.19M (0.00M, Peak 100.85M) | 1, Part 4-4
Fra:42 Mem:24.97M (0.00M, Peak 100.85M) Sce: 1 Ve:5665 Fa:4080 Ha:1853 La:1
Saved: star-collapse-0042 Time: 00:00.63 (Saving: 00:00.04)

Fra:43 Mem:25.01M (0.00M, Peak 100.85M) | Preparing Scene data
Fra:43 Mem:28.20M (0.00M, Peak 100.85M) | Preparing Scene data
Fra:43 Mem:28.22M (0.00M, Peak 100.85M) | Creating Shadowbuffers
Fra:43 Mem:28.22M (0.00M, Peak 100.85M) | Caching Point Densities
Fra:43 Mem:28.22M (0.00M, Peak 100.85M) Sce: 1 Ve:5677 Fa:4100 Ha:1875 La:1
Fra:43 Mem:28.22M (0.00M, Peak 100.85M) | Loading voxel datasets
Fra:43 Mem:28.22M (0.00M, Peak 100.85M) Sce: 1 Ve:5677 Fa:4100 Ha:1875 La:1
Fra:43 Mem:28.22M (0.00M, Peak 100.85M) Sce: 1 Ve:5677 Fa:4100 Ha:1875 La:1
Fra:43 Mem:28.22M (0.00M, Peak 100.85M) Sce: 1 Ve:5677 Fa:4100 Ha:1875 La:1
Fra:43 Mem:77.92M (0.00M, Peak 100.85M) | 1, Part 2-4
Fra:43 Mem:62.87M (0.00M, Peak 100.85M) | 1, Part 1-4
Fra:43 Mem:47.03M (0.00M, Peak 100.85M) | 1, Part 4-4
Fra:43 Mem:31.19M (0.00M, Peak 100.85M) | 1, Part 3-4
Fra:43 Mem:24.97M (0.00M, Peak 100.85M) Sce: 1 Ve:5677 Fa:4100 Ha:1875 La:1
Saved: star-collapse-0043 Time: 00:00.70 (Saving: 00:00.02)

Fra:44 Mem:28.21M (0.00M, Peak 100.85M) | Preparing Scene data
Fra:44 Mem:28.22M (0.00M, Peak 100.85M) | Creating Shadowbuffers
Fra:44 Mem:28.22M (0.00M, Peak 100.85M) | Caching Point Densities
Fra:44 Mem:28.22M (0.00M, Peak 100.85M) Sce: 1 Ve:5689 Fa:4120 Ha:1891 La:1
Fra:44 Mem:28.22M (0.00M, Peak 100.85M) | Loading voxel datasets
Fra:44 Mem:28.22M (0.00M, Peak 100.85M) Sce: 1 Ve:5689 Fa:4120 Ha:1891 La:1
Fra:44 Mem:28.22M (0.00M, Peak 100.85M) Sce: 1 Ve:5689 Fa:4120 Ha:1891 La:1
Fra:44 Mem:28.22M (0.00M, Peak 100.85M) Sce: 1 Ve:5689 Fa:4120 Ha:1891 La:1
Fra:44 Mem:77.36M (0.00M, Peak 100.85M) | 1, Part 2-4
Fra:44 Mem:62.87M (0.00M, Peak 100.85M) | 1, Part 1-4
Fra:44 Mem:47.03M (0.00M, Peak 100.85M) | 1, Part 4-4
Fra:44 Mem:31.19M (0.00M, Peak 100.85M) | 1, Part 3-4
Fra:44 Mem:24.97M (0.00M, Peak 100.85M) Sce: 1 Ve:5689 Fa:4120 Ha:1891 La:1
Saved: star-collapse-0044 Time: 00:00.68 (Saving: 00:00.02)

Fra:45 Mem:25.01M (0.00M, Peak 100.85M) | Preparing Scene data
Fra:45 Mem:28.21M (0.00M, Peak 100.85M) | Preparing Scene data
Fra:45 Mem:28.22M (0.00M, Peak 100.85M) | Creating Shadowbuffers
Fra:45 Mem:28.22M (0.00M, Peak 100.85M) | Caching Point Densities
Fra:45 Mem:28.22M (0.00M, Peak 100.85M) Sce: 1 Ve:5701 Fa:4140 Ha:1913 La:1
Fra:45 Mem:28.22M (0.00M, Peak 100.85M) | Loading voxel datasets
Fra:45 Mem:28.22M (0.00M, Peak 100.85M) Sce: 1 Ve:5701 Fa:4140 Ha:1913 La:1
Fra:45 Mem:28.22M (0.00M, Peak 100.85M) Sce: 1 Ve:5701 Fa:4140 Ha:1913 La:1
Fra:45 Mem:28.22M (0.00M, Peak 100.85M) Sce: 1 Ve:5701 Fa:4140 Ha:1913 La:1
Fra:45 Mem:77.64M (0.00M, Peak 100.85M) | 1, Part 2-4
Fra:45 Mem:62.87M (0.00M, Peak 100.85M) | 1, Part 1-4
Fra:45 Mem:47.03M (0.00M, Peak 100.85M) | 1, Part 4-4
Fra:45 Mem:31.19M (0.00M, Peak 100.85M) | 1, Part 3-4
Fra:45 Mem:24.97M (0.00M, Peak 100.85M) Sce: 1 Ve:5701 Fa:4140 Ha:1913 La:1
Saved: star-collapse-0045 Time: 00:00.69 (Saving: 00:00.02)

Fra:46 Mem:28.21M (0.00M, Peak 100.85M) | Preparing Scene data
Fra:46 Mem:28.22M (0.00M, Peak 100.85M) | Creating Shadowbuffers
Fra:46 Mem:28.22M (0.00M, Peak 100.85M) | Caching Point Densities
Fra:46 Mem:28.22M (0.00M, Peak 100.85M) Sce: 1 Ve:5713 Fa:4160 Ha:1929 La:1
Fra:46 Mem:28.22M (0.00M, Peak 100.85M) | Loading voxel datasets
Fra:46 Mem:28.22M (0.00M, Peak 100.85M) Sce: 1 Ve:5713 Fa:4160 Ha:1929 La:1
Fra:46 Mem:28.23M (0.00M, Peak 100.85M) Sce: 1 Ve:5713 Fa:4160 Ha:1929 La:1
Fra:46 Mem:28.23M (0.00M, Peak 100.85M) Sce: 1 Ve:5713 Fa:4160 Ha:1929 La:1
Fra:46 Mem:77.77M (0.00M, Peak 100.85M) | 1, Part 2-4
Fra:46 Mem:62.87M (0.00M, Peak 100.85M) | 1, Part 1-4
Fra:46 Mem:47.03M (0.00M, Peak 100.85M) | 1, Part 4-4
Fra:46 Mem:31.19M (0.00M, Peak 100.85M) | 1, Part 3-4
Fra:46 Mem:24.97M (0.00M, Peak 100.85M) Sce: 1 Ve:5713 Fa:4160 Ha:1929 La:1
Saved: star-collapse-0046 Time: 00:01.23 (Saving: 00:00.04)

Fra:47 Mem:25.01M (0.00M, Peak 100.85M) | Preparing Scene data
Fra:47 Mem:28.21M (0.00M, Peak 100.85M) | Preparing Scene data
Fra:47 Mem:28.22M (0.00M, Peak 100.85M) | Creating Shadowbuffers
Fra:47 Mem:28.22M (0.00M, Peak 100.85M) | Caching Point Densities
Fra:47 Mem:28.22M (0.00M, Peak 100.85M) Sce: 1 Ve:5725 Fa:4180 Ha:1951 La:1
Fra:47 Mem:28.22M (0.00M, Peak 100.85M) | Loading voxel datasets
Fra:47 Mem:28.22M (0.00M, Peak 100.85M) Sce: 1 Ve:5725 Fa:4180 Ha:1951 La:1
Fra:47 Mem:28.23M (0.00M, Peak 100.85M) Sce: 1 Ve:5725 Fa:4180 Ha:1951 La:1
Fra:47 Mem:28.23M (0.00M, Peak 100.85M) Sce: 1 Ve:5725 Fa:4180 Ha:1951 La:1
Fra:47 Mem:78.05M (0.00M, Peak 100.85M) | 1, Part 2-4
Fra:47 Mem:62.87M (0.00M, Peak 100.85M) | 1, Part 1-4
Fra:47 Mem:47.03M (0.00M, Peak 100.85M) | 1, Part 4-4
Fra:47 Mem:31.20M (0.00M, Peak 100.85M) | 1, Part 3-4
Fra:47 Mem:24.97M (0.00M, Peak 100.85M) Sce: 1 Ve:5725 Fa:4180 Ha:1951 La:1
Saved: star-collapse-0047 Time: 00:01.38 (Saving: 00:00.04)

Fra:48 Mem:25.06M (0.00M, Peak 100.85M) | Preparing Scene data
Fra:48 Mem:28.26M (0.00M, Peak 100.85M) | Preparing Scene data
Fra:48 Mem:28.27M (0.00M, Peak 100.85M) | Creating Shadowbuffers
Fra:48 Mem:28.27M (0.00M, Peak 100.85M) | Caching Point Densities
Fra:48 Mem:28.27M (0.00M, Peak 100.85M) Sce: 1 Ve:5737 Fa:4200 Ha:1967 La:1
Fra:48 Mem:28.27M (0.00M, Peak 100.85M) | Loading voxel datasets
Fra:48 Mem:28.27M (0.00M, Peak 100.85M) Sce: 1 Ve:5737 Fa:4200 Ha:1967 La:1
Fra:48 Mem:28.28M (0.00M, Peak 100.85M) Sce: 1 Ve:5737 Fa:4200 Ha:1967 La:1
Fra:48 Mem:28.28M (0.00M, Peak 100.85M) Sce: 1 Ve:5737 Fa:4200 Ha:1967 La:1
Fra:48 Mem:77.54M (0.00M, Peak 100.85M) | 1, Part 2-4
Fra:48 Mem:62.92M (0.00M, Peak 100.85M) | 1, Part 1-4
Fra:48 Mem:47.08M (0.00M, Peak 100.85M) | 1, Part 4-4
Fra:48 Mem:31.25M (0.00M, Peak 100.85M) | 1, Part 3-4
Fra:48 Mem:25.02M (0.00M, Peak 100.85M) Sce: 1 Ve:5737 Fa:4200 Ha:1967 La:1
Saved: star-collapse-0048 Time: 00:01.41 (Saving: 00:00.04)

Error, region type 2 missing in - name:"Info", id:7
Error, region type 4 missing in - name:"Info", id:7

Blender quit

real	0m11.514s
user	0m18.466s
sys	0m0.772s
