ALSA lib confmisc.c:768:(parse_card) cannot find card '0'
ALSA lib conf.c:4292:(_snd_config_evaluate) function snd_func_card_driver returned error: No such file or directory
ALSA lib confmisc.c:392:(snd_func_concat) error evaluating strings
ALSA lib conf.c:4292:(_snd_config_evaluate) function snd_func_concat returned error: No such file or directory
ALSA lib confmisc.c:1251:(snd_func_refer) error evaluating name
ALSA lib conf.c:4292:(_snd_config_evaluate) function snd_func_refer returned error: No such file or directory
ALSA lib conf.c:4771:(snd_config_expand) Evaluate error: No such file or directory
ALSA lib pcm.c:2266:(snd_pcm_open_noupdate) Unknown PCM default
AL lib: alsa_open_playback: Could not open playback device 'default': No such file or directory
found bundled python: /sfs/nfs/blender/2.70/2.70/python
read blend: /home/sr7cb/ParallelComputing/test/Star-collapse-ntsc.blend
Old particle system converted to new system.
Old particle system converted to new system.
Old particle system converted to new system.
Old particle system converted to new system.
Old particle system converted to new system.
Old particle system converted to new system.
Old particle system converted to new system.
Old particle system converted to new system.
Old particle system converted to new system.
Old particle system converted to new system.
Old particle system converted to new system.
2.66 versioning fix: replacing black sky with premultiplied alpha for scene 1
Fra:229 Mem:10.64M (0.00M, Peak 10.64M) | Preparing Scene data
Fra:229 Mem:14.69M (0.00M, Peak 14.73M) | Preparing Scene data
Fra:229 Mem:14.73M (0.00M, Peak 14.73M) | Creating Shadowbuffers
Fra:229 Mem:14.73M (0.00M, Peak 14.73M) | Caching Point Densities
Fra:229 Mem:14.73M (0.00M, Peak 14.73M) Sce: 1 Ve:7409 Fa:8646 Ha:4465 La:1
Fra:229 Mem:14.73M (0.00M, Peak 14.73M) | Loading voxel datasets
Fra:229 Mem:14.73M (0.00M, Peak 14.73M) Sce: 1 Ve:7409 Fa:8646 Ha:4465 La:1
Fra:229 Mem:14.73M (0.00M, Peak 14.73M) Sce: 1 Ve:7409 Fa:8646 Ha:4465 La:1
Fra:229 Mem:14.73M (0.00M, Peak 14.73M) Sce: 1 Ve:7409 Fa:8646 Ha:4465 La:1
Fra:229 Mem:77.37M (0.00M, Peak 95.38M) | 1, Part 4-4
Fra:229 Mem:61.66M (0.00M, Peak 95.38M) | 1, Part 2-4
Fra:229 Mem:46.07M (0.00M, Peak 95.38M) | 1, Part 1-4
Fra:229 Mem:32.17M (0.00M, Peak 95.38M) | 1, Part 3-4
Fra:229 Mem:25.08M (0.00M, Peak 95.38M) Sce: 1 Ve:7409 Fa:8646 Ha:4465 La:1
Saved: star-collapse-0229 Time: 00:01.29 (Saving: 00:00.02)

Fra:230 Mem:25.31M (0.00M, Peak 95.38M) | Preparing Scene data
Fra:230 Mem:29.36M (0.00M, Peak 95.38M) | Preparing Scene data
Fra:230 Mem:29.39M (0.00M, Peak 95.38M) | Creating Shadowbuffers
Fra:230 Mem:29.39M (0.00M, Peak 95.38M) | Caching Point Densities
Fra:230 Mem:29.39M (0.00M, Peak 95.38M) Sce: 1 Ve:7409 Fa:8646 Ha:4456 La:1
Fra:230 Mem:29.39M (0.00M, Peak 95.38M) | Loading voxel datasets
Fra:230 Mem:29.39M (0.00M, Peak 95.38M) Sce: 1 Ve:7409 Fa:8646 Ha:4456 La:1
Fra:230 Mem:29.39M (0.00M, Peak 95.38M) Sce: 1 Ve:7409 Fa:8646 Ha:4456 La:1
Fra:230 Mem:29.39M (0.00M, Peak 95.38M) Sce: 1 Ve:7409 Fa:8646 Ha:4456 La:1
Fra:230 Mem:84.24M (0.00M, Peak 98.30M) | 1, Part 1-4
Fra:230 Mem:61.98M (0.00M, Peak 98.30M) | 1, Part 4-4
Fra:230 Mem:46.26M (0.00M, Peak 98.30M) | 1, Part 2-4
Fra:230 Mem:32.36M (0.00M, Peak 98.30M) | 1, Part 3-4
Fra:230 Mem:25.27M (0.00M, Peak 98.30M) Sce: 1 Ve:7409 Fa:8646 Ha:4456 La:1
Saved: star-collapse-0230 Time: 00:01.17 (Saving: 00:00.02)

Fra:231 Mem:25.31M (0.00M, Peak 98.30M) | Preparing Scene data
Fra:231 Mem:29.36M (0.00M, Peak 98.30M) | Preparing Scene data
Fra:231 Mem:29.39M (0.00M, Peak 98.30M) | Creating Shadowbuffers
Fra:231 Mem:29.39M (0.00M, Peak 98.30M) | Caching Point Densities
Fra:231 Mem:29.39M (0.00M, Peak 98.30M) Sce: 1 Ve:7409 Fa:8646 Ha:4447 La:1
Fra:231 Mem:29.39M (0.00M, Peak 98.30M) | Loading voxel datasets
Fra:231 Mem:29.39M (0.00M, Peak 98.30M) Sce: 1 Ve:7409 Fa:8646 Ha:4447 La:1
Fra:231 Mem:29.39M (0.00M, Peak 98.30M) Sce: 1 Ve:7409 Fa:8646 Ha:4447 La:1
Fra:231 Mem:29.39M (0.00M, Peak 98.30M) Sce: 1 Ve:7409 Fa:8646 Ha:4447 La:1
Fra:231 Mem:77.78M (0.00M, Peak 100.68M) | 1, Part 1-4
Fra:231 Mem:62.07M (0.00M, Peak 100.68M) | 1, Part 2-4
Fra:231 Mem:48.33M (0.00M, Peak 100.68M) | 1, Part 3-4
Fra:231 Mem:32.36M (0.00M, Peak 100.68M) | 1, Part 4-4
Fra:231 Mem:25.27M (0.00M, Peak 100.68M) Sce: 1 Ve:7409 Fa:8646 Ha:4447 La:1
Saved: star-collapse-0231 Time: 00:01.16 (Saving: 00:00.02)

Fra:232 Mem:25.31M (0.00M, Peak 100.68M) | Preparing Scene data
Fra:232 Mem:29.36M (0.00M, Peak 100.68M) | Preparing Scene data
Fra:232 Mem:29.39M (0.00M, Peak 100.68M) | Creating Shadowbuffers
Fra:232 Mem:29.39M (0.00M, Peak 100.68M) | Caching Point Densities
Fra:232 Mem:29.39M (0.00M, Peak 100.68M) Sce: 1 Ve:7409 Fa:8646 Ha:4435 La:1
Fra:232 Mem:29.39M (0.00M, Peak 100.68M) | Loading voxel datasets
Fra:232 Mem:29.39M (0.00M, Peak 100.68M) Sce: 1 Ve:7409 Fa:8646 Ha:4435 La:1
Fra:232 Mem:29.39M (0.00M, Peak 100.68M) Sce: 1 Ve:7409 Fa:8646 Ha:4435 La:1
Fra:232 Mem:29.39M (0.00M, Peak 100.68M) Sce: 1 Ve:7409 Fa:8646 Ha:4435 La:1
Fra:232 Mem:77.50M (0.00M, Peak 105.53M) | 1, Part 1-4
Fra:232 Mem:61.79M (0.00M, Peak 105.53M) | 1, Part 2-4
Fra:232 Mem:48.04M (0.00M, Peak 105.53M) | 1, Part 3-4
Fra:232 Mem:32.36M (0.00M, Peak 105.53M) | 1, Part 4-4
Fra:232 Mem:25.27M (0.00M, Peak 105.53M) Sce: 1 Ve:7409 Fa:8646 Ha:4435 La:1
Saved: star-collapse-0232 Time: 00:01.12 (Saving: 00:00.02)

Fra:233 Mem:25.31M (0.00M, Peak 105.53M) | Preparing Scene data
Fra:233 Mem:29.36M (0.00M, Peak 105.53M) | Preparing Scene data
Fra:233 Mem:29.39M (0.00M, Peak 105.53M) | Creating Shadowbuffers
Fra:233 Mem:29.39M (0.00M, Peak 105.53M) | Caching Point Densities
Fra:233 Mem:29.39M (0.00M, Peak 105.53M) Sce: 1 Ve:7409 Fa:8646 Ha:4429 La:1
Fra:233 Mem:29.39M (0.00M, Peak 105.53M) | Loading voxel datasets
Fra:233 Mem:29.39M (0.00M, Peak 105.53M) Sce: 1 Ve:7409 Fa:8646 Ha:4429 La:1
Fra:233 Mem:29.39M (0.00M, Peak 105.53M) Sce: 1 Ve:7409 Fa:8646 Ha:4429 La:1
Fra:233 Mem:29.39M (0.00M, Peak 105.53M) Sce: 1 Ve:7409 Fa:8646 Ha:4429 La:1
Fra:233 Mem:77.78M (0.00M, Peak 105.53M) | 1, Part 1-4
Fra:233 Mem:62.07M (0.00M, Peak 105.53M) | 1, Part 2-4
Fra:233 Mem:48.32M (0.00M, Peak 105.53M) | 1, Part 3-4
Fra:233 Mem:32.36M (0.00M, Peak 105.53M) | 1, Part 4-4
Fra:233 Mem:25.27M (0.00M, Peak 105.53M) Sce: 1 Ve:7409 Fa:8646 Ha:4429 La:1
Saved: star-collapse-0233 Time: 00:01.17 (Saving: 00:00.02)

Fra:234 Mem:25.31M (0.00M, Peak 105.53M) | Preparing Scene data
Fra:234 Mem:29.36M (0.00M, Peak 105.53M) | Preparing Scene data
Fra:234 Mem:29.39M (0.00M, Peak 105.53M) | Creating Shadowbuffers
Fra:234 Mem:29.39M (0.00M, Peak 105.53M) | Caching Point Densities
Fra:234 Mem:29.39M (0.00M, Peak 105.53M) Sce: 1 Ve:7409 Fa:8646 Ha:4417 La:1
Fra:234 Mem:29.39M (0.00M, Peak 105.53M) | Loading voxel datasets
Fra:234 Mem:29.39M (0.00M, Peak 105.53M) Sce: 1 Ve:7409 Fa:8646 Ha:4417 La:1
Fra:234 Mem:29.39M (0.00M, Peak 105.53M) Sce: 1 Ve:7409 Fa:8646 Ha:4417 La:1
Fra:234 Mem:29.39M (0.00M, Peak 105.53M) Sce: 1 Ve:7409 Fa:8646 Ha:4417 La:1
Fra:234 Mem:78.34M (0.00M, Peak 105.53M) | 1, Part 1-4
Fra:234 Mem:62.63M (0.00M, Peak 105.53M) | 1, Part 2-4
Fra:234 Mem:48.32M (0.00M, Peak 105.53M) | 1, Part 3-4
Fra:234 Mem:32.36M (0.00M, Peak 105.53M) | 1, Part 4-4
Fra:234 Mem:25.27M (0.00M, Peak 105.53M) Sce: 1 Ve:7409 Fa:8646 Ha:4417 La:1
Saved: star-collapse-0234 Time: 00:01.17 (Saving: 00:00.02)

Error, region type 2 missing in - name:"Info", id:7
Error, region type 4 missing in - name:"Info", id:7

Blender quit

real	0m7.983s
user	0m12.978s
sys	0m0.320s
