ALSA lib confmisc.c:768:(parse_card) cannot find card '0'
ALSA lib conf.c:4292:(_snd_config_evaluate) function snd_func_card_driver returned error: No such file or directory
ALSA lib confmisc.c:392:(snd_func_concat) error evaluating strings
ALSA lib conf.c:4292:(_snd_config_evaluate) function snd_func_concat returned error: No such file or directory
ALSA lib confmisc.c:1251:(snd_func_refer) error evaluating name
ALSA lib conf.c:4292:(_snd_config_evaluate) function snd_func_refer returned error: No such file or directory
ALSA lib conf.c:4771:(snd_config_expand) Evaluate error: No such file or directory
ALSA lib pcm.c:2266:(snd_pcm_open_noupdate) Unknown PCM default
AL lib: alsa_open_playback: Could not open playback device 'default': No such file or directory
found bundled python: /sfs/nfs/blender/2.70/2.70/python
read blend: /home/sr7cb/ParallelComputing/test/Star-collapse-ntsc.blend
Old particle system converted to new system.
Old particle system converted to new system.
Old particle system converted to new system.
Old particle system converted to new system.
Old particle system converted to new system.
Old particle system converted to new system.
Old particle system converted to new system.
Old particle system converted to new system.
Old particle system converted to new system.
Old particle system converted to new system.
Old particle system converted to new system.
2.66 versioning fix: replacing black sky with premultiplied alpha for scene 1
Fra:73 Mem:10.51M (0.00M, Peak 10.52M) | Preparing Scene data
Fra:73 Mem:13.72M (0.00M, Peak 13.75M) | Preparing Scene data
Fra:73 Mem:13.73M (0.00M, Peak 13.75M) | Creating Shadowbuffers
Fra:73 Mem:13.73M (0.00M, Peak 13.75M) | Caching Point Densities
Fra:73 Mem:13.73M (0.00M, Peak 13.75M) Sce: 1 Ve:6037 Fa:4700 Ha:2225 La:1
Fra:73 Mem:13.73M (0.00M, Peak 13.75M) | Loading voxel datasets
Fra:73 Mem:13.73M (0.00M, Peak 13.75M) Sce: 1 Ve:6037 Fa:4700 Ha:2225 La:1
Fra:73 Mem:13.74M (0.00M, Peak 13.75M) Sce: 1 Ve:6037 Fa:4700 Ha:2225 La:1
Fra:73 Mem:13.74M (0.00M, Peak 13.75M) Sce: 1 Ve:6037 Fa:4700 Ha:2225 La:1
Fra:73 Mem:78.19M (0.00M, Peak 90.69M) | 1, Part 1-4
Fra:73 Mem:62.73M (0.00M, Peak 90.69M) | 1, Part 2-4
Fra:73 Mem:46.89M (0.00M, Peak 90.69M) | 1, Part 3-4
Fra:73 Mem:31.18M (0.00M, Peak 90.69M) | 1, Part 4-4
Fra:73 Mem:24.95M (0.00M, Peak 90.69M) Sce: 1 Ve:6037 Fa:4700 Ha:2225 La:1
Saved: star-collapse-0073 Time: 00:01.08 (Saving: 00:00.02)

Fra:74 Mem:25.06M (0.00M, Peak 90.69M) | Preparing Scene data
Fra:74 Mem:28.26M (0.00M, Peak 90.69M) | Preparing Scene data
Fra:74 Mem:28.28M (0.00M, Peak 90.69M) | Creating Shadowbuffers
Fra:74 Mem:28.28M (0.00M, Peak 90.69M) | Caching Point Densities
Fra:74 Mem:28.28M (0.00M, Peak 90.69M) Sce: 1 Ve:6049 Fa:4720 Ha:2237 La:1
Fra:74 Mem:28.28M (0.00M, Peak 90.69M) | Loading voxel datasets
Fra:74 Mem:28.28M (0.00M, Peak 90.69M) Sce: 1 Ve:6049 Fa:4720 Ha:2237 La:1
Fra:74 Mem:28.28M (0.00M, Peak 90.69M) Sce: 1 Ve:6049 Fa:4720 Ha:2237 La:1
Fra:74 Mem:28.28M (0.00M, Peak 90.69M) Sce: 1 Ve:6049 Fa:4720 Ha:2237 La:1
Fra:74 Mem:78.26M (0.00M, Peak 96.53M) | 1, Part 2-4
Fra:74 Mem:62.80M (0.00M, Peak 96.53M) | 1, Part 1-4
Fra:74 Mem:46.96M (0.00M, Peak 96.53M) | 1, Part 3-4
Fra:74 Mem:31.25M (0.00M, Peak 96.53M) | 1, Part 4-4
Fra:74 Mem:25.02M (0.00M, Peak 96.53M) Sce: 1 Ve:6049 Fa:4720 Ha:2237 La:1
Saved: star-collapse-0074 Time: 00:01.03 (Saving: 00:00.02)

Fra:75 Mem:25.06M (0.00M, Peak 96.53M) | Preparing Scene data
Fra:75 Mem:28.26M (0.00M, Peak 96.53M) | Preparing Scene data
Fra:75 Mem:28.28M (0.00M, Peak 96.53M) | Creating Shadowbuffers
Fra:75 Mem:28.28M (0.00M, Peak 96.53M) | Caching Point Densities
Fra:75 Mem:28.28M (0.00M, Peak 96.53M) Sce: 1 Ve:6061 Fa:4740 Ha:2243 La:1
Fra:75 Mem:28.28M (0.00M, Peak 96.53M) | Loading voxel datasets
Fra:75 Mem:28.28M (0.00M, Peak 96.53M) Sce: 1 Ve:6061 Fa:4740 Ha:2243 La:1
Fra:75 Mem:28.28M (0.00M, Peak 96.53M) Sce: 1 Ve:6061 Fa:4740 Ha:2243 La:1
Fra:75 Mem:28.28M (0.00M, Peak 96.53M) Sce: 1 Ve:6061 Fa:4740 Ha:2243 La:1
Fra:75 Mem:78.26M (0.00M, Peak 96.53M) | 1, Part 2-4
Fra:75 Mem:62.80M (0.00M, Peak 96.53M) | 1, Part 1-4
Fra:75 Mem:47.09M (0.00M, Peak 96.53M) | 1, Part 4-4
Fra:75 Mem:31.25M (0.00M, Peak 96.53M) | 1, Part 3-4
Fra:75 Mem:25.02M (0.00M, Peak 96.53M) Sce: 1 Ve:6061 Fa:4740 Ha:2243 La:1
Saved: star-collapse-0075 Time: 00:01.03 (Saving: 00:00.02)

Fra:76 Mem:25.06M (0.00M, Peak 96.53M) | Preparing Scene data
Fra:76 Mem:28.26M (0.00M, Peak 96.53M) | Preparing Scene data
Fra:76 Mem:28.28M (0.00M, Peak 96.53M) | Creating Shadowbuffers
Fra:76 Mem:28.28M (0.00M, Peak 96.53M) | Caching Point Densities
Fra:76 Mem:28.28M (0.00M, Peak 96.53M) Sce: 1 Ve:6073 Fa:4760 Ha:2255 La:1
Fra:76 Mem:28.28M (0.00M, Peak 96.53M) | Loading voxel datasets
Fra:76 Mem:28.28M (0.00M, Peak 96.53M) Sce: 1 Ve:6073 Fa:4760 Ha:2255 La:1
Fra:76 Mem:28.28M (0.00M, Peak 96.53M) Sce: 1 Ve:6073 Fa:4760 Ha:2255 La:1
Fra:76 Mem:28.28M (0.00M, Peak 96.53M) Sce: 1 Ve:6073 Fa:4760 Ha:2255 La:1
Fra:76 Mem:78.26M (0.00M, Peak 96.53M) | 1, Part 2-4
Fra:76 Mem:62.80M (0.00M, Peak 96.53M) | 1, Part 1-4
Fra:76 Mem:47.09M (0.00M, Peak 96.53M) | 1, Part 4-4
Fra:76 Mem:31.25M (0.00M, Peak 96.53M) | 1, Part 3-4
Fra:76 Mem:25.02M (0.00M, Peak 96.53M) Sce: 1 Ve:6073 Fa:4760 Ha:2255 La:1
Saved: star-collapse-0076 Time: 00:01.04 (Saving: 00:00.02)

Fra:77 Mem:25.06M (0.00M, Peak 96.53M) | Preparing Scene data
Fra:77 Mem:28.26M (0.00M, Peak 96.53M) | Preparing Scene data
Fra:77 Mem:28.28M (0.00M, Peak 96.53M) | Creating Shadowbuffers
Fra:77 Mem:28.28M (0.00M, Peak 96.53M) | Caching Point Densities
Fra:77 Mem:28.28M (0.00M, Peak 96.53M) Sce: 1 Ve:6085 Fa:4780 Ha:2261 La:1
Fra:77 Mem:28.28M (0.00M, Peak 96.53M) | Loading voxel datasets
Fra:77 Mem:28.28M (0.00M, Peak 96.53M) Sce: 1 Ve:6085 Fa:4780 Ha:2261 La:1
Fra:77 Mem:28.28M (0.00M, Peak 96.53M) Sce: 1 Ve:6085 Fa:4780 Ha:2261 La:1
Fra:77 Mem:28.28M (0.00M, Peak 96.53M) Sce: 1 Ve:6085 Fa:4780 Ha:2261 La:1
Fra:77 Mem:78.26M (0.00M, Peak 96.53M) | 1, Part 2-4
Fra:77 Mem:62.80M (0.00M, Peak 96.53M) | 1, Part 1-4
Fra:77 Mem:47.09M (0.00M, Peak 96.53M) | 1, Part 4-4
Fra:77 Mem:31.25M (0.00M, Peak 96.53M) | 1, Part 3-4
Fra:77 Mem:25.02M (0.00M, Peak 96.53M) Sce: 1 Ve:6085 Fa:4780 Ha:2261 La:1
Saved: star-collapse-0077 Time: 00:01.05 (Saving: 00:00.02)

Fra:78 Mem:25.06M (0.00M, Peak 96.53M) | Preparing Scene data
Fra:78 Mem:28.26M (0.00M, Peak 96.53M) | Preparing Scene data
Fra:78 Mem:28.28M (0.00M, Peak 96.53M) | Creating Shadowbuffers
Fra:78 Mem:28.28M (0.00M, Peak 96.53M) | Caching Point Densities
Fra:78 Mem:28.28M (0.00M, Peak 96.53M) Sce: 1 Ve:6097 Fa:4800 Ha:2273 La:1
Fra:78 Mem:28.28M (0.00M, Peak 96.53M) | Loading voxel datasets
Fra:78 Mem:28.28M (0.00M, Peak 96.53M) Sce: 1 Ve:6097 Fa:4800 Ha:2273 La:1
Fra:78 Mem:28.28M (0.00M, Peak 96.53M) Sce: 1 Ve:6097 Fa:4800 Ha:2273 La:1
Fra:78 Mem:28.28M (0.00M, Peak 96.53M) Sce: 1 Ve:6097 Fa:4800 Ha:2273 La:1
Fra:78 Mem:78.26M (0.00M, Peak 96.53M) | 1, Part 2-4
Fra:78 Mem:62.80M (0.00M, Peak 96.53M) | 1, Part 1-4
Fra:78 Mem:47.09M (0.00M, Peak 96.53M) | 1, Part 4-4
Fra:78 Mem:31.25M (0.00M, Peak 96.53M) | 1, Part 3-4
Fra:78 Mem:25.02M (0.00M, Peak 96.53M) Sce: 1 Ve:6097 Fa:4800 Ha:2273 La:1
Saved: star-collapse-0078 Time: 00:01.80 (Saving: 00:00.04)

Error, region type 2 missing in - name:"Info", id:7
Error, region type 4 missing in - name:"Info", id:7

Blender quit

real	0m8.635s
user	0m13.771s
sys	0m0.408s
