ALSA lib confmisc.c:768:(parse_card) cannot find card '0'
ALSA lib conf.c:4292:(_snd_config_evaluate) function snd_func_card_driver returned error: No such file or directory
ALSA lib confmisc.c:392:(snd_func_concat) error evaluating strings
ALSA lib conf.c:4292:(_snd_config_evaluate) function snd_func_concat returned error: No such file or directory
ALSA lib confmisc.c:1251:(snd_func_refer) error evaluating name
ALSA lib conf.c:4292:(_snd_config_evaluate) function snd_func_refer returned error: No such file or directory
ALSA lib conf.c:4771:(snd_config_expand) Evaluate error: No such file or directory
ALSA lib pcm.c:2266:(snd_pcm_open_noupdate) Unknown PCM default
AL lib: alsa_open_playback: Could not open playback device 'default': No such file or directory
found bundled python: /sfs/nfs/blender/2.70/2.70/python
read blend: /home/sr7cb/ParallelComputing/test/Star-collapse-ntsc.blend
Old particle system converted to new system.
Old particle system converted to new system.
Old particle system converted to new system.
Old particle system converted to new system.
Old particle system converted to new system.
Old particle system converted to new system.
Old particle system converted to new system.
Old particle system converted to new system.
Old particle system converted to new system.
Old particle system converted to new system.
Old particle system converted to new system.
2.66 versioning fix: replacing black sky with premultiplied alpha for scene 1
Fra:37 Mem:10.49M (0.00M, Peak 10.49M) | Preparing Scene data
Fra:37 Mem:13.68M (0.00M, Peak 13.70M) | Preparing Scene data
Fra:37 Mem:13.70M (0.00M, Peak 13.70M) | Creating Shadowbuffers
Fra:37 Mem:13.70M (0.00M, Peak 13.70M) | Caching Point Densities
Fra:37 Mem:13.70M (0.00M, Peak 13.70M) Sce: 1 Ve:5605 Fa:3980 Ha:1760 La:1
Fra:37 Mem:13.70M (0.00M, Peak 13.70M) | Loading voxel datasets
Fra:37 Mem:13.70M (0.00M, Peak 13.70M) Sce: 1 Ve:5605 Fa:3980 Ha:1760 La:1
Fra:37 Mem:13.70M (0.00M, Peak 13.70M) Sce: 1 Ve:5605 Fa:3980 Ha:1760 La:1
Fra:37 Mem:13.70M (0.00M, Peak 13.70M) Sce: 1 Ve:5605 Fa:3980 Ha:1760 La:1
Fra:37 Mem:74.31M (0.00M, Peak 90.78M) | 1, Part 2-4
Fra:37 Mem:62.82M (0.00M, Peak 90.78M) | 1, Part 1-4
Fra:37 Mem:46.98M (0.00M, Peak 90.78M) | 1, Part 4-4
Fra:37 Mem:31.14M (0.00M, Peak 90.78M) | 1, Part 3-4
Fra:37 Mem:24.92M (0.00M, Peak 90.78M) Sce: 1 Ve:5605 Fa:3980 Ha:1760 La:1
Saved: star-collapse-0037 Time: 00:00.65 (Saving: 00:00.02)

Fra:38 Mem:28.20M (0.00M, Peak 90.78M) | Preparing Scene data
Fra:38 Mem:28.21M (0.00M, Peak 90.78M) | Creating Shadowbuffers
Fra:38 Mem:28.21M (0.00M, Peak 90.78M) | Caching Point Densities
Fra:38 Mem:28.21M (0.00M, Peak 90.78M) Sce: 1 Ve:5617 Fa:4000 Ha:1776 La:1
Fra:38 Mem:28.21M (0.00M, Peak 90.78M) | Loading voxel datasets
Fra:38 Mem:28.21M (0.00M, Peak 90.78M) Sce: 1 Ve:5617 Fa:4000 Ha:1776 La:1
Fra:38 Mem:28.22M (0.00M, Peak 90.78M) Sce: 1 Ve:5617 Fa:4000 Ha:1776 La:1
Fra:38 Mem:28.22M (0.00M, Peak 90.78M) Sce: 1 Ve:5617 Fa:4000 Ha:1776 La:1
Fra:38 Mem:78.20M (0.00M, Peak 100.84M) | 1, Part 2-4
Fra:38 Mem:62.86M (0.00M, Peak 100.84M) | 1, Part 1-4
Fra:38 Mem:47.02M (0.00M, Peak 100.84M) | 1, Part 4-4
Fra:38 Mem:31.18M (0.00M, Peak 100.84M) | 1, Part 3-4
Fra:38 Mem:24.97M (0.00M, Peak 100.84M) Sce: 1 Ve:5617 Fa:4000 Ha:1776 La:1
Saved: star-collapse-0038 Time: 00:00.65 (Saving: 00:00.02)

Fra:39 Mem:25.01M (0.00M, Peak 100.84M) | Preparing Scene data
Fra:39 Mem:28.20M (0.00M, Peak 100.84M) | Preparing Scene data
Fra:39 Mem:28.21M (0.00M, Peak 100.84M) | Creating Shadowbuffers
Fra:39 Mem:28.21M (0.00M, Peak 100.84M) | Caching Point Densities
Fra:39 Mem:28.21M (0.00M, Peak 100.84M) Sce: 1 Ve:5629 Fa:4020 Ha:1798 La:1
Fra:39 Mem:28.21M (0.00M, Peak 100.84M) | Loading voxel datasets
Fra:39 Mem:28.21M (0.00M, Peak 100.84M) Sce: 1 Ve:5629 Fa:4020 Ha:1798 La:1
Fra:39 Mem:28.22M (0.00M, Peak 100.84M) Sce: 1 Ve:5629 Fa:4020 Ha:1798 La:1
Fra:39 Mem:28.22M (0.00M, Peak 100.84M) Sce: 1 Ve:5629 Fa:4020 Ha:1798 La:1
Fra:39 Mem:78.20M (0.00M, Peak 100.84M) | 1, Part 2-4
Fra:39 Mem:62.86M (0.00M, Peak 100.84M) | 1, Part 1-4
Fra:39 Mem:47.02M (0.00M, Peak 100.84M) | 1, Part 4-4
Fra:39 Mem:31.19M (0.00M, Peak 100.84M) | 1, Part 3-4
Fra:39 Mem:24.97M (0.00M, Peak 100.84M) Sce: 1 Ve:5629 Fa:4020 Ha:1798 La:1
Saved: star-collapse-0039 Time: 00:00.71 (Saving: 00:00.02)

Fra:40 Mem:28.20M (0.00M, Peak 100.84M) | Preparing Scene data
Fra:40 Mem:28.22M (0.00M, Peak 100.84M) | Creating Shadowbuffers
Fra:40 Mem:28.22M (0.00M, Peak 100.84M) | Caching Point Densities
Fra:40 Mem:28.22M (0.00M, Peak 100.84M) Sce: 1 Ve:5641 Fa:4040 Ha:1814 La:1
Fra:40 Mem:28.22M (0.00M, Peak 100.84M) | Loading voxel datasets
Fra:40 Mem:28.22M (0.00M, Peak 100.84M) Sce: 1 Ve:5641 Fa:4040 Ha:1814 La:1
Fra:40 Mem:28.22M (0.00M, Peak 100.84M) Sce: 1 Ve:5641 Fa:4040 Ha:1814 La:1
Fra:40 Mem:28.22M (0.00M, Peak 100.84M) Sce: 1 Ve:5641 Fa:4040 Ha:1814 La:1
Fra:40 Mem:65.05M (0.00M, Peak 100.84M) | 1, Part 4-4
Fra:40 Mem:62.08M (0.00M, Peak 100.84M) | 1, Part 2-4
Fra:40 Mem:47.02M (0.00M, Peak 100.84M) | 1, Part 1-4
Fra:40 Mem:31.19M (0.00M, Peak 100.84M) | 1, Part 3-4
Fra:40 Mem:24.97M (0.00M, Peak 100.84M) Sce: 1 Ve:5641 Fa:4040 Ha:1814 La:1
Saved: star-collapse-0040 Time: 00:00.74 (Saving: 00:00.02)

Fra:41 Mem:25.01M (0.00M, Peak 100.84M) | Preparing Scene data
Fra:41 Mem:28.20M (0.00M, Peak 100.84M) | Preparing Scene data
Fra:41 Mem:28.22M (0.00M, Peak 100.84M) | Creating Shadowbuffers
Fra:41 Mem:28.22M (0.00M, Peak 100.84M) | Caching Point Densities
Fra:41 Mem:28.22M (0.00M, Peak 100.84M) Sce: 1 Ve:5653 Fa:4060 Ha:1837 La:1
Fra:41 Mem:28.22M (0.00M, Peak 100.84M) | Loading voxel datasets
Fra:41 Mem:28.22M (0.00M, Peak 100.84M) Sce: 1 Ve:5653 Fa:4060 Ha:1837 La:1
Fra:41 Mem:28.22M (0.00M, Peak 100.84M) Sce: 1 Ve:5653 Fa:4060 Ha:1837 La:1
Fra:41 Mem:28.22M (0.00M, Peak 100.84M) Sce: 1 Ve:5653 Fa:4060 Ha:1837 La:1
Fra:41 Mem:77.64M (0.00M, Peak 100.84M) | 1, Part 2-4
Fra:41 Mem:62.86M (0.00M, Peak 100.84M) | 1, Part 1-4
Fra:41 Mem:36.76M (0.00M, Peak 100.84M) | 1, Part 4-4
Fra:41 Mem:31.19M (0.00M, Peak 100.84M) | 1, Part 3-4
Fra:41 Mem:24.97M (0.00M, Peak 100.84M) Sce: 1 Ve:5653 Fa:4060 Ha:1837 La:1
Saved: star-collapse-0041 Time: 00:00.70 (Saving: 00:00.04)

Fra:42 Mem:28.20M (0.00M, Peak 100.84M) | Preparing Scene data
Fra:42 Mem:28.22M (0.00M, Peak 100.84M) | Creating Shadowbuffers
Fra:42 Mem:28.22M (0.00M, Peak 100.84M) | Caching Point Densities
Fra:42 Mem:28.22M (0.00M, Peak 100.84M) Sce: 1 Ve:5665 Fa:4080 Ha:1853 La:1
Fra:42 Mem:28.22M (0.00M, Peak 100.84M) | Loading voxel datasets
Fra:42 Mem:28.22M (0.00M, Peak 100.84M) Sce: 1 Ve:5665 Fa:4080 Ha:1853 La:1
Fra:42 Mem:28.22M (0.00M, Peak 100.84M) Sce: 1 Ve:5665 Fa:4080 Ha:1853 La:1
Fra:42 Mem:28.22M (0.00M, Peak 100.84M) Sce: 1 Ve:5665 Fa:4080 Ha:1853 La:1
Fra:42 Mem:77.92M (0.00M, Peak 100.84M) | 1, Part 2-4
Fra:42 Mem:62.86M (0.00M, Peak 100.84M) | 1, Part 1-4
Fra:42 Mem:47.03M (0.00M, Peak 100.84M) | 1, Part 4-4
Fra:42 Mem:31.19M (0.00M, Peak 100.84M) | 1, Part 3-4
Fra:42 Mem:24.97M (0.00M, Peak 100.84M) Sce: 1 Ve:5665 Fa:4080 Ha:1853 La:1
Saved: star-collapse-0042 Time: 00:01.17 (Saving: 00:00.04)

Error, region type 2 missing in - name:"Info", id:7
Error, region type 4 missing in - name:"Info", id:7

Blender quit

real	0m5.552s
user	0m8.457s
sys	0m0.441s
