ALSA lib confmisc.c:768:(parse_card) cannot find card '0'
ALSA lib conf.c:4292:(_snd_config_evaluate) function snd_func_card_driver returned error: No such file or directory
ALSA lib confmisc.c:392:(snd_func_concat) error evaluating strings
ALSA lib conf.c:4292:(_snd_config_evaluate) function snd_func_concat returned error: No such file or directory
ALSA lib confmisc.c:1251:(snd_func_refer) error evaluating name
ALSA lib conf.c:4292:(_snd_config_evaluate) function snd_func_refer returned error: No such file or directory
ALSA lib conf.c:4771:(snd_config_expand) Evaluate error: No such file or directory
ALSA lib pcm.c:2266:(snd_pcm_open_noupdate) Unknown PCM default
AL lib: alsa_open_playback: Could not open playback device 'default': No such file or directory
found bundled python: /sfs/nfs/blender/2.70/2.70/python
read blend: /home/sr7cb/ParallelComputing/test/Star-collapse-ntsc.blend
Old particle system converted to new system.
Old particle system converted to new system.
Old particle system converted to new system.
Old particle system converted to new system.
Old particle system converted to new system.
Old particle system converted to new system.
Old particle system converted to new system.
Old particle system converted to new system.
Old particle system converted to new system.
Old particle system converted to new system.
Old particle system converted to new system.
2.66 versioning fix: replacing black sky with premultiplied alpha for scene 1
Fra:235 Mem:10.64M (0.00M, Peak 10.64M) | Preparing Scene data
Fra:235 Mem:14.69M (0.00M, Peak 14.73M) | Preparing Scene data
Fra:235 Mem:14.72M (0.00M, Peak 14.73M) | Creating Shadowbuffers
Fra:235 Mem:14.72M (0.00M, Peak 14.73M) | Caching Point Densities
Fra:235 Mem:14.72M (0.00M, Peak 14.73M) Sce: 1 Ve:7409 Fa:8646 Ha:4414 La:1
Fra:235 Mem:14.72M (0.00M, Peak 14.73M) | Loading voxel datasets
Fra:235 Mem:14.72M (0.00M, Peak 14.73M) Sce: 1 Ve:7409 Fa:8646 Ha:4414 La:1
Fra:235 Mem:14.73M (0.00M, Peak 14.73M) Sce: 1 Ve:7409 Fa:8646 Ha:4414 La:1
Fra:235 Mem:14.73M (0.00M, Peak 14.73M) Sce: 1 Ve:7409 Fa:8646 Ha:4414 La:1
Fra:235 Mem:82.32M (0.00M, Peak 95.07M) | 1, Part 2-4
Fra:235 Mem:63.72M (0.00M, Peak 95.07M) | 1, Part 3-4
Fra:235 Mem:48.13M (0.00M, Peak 95.07M) | 1, Part 1-4
Fra:235 Mem:32.17M (0.00M, Peak 95.07M) | 1, Part 4-4
Fra:235 Mem:25.08M (0.00M, Peak 95.07M) Sce: 1 Ve:7409 Fa:8646 Ha:4414 La:1
Saved: star-collapse-0235 Time: 00:01.34 (Saving: 00:00.02)

Fra:236 Mem:25.31M (0.00M, Peak 95.07M) | Preparing Scene data
Fra:236 Mem:29.35M (0.00M, Peak 95.07M) | Preparing Scene data
Fra:236 Mem:29.39M (0.00M, Peak 95.07M) | Creating Shadowbuffers
Fra:236 Mem:29.39M (0.00M, Peak 95.07M) | Caching Point Densities
Fra:236 Mem:29.39M (0.00M, Peak 95.07M) Sce: 1 Ve:7409 Fa:8646 Ha:4399 La:1
Fra:236 Mem:29.39M (0.00M, Peak 95.07M) | Loading voxel datasets
Fra:236 Mem:29.39M (0.00M, Peak 95.07M) Sce: 1 Ve:7409 Fa:8646 Ha:4399 La:1
Fra:236 Mem:29.39M (0.00M, Peak 95.07M) Sce: 1 Ve:7409 Fa:8646 Ha:4399 La:1
Fra:236 Mem:29.39M (0.00M, Peak 95.07M) Sce: 1 Ve:7409 Fa:8646 Ha:4399 La:1
Fra:236 Mem:78.62M (0.00M, Peak 101.49M) | 1, Part 1-4
Fra:236 Mem:62.91M (0.00M, Peak 101.49M) | 1, Part 2-4
Fra:236 Mem:48.32M (0.00M, Peak 101.49M) | 1, Part 3-4
Fra:236 Mem:32.36M (0.00M, Peak 101.49M) | 1, Part 4-4
Fra:236 Mem:25.27M (0.00M, Peak 101.49M) Sce: 1 Ve:7409 Fa:8646 Ha:4399 La:1
Saved: star-collapse-0236 Time: 00:01.18 (Saving: 00:00.02)

Fra:237 Mem:25.31M (0.00M, Peak 101.49M) | Preparing Scene data
Fra:237 Mem:29.35M (0.00M, Peak 101.49M) | Preparing Scene data
Fra:237 Mem:29.39M (0.00M, Peak 101.49M) | Creating Shadowbuffers
Fra:237 Mem:29.39M (0.00M, Peak 101.49M) | Caching Point Densities
Fra:237 Mem:29.39M (0.00M, Peak 101.49M) Sce: 1 Ve:7409 Fa:8646 Ha:4393 La:1
Fra:237 Mem:29.39M (0.00M, Peak 101.49M) | Loading voxel datasets
Fra:237 Mem:29.39M (0.00M, Peak 101.49M) Sce: 1 Ve:7409 Fa:8646 Ha:4393 La:1
Fra:237 Mem:29.39M (0.00M, Peak 101.49M) Sce: 1 Ve:7409 Fa:8646 Ha:4393 La:1
Fra:237 Mem:29.39M (0.00M, Peak 101.49M) Sce: 1 Ve:7409 Fa:8646 Ha:4393 La:1
Fra:237 Mem:78.34M (0.00M, Peak 104.13M) | 1, Part 1-4
Fra:237 Mem:62.63M (0.00M, Peak 104.13M) | 1, Part 2-4
Fra:237 Mem:48.32M (0.00M, Peak 104.13M) | 1, Part 3-4
Fra:237 Mem:32.36M (0.00M, Peak 104.13M) | 1, Part 4-4
Fra:237 Mem:25.27M (0.00M, Peak 104.13M) Sce: 1 Ve:7409 Fa:8646 Ha:4393 La:1
Saved: star-collapse-0237 Time: 00:01.21 (Saving: 00:00.02)

Fra:238 Mem:25.31M (0.00M, Peak 104.13M) | Preparing Scene data
Fra:238 Mem:29.35M (0.00M, Peak 104.13M) | Preparing Scene data
Fra:238 Mem:29.39M (0.00M, Peak 104.13M) | Creating Shadowbuffers
Fra:238 Mem:29.39M (0.00M, Peak 104.13M) | Caching Point Densities
Fra:238 Mem:29.39M (0.00M, Peak 104.13M) Sce: 1 Ve:7409 Fa:8646 Ha:4384 La:1
Fra:238 Mem:29.39M (0.00M, Peak 104.13M) | Loading voxel datasets
Fra:238 Mem:29.39M (0.00M, Peak 104.13M) Sce: 1 Ve:7409 Fa:8646 Ha:4384 La:1
Fra:238 Mem:29.39M (0.00M, Peak 104.13M) Sce: 1 Ve:7409 Fa:8646 Ha:4384 La:1
Fra:238 Mem:29.39M (0.00M, Peak 104.13M) Sce: 1 Ve:7409 Fa:8646 Ha:4384 La:1
Fra:238 Mem:78.34M (0.00M, Peak 104.13M) | 1, Part 1-4
Fra:238 Mem:62.63M (0.00M, Peak 104.13M) | 1, Part 2-4
Fra:238 Mem:48.32M (0.00M, Peak 104.13M) | 1, Part 3-4
Fra:238 Mem:32.36M (0.00M, Peak 104.13M) | 1, Part 4-4
Fra:238 Mem:25.27M (0.00M, Peak 104.13M) Sce: 1 Ve:7409 Fa:8646 Ha:4384 La:1
Saved: star-collapse-0238 Time: 00:01.08 (Saving: 00:00.02)

Fra:239 Mem:25.31M (0.00M, Peak 104.13M) | Preparing Scene data
Fra:239 Mem:29.35M (0.00M, Peak 104.13M) | Preparing Scene data
Fra:239 Mem:29.39M (0.00M, Peak 104.13M) | Creating Shadowbuffers
Fra:239 Mem:29.39M (0.00M, Peak 104.13M) | Caching Point Densities
Fra:239 Mem:29.39M (0.00M, Peak 104.13M) Sce: 1 Ve:7409 Fa:8646 Ha:4375 La:1
Fra:239 Mem:29.39M (0.00M, Peak 104.13M) | Loading voxel datasets
Fra:239 Mem:29.39M (0.00M, Peak 104.13M) Sce: 1 Ve:7409 Fa:8646 Ha:4375 La:1
Fra:239 Mem:29.39M (0.00M, Peak 104.13M) Sce: 1 Ve:7409 Fa:8646 Ha:4375 La:1
Fra:239 Mem:29.39M (0.00M, Peak 104.13M) Sce: 1 Ve:7409 Fa:8646 Ha:4375 La:1
Fra:239 Mem:77.50M (0.00M, Peak 104.13M) | 1, Part 1-4
Fra:239 Mem:61.78M (0.00M, Peak 104.13M) | 1, Part 2-4
Fra:239 Mem:48.32M (0.00M, Peak 104.13M) | 1, Part 3-4
Fra:239 Mem:32.36M (0.00M, Peak 104.13M) | 1, Part 4-4
Fra:239 Mem:25.27M (0.00M, Peak 104.13M) Sce: 1 Ve:7409 Fa:8646 Ha:4375 La:1
Saved: star-collapse-0239 Time: 00:01.07 (Saving: 00:00.02)

Fra:240 Mem:25.31M (0.00M, Peak 104.13M) | Preparing Scene data
Fra:240 Mem:29.35M (0.00M, Peak 104.13M) | Preparing Scene data
Fra:240 Mem:29.39M (0.00M, Peak 104.13M) | Creating Shadowbuffers
Fra:240 Mem:29.39M (0.00M, Peak 104.13M) | Caching Point Densities
Fra:240 Mem:29.39M (0.00M, Peak 104.13M) Sce: 1 Ve:7409 Fa:8646 Ha:4363 La:1
Fra:240 Mem:29.39M (0.00M, Peak 104.13M) | Loading voxel datasets
Fra:240 Mem:29.39M (0.00M, Peak 104.13M) Sce: 1 Ve:7409 Fa:8646 Ha:4363 La:1
Fra:240 Mem:29.39M (0.00M, Peak 104.13M) Sce: 1 Ve:7409 Fa:8646 Ha:4363 La:1
Fra:240 Mem:29.39M (0.00M, Peak 104.13M) Sce: 1 Ve:7409 Fa:8646 Ha:4363 La:1
Fra:240 Mem:78.21M (0.00M, Peak 104.13M) | 1, Part 1-4
Fra:240 Mem:62.63M (0.00M, Peak 104.13M) | 1, Part 2-4
Fra:240 Mem:48.32M (0.00M, Peak 104.13M) | 1, Part 3-4
Fra:240 Mem:32.36M (0.00M, Peak 104.13M) | 1, Part 4-4
Fra:240 Mem:25.27M (0.00M, Peak 104.13M) Sce: 1 Ve:7409 Fa:8646 Ha:4363 La:1
Saved: star-collapse-0240 Time: 00:01.12 (Saving: 00:00.03)

Error, region type 2 missing in - name:"Info", id:7
Error, region type 4 missing in - name:"Info", id:7

Blender quit

real	0m7.920s
user	0m13.038s
sys	0m0.365s
