ALSA lib confmisc.c:768:(parse_card) cannot find card '0'
ALSA lib conf.c:4292:(_snd_config_evaluate) function snd_func_card_driver returned error: No such file or directory
ALSA lib confmisc.c:392:(snd_func_concat) error evaluating strings
ALSA lib conf.c:4292:(_snd_config_evaluate) function snd_func_concat returned error: No such file or directory
ALSA lib confmisc.c:1251:(snd_func_refer) error evaluating name
ALSA lib conf.c:4292:(_snd_config_evaluate) function snd_func_refer returned error: No such file or directory
ALSA lib conf.c:4771:(snd_config_expand) Evaluate error: No such file or directory
ALSA lib pcm.c:2266:(snd_pcm_open_noupdate) Unknown PCM default
AL lib: alsa_open_playback: Could not open playback device 'default': No such file or directory
found bundled python: /sfs/nfs/blender/2.70/2.70/python
read blend: /home/sr7cb/ParallelComputing/test/Star-collapse-ntsc.blend
Old particle system converted to new system.
Old particle system converted to new system.
Old particle system converted to new system.
Old particle system converted to new system.
Old particle system converted to new system.
Old particle system converted to new system.
Old particle system converted to new system.
Old particle system converted to new system.
Old particle system converted to new system.
Old particle system converted to new system.
Old particle system converted to new system.
2.66 versioning fix: replacing black sky with premultiplied alpha for scene 1
Fra:202 Mem:10.60M (0.00M, Peak 10.60M) | Preparing Scene data
Fra:202 Mem:14.46M (0.00M, Peak 14.50M) | Preparing Scene data
Fra:202 Mem:14.49M (0.00M, Peak 14.50M) | Creating Shadowbuffers
Fra:202 Mem:14.49M (0.00M, Peak 14.50M) | Caching Point Densities
Fra:202 Mem:14.49M (0.00M, Peak 14.50M) Sce: 1 Ve:7409 Fa:8646 Ha:3883 La:1
Fra:202 Mem:14.49M (0.00M, Peak 14.50M) | Loading voxel datasets
Fra:202 Mem:14.49M (0.00M, Peak 14.50M) Sce: 1 Ve:7409 Fa:8646 Ha:3883 La:1
Fra:202 Mem:14.49M (0.00M, Peak 14.50M) Sce: 1 Ve:7409 Fa:8646 Ha:3883 La:1
Fra:202 Mem:14.49M (0.00M, Peak 14.50M) Sce: 1 Ve:7409 Fa:8646 Ha:3883 La:1
Fra:202 Mem:78.45M (0.00M, Peak 106.74M) | 1, Part 2-4
Fra:202 Mem:62.86M (0.00M, Peak 106.74M) | 1, Part 1-4
Fra:202 Mem:47.53M (0.00M, Peak 106.74M) | 1, Part 3-4
Fra:202 Mem:31.94M (0.00M, Peak 106.74M) | 1, Part 4-4
Fra:202 Mem:25.04M (0.00M, Peak 106.74M) Sce: 1 Ve:7409 Fa:8646 Ha:3883 La:1
Saved: star-collapse-0202 Time: 00:02.16 (Saving: 00:00.04)

Fra:203 Mem:25.23M (0.00M, Peak 106.74M) | Preparing Scene data
Fra:203 Mem:29.09M (0.00M, Peak 106.74M) | Preparing Scene data
Fra:203 Mem:29.12M (0.00M, Peak 106.74M) | Creating Shadowbuffers
Fra:203 Mem:29.12M (0.00M, Peak 106.74M) | Caching Point Densities
Fra:203 Mem:29.12M (0.00M, Peak 106.74M) Sce: 1 Ve:7409 Fa:8646 Ha:3916 La:1
Fra:203 Mem:29.12M (0.00M, Peak 106.74M) | Loading voxel datasets
Fra:203 Mem:29.12M (0.00M, Peak 106.74M) Sce: 1 Ve:7409 Fa:8646 Ha:3916 La:1
Fra:203 Mem:29.12M (0.00M, Peak 106.74M) Sce: 1 Ve:7409 Fa:8646 Ha:3916 La:1
Fra:203 Mem:29.12M (0.00M, Peak 106.74M) Sce: 1 Ve:7409 Fa:8646 Ha:3916 La:1
Fra:203 Mem:78.85M (0.00M, Peak 106.74M) | 1, Part 1-4
Fra:203 Mem:63.01M (0.00M, Peak 106.74M) | 1, Part 2-4
Fra:203 Mem:47.68M (0.00M, Peak 106.74M) | 1, Part 3-4
Fra:203 Mem:32.09M (0.00M, Peak 106.74M) | 1, Part 4-4
Fra:203 Mem:25.19M (0.00M, Peak 106.74M) Sce: 1 Ve:7409 Fa:8646 Ha:3916 La:1
Saved: star-collapse-0203 Time: 00:02.13 (Saving: 00:00.02)

Fra:204 Mem:25.23M (0.00M, Peak 106.74M) | Preparing Scene data
Fra:204 Mem:29.18M (0.00M, Peak 106.74M) | Preparing Scene data
Fra:204 Mem:29.21M (0.00M, Peak 106.74M) | Creating Shadowbuffers
Fra:204 Mem:29.21M (0.00M, Peak 106.74M) | Caching Point Densities
Fra:204 Mem:29.21M (0.00M, Peak 106.74M) Sce: 1 Ve:7409 Fa:8646 Ha:3958 La:1
Fra:204 Mem:29.21M (0.00M, Peak 106.74M) | Loading voxel datasets
Fra:204 Mem:29.21M (0.00M, Peak 106.74M) Sce: 1 Ve:7409 Fa:8646 Ha:3958 La:1
Fra:204 Mem:29.21M (0.00M, Peak 106.74M) Sce: 1 Ve:7409 Fa:8646 Ha:3958 La:1
Fra:204 Mem:29.21M (0.00M, Peak 106.74M) Sce: 1 Ve:7409 Fa:8646 Ha:3958 La:1
Fra:204 Mem:78.66M (0.00M, Peak 106.74M) | 1, Part 1-4
Fra:204 Mem:62.83M (0.00M, Peak 106.74M) | 1, Part 2-4
Fra:204 Mem:47.77M (0.00M, Peak 106.74M) | 1, Part 3-4
Fra:204 Mem:32.18M (0.00M, Peak 106.74M) | 1, Part 4-4
Fra:204 Mem:25.19M (0.00M, Peak 106.74M) Sce: 1 Ve:7409 Fa:8646 Ha:3958 La:1
Saved: star-collapse-0204 Time: 00:02.33 (Saving: 00:00.05)

Error, region type 2 missing in - name:"Info", id:7
Error, region type 4 missing in - name:"Info", id:7

Blender quit

real	0m7.664s
user	0m12.707s
sys	0m0.278s
