ALSA lib confmisc.c:768:(parse_card) cannot find card '0'
ALSA lib conf.c:4292:(_snd_config_evaluate) function snd_func_card_driver returned error: No such file or directory
ALSA lib confmisc.c:392:(snd_func_concat) error evaluating strings
ALSA lib conf.c:4292:(_snd_config_evaluate) function snd_func_concat returned error: No such file or directory
ALSA lib confmisc.c:1251:(snd_func_refer) error evaluating name
ALSA lib conf.c:4292:(_snd_config_evaluate) function snd_func_refer returned error: No such file or directory
ALSA lib conf.c:4771:(snd_config_expand) Evaluate error: No such file or directory
ALSA lib pcm.c:2266:(snd_pcm_open_noupdate) Unknown PCM default
AL lib: alsa_open_playback: Could not open playback device 'default': No such file or directory
found bundled python: /sfs/nfs/blender/2.70/2.70/python
read blend: /home/sr7cb/ParallelComputing/test/Star-collapse-ntsc.blend
Old particle system converted to new system.
Old particle system converted to new system.
Old particle system converted to new system.
Old particle system converted to new system.
Old particle system converted to new system.
Old particle system converted to new system.
Old particle system converted to new system.
Old particle system converted to new system.
Old particle system converted to new system.
Old particle system converted to new system.
Old particle system converted to new system.
2.66 versioning fix: replacing black sky with premultiplied alpha for scene 1
Fra:127 Mem:10.52M (0.00M, Peak 10.52M) | Preparing Scene data
Fra:127 Mem:13.70M (0.00M, Peak 13.74M) | Preparing Scene data
Fra:127 Mem:13.72M (0.00M, Peak 13.74M) | Creating Shadowbuffers
Fra:127 Mem:13.72M (0.00M, Peak 13.74M) | Caching Point Densities
Fra:127 Mem:13.72M (0.00M, Peak 13.74M) Sce: 1 Ve:6361 Fa:5240 Ha:2438 La:1
Fra:127 Mem:13.72M (0.00M, Peak 13.74M) | Loading voxel datasets
Fra:127 Mem:13.72M (0.00M, Peak 13.74M) Sce: 1 Ve:6361 Fa:5240 Ha:2438 La:1
Fra:127 Mem:13.72M (0.00M, Peak 13.74M) Sce: 1 Ve:6361 Fa:5240 Ha:2438 La:1
Fra:127 Mem:13.72M (0.00M, Peak 13.74M) Sce: 1 Ve:6361 Fa:5240 Ha:2438 La:1
Fra:127 Mem:77.93M (0.00M, Peak 96.12M) | 1, Part 1-4
Fra:127 Mem:62.34M (0.00M, Peak 96.12M) | 1, Part 2-4
Fra:127 Mem:46.75M (0.00M, Peak 96.12M) | 1, Part 3-4
Fra:127 Mem:31.17M (0.00M, Peak 96.12M) | 1, Part 4-4
Fra:127 Mem:24.96M (0.00M, Peak 96.12M) Sce: 1 Ve:6361 Fa:5240 Ha:2438 La:1
Saved: star-collapse-0127 Time: 00:01.13 (Saving: 00:00.04)

Fra:128 Mem:25.07M (0.00M, Peak 96.12M) | Preparing Scene data
Fra:128 Mem:28.25M (0.00M, Peak 96.12M) | Preparing Scene data
Fra:128 Mem:28.27M (0.00M, Peak 96.12M) | Creating Shadowbuffers
Fra:128 Mem:28.27M (0.00M, Peak 96.12M) | Caching Point Densities
Fra:128 Mem:28.27M (0.00M, Peak 96.12M) Sce: 1 Ve:6361 Fa:5240 Ha:2440 La:1
Fra:128 Mem:28.27M (0.00M, Peak 96.12M) | Loading voxel datasets
Fra:128 Mem:28.27M (0.00M, Peak 96.12M) Sce: 1 Ve:6361 Fa:5240 Ha:2440 La:1
Fra:128 Mem:28.27M (0.00M, Peak 96.12M) Sce: 1 Ve:6361 Fa:5240 Ha:2440 La:1
Fra:128 Mem:28.27M (0.00M, Peak 96.12M) Sce: 1 Ve:6361 Fa:5240 Ha:2440 La:1
Fra:128 Mem:78.28M (0.00M, Peak 104.63M) | 1, Part 3-4
Fra:128 Mem:62.69M (0.00M, Peak 104.63M) | 1, Part 4-4
Fra:128 Mem:47.11M (0.00M, Peak 104.63M) | 1, Part 2-4
Fra:128 Mem:31.24M (0.00M, Peak 104.63M) | 1, Part 1-4
Fra:128 Mem:25.03M (0.00M, Peak 104.63M) Sce: 1 Ve:6361 Fa:5240 Ha:2440 La:1
Saved: star-collapse-0128 Time: 00:01.15 (Saving: 00:00.04)

Fra:129 Mem:25.07M (0.00M, Peak 104.63M) | Preparing Scene data
Fra:129 Mem:28.25M (0.00M, Peak 104.63M) | Preparing Scene data
Fra:129 Mem:28.27M (0.00M, Peak 104.63M) | Creating Shadowbuffers
Fra:129 Mem:28.27M (0.00M, Peak 104.63M) | Caching Point Densities
Fra:129 Mem:28.27M (0.00M, Peak 104.63M) Sce: 1 Ve:6361 Fa:5240 Ha:2436 La:1
Fra:129 Mem:28.27M (0.00M, Peak 104.63M) | Loading voxel datasets
Fra:129 Mem:28.27M (0.00M, Peak 104.63M) Sce: 1 Ve:6361 Fa:5240 Ha:2436 La:1
Fra:129 Mem:28.27M (0.00M, Peak 104.63M) Sce: 1 Ve:6361 Fa:5240 Ha:2436 La:1
Fra:129 Mem:28.27M (0.00M, Peak 104.63M) Sce: 1 Ve:6361 Fa:5240 Ha:2436 La:1
Fra:129 Mem:78.28M (0.00M, Peak 104.63M) | 1, Part 3-4
Fra:129 Mem:62.69M (0.00M, Peak 104.63M) | 1, Part 4-4
Fra:129 Mem:47.11M (0.00M, Peak 104.63M) | 1, Part 2-4
Fra:129 Mem:31.24M (0.00M, Peak 104.63M) | 1, Part 1-4
Fra:129 Mem:25.03M (0.00M, Peak 104.63M) Sce: 1 Ve:6361 Fa:5240 Ha:2436 La:1
Saved: star-collapse-0129 Time: 00:01.16 (Saving: 00:00.04)

Error, region type 2 missing in - name:"Info", id:7
Error, region type 4 missing in - name:"Info", id:7

Blender quit

real	0m34.613s
user	0m6.733s
sys	0m0.252s
