ALSA lib confmisc.c:768:(parse_card) cannot find card '0'
ALSA lib conf.c:4292:(_snd_config_evaluate) function snd_func_card_driver returned error: No such file or directory
ALSA lib confmisc.c:392:(snd_func_concat) error evaluating strings
ALSA lib conf.c:4292:(_snd_config_evaluate) function snd_func_concat returned error: No such file or directory
ALSA lib confmisc.c:1251:(snd_func_refer) error evaluating name
ALSA lib conf.c:4292:(_snd_config_evaluate) function snd_func_refer returned error: No such file or directory
ALSA lib conf.c:4771:(snd_config_expand) Evaluate error: No such file or directory
ALSA lib pcm.c:2266:(snd_pcm_open_noupdate) Unknown PCM default
AL lib: alsa_open_playback: Could not open playback device 'default': No such file or directory
found bundled python: /sfs/nfs/blender/2.70/2.70/python
read blend: /home/sr7cb/ParallelComputing/test/Star-collapse-ntsc.blend
Old particle system converted to new system.
Old particle system converted to new system.
Old particle system converted to new system.
Old particle system converted to new system.
Old particle system converted to new system.
Old particle system converted to new system.
Old particle system converted to new system.
Old particle system converted to new system.
Old particle system converted to new system.
Old particle system converted to new system.
Old particle system converted to new system.
2.66 versioning fix: replacing black sky with premultiplied alpha for scene 1
Fra:199 Mem:10.59M (0.00M, Peak 10.60M) | Preparing Scene data
Fra:199 Mem:14.46M (0.00M, Peak 14.49M) | Preparing Scene data
Fra:199 Mem:14.49M (0.00M, Peak 14.49M) | Creating Shadowbuffers
Fra:199 Mem:14.49M (0.00M, Peak 14.49M) | Caching Point Densities
Fra:199 Mem:14.49M (0.00M, Peak 14.49M) Sce: 1 Ve:7409 Fa:8646 Ha:3763 La:1
Fra:199 Mem:14.49M (0.00M, Peak 14.49M) | Loading voxel datasets
Fra:199 Mem:14.49M (0.00M, Peak 14.49M) Sce: 1 Ve:7409 Fa:8646 Ha:3763 La:1
Fra:199 Mem:14.49M (0.00M, Peak 14.49M) Sce: 1 Ve:7409 Fa:8646 Ha:3763 La:1
Fra:199 Mem:14.49M (0.00M, Peak 14.49M) Sce: 1 Ve:7409 Fa:8646 Ha:3763 La:1
Fra:199 Mem:78.98M (0.00M, Peak 97.65M) | 1, Part 1-4
Fra:199 Mem:63.39M (0.00M, Peak 97.65M) | 1, Part 4-4
Fra:199 Mem:47.27M (0.00M, Peak 97.65M) | 1, Part 2-4
Fra:199 Mem:31.93M (0.00M, Peak 97.65M) | 1, Part 3-4
Fra:199 Mem:25.03M (0.00M, Peak 97.65M) Sce: 1 Ve:7409 Fa:8646 Ha:3763 La:1
Saved: star-collapse-0199 Time: 00:02.23 (Saving: 00:00.04)

Fra:200 Mem:25.22M (0.00M, Peak 97.65M) | Preparing Scene data
Fra:200 Mem:29.08M (0.00M, Peak 97.65M) | Preparing Scene data
Fra:200 Mem:29.11M (0.00M, Peak 97.65M) | Creating Shadowbuffers
Fra:200 Mem:29.11M (0.00M, Peak 97.65M) | Caching Point Densities
Fra:200 Mem:29.11M (0.00M, Peak 97.65M) Sce: 1 Ve:7409 Fa:8646 Ha:3808 La:1
Fra:200 Mem:29.11M (0.00M, Peak 97.65M) | Loading voxel datasets
Fra:200 Mem:29.11M (0.00M, Peak 97.65M) Sce: 1 Ve:7409 Fa:8646 Ha:3808 La:1
Fra:200 Mem:29.11M (0.00M, Peak 97.65M) Sce: 1 Ve:7409 Fa:8646 Ha:3808 La:1
Fra:200 Mem:29.11M (0.00M, Peak 97.65M) Sce: 1 Ve:7409 Fa:8646 Ha:3808 La:1
Fra:200 Mem:79.12M (0.00M, Peak 97.65M) | 1, Part 1-4
Fra:200 Mem:63.00M (0.00M, Peak 97.65M) | 1, Part 2-4
Fra:200 Mem:47.66M (0.00M, Peak 97.65M) | 1, Part 3-4
Fra:200 Mem:32.08M (0.00M, Peak 97.65M) | 1, Part 4-4
Fra:200 Mem:25.18M (0.00M, Peak 97.65M) Sce: 1 Ve:7409 Fa:8646 Ha:3808 La:1
Saved: star-collapse-0200 Time: 00:02.13 (Saving: 00:00.04)

Fra:201 Mem:25.22M (0.00M, Peak 97.65M) | Preparing Scene data
Fra:201 Mem:29.08M (0.00M, Peak 97.65M) | Preparing Scene data
Fra:201 Mem:29.11M (0.00M, Peak 97.65M) | Creating Shadowbuffers
Fra:201 Mem:29.11M (0.00M, Peak 97.65M) | Caching Point Densities
Fra:201 Mem:29.11M (0.00M, Peak 97.65M) Sce: 1 Ve:7409 Fa:8646 Ha:3841 La:1
Fra:201 Mem:29.11M (0.00M, Peak 97.65M) | Loading voxel datasets
Fra:201 Mem:29.11M (0.00M, Peak 97.65M) Sce: 1 Ve:7409 Fa:8646 Ha:3841 La:1
Fra:201 Mem:29.11M (0.00M, Peak 97.65M) Sce: 1 Ve:7409 Fa:8646 Ha:3841 La:1
Fra:201 Mem:29.11M (0.00M, Peak 97.65M) Sce: 1 Ve:7409 Fa:8646 Ha:3841 La:1
Fra:201 Mem:79.12M (0.00M, Peak 97.65M) | 1, Part 1-4
Fra:201 Mem:63.00M (0.00M, Peak 97.65M) | 1, Part 2-4
Fra:201 Mem:47.67M (0.00M, Peak 97.65M) | 1, Part 3-4
Fra:201 Mem:32.08M (0.00M, Peak 97.65M) | 1, Part 4-4
Fra:201 Mem:25.18M (0.00M, Peak 97.65M) Sce: 1 Ve:7409 Fa:8646 Ha:3841 La:1
Saved: star-collapse-0201 Time: 00:02.33 (Saving: 00:00.04)

Error, region type 2 missing in - name:"Info", id:7
Error, region type 4 missing in - name:"Info", id:7

Blender quit

real	0m7.758s
user	0m12.767s
sys	0m0.308s
