ALSA lib confmisc.c:768:(parse_card) cannot find card '0'
ALSA lib conf.c:4292:(_snd_config_evaluate) function snd_func_card_driver returned error: No such file or directory
ALSA lib confmisc.c:392:(snd_func_concat) error evaluating strings
ALSA lib conf.c:4292:(_snd_config_evaluate) function snd_func_concat returned error: No such file or directory
ALSA lib confmisc.c:1251:(snd_func_refer) error evaluating name
ALSA lib conf.c:4292:(_snd_config_evaluate) function snd_func_refer returned error: No such file or directory
ALSA lib conf.c:4771:(snd_config_expand) Evaluate error: No such file or directory
ALSA lib pcm.c:2266:(snd_pcm_open_noupdate) Unknown PCM default
AL lib: alsa_open_playback: Could not open playback device 'default': No such file or directory
found bundled python: /sfs/nfs/blender/2.70/2.70/python
read blend: /home/sr7cb/ParallelComputing/test/Star-collapse-ntsc.blend
Old particle system converted to new system.
Old particle system converted to new system.
Old particle system converted to new system.
Old particle system converted to new system.
Old particle system converted to new system.
Old particle system converted to new system.
Old particle system converted to new system.
Old particle system converted to new system.
Old particle system converted to new system.
Old particle system converted to new system.
Old particle system converted to new system.
2.66 versioning fix: replacing black sky with premultiplied alpha for scene 1
Fra:61 Mem:10.51M (0.00M, Peak 10.51M) | Preparing Scene data
Fra:61 Mem:13.71M (0.00M, Peak 13.74M) | Preparing Scene data
Fra:61 Mem:13.72M (0.00M, Peak 13.74M) | Creating Shadowbuffers
Fra:61 Mem:13.72M (0.00M, Peak 13.74M) | Caching Point Densities
Fra:61 Mem:13.72M (0.00M, Peak 13.74M) Sce: 1 Ve:5893 Fa:4460 Ha:2117 La:1
Fra:61 Mem:13.72M (0.00M, Peak 13.74M) | Loading voxel datasets
Fra:61 Mem:13.72M (0.00M, Peak 13.74M) Sce: 1 Ve:5893 Fa:4460 Ha:2117 La:1
Fra:61 Mem:13.73M (0.00M, Peak 13.74M) Sce: 1 Ve:5893 Fa:4460 Ha:2117 La:1
Fra:61 Mem:13.73M (0.00M, Peak 13.74M) Sce: 1 Ve:5893 Fa:4460 Ha:2117 La:1
Fra:61 Mem:77.62M (0.00M, Peak 91.41M) | 1, Part 2-4
Fra:61 Mem:62.72M (0.00M, Peak 91.41M) | 1, Part 1-4
Fra:61 Mem:47.01M (0.00M, Peak 91.41M) | 1, Part 4-4
Fra:61 Mem:31.17M (0.00M, Peak 91.41M) | 1, Part 3-4
Fra:61 Mem:24.95M (0.00M, Peak 91.41M) Sce: 1 Ve:5893 Fa:4460 Ha:2117 La:1
Saved: star-collapse-0061 Time: 00:00.94 (Saving: 00:00.02)

Fra:62 Mem:28.25M (0.00M, Peak 91.41M) | Preparing Scene data
Fra:62 Mem:28.26M (0.00M, Peak 91.41M) | Creating Shadowbuffers
Fra:62 Mem:28.26M (0.00M, Peak 91.41M) | Caching Point Densities
Fra:62 Mem:28.26M (0.00M, Peak 91.41M) Sce: 1 Ve:5905 Fa:4480 Ha:2123 La:1
Fra:62 Mem:28.26M (0.00M, Peak 91.41M) | Loading voxel datasets
Fra:62 Mem:28.26M (0.00M, Peak 91.41M) Sce: 1 Ve:5905 Fa:4480 Ha:2123 La:1
Fra:62 Mem:28.27M (0.00M, Peak 91.41M) Sce: 1 Ve:5905 Fa:4480 Ha:2123 La:1
Fra:62 Mem:28.27M (0.00M, Peak 91.41M) Sce: 1 Ve:5905 Fa:4480 Ha:2123 La:1
Fra:62 Mem:77.97M (0.00M, Peak 95.91M) | 1, Part 2-4
Fra:62 Mem:62.78M (0.00M, Peak 95.91M) | 1, Part 1-4
Fra:62 Mem:46.95M (0.00M, Peak 95.91M) | 1, Part 3-4
Fra:62 Mem:31.23M (0.00M, Peak 95.91M) | 1, Part 4-4
Fra:62 Mem:25.01M (0.00M, Peak 95.91M) Sce: 1 Ve:5905 Fa:4480 Ha:2123 La:1
Saved: star-collapse-0062 Time: 00:00.88 (Saving: 00:00.02)

Fra:63 Mem:25.05M (0.00M, Peak 95.91M) | Preparing Scene data
Fra:63 Mem:28.25M (0.00M, Peak 95.91M) | Preparing Scene data
Fra:63 Mem:28.26M (0.00M, Peak 95.91M) | Creating Shadowbuffers
Fra:63 Mem:28.26M (0.00M, Peak 95.91M) | Caching Point Densities
Fra:63 Mem:28.26M (0.00M, Peak 95.91M) Sce: 1 Ve:5917 Fa:4500 Ha:2135 La:1
Fra:63 Mem:28.26M (0.00M, Peak 95.91M) | Loading voxel datasets
Fra:63 Mem:28.26M (0.00M, Peak 95.91M) Sce: 1 Ve:5917 Fa:4500 Ha:2135 La:1
Fra:63 Mem:28.27M (0.00M, Peak 95.91M) Sce: 1 Ve:5917 Fa:4500 Ha:2135 La:1
Fra:63 Mem:28.27M (0.00M, Peak 95.91M) Sce: 1 Ve:5917 Fa:4500 Ha:2135 La:1
Fra:63 Mem:77.40M (0.00M, Peak 95.96M) | 1, Part 2-4
Fra:63 Mem:62.78M (0.00M, Peak 95.96M) | 1, Part 1-4
Fra:63 Mem:47.07M (0.00M, Peak 95.96M) | 1, Part 4-4
Fra:63 Mem:31.23M (0.00M, Peak 95.96M) | 1, Part 3-4
Fra:63 Mem:25.01M (0.00M, Peak 95.96M) Sce: 1 Ve:5917 Fa:4500 Ha:2135 La:1
Saved: star-collapse-0063 Time: 00:01.20 (Saving: 00:00.04)

Error, region type 2 missing in - name:"Info", id:7
Error, region type 4 missing in - name:"Info", id:7

Blender quit

real	0m34.766s
user	0m6.449s
sys	0m0.275s
