ALSA lib confmisc.c:768:(parse_card) cannot find card '0'
ALSA lib conf.c:4292:(_snd_config_evaluate) function snd_func_card_driver returned error: No such file or directory
ALSA lib confmisc.c:392:(snd_func_concat) error evaluating strings
ALSA lib conf.c:4292:(_snd_config_evaluate) function snd_func_concat returned error: No such file or directory
ALSA lib confmisc.c:1251:(snd_func_refer) error evaluating name
ALSA lib conf.c:4292:(_snd_config_evaluate) function snd_func_refer returned error: No such file or directory
ALSA lib conf.c:4771:(snd_config_expand) Evaluate error: No such file or directory
ALSA lib pcm.c:2266:(snd_pcm_open_noupdate) Unknown PCM default
AL lib: alsa_open_playback: Could not open playback device 'default': No such file or directory
found bundled python: /sfs/nfs/blender/2.70/2.70/python
read blend: /home/sr7cb/ParallelComputing/test/Star-collapse-ntsc.blend
Old particle system converted to new system.
Old particle system converted to new system.
Old particle system converted to new system.
Old particle system converted to new system.
Old particle system converted to new system.
Old particle system converted to new system.
Old particle system converted to new system.
Old particle system converted to new system.
Old particle system converted to new system.
Old particle system converted to new system.
Old particle system converted to new system.
2.66 versioning fix: replacing black sky with premultiplied alpha for scene 1
Fra:172 Mem:10.55M (0.00M, Peak 10.55M) | Preparing Scene data
Fra:172 Mem:13.80M (0.00M, Peak 13.84M) | Preparing Scene data
Fra:172 Mem:13.82M (0.00M, Peak 13.84M) | Creating Shadowbuffers
Fra:172 Mem:13.82M (0.00M, Peak 13.84M) | Caching Point Densities
Fra:172 Mem:13.82M (0.00M, Peak 13.84M) Sce: 1 Ve:6361 Fa:5240 Ha:2515 La:1
Fra:172 Mem:13.82M (0.00M, Peak 13.84M) | Loading voxel datasets
Fra:172 Mem:13.82M (0.00M, Peak 13.84M) Sce: 1 Ve:6361 Fa:5240 Ha:2515 La:1
Fra:172 Mem:13.83M (0.00M, Peak 13.84M) Sce: 1 Ve:6361 Fa:5240 Ha:2515 La:1
Fra:172 Mem:13.83M (0.00M, Peak 13.84M) Sce: 1 Ve:6361 Fa:5240 Ha:2515 La:1
Fra:172 Mem:78.60M (0.00M, Peak 105.94M) | 1, Part 4-4
Fra:172 Mem:63.13M (0.00M, Peak 105.94M) | 1, Part 3-4
Fra:172 Mem:47.26M (0.00M, Peak 105.94M) | 1, Part 1-4
Fra:172 Mem:31.27M (0.00M, Peak 105.94M) | 1, Part 2-4
Fra:172 Mem:24.98M (0.00M, Peak 105.94M) Sce: 1 Ve:6361 Fa:5240 Ha:2515 La:1
Saved: star-collapse-0172 Time: 00:01.97 (Saving: 00:00.04)

Fra:173 Mem:25.12M (0.00M, Peak 105.94M) | Preparing Scene data
Fra:173 Mem:28.38M (0.00M, Peak 105.94M) | Preparing Scene data
Fra:173 Mem:28.40M (0.00M, Peak 105.94M) | Creating Shadowbuffers
Fra:173 Mem:28.40M (0.00M, Peak 105.94M) | Caching Point Densities
Fra:173 Mem:28.40M (0.00M, Peak 105.94M) Sce: 1 Ve:6361 Fa:5240 Ha:2563 La:1
Fra:173 Mem:28.40M (0.00M, Peak 105.94M) | Loading voxel datasets
Fra:173 Mem:28.40M (0.00M, Peak 105.94M) Sce: 1 Ve:6361 Fa:5240 Ha:2563 La:1
Fra:173 Mem:28.40M (0.00M, Peak 105.94M) Sce: 1 Ve:6361 Fa:5240 Ha:2563 La:1
Fra:173 Mem:28.40M (0.00M, Peak 105.94M) Sce: 1 Ve:6361 Fa:5240 Ha:2563 La:1
Fra:173 Mem:78.69M (0.00M, Peak 106.96M) | 1, Part 4-4
Fra:173 Mem:63.23M (0.00M, Peak 106.96M) | 1, Part 3-4
Fra:173 Mem:47.36M (0.00M, Peak 106.96M) | 1, Part 1-4
Fra:173 Mem:31.37M (0.00M, Peak 106.96M) | 1, Part 2-4
Fra:173 Mem:25.08M (0.00M, Peak 106.96M) Sce: 1 Ve:6361 Fa:5240 Ha:2563 La:1
Saved: star-collapse-0173 Time: 00:01.95 (Saving: 00:00.04)

Fra:174 Mem:25.12M (0.00M, Peak 106.96M) | Preparing Scene data
Fra:174 Mem:28.38M (0.00M, Peak 106.96M) | Preparing Scene data
Fra:174 Mem:28.40M (0.00M, Peak 106.96M) | Creating Shadowbuffers
Fra:174 Mem:28.40M (0.00M, Peak 106.96M) | Caching Point Densities
Fra:174 Mem:28.40M (0.00M, Peak 106.96M) Sce: 1 Ve:6361 Fa:5240 Ha:2608 La:1
Fra:174 Mem:28.40M (0.00M, Peak 106.96M) | Loading voxel datasets
Fra:174 Mem:28.40M (0.00M, Peak 106.96M) Sce: 1 Ve:6361 Fa:5240 Ha:2608 La:1
Fra:174 Mem:28.40M (0.00M, Peak 106.96M) Sce: 1 Ve:6361 Fa:5240 Ha:2608 La:1
Fra:174 Mem:28.40M (0.00M, Peak 106.96M) Sce: 1 Ve:6361 Fa:5240 Ha:2608 La:1
Fra:174 Mem:78.69M (0.00M, Peak 107.24M) | 1, Part 3-4
Fra:174 Mem:63.23M (0.00M, Peak 107.24M) | 1, Part 4-4
Fra:174 Mem:47.36M (0.00M, Peak 107.24M) | 1, Part 1-4
Fra:174 Mem:31.37M (0.00M, Peak 107.24M) | 1, Part 2-4
Fra:174 Mem:25.08M (0.00M, Peak 107.24M) Sce: 1 Ve:6361 Fa:5240 Ha:2608 La:1
Saved: star-collapse-0174 Time: 00:01.91 (Saving: 00:00.04)

Error, region type 2 missing in - name:"Info", id:7
Error, region type 4 missing in - name:"Info", id:7

Blender quit

real	0m37.232s
user	0m11.861s
sys	0m0.326s
