ALSA lib confmisc.c:768:(parse_card) cannot find card '0'
ALSA lib conf.c:4292:(_snd_config_evaluate) function snd_func_card_driver returned error: No such file or directory
ALSA lib confmisc.c:392:(snd_func_concat) error evaluating strings
ALSA lib conf.c:4292:(_snd_config_evaluate) function snd_func_concat returned error: No such file or directory
ALSA lib confmisc.c:1251:(snd_func_refer) error evaluating name
ALSA lib conf.c:4292:(_snd_config_evaluate) function snd_func_refer returned error: No such file or directory
ALSA lib conf.c:4771:(snd_config_expand) Evaluate error: No such file or directory
ALSA lib pcm.c:2266:(snd_pcm_open_noupdate) Unknown PCM default
AL lib: alsa_open_playback: Could not open playback device 'default': No such file or directory
found bundled python: /sfs/nfs/blender/2.70/2.70/python
read blend: /home/sr7cb/ParallelComputing/test/Star-collapse-ntsc.blend
Old particle system converted to new system.
Old particle system converted to new system.
Old particle system converted to new system.
Old particle system converted to new system.
Old particle system converted to new system.
Old particle system converted to new system.
Old particle system converted to new system.
Old particle system converted to new system.
Old particle system converted to new system.
Old particle system converted to new system.
Old particle system converted to new system.
2.66 versioning fix: replacing black sky with premultiplied alpha for scene 1
Fra:67 Mem:10.51M (0.00M, Peak 10.51M) | Preparing Scene data
Fra:67 Mem:13.71M (0.00M, Peak 13.74M) | Preparing Scene data
Fra:67 Mem:13.73M (0.00M, Peak 13.74M) | Creating Shadowbuffers
Fra:67 Mem:13.73M (0.00M, Peak 13.74M) | Caching Point Densities
Fra:67 Mem:13.73M (0.00M, Peak 13.74M) Sce: 1 Ve:5965 Fa:4580 Ha:2171 La:1
Fra:67 Mem:13.73M (0.00M, Peak 13.74M) | Loading voxel datasets
Fra:67 Mem:13.73M (0.00M, Peak 13.74M) Sce: 1 Ve:5965 Fa:4580 Ha:2171 La:1
Fra:67 Mem:13.73M (0.00M, Peak 13.74M) Sce: 1 Ve:5965 Fa:4580 Ha:2171 La:1
Fra:67 Mem:13.73M (0.00M, Peak 13.74M) Sce: 1 Ve:5965 Fa:4580 Ha:2171 La:1
Fra:67 Mem:77.35M (0.00M, Peak 92.23M) | 1, Part 2-4
Fra:67 Mem:62.73M (0.00M, Peak 92.23M) | 1, Part 1-4
Fra:67 Mem:46.89M (0.00M, Peak 92.23M) | 1, Part 3-4
Fra:67 Mem:31.18M (0.00M, Peak 92.23M) | 1, Part 4-4
Fra:67 Mem:24.95M (0.00M, Peak 92.23M) Sce: 1 Ve:5965 Fa:4580 Ha:2171 La:1
Saved: star-collapse-0067 Time: 00:00.97 (Saving: 00:00.02)

Fra:68 Mem:28.25M (0.00M, Peak 92.23M) | Preparing Scene data
Fra:68 Mem:28.27M (0.00M, Peak 92.23M) | Creating Shadowbuffers
Fra:68 Mem:28.27M (0.00M, Peak 92.23M) | Caching Point Densities
Fra:68 Mem:28.27M (0.00M, Peak 92.23M) Sce: 1 Ve:5977 Fa:4600 Ha:2183 La:1
Fra:68 Mem:28.27M (0.00M, Peak 92.23M) | Loading voxel datasets
Fra:68 Mem:28.27M (0.00M, Peak 92.23M) Sce: 1 Ve:5977 Fa:4600 Ha:2183 La:1
Fra:68 Mem:28.27M (0.00M, Peak 92.23M) Sce: 1 Ve:5977 Fa:4600 Ha:2183 La:1
Fra:68 Mem:28.27M (0.00M, Peak 92.23M) Sce: 1 Ve:5977 Fa:4600 Ha:2183 La:1
Fra:68 Mem:77.88M (0.00M, Peak 106.16M) | 1, Part 3-4
Fra:68 Mem:62.42M (0.00M, Peak 106.16M) | 1, Part 2-4
Fra:68 Mem:46.95M (0.00M, Peak 106.16M) | 1, Part 1-4
Fra:68 Mem:31.24M (0.00M, Peak 106.16M) | 1, Part 4-4
Fra:68 Mem:25.01M (0.00M, Peak 106.16M) Sce: 1 Ve:5977 Fa:4600 Ha:2183 La:1
Saved: star-collapse-0068 Time: 00:00.92 (Saving: 00:00.02)

Fra:69 Mem:25.05M (0.00M, Peak 106.16M) | Preparing Scene data
Fra:69 Mem:28.25M (0.00M, Peak 106.16M) | Preparing Scene data
Fra:69 Mem:28.27M (0.00M, Peak 106.16M) | Creating Shadowbuffers
Fra:69 Mem:28.27M (0.00M, Peak 106.16M) | Caching Point Densities
Fra:69 Mem:28.27M (0.00M, Peak 106.16M) Sce: 1 Ve:5989 Fa:4620 Ha:2189 La:1
Fra:69 Mem:28.27M (0.00M, Peak 106.16M) | Loading voxel datasets
Fra:69 Mem:28.27M (0.00M, Peak 106.16M) Sce: 1 Ve:5989 Fa:4620 Ha:2189 La:1
Fra:69 Mem:28.27M (0.00M, Peak 106.16M) Sce: 1 Ve:5989 Fa:4620 Ha:2189 La:1
Fra:69 Mem:28.27M (0.00M, Peak 106.16M) Sce: 1 Ve:5989 Fa:4620 Ha:2189 La:1
Fra:69 Mem:77.41M (0.00M, Peak 106.16M) | 1, Part 2-4
Fra:69 Mem:62.79M (0.00M, Peak 106.16M) | 1, Part 1-4
Fra:69 Mem:46.95M (0.00M, Peak 106.16M) | 1, Part 3-4
Fra:69 Mem:31.24M (0.00M, Peak 106.16M) | 1, Part 4-4
Fra:69 Mem:25.01M (0.00M, Peak 106.16M) Sce: 1 Ve:5989 Fa:4620 Ha:2189 La:1
Saved: star-collapse-0069 Time: 00:01.52 (Saving: 00:00.04)

Error, region type 2 missing in - name:"Info", id:7
Error, region type 4 missing in - name:"Info", id:7

Blender quit

real	0m35.127s
user	0m7.065s
sys	0m0.292s
