ALSA lib confmisc.c:768:(parse_card) cannot find card '0'
ALSA lib conf.c:4292:(_snd_config_evaluate) function snd_func_card_driver returned error: No such file or directory
ALSA lib confmisc.c:392:(snd_func_concat) error evaluating strings
ALSA lib conf.c:4292:(_snd_config_evaluate) function snd_func_concat returned error: No such file or directory
ALSA lib confmisc.c:1251:(snd_func_refer) error evaluating name
ALSA lib conf.c:4292:(_snd_config_evaluate) function snd_func_refer returned error: No such file or directory
ALSA lib conf.c:4771:(snd_config_expand) Evaluate error: No such file or directory
ALSA lib pcm.c:2266:(snd_pcm_open_noupdate) Unknown PCM default
AL lib: alsa_open_playback: Could not open playback device 'default': No such file or directory
found bundled python: /sfs/nfs/blender/2.70/2.70/python
read blend: /home/sr7cb/ParallelComputing/test/Star-collapse-ntsc.blend
Old particle system converted to new system.
Old particle system converted to new system.
Old particle system converted to new system.
Old particle system converted to new system.
Old particle system converted to new system.
Old particle system converted to new system.
Old particle system converted to new system.
Old particle system converted to new system.
Old particle system converted to new system.
Old particle system converted to new system.
Old particle system converted to new system.
2.66 versioning fix: replacing black sky with premultiplied alpha for scene 1
Fra:220 Mem:10.63M (0.00M, Peak 10.63M) | Preparing Scene data
Fra:220 Mem:14.68M (0.00M, Peak 14.71M) | Preparing Scene data
Fra:220 Mem:14.71M (0.00M, Peak 14.71M) | Creating Shadowbuffers
Fra:220 Mem:14.71M (0.00M, Peak 14.71M) | Caching Point Densities
Fra:220 Mem:14.71M (0.00M, Peak 14.71M) Sce: 1 Ve:7409 Fa:8646 Ha:4543 La:1
Fra:220 Mem:14.71M (0.00M, Peak 14.71M) | Loading voxel datasets
Fra:220 Mem:14.71M (0.00M, Peak 14.71M) Sce: 1 Ve:7409 Fa:8646 Ha:4543 La:1
Fra:220 Mem:14.71M (0.00M, Peak 14.71M) Sce: 1 Ve:7409 Fa:8646 Ha:4543 La:1
Fra:220 Mem:14.71M (0.00M, Peak 14.71M) Sce: 1 Ve:7409 Fa:8646 Ha:4543 La:1
Fra:220 Mem:77.48M (0.00M, Peak 100.38M) | 1, Part 1-4
Fra:220 Mem:61.65M (0.00M, Peak 100.38M) | 1, Part 2-4
Fra:220 Mem:47.87M (0.00M, Peak 100.38M) | 1, Part 3-4
Fra:220 Mem:32.16M (0.00M, Peak 100.38M) | 1, Part 4-4
Fra:220 Mem:25.06M (0.00M, Peak 100.38M) Sce: 1 Ve:7409 Fa:8646 Ha:4543 La:1
Saved: star-collapse-0220 Time: 00:01.29 (Saving: 00:00.05)

Fra:221 Mem:25.28M (0.00M, Peak 100.38M) | Preparing Scene data
Fra:221 Mem:29.33M (0.00M, Peak 100.38M) | Preparing Scene data
Fra:221 Mem:29.36M (0.00M, Peak 100.38M) | Creating Shadowbuffers
Fra:221 Mem:29.36M (0.00M, Peak 100.38M) | Caching Point Densities
Fra:221 Mem:29.36M (0.00M, Peak 100.38M) Sce: 1 Ve:7409 Fa:8646 Ha:4537 La:1
Fra:221 Mem:29.36M (0.00M, Peak 100.38M) | Loading voxel datasets
Fra:221 Mem:29.36M (0.00M, Peak 100.38M) Sce: 1 Ve:7409 Fa:8646 Ha:4537 La:1
Fra:221 Mem:29.37M (0.00M, Peak 100.38M) Sce: 1 Ve:7409 Fa:8646 Ha:4537 La:1
Fra:221 Mem:29.37M (0.00M, Peak 100.38M) Sce: 1 Ve:7409 Fa:8646 Ha:4537 La:1
Fra:221 Mem:77.79M (0.00M, Peak 100.68M) | 1, Part 1-4
Fra:221 Mem:61.95M (0.00M, Peak 100.68M) | 1, Part 2-4
Fra:221 Mem:48.05M (0.00M, Peak 100.68M) | 1, Part 3-4
Fra:221 Mem:32.34M (0.00M, Peak 100.68M) | 1, Part 4-4
Fra:221 Mem:25.24M (0.00M, Peak 100.68M) Sce: 1 Ve:7409 Fa:8646 Ha:4537 La:1
Saved: star-collapse-0221 Time: 00:01.15 (Saving: 00:00.02)

Fra:222 Mem:25.28M (0.00M, Peak 100.68M) | Preparing Scene data
Fra:222 Mem:29.33M (0.00M, Peak 100.68M) | Preparing Scene data
Fra:222 Mem:29.37M (0.00M, Peak 100.68M) | Creating Shadowbuffers
Fra:222 Mem:29.37M (0.00M, Peak 100.68M) | Caching Point Densities
Fra:222 Mem:29.37M (0.00M, Peak 100.68M) Sce: 1 Ve:7409 Fa:8646 Ha:4528 La:1
Fra:222 Mem:29.37M (0.00M, Peak 100.68M) | Loading voxel datasets
Fra:222 Mem:29.37M (0.00M, Peak 100.68M) Sce: 1 Ve:7409 Fa:8646 Ha:4528 La:1
Fra:222 Mem:29.37M (0.00M, Peak 100.68M) Sce: 1 Ve:7409 Fa:8646 Ha:4528 La:1
Fra:222 Mem:29.37M (0.00M, Peak 100.68M) Sce: 1 Ve:7409 Fa:8646 Ha:4528 La:1
Fra:222 Mem:78.19M (0.00M, Peak 101.09M) | 1, Part 1-4
Fra:222 Mem:62.36M (0.00M, Peak 101.09M) | 1, Part 2-4
Fra:222 Mem:48.18M (0.00M, Peak 101.09M) | 1, Part 3-4
Fra:222 Mem:32.34M (0.00M, Peak 101.09M) | 1, Part 4-4
Fra:222 Mem:25.24M (0.00M, Peak 101.09M) Sce: 1 Ve:7409 Fa:8646 Ha:4528 La:1
Saved: star-collapse-0222 Time: 00:01.28 (Saving: 00:00.03)

Error, region type 2 missing in - name:"Info", id:7
Error, region type 4 missing in - name:"Info", id:7

Blender quit

real	0m4.692s
user	0m7.222s
sys	0m0.227s
