ALSA lib confmisc.c:768:(parse_card) cannot find card '0'
ALSA lib conf.c:4292:(_snd_config_evaluate) function snd_func_card_driver returned error: No such file or directory
ALSA lib confmisc.c:392:(snd_func_concat) error evaluating strings
ALSA lib conf.c:4292:(_snd_config_evaluate) function snd_func_concat returned error: No such file or directory
ALSA lib confmisc.c:1251:(snd_func_refer) error evaluating name
ALSA lib conf.c:4292:(_snd_config_evaluate) function snd_func_refer returned error: No such file or directory
ALSA lib conf.c:4771:(snd_config_expand) Evaluate error: No such file or directory
ALSA lib pcm.c:2266:(snd_pcm_open_noupdate) Unknown PCM default
AL lib: alsa_open_playback: Could not open playback device 'default': No such file or directory
found bundled python: /sfs/nfs/blender/2.70/2.70/python
read blend: /home/sr7cb/ParallelComputing/test/Star-collapse-ntsc.blend
Old particle system converted to new system.
Old particle system converted to new system.
Old particle system converted to new system.
Old particle system converted to new system.
Old particle system converted to new system.
Old particle system converted to new system.
Old particle system converted to new system.
Old particle system converted to new system.
Old particle system converted to new system.
Old particle system converted to new system.
Old particle system converted to new system.
2.66 versioning fix: replacing black sky with premultiplied alpha for scene 1
Fra:82 Mem:10.52M (0.00M, Peak 10.52M) | Preparing Scene data
Fra:82 Mem:13.72M (0.00M, Peak 13.76M) | Preparing Scene data
Fra:82 Mem:13.74M (0.00M, Peak 13.76M) | Creating Shadowbuffers
Fra:82 Mem:13.74M (0.00M, Peak 13.76M) | Caching Point Densities
Fra:82 Mem:13.74M (0.00M, Peak 13.76M) Sce: 1 Ve:6145 Fa:4880 Ha:2309 La:1
Fra:82 Mem:13.74M (0.00M, Peak 13.76M) | Loading voxel datasets
Fra:82 Mem:13.74M (0.00M, Peak 13.76M) Sce: 1 Ve:6145 Fa:4880 Ha:2309 La:1
Fra:82 Mem:13.74M (0.00M, Peak 13.76M) Sce: 1 Ve:6145 Fa:4880 Ha:2309 La:1
Fra:82 Mem:13.74M (0.00M, Peak 13.76M) Sce: 1 Ve:6145 Fa:4880 Ha:2309 La:1
Fra:82 Mem:78.08M (0.00M, Peak 90.83M) | 1, Part 2-4
Fra:82 Mem:62.61M (0.00M, Peak 90.83M) | 1, Part 1-4
Fra:82 Mem:46.78M (0.00M, Peak 90.83M) | 1, Part 3-4
Fra:82 Mem:31.19M (0.00M, Peak 90.83M) | 1, Part 4-4
Fra:82 Mem:24.95M (0.00M, Peak 90.83M) Sce: 1 Ve:6145 Fa:4880 Ha:2309 La:1
Saved: star-collapse-0082 Time: 00:01.94 (Saving: 00:00.04)

Fra:83 Mem:25.06M (0.00M, Peak 90.83M) | Preparing Scene data
Fra:83 Mem:28.27M (0.00M, Peak 90.83M) | Preparing Scene data
Fra:83 Mem:28.29M (0.00M, Peak 90.83M) | Creating Shadowbuffers
Fra:83 Mem:28.29M (0.00M, Peak 90.83M) | Caching Point Densities
Fra:83 Mem:28.29M (0.00M, Peak 90.83M) Sce: 1 Ve:6157 Fa:4900 Ha:2315 La:1
Fra:83 Mem:28.29M (0.00M, Peak 90.83M) | Loading voxel datasets
Fra:83 Mem:28.29M (0.00M, Peak 90.83M) Sce: 1 Ve:6157 Fa:4900 Ha:2315 La:1
Fra:83 Mem:28.29M (0.00M, Peak 90.83M) Sce: 1 Ve:6157 Fa:4900 Ha:2315 La:1
Fra:83 Mem:28.29M (0.00M, Peak 90.83M) Sce: 1 Ve:6157 Fa:4900 Ha:2315 La:1
Fra:83 Mem:78.15M (0.00M, Peak 95.78M) | 1, Part 2-4
Fra:83 Mem:62.68M (0.00M, Peak 95.78M) | 1, Part 1-4
Fra:83 Mem:47.10M (0.00M, Peak 95.78M) | 1, Part 4-4
Fra:83 Mem:31.26M (0.00M, Peak 95.78M) | 1, Part 3-4
Fra:83 Mem:25.02M (0.00M, Peak 95.78M) Sce: 1 Ve:6157 Fa:4900 Ha:2315 La:1
Saved: star-collapse-0083 Time: 00:01.76 (Saving: 00:00.04)

Fra:84 Mem:25.06M (0.00M, Peak 95.78M) | Preparing Scene data
Fra:84 Mem:28.27M (0.00M, Peak 95.78M) | Preparing Scene data
Fra:84 Mem:28.29M (0.00M, Peak 95.78M) | Creating Shadowbuffers
Fra:84 Mem:28.29M (0.00M, Peak 95.78M) | Caching Point Densities
Fra:84 Mem:28.29M (0.00M, Peak 95.78M) Sce: 1 Ve:6169 Fa:4920 Ha:2327 La:1
Fra:84 Mem:28.29M (0.00M, Peak 95.78M) | Loading voxel datasets
Fra:84 Mem:28.29M (0.00M, Peak 95.78M) Sce: 1 Ve:6169 Fa:4920 Ha:2327 La:1
Fra:84 Mem:28.29M (0.00M, Peak 95.78M) Sce: 1 Ve:6169 Fa:4920 Ha:2327 La:1
Fra:84 Mem:28.29M (0.00M, Peak 95.78M) Sce: 1 Ve:6169 Fa:4920 Ha:2327 La:1
Fra:84 Mem:77.99M (0.00M, Peak 95.93M) | 1, Part 2-4
Fra:84 Mem:62.69M (0.00M, Peak 95.93M) | 1, Part 1-4
Fra:84 Mem:47.10M (0.00M, Peak 95.93M) | 1, Part 4-4
Fra:84 Mem:31.26M (0.00M, Peak 95.93M) | 1, Part 3-4
Fra:84 Mem:25.02M (0.00M, Peak 95.93M) Sce: 1 Ve:6169 Fa:4920 Ha:2327 La:1
Saved: star-collapse-0084 Time: 00:01.68 (Saving: 00:00.04)

Error, region type 2 missing in - name:"Info", id:7
Error, region type 4 missing in - name:"Info", id:7

Blender quit

real	0m36.821s
user	0m10.457s
sys	0m0.291s
