ALSA lib confmisc.c:768:(parse_card) cannot find card '0'
ALSA lib conf.c:4292:(_snd_config_evaluate) function snd_func_card_driver returned error: No such file or directory
ALSA lib confmisc.c:392:(snd_func_concat) error evaluating strings
ALSA lib conf.c:4292:(_snd_config_evaluate) function snd_func_concat returned error: No such file or directory
ALSA lib confmisc.c:1251:(snd_func_refer) error evaluating name
ALSA lib conf.c:4292:(_snd_config_evaluate) function snd_func_refer returned error: No such file or directory
ALSA lib conf.c:4771:(snd_config_expand) Evaluate error: No such file or directory
ALSA lib pcm.c:2266:(snd_pcm_open_noupdate) Unknown PCM default
AL lib: alsa_open_playback: Could not open playback device 'default': No such file or directory
found bundled python: /sfs/nfs/blender/2.70/2.70/python
read blend: /home/sr7cb/ParallelComputing/test/Star-collapse-ntsc.blend
Old particle system converted to new system.
Old particle system converted to new system.
Old particle system converted to new system.
Old particle system converted to new system.
Old particle system converted to new system.
Old particle system converted to new system.
Old particle system converted to new system.
Old particle system converted to new system.
Old particle system converted to new system.
Old particle system converted to new system.
Old particle system converted to new system.
2.66 versioning fix: replacing black sky with premultiplied alpha for scene 1
Fra:20 Mem:10.47M (0.00M, Peak 10.48M) | Preparing Scene data
Fra:20 Mem:13.63M (0.00M, Peak 13.65M) | Preparing Scene data
Fra:20 Mem:13.64M (0.00M, Peak 13.65M) | Creating Shadowbuffers
Fra:20 Mem:13.64M (0.00M, Peak 13.65M) | Caching Point Densities
Fra:20 Mem:13.64M (0.00M, Peak 13.65M) Sce: 1 Ve:5401 Fa:3640 Ha:1432 La:1
Fra:20 Mem:13.64M (0.00M, Peak 13.65M) | Loading voxel datasets
Fra:20 Mem:13.64M (0.00M, Peak 13.65M) Sce: 1 Ve:5401 Fa:3640 Ha:1432 La:1
Fra:20 Mem:13.65M (0.00M, Peak 13.65M) Sce: 1 Ve:5401 Fa:3640 Ha:1432 La:1
Fra:20 Mem:13.65M (0.00M, Peak 13.65M) Sce: 1 Ve:5401 Fa:3640 Ha:1432 La:1
Fra:20 Mem:61.88M (0.00M, Peak 91.48M) | 1, Part 2-4
Fra:20 Mem:58.92M (0.00M, Peak 91.48M) | 1, Part 1-4
Fra:20 Mem:46.93M (0.00M, Peak 91.48M) | 1, Part 4-4
Fra:20 Mem:31.09M (0.00M, Peak 91.48M) | 1, Part 3-4
Fra:20 Mem:24.91M (0.00M, Peak 91.48M) Sce: 1 Ve:5401 Fa:3640 Ha:1432 La:1
Saved: star-collapse-0020 Time: 00:00.91 (Saving: 00:00.04)

Error, region type 2 missing in - name:"Info", id:7
Error, region type 4 missing in - name:"Info", id:7

Blender quit

real	0m2.463s
user	0m2.927s
sys	0m0.187s
ALSA lib confmisc.c:768:(parse_card) cannot find card '0'
ALSA lib conf.c:4292:(_snd_config_evaluate) function snd_func_card_driver returned error: No such file or directory
ALSA lib confmisc.c:392:(snd_func_concat) error evaluating strings
ALSA lib conf.c:4292:(_snd_config_evaluate) function snd_func_concat returned error: No such file or directory
ALSA lib confmisc.c:1251:(snd_func_refer) error evaluating name
ALSA lib conf.c:4292:(_snd_config_evaluate) function snd_func_refer returned error: No such file or directory
ALSA lib conf.c:4771:(snd_config_expand) Evaluate error: No such file or directory
ALSA lib pcm.c:2266:(snd_pcm_open_noupdate) Unknown PCM default
AL lib: alsa_open_playback: Could not open playback device 'default': No such file or directory
found bundled python: /sfs/nfs/blender/2.70/2.70/python
read blend: /home/sr7cb/ParallelComputing/test/Star-collapse-ntsc.blend
Old particle system converted to new system.
Old particle system converted to new system.
Old particle system converted to new system.
Old particle system converted to new system.
Old particle system converted to new system.
Old particle system converted to new system.
Old particle system converted to new system.
Old particle system converted to new system.
Old particle system converted to new system.
Old particle system converted to new system.
Old particle system converted to new system.
2.66 versioning fix: replacing black sky with premultiplied alpha for scene 1
Fra:60 Mem:10.51M (0.00M, Peak 10.51M) | Preparing Scene data
Fra:60 Mem:13.71M (0.00M, Peak 13.73M) | Preparing Scene data
Fra:60 Mem:13.72M (0.00M, Peak 13.73M) | Creating Shadowbuffers
Fra:60 Mem:13.72M (0.00M, Peak 13.73M) | Caching Point Densities
Fra:60 Mem:13.72M (0.00M, Peak 13.73M) Sce: 1 Ve:5881 Fa:4440 Ha:2105 La:1
Fra:60 Mem:13.72M (0.00M, Peak 13.73M) | Loading voxel datasets
Fra:60 Mem:13.72M (0.00M, Peak 13.73M) Sce: 1 Ve:5881 Fa:4440 Ha:2105 La:1
Fra:60 Mem:13.73M (0.00M, Peak 13.73M) Sce: 1 Ve:5881 Fa:4440 Ha:2105 La:1
Fra:60 Mem:13.73M (0.00M, Peak 13.73M) Sce: 1 Ve:5881 Fa:4440 Ha:2105 La:1
Fra:60 Mem:77.90M (0.00M, Peak 91.18M) | 1, Part 2-4
Fra:60 Mem:62.72M (0.00M, Peak 91.18M) | 1, Part 1-4
Fra:60 Mem:46.88M (0.00M, Peak 91.18M) | 1, Part 3-4
Fra:60 Mem:31.17M (0.00M, Peak 91.18M) | 1, Part 4-4
Fra:60 Mem:24.94M (0.00M, Peak 91.18M) Sce: 1 Ve:5881 Fa:4440 Ha:2105 La:1
Saved: star-collapse-0060 Time: 00:01.27 (Saving: 00:00.04)

Error, region type 2 missing in - name:"Info", id:7
Error, region type 4 missing in - name:"Info", id:7

Blender quit

real	1m6.606s
user	0m3.588s
sys	0m0.181s
ALSA lib confmisc.c:768:(parse_card) cannot find card '0'
ALSA lib conf.c:4292:(_snd_config_evaluate) function snd_func_card_driver returned error: No such file or directory
ALSA lib confmisc.c:392:(snd_func_concat) error evaluating strings
ALSA lib conf.c:4292:(_snd_config_evaluate) function snd_func_concat returned error: No such file or directory
ALSA lib confmisc.c:1251:(snd_func_refer) error evaluating name
ALSA lib conf.c:4292:(_snd_config_evaluate) function snd_func_refer returned error: No such file or directory
ALSA lib conf.c:4771:(snd_config_expand) Evaluate error: No such file or directory
ALSA lib pcm.c:2266:(snd_pcm_open_noupdate) Unknown PCM default
AL lib: alsa_open_playback: Could not open playback device 'default': No such file or directory
found bundled python: /sfs/nfs/blender/2.70/2.70/python
read blend: /home/sr7cb/ParallelComputing/test/Star-collapse-ntsc.blend
Old particle system converted to new system.
Old particle system converted to new system.
Old particle system converted to new system.
Old particle system converted to new system.
Old particle system converted to new system.
Old particle system converted to new system.
Old particle system converted to new system.
Old particle system converted to new system.
Old particle system converted to new system.
Old particle system converted to new system.
Old particle system converted to new system.
2.66 versioning fix: replacing black sky with premultiplied alpha for scene 1
Fra:100 Mem:10.52M (0.00M, Peak 10.52M) | Preparing Scene data
Fra:100 Mem:13.73M (0.00M, Peak 13.77M) | Preparing Scene data
Fra:100 Mem:13.75M (0.00M, Peak 13.77M) | Creating Shadowbuffers
Fra:100 Mem:13.75M (0.00M, Peak 13.77M) | Caching Point Densities
Fra:100 Mem:13.75M (0.00M, Peak 13.77M) Sce: 1 Ve:6361 Fa:5240 Ha:2471 La:1
Fra:100 Mem:13.75M (0.00M, Peak 13.77M) | Loading voxel datasets
Fra:100 Mem:13.75M (0.00M, Peak 13.77M) Sce: 1 Ve:6361 Fa:5240 Ha:2471 La:1
Fra:100 Mem:13.75M (0.00M, Peak 13.77M) Sce: 1 Ve:6361 Fa:5240 Ha:2471 La:1
Fra:100 Mem:13.75M (0.00M, Peak 13.77M) Sce: 1 Ve:6361 Fa:5240 Ha:2471 La:1
Fra:100 Mem:78.09M (0.00M, Peak 94.21M) | 1, Part 1-4
Fra:100 Mem:62.62M (0.00M, Peak 94.21M) | 1, Part 2-4
Fra:100 Mem:46.79M (0.00M, Peak 94.21M) | 1, Part 3-4
Fra:100 Mem:31.20M (0.00M, Peak 94.21M) | 1, Part 4-4
Fra:100 Mem:24.96M (0.00M, Peak 94.21M) Sce: 1 Ve:6361 Fa:5240 Ha:2471 La:1
Saved: star-collapse-0100 Time: 00:01.20 (Saving: 00:00.02)

Error, region type 2 missing in - name:"Info", id:7
Error, region type 4 missing in - name:"Info", id:7

Blender quit

real	0m2.490s
user	0m3.228s
sys	0m0.160s
ALSA lib confmisc.c:768:(parse_card) cannot find card '0'
ALSA lib conf.c:4292:(_snd_config_evaluate) function snd_func_card_driver returned error: No such file or directory
ALSA lib confmisc.c:392:(snd_func_concat) error evaluating strings
ALSA lib conf.c:4292:(_snd_config_evaluate) function snd_func_concat returned error: No such file or directory
ALSA lib confmisc.c:1251:(snd_func_refer) error evaluating name
ALSA lib conf.c:4292:(_snd_config_evaluate) function snd_func_refer returned error: No such file or directory
ALSA lib conf.c:4771:(snd_config_expand) Evaluate error: No such file or directory
ALSA lib pcm.c:2266:(snd_pcm_open_noupdate) Unknown PCM default
AL lib: alsa_open_playback: Could not open playback device 'default': No such file or directory
found bundled python: /sfs/nfs/blender/2.70/2.70/python
read blend: /home/sr7cb/ParallelComputing/test/Star-collapse-ntsc.blend
Old particle system converted to new system.
Old particle system converted to new system.
Old particle system converted to new system.
Old particle system converted to new system.
Old particle system converted to new system.
Old particle system converted to new system.
Old particle system converted to new system.
Old particle system converted to new system.
Old particle system converted to new system.
Old particle system converted to new system.
Old particle system converted to new system.
2.66 versioning fix: replacing black sky with premultiplied alpha for scene 1
Fra:140 Mem:10.52M (0.00M, Peak 10.52M) | Preparing Scene data
Fra:140 Mem:13.70M (0.00M, Peak 13.74M) | Preparing Scene data
Fra:140 Mem:13.72M (0.00M, Peak 13.74M) | Creating Shadowbuffers
Fra:140 Mem:13.72M (0.00M, Peak 13.74M) | Caching Point Densities
Fra:140 Mem:13.72M (0.00M, Peak 13.74M) Sce: 1 Ve:6361 Fa:5240 Ha:2427 La:1
Fra:140 Mem:13.72M (0.00M, Peak 13.74M) | Loading voxel datasets
Fra:140 Mem:13.72M (0.00M, Peak 13.74M) Sce: 1 Ve:6361 Fa:5240 Ha:2427 La:1
Fra:140 Mem:13.72M (0.00M, Peak 13.74M) Sce: 1 Ve:6361 Fa:5240 Ha:2427 La:1
Fra:140 Mem:13.72M (0.00M, Peak 13.74M) Sce: 1 Ve:6361 Fa:5240 Ha:2427 La:1
Fra:140 Mem:78.08M (0.00M, Peak 103.59M) | 1, Part 3-4
Fra:140 Mem:62.62M (0.00M, Peak 103.59M) | 1, Part 4-4
Fra:140 Mem:47.03M (0.00M, Peak 103.59M) | 1, Part 2-4
Fra:140 Mem:31.16M (0.00M, Peak 103.59M) | 1, Part 1-4
Fra:140 Mem:24.96M (0.00M, Peak 103.59M) Sce: 1 Ve:6361 Fa:5240 Ha:2427 La:1
Saved: star-collapse-0140 Time: 00:01.63 (Saving: 00:00.04)

Error, region type 2 missing in - name:"Info", id:7
Error, region type 4 missing in - name:"Info", id:7

Blender quit

real	0m2.527s
user	0m3.646s
sys	0m0.126s
ALSA lib confmisc.c:768:(parse_card) cannot find card '0'
ALSA lib conf.c:4292:(_snd_config_evaluate) function snd_func_card_driver returned error: No such file or directory
ALSA lib confmisc.c:392:(snd_func_concat) error evaluating strings
ALSA lib conf.c:4292:(_snd_config_evaluate) function snd_func_concat returned error: No such file or directory
ALSA lib confmisc.c:1251:(snd_func_refer) error evaluating name
ALSA lib conf.c:4292:(_snd_config_evaluate) function snd_func_refer returned error: No such file or directory
ALSA lib conf.c:4771:(snd_config_expand) Evaluate error: No such file or directory
ALSA lib pcm.c:2266:(snd_pcm_open_noupdate) Unknown PCM default
AL lib: alsa_open_playback: Could not open playback device 'default': No such file or directory
found bundled python: /sfs/nfs/blender/2.70/2.70/python
read blend: /home/sr7cb/ParallelComputing/test/Star-collapse-ntsc.blend
Old particle system converted to new system.
Old particle system converted to new system.
Old particle system converted to new system.
Old particle system converted to new system.
Old particle system converted to new system.
Old particle system converted to new system.
Old particle system converted to new system.
Old particle system converted to new system.
Old particle system converted to new system.
Old particle system converted to new system.
Old particle system converted to new system.
2.66 versioning fix: replacing black sky with premultiplied alpha for scene 1
Fra:180 Mem:10.56M (0.00M, Peak 10.56M) | Preparing Scene data
Fra:180 Mem:13.82M (0.00M, Peak 13.86M) | Preparing Scene data
Fra:180 Mem:13.84M (0.00M, Peak 13.86M) | Creating Shadowbuffers
Fra:180 Mem:13.84M (0.00M, Peak 13.86M) | Caching Point Densities
Fra:180 Mem:13.84M (0.00M, Peak 13.86M) Sce: 1 Ve:6361 Fa:5240 Ha:2884 La:1
Fra:180 Mem:13.84M (0.00M, Peak 13.86M) | Loading voxel datasets
Fra:180 Mem:13.84M (0.00M, Peak 13.86M) Sce: 1 Ve:6361 Fa:5240 Ha:2884 La:1
Fra:180 Mem:13.84M (0.00M, Peak 13.86M) Sce: 1 Ve:6361 Fa:5240 Ha:2884 La:1
Fra:180 Mem:13.84M (0.00M, Peak 13.86M) Sce: 1 Ve:6361 Fa:5240 Ha:2884 La:1
Fra:180 Mem:78.21M (0.00M, Peak 98.97M) | 1, Part 1-4
Fra:180 Mem:62.21M (0.00M, Peak 98.97M) | 1, Part 2-4
Fra:180 Mem:46.75M (0.00M, Peak 98.97M) | 1, Part 3-4
Fra:180 Mem:31.29M (0.00M, Peak 98.97M) | 1, Part 4-4
Fra:180 Mem:25.00M (0.00M, Peak 98.97M) Sce: 1 Ve:6361 Fa:5240 Ha:2884 La:1
Saved: star-collapse-0180 Time: 00:01.72 (Saving: 00:00.04)

Error, region type 2 missing in - name:"Info", id:7
Error, region type 4 missing in - name:"Info", id:7

Blender quit

real	0m2.854s
user	0m4.053s
sys	0m0.159s
ALSA lib confmisc.c:768:(parse_card) cannot find card '0'
ALSA lib conf.c:4292:(_snd_config_evaluate) function snd_func_card_driver returned error: No such file or directory
ALSA lib confmisc.c:392:(snd_func_concat) error evaluating strings
ALSA lib conf.c:4292:(_snd_config_evaluate) function snd_func_concat returned error: No such file or directory
ALSA lib confmisc.c:1251:(snd_func_refer) error evaluating name
ALSA lib conf.c:4292:(_snd_config_evaluate) function snd_func_refer returned error: No such file or directory
ALSA lib conf.c:4771:(snd_config_expand) Evaluate error: No such file or directory
ALSA lib pcm.c:2266:(snd_pcm_open_noupdate) Unknown PCM default
AL lib: alsa_open_playback: Could not open playback device 'default': No such file or directory
found bundled python: /sfs/nfs/blender/2.70/2.70/python
read blend: /home/sr7cb/ParallelComputing/test/Star-collapse-ntsc.blend
Old particle system converted to new system.
Old particle system converted to new system.
Old particle system converted to new system.
Old particle system converted to new system.
Old particle system converted to new system.
Old particle system converted to new system.
Old particle system converted to new system.
Old particle system converted to new system.
Old particle system converted to new system.
Old particle system converted to new system.
Old particle system converted to new system.
2.66 versioning fix: replacing black sky with premultiplied alpha for scene 1
Fra:220 Mem:10.63M (0.00M, Peak 10.63M) | Preparing Scene data
Fra:220 Mem:14.68M (0.00M, Peak 14.71M) | Preparing Scene data
Fra:220 Mem:14.71M (0.00M, Peak 14.71M) | Creating Shadowbuffers
Fra:220 Mem:14.71M (0.00M, Peak 14.71M) | Caching Point Densities
Fra:220 Mem:14.71M (0.00M, Peak 14.71M) Sce: 1 Ve:7409 Fa:8646 Ha:4543 La:1
Fra:220 Mem:14.71M (0.00M, Peak 14.71M) | Loading voxel datasets
Fra:220 Mem:14.71M (0.00M, Peak 14.71M) Sce: 1 Ve:7409 Fa:8646 Ha:4543 La:1
Fra:220 Mem:14.71M (0.00M, Peak 14.71M) Sce: 1 Ve:7409 Fa:8646 Ha:4543 La:1
Fra:220 Mem:14.71M (0.00M, Peak 14.71M) Sce: 1 Ve:7409 Fa:8646 Ha:4543 La:1
Fra:220 Mem:77.23M (0.00M, Peak 96.71M) | 1, Part 2-4
Fra:220 Mem:63.46M (0.00M, Peak 96.71M) | 1, Part 3-4
Fra:220 Mem:47.87M (0.00M, Peak 96.71M) | 1, Part 1-4
Fra:220 Mem:32.16M (0.00M, Peak 96.71M) | 1, Part 4-4
Fra:220 Mem:25.06M (0.00M, Peak 96.71M) Sce: 1 Ve:7409 Fa:8646 Ha:4543 La:1
Saved: star-collapse-0220 Time: 00:02.11 (Saving: 00:00.04)

Error, region type 2 missing in - name:"Info", id:7
Error, region type 4 missing in - name:"Info", id:7

Blender quit

real	0m3.215s
user	0m4.427s
sys	0m0.152s
