ALSA lib confmisc.c:768:(parse_card) cannot find card '0'
ALSA lib conf.c:4292:(_snd_config_evaluate) function snd_func_card_driver returned error: No such file or directory
ALSA lib confmisc.c:392:(snd_func_concat) error evaluating strings
ALSA lib conf.c:4292:(_snd_config_evaluate) function snd_func_concat returned error: No such file or directory
ALSA lib confmisc.c:1251:(snd_func_refer) error evaluating name
ALSA lib conf.c:4292:(_snd_config_evaluate) function snd_func_refer returned error: No such file or directory
ALSA lib conf.c:4771:(snd_config_expand) Evaluate error: No such file or directory
ALSA lib pcm.c:2266:(snd_pcm_open_noupdate) Unknown PCM default
AL lib: alsa_open_playback: Could not open playback device 'default': No such file or directory
found bundled python: /sfs/nfs/blender/2.70/2.70/python
read blend: /home/sr7cb/ParallelComputing/test/Star-collapse-ntsc.blend
Old particle system converted to new system.
Old particle system converted to new system.
Old particle system converted to new system.
Old particle system converted to new system.
Old particle system converted to new system.
Old particle system converted to new system.
Old particle system converted to new system.
Old particle system converted to new system.
Old particle system converted to new system.
Old particle system converted to new system.
Old particle system converted to new system.
2.66 versioning fix: replacing black sky with premultiplied alpha for scene 1
Fra:16 Mem:10.47M (0.00M, Peak 10.47M) | Preparing Scene data
Fra:16 Mem:13.63M (0.00M, Peak 13.64M) | Preparing Scene data
Fra:16 Mem:13.64M (0.00M, Peak 13.64M) | Creating Shadowbuffers
Fra:16 Mem:13.64M (0.00M, Peak 13.64M) | Caching Point Densities
Fra:16 Mem:13.64M (0.00M, Peak 13.64M) Sce: 1 Ve:5353 Fa:3560 Ha:1356 La:1
Fra:16 Mem:13.64M (0.00M, Peak 13.64M) | Loading voxel datasets
Fra:16 Mem:13.64M (0.00M, Peak 13.64M) Sce: 1 Ve:5353 Fa:3560 Ha:1356 La:1
Fra:16 Mem:13.64M (0.00M, Peak 13.64M) Sce: 1 Ve:5353 Fa:3560 Ha:1356 La:1
Fra:16 Mem:13.64M (0.00M, Peak 13.64M) Sce: 1 Ve:5353 Fa:3560 Ha:1356 La:1
Fra:16 Mem:73.97M (0.00M, Peak 92.30M) | 1, Part 1-4
Fra:16 Mem:58.91M (0.00M, Peak 92.30M) | 1, Part 2-4
Fra:16 Mem:46.92M (0.00M, Peak 92.30M) | 1, Part 4-4
Fra:16 Mem:31.08M (0.00M, Peak 92.30M) | 1, Part 3-4
Fra:16 Mem:24.91M (0.00M, Peak 92.30M) Sce: 1 Ve:5353 Fa:3560 Ha:1356 La:1
Saved: star-collapse-0016 Time: 00:00.92 (Saving: 00:00.03)

Error, region type 2 missing in - name:"Info", id:7
Error, region type 4 missing in - name:"Info", id:7

Blender quit

real	0m37.743s
user	0m2.637s
sys	0m0.173s
ALSA lib confmisc.c:768:(parse_card) cannot find card '0'
ALSA lib conf.c:4292:(_snd_config_evaluate) function snd_func_card_driver returned error: No such file or directory
ALSA lib confmisc.c:392:(snd_func_concat) error evaluating strings
ALSA lib conf.c:4292:(_snd_config_evaluate) function snd_func_concat returned error: No such file or directory
ALSA lib confmisc.c:1251:(snd_func_refer) error evaluating name
ALSA lib conf.c:4292:(_snd_config_evaluate) function snd_func_refer returned error: No such file or directory
ALSA lib conf.c:4771:(snd_config_expand) Evaluate error: No such file or directory
ALSA lib pcm.c:2266:(snd_pcm_open_noupdate) Unknown PCM default
AL lib: alsa_open_playback: Could not open playback device 'default': No such file or directory
found bundled python: /sfs/nfs/blender/2.70/2.70/python
read blend: /home/sr7cb/ParallelComputing/test/Star-collapse-ntsc.blend
Old particle system converted to new system.
Old particle system converted to new system.
Old particle system converted to new system.
Old particle system converted to new system.
Old particle system converted to new system.
Old particle system converted to new system.
Old particle system converted to new system.
Old particle system converted to new system.
Old particle system converted to new system.
Old particle system converted to new system.
Old particle system converted to new system.
2.66 versioning fix: replacing black sky with premultiplied alpha for scene 1
Fra:56 Mem:10.50M (0.00M, Peak 10.51M) | Preparing Scene data
Fra:56 Mem:13.70M (0.00M, Peak 13.73M) | Preparing Scene data
Fra:56 Mem:13.72M (0.00M, Peak 13.73M) | Creating Shadowbuffers
Fra:56 Mem:13.72M (0.00M, Peak 13.73M) | Caching Point Densities
Fra:56 Mem:13.72M (0.00M, Peak 13.73M) Sce: 1 Ve:5833 Fa:4360 Ha:2069 La:1
Fra:56 Mem:13.72M (0.00M, Peak 13.73M) | Loading voxel datasets
Fra:56 Mem:13.72M (0.00M, Peak 13.73M) Sce: 1 Ve:5833 Fa:4360 Ha:2069 La:1
Fra:56 Mem:13.72M (0.00M, Peak 13.73M) Sce: 1 Ve:5833 Fa:4360 Ha:2069 La:1
Fra:56 Mem:13.72M (0.00M, Peak 13.73M) Sce: 1 Ve:5833 Fa:4360 Ha:2069 La:1
Fra:56 Mem:78.18M (0.00M, Peak 95.81M) | 1, Part 1-4
Fra:56 Mem:62.72M (0.00M, Peak 95.81M) | 1, Part 2-4
Fra:56 Mem:36.41M (0.00M, Peak 95.81M) | 1, Part 4-4
Fra:56 Mem:31.17M (0.00M, Peak 95.81M) | 1, Part 3-4
Fra:56 Mem:24.94M (0.00M, Peak 95.81M) Sce: 1 Ve:5833 Fa:4360 Ha:2069 La:1
Saved: star-collapse-0056 Time: 00:01.46 (Saving: 00:00.04)

Error, region type 2 missing in - name:"Info", id:7
Error, region type 4 missing in - name:"Info", id:7

Blender quit

real	0m2.961s
user	0m3.916s
sys	0m0.187s
ALSA lib confmisc.c:768:(parse_card) cannot find card '0'
ALSA lib conf.c:4292:(_snd_config_evaluate) function snd_func_card_driver returned error: No such file or directory
ALSA lib confmisc.c:392:(snd_func_concat) error evaluating strings
ALSA lib conf.c:4292:(_snd_config_evaluate) function snd_func_concat returned error: No such file or directory
ALSA lib confmisc.c:1251:(snd_func_refer) error evaluating name
ALSA lib conf.c:4292:(_snd_config_evaluate) function snd_func_refer returned error: No such file or directory
ALSA lib conf.c:4771:(snd_config_expand) Evaluate error: No such file or directory
ALSA lib pcm.c:2266:(snd_pcm_open_noupdate) Unknown PCM default
AL lib: alsa_open_playback: Could not open playback device 'default': No such file or directory
found bundled python: /sfs/nfs/blender/2.70/2.70/python
read blend: /home/sr7cb/ParallelComputing/test/Star-collapse-ntsc.blend
Old particle system converted to new system.
Old particle system converted to new system.
Old particle system converted to new system.
Old particle system converted to new system.
Old particle system converted to new system.
Old particle system converted to new system.
Old particle system converted to new system.
Old particle system converted to new system.
Old particle system converted to new system.
Old particle system converted to new system.
Old particle system converted to new system.
2.66 versioning fix: replacing black sky with premultiplied alpha for scene 1
Fra:96 Mem:10.52M (0.00M, Peak 10.52M) | Preparing Scene data
Fra:96 Mem:13.73M (0.00M, Peak 13.77M) | Preparing Scene data
Fra:96 Mem:13.75M (0.00M, Peak 13.77M) | Creating Shadowbuffers
Fra:96 Mem:13.75M (0.00M, Peak 13.77M) | Caching Point Densities
Fra:96 Mem:13.75M (0.00M, Peak 13.77M) Sce: 1 Ve:6313 Fa:5160 Ha:2435 La:1
Fra:96 Mem:13.75M (0.00M, Peak 13.77M) | Loading voxel datasets
Fra:96 Mem:13.75M (0.00M, Peak 13.77M) Sce: 1 Ve:6313 Fa:5160 Ha:2435 La:1
Fra:96 Mem:13.75M (0.00M, Peak 13.77M) Sce: 1 Ve:6313 Fa:5160 Ha:2435 La:1
Fra:96 Mem:13.75M (0.00M, Peak 13.77M) Sce: 1 Ve:6313 Fa:5160 Ha:2435 La:1
Fra:96 Mem:77.83M (0.00M, Peak 100.98M) | 1, Part 3-4
Fra:96 Mem:62.25M (0.00M, Peak 100.98M) | 1, Part 1-4
Fra:96 Mem:46.78M (0.00M, Peak 100.98M) | 1, Part 2-4
Fra:96 Mem:31.20M (0.00M, Peak 100.98M) | 1, Part 4-4
Fra:96 Mem:24.96M (0.00M, Peak 100.98M) Sce: 1 Ve:6313 Fa:5160 Ha:2435 La:1
Saved: star-collapse-0096 Time: 00:01.97 (Saving: 00:00.04)

Error, region type 2 missing in - name:"Info", id:7
Error, region type 4 missing in - name:"Info", id:7

Blender quit

real	0m3.484s
user	0m4.708s
sys	0m0.162s
ALSA lib confmisc.c:768:(parse_card) cannot find card '0'
ALSA lib conf.c:4292:(_snd_config_evaluate) function snd_func_card_driver returned error: No such file or directory
ALSA lib confmisc.c:392:(snd_func_concat) error evaluating strings
ALSA lib conf.c:4292:(_snd_config_evaluate) function snd_func_concat returned error: No such file or directory
ALSA lib confmisc.c:1251:(snd_func_refer) error evaluating name
ALSA lib conf.c:4292:(_snd_config_evaluate) function snd_func_refer returned error: No such file or directory
ALSA lib conf.c:4771:(snd_config_expand) Evaluate error: No such file or directory
ALSA lib pcm.c:2266:(snd_pcm_open_noupdate) Unknown PCM default
AL lib: alsa_open_playback: Could not open playback device 'default': No such file or directory
found bundled python: /sfs/nfs/blender/2.70/2.70/python
read blend: /home/sr7cb/ParallelComputing/test/Star-collapse-ntsc.blend
Old particle system converted to new system.
Old particle system converted to new system.
Old particle system converted to new system.
Old particle system converted to new system.
Old particle system converted to new system.
Old particle system converted to new system.
Old particle system converted to new system.
Old particle system converted to new system.
Old particle system converted to new system.
Old particle system converted to new system.
Old particle system converted to new system.
2.66 versioning fix: replacing black sky with premultiplied alpha for scene 1
Fra:136 Mem:10.52M (0.00M, Peak 10.52M) | Preparing Scene data
Fra:136 Mem:13.70M (0.00M, Peak 13.74M) | Preparing Scene data
Fra:136 Mem:13.72M (0.00M, Peak 13.74M) | Creating Shadowbuffers
Fra:136 Mem:13.72M (0.00M, Peak 13.74M) | Caching Point Densities
Fra:136 Mem:13.72M (0.00M, Peak 13.74M) Sce: 1 Ve:6361 Fa:5240 Ha:2431 La:1
Fra:136 Mem:13.72M (0.00M, Peak 13.74M) | Loading voxel datasets
Fra:136 Mem:13.72M (0.00M, Peak 13.74M) Sce: 1 Ve:6361 Fa:5240 Ha:2431 La:1
Fra:136 Mem:13.72M (0.00M, Peak 13.74M) Sce: 1 Ve:6361 Fa:5240 Ha:2431 La:1
Fra:136 Mem:13.72M (0.00M, Peak 13.74M) Sce: 1 Ve:6361 Fa:5240 Ha:2431 La:1
Fra:136 Mem:78.08M (0.00M, Peak 101.72M) | 1, Part 3-4
Fra:136 Mem:62.62M (0.00M, Peak 101.72M) | 1, Part 4-4
Fra:136 Mem:47.03M (0.00M, Peak 101.72M) | 1, Part 2-4
Fra:136 Mem:31.17M (0.00M, Peak 101.72M) | 1, Part 1-4
Fra:136 Mem:24.96M (0.00M, Peak 101.72M) Sce: 1 Ve:6361 Fa:5240 Ha:2431 La:1
Saved: star-collapse-0136 Time: 00:01.94 (Saving: 00:00.04)

Error, region type 2 missing in - name:"Info", id:7
Error, region type 4 missing in - name:"Info", id:7

Blender quit

real	0m3.493s
user	0m4.873s
sys	0m0.167s
ALSA lib confmisc.c:768:(parse_card) cannot find card '0'
ALSA lib conf.c:4292:(_snd_config_evaluate) function snd_func_card_driver returned error: No such file or directory
ALSA lib confmisc.c:392:(snd_func_concat) error evaluating strings
ALSA lib conf.c:4292:(_snd_config_evaluate) function snd_func_concat returned error: No such file or directory
ALSA lib confmisc.c:1251:(snd_func_refer) error evaluating name
ALSA lib conf.c:4292:(_snd_config_evaluate) function snd_func_refer returned error: No such file or directory
ALSA lib conf.c:4771:(snd_config_expand) Evaluate error: No such file or directory
ALSA lib pcm.c:2266:(snd_pcm_open_noupdate) Unknown PCM default
AL lib: alsa_open_playback: Could not open playback device 'default': No such file or directory
found bundled python: /sfs/nfs/blender/2.70/2.70/python
read blend: /home/sr7cb/ParallelComputing/test/Star-collapse-ntsc.blend
Old particle system converted to new system.
Old particle system converted to new system.
Old particle system converted to new system.
Old particle system converted to new system.
Old particle system converted to new system.
Old particle system converted to new system.
Old particle system converted to new system.
Old particle system converted to new system.
Old particle system converted to new system.
Old particle system converted to new system.
Old particle system converted to new system.
2.66 versioning fix: replacing black sky with premultiplied alpha for scene 1
Fra:176 Mem:10.55M (0.00M, Peak 10.56M) | Preparing Scene data
Fra:176 Mem:13.81M (0.00M, Peak 13.85M) | Preparing Scene data
Fra:176 Mem:13.83M (0.00M, Peak 13.85M) | Creating Shadowbuffers
Fra:176 Mem:13.83M (0.00M, Peak 13.85M) | Caching Point Densities
Fra:176 Mem:13.83M (0.00M, Peak 13.85M) Sce: 1 Ve:6361 Fa:5240 Ha:2701 La:1
Fra:176 Mem:13.83M (0.00M, Peak 13.85M) | Loading voxel datasets
Fra:176 Mem:13.83M (0.00M, Peak 13.85M) Sce: 1 Ve:6361 Fa:5240 Ha:2701 La:1
Fra:176 Mem:13.84M (0.00M, Peak 13.85M) Sce: 1 Ve:6361 Fa:5240 Ha:2701 La:1
Fra:176 Mem:13.84M (0.00M, Peak 13.85M) Sce: 1 Ve:6361 Fa:5240 Ha:2701 La:1
Fra:176 Mem:78.20M (0.00M, Peak 101.10M) | 1, Part 1-4
Fra:176 Mem:62.21M (0.00M, Peak 101.10M) | 1, Part 2-4
Fra:176 Mem:46.74M (0.00M, Peak 101.10M) | 1, Part 3-4
Fra:176 Mem:31.28M (0.00M, Peak 101.10M) | 1, Part 4-4
Fra:176 Mem:24.99M (0.00M, Peak 101.10M) Sce: 1 Ve:6361 Fa:5240 Ha:2701 La:1
Saved: star-collapse-0176 Time: 00:01.95 (Saving: 00:00.04)

Error, region type 2 missing in - name:"Info", id:7
Error, region type 4 missing in - name:"Info", id:7

Blender quit

real	0m3.551s
user	0m4.961s
sys	0m0.187s
ALSA lib confmisc.c:768:(parse_card) cannot find card '0'
ALSA lib conf.c:4292:(_snd_config_evaluate) function snd_func_card_driver returned error: No such file or directory
ALSA lib confmisc.c:392:(snd_func_concat) error evaluating strings
ALSA lib conf.c:4292:(_snd_config_evaluate) function snd_func_concat returned error: No such file or directory
ALSA lib confmisc.c:1251:(snd_func_refer) error evaluating name
ALSA lib conf.c:4292:(_snd_config_evaluate) function snd_func_refer returned error: No such file or directory
ALSA lib conf.c:4771:(snd_config_expand) Evaluate error: No such file or directory
ALSA lib pcm.c:2266:(snd_pcm_open_noupdate) Unknown PCM default
AL lib: alsa_open_playback: Could not open playback device 'default': No such file or directory
found bundled python: /sfs/nfs/blender/2.70/2.70/python
read blend: /home/sr7cb/ParallelComputing/test/Star-collapse-ntsc.blend
Old particle system converted to new system.
Old particle system converted to new system.
Old particle system converted to new system.
Old particle system converted to new system.
Old particle system converted to new system.
Old particle system converted to new system.
Old particle system converted to new system.
Old particle system converted to new system.
Old particle system converted to new system.
Old particle system converted to new system.
Old particle system converted to new system.
2.66 versioning fix: replacing black sky with premultiplied alpha for scene 1
Fra:216 Mem:10.62M (0.00M, Peak 10.62M) | Preparing Scene data
Fra:216 Mem:14.58M (0.00M, Peak 14.61M) | Preparing Scene data
Fra:216 Mem:14.61M (0.00M, Peak 14.61M) | Creating Shadowbuffers
Fra:216 Mem:14.61M (0.00M, Peak 14.61M) | Caching Point Densities
Fra:216 Mem:14.61M (0.00M, Peak 14.61M) Sce: 1 Ve:7409 Fa:8646 Ha:4402 La:1
Fra:216 Mem:14.61M (0.00M, Peak 14.61M) | Loading voxel datasets
Fra:216 Mem:14.61M (0.00M, Peak 14.61M) Sce: 1 Ve:7409 Fa:8646 Ha:4402 La:1
Fra:216 Mem:14.61M (0.00M, Peak 14.61M) Sce: 1 Ve:7409 Fa:8646 Ha:4402 La:1
Fra:216 Mem:14.61M (0.00M, Peak 14.61M) Sce: 1 Ve:7409 Fa:8646 Ha:4402 La:1
Fra:216 Mem:77.10M (0.00M, Peak 96.34M) | 1, Part 1-4
Fra:216 Mem:61.26M (0.00M, Peak 96.34M) | 1, Part 2-4
Fra:216 Mem:45.83M (0.00M, Peak 96.34M) | 1, Part 4-4
Fra:216 Mem:32.06M (0.00M, Peak 96.34M) | 1, Part 3-4
Fra:216 Mem:25.06M (0.00M, Peak 96.34M) Sce: 1 Ve:7409 Fa:8646 Ha:4402 La:1
Saved: star-collapse-0216 Time: 00:01.83 (Saving: 00:00.02)

Error, region type 2 missing in - name:"Info", id:7
Error, region type 4 missing in - name:"Info", id:7

Blender quit

real	0m3.410s
user	0m4.831s
sys	0m0.183s
