ALSA lib confmisc.c:768:(parse_card) cannot find card '0'
ALSA lib conf.c:4292:(_snd_config_evaluate) function snd_func_card_driver returned error: No such file or directory
ALSA lib confmisc.c:392:(snd_func_concat) error evaluating strings
ALSA lib conf.c:4292:(_snd_config_evaluate) function snd_func_concat returned error: No such file or directory
ALSA lib confmisc.c:1251:(snd_func_refer) error evaluating name
ALSA lib conf.c:4292:(_snd_config_evaluate) function snd_func_refer returned error: No such file or directory
ALSA lib conf.c:4771:(snd_config_expand) Evaluate error: No such file or directory
ALSA lib pcm.c:2266:(snd_pcm_open_noupdate) Unknown PCM default
AL lib: alsa_open_playback: Could not open playback device 'default': No such file or directory
found bundled python: /sfs/nfs/blender/2.70/2.70/python
read blend: /home/sr7cb/ParallelComputing/test/Star-collapse-ntsc.blend
Old particle system converted to new system.
Old particle system converted to new system.
Old particle system converted to new system.
Old particle system converted to new system.
Old particle system converted to new system.
Old particle system converted to new system.
Old particle system converted to new system.
Old particle system converted to new system.
Old particle system converted to new system.
Old particle system converted to new system.
Old particle system converted to new system.
2.66 versioning fix: replacing black sky with premultiplied alpha for scene 1
Fra:39 Mem:10.49M (0.00M, Peak 10.49M) | Preparing Scene data
Fra:39 Mem:13.68M (0.00M, Peak 13.70M) | Preparing Scene data
Fra:39 Mem:13.70M (0.00M, Peak 13.70M) | Creating Shadowbuffers
Fra:39 Mem:13.70M (0.00M, Peak 13.70M) | Caching Point Densities
Fra:39 Mem:13.70M (0.00M, Peak 13.70M) Sce: 1 Ve:5629 Fa:4020 Ha:1798 La:1
Fra:39 Mem:13.70M (0.00M, Peak 13.70M) | Loading voxel datasets
Fra:39 Mem:13.70M (0.00M, Peak 13.70M) Sce: 1 Ve:5629 Fa:4020 Ha:1798 La:1
Fra:39 Mem:13.70M (0.00M, Peak 13.70M) Sce: 1 Ve:5629 Fa:4020 Ha:1798 La:1
Fra:39 Mem:13.70M (0.00M, Peak 13.70M) Sce: 1 Ve:5629 Fa:4020 Ha:1798 La:1
Fra:39 Mem:78.16M (0.00M, Peak 92.92M) | 1, Part 2-4
Fra:39 Mem:62.82M (0.00M, Peak 92.92M) | 1, Part 1-4
Fra:39 Mem:46.98M (0.00M, Peak 92.92M) | 1, Part 4-4
Fra:39 Mem:31.15M (0.00M, Peak 92.92M) | 1, Part 3-4
Fra:39 Mem:24.93M (0.00M, Peak 92.92M) Sce: 1 Ve:5629 Fa:4020 Ha:1798 La:1
Saved: star-collapse-0039 Time: 00:01.24 (Saving: 00:00.04)

Error, region type 2 missing in - name:"Info", id:7
Error, region type 4 missing in - name:"Info", id:7

Blender quit

real	1m8.507s
user	0m3.629s
sys	0m0.199s
ALSA lib confmisc.c:768:(parse_card) cannot find card '0'
ALSA lib conf.c:4292:(_snd_config_evaluate) function snd_func_card_driver returned error: No such file or directory
ALSA lib confmisc.c:392:(snd_func_concat) error evaluating strings
ALSA lib conf.c:4292:(_snd_config_evaluate) function snd_func_concat returned error: No such file or directory
ALSA lib confmisc.c:1251:(snd_func_refer) error evaluating name
ALSA lib conf.c:4292:(_snd_config_evaluate) function snd_func_refer returned error: No such file or directory
ALSA lib conf.c:4771:(snd_config_expand) Evaluate error: No such file or directory
ALSA lib pcm.c:2266:(snd_pcm_open_noupdate) Unknown PCM default
AL lib: alsa_open_playback: Could not open playback device 'default': No such file or directory
found bundled python: /sfs/nfs/blender/2.70/2.70/python
read blend: /home/sr7cb/ParallelComputing/test/Star-collapse-ntsc.blend
Old particle system converted to new system.
Old particle system converted to new system.
Old particle system converted to new system.
Old particle system converted to new system.
Old particle system converted to new system.
Old particle system converted to new system.
Old particle system converted to new system.
Old particle system converted to new system.
Old particle system converted to new system.
Old particle system converted to new system.
Old particle system converted to new system.
2.66 versioning fix: replacing black sky with premultiplied alpha for scene 1
Fra:79 Mem:10.52M (0.00M, Peak 10.52M) | Preparing Scene data
Fra:79 Mem:13.72M (0.00M, Peak 13.75M) | Preparing Scene data
Fra:79 Mem:13.74M (0.00M, Peak 13.75M) | Creating Shadowbuffers
Fra:79 Mem:13.74M (0.00M, Peak 13.75M) | Caching Point Densities
Fra:79 Mem:13.74M (0.00M, Peak 13.75M) Sce: 1 Ve:6109 Fa:4820 Ha:2279 La:1
Fra:79 Mem:13.74M (0.00M, Peak 13.75M) | Loading voxel datasets
Fra:79 Mem:13.74M (0.00M, Peak 13.75M) Sce: 1 Ve:6109 Fa:4820 Ha:2279 La:1
Fra:79 Mem:13.74M (0.00M, Peak 13.75M) Sce: 1 Ve:6109 Fa:4820 Ha:2279 La:1
Fra:79 Mem:13.74M (0.00M, Peak 13.75M) Sce: 1 Ve:6109 Fa:4820 Ha:2279 La:1
Fra:79 Mem:78.20M (0.00M, Peak 91.98M) | 1, Part 2-4
Fra:79 Mem:62.36M (0.00M, Peak 91.98M) | 1, Part 3-4
Fra:79 Mem:46.90M (0.00M, Peak 91.98M) | 1, Part 1-4
Fra:79 Mem:31.19M (0.00M, Peak 91.98M) | 1, Part 4-4
Fra:79 Mem:24.95M (0.00M, Peak 91.98M) Sce: 1 Ve:6109 Fa:4820 Ha:2279 La:1
Saved: star-collapse-0079 Time: 00:02.00 (Saving: 00:00.04)

Error, region type 2 missing in - name:"Info", id:7
Error, region type 4 missing in - name:"Info", id:7

Blender quit

real	0m3.718s
user	0m4.915s
sys	0m0.218s
ALSA lib confmisc.c:768:(parse_card) cannot find card '0'
ALSA lib conf.c:4292:(_snd_config_evaluate) function snd_func_card_driver returned error: No such file or directory
ALSA lib confmisc.c:392:(snd_func_concat) error evaluating strings
ALSA lib conf.c:4292:(_snd_config_evaluate) function snd_func_concat returned error: No such file or directory
ALSA lib confmisc.c:1251:(snd_func_refer) error evaluating name
ALSA lib conf.c:4292:(_snd_config_evaluate) function snd_func_refer returned error: No such file or directory
ALSA lib conf.c:4771:(snd_config_expand) Evaluate error: No such file or directory
ALSA lib pcm.c:2266:(snd_pcm_open_noupdate) Unknown PCM default
AL lib: alsa_open_playback: Could not open playback device 'default': No such file or directory
found bundled python: /sfs/nfs/blender/2.70/2.70/python
read blend: /home/sr7cb/ParallelComputing/test/Star-collapse-ntsc.blend
Old particle system converted to new system.
Old particle system converted to new system.
Old particle system converted to new system.
Old particle system converted to new system.
Old particle system converted to new system.
Old particle system converted to new system.
Old particle system converted to new system.
Old particle system converted to new system.
Old particle system converted to new system.
Old particle system converted to new system.
Old particle system converted to new system.
2.66 versioning fix: replacing black sky with premultiplied alpha for scene 1
Fra:119 Mem:10.52M (0.00M, Peak 10.52M) | Preparing Scene data
Fra:119 Mem:13.73M (0.00M, Peak 13.77M) | Preparing Scene data
Fra:119 Mem:13.75M (0.00M, Peak 13.77M) | Creating Shadowbuffers
Fra:119 Mem:13.75M (0.00M, Peak 13.77M) | Caching Point Densities
Fra:119 Mem:13.75M (0.00M, Peak 13.77M) Sce: 1 Ve:6361 Fa:5240 Ha:2447 La:1
Fra:119 Mem:13.75M (0.00M, Peak 13.77M) | Loading voxel datasets
Fra:119 Mem:13.75M (0.00M, Peak 13.77M) Sce: 1 Ve:6361 Fa:5240 Ha:2447 La:1
Fra:119 Mem:13.75M (0.00M, Peak 13.77M) Sce: 1 Ve:6361 Fa:5240 Ha:2447 La:1
Fra:119 Mem:13.75M (0.00M, Peak 13.77M) Sce: 1 Ve:6361 Fa:5240 Ha:2447 La:1
Fra:119 Mem:78.08M (0.00M, Peak 94.81M) | 1, Part 1-4
Fra:119 Mem:62.37M (0.00M, Peak 94.81M) | 1, Part 3-4
Fra:119 Mem:46.78M (0.00M, Peak 94.81M) | 1, Part 2-4
Fra:119 Mem:31.20M (0.00M, Peak 94.81M) | 1, Part 4-4
Fra:119 Mem:24.96M (0.00M, Peak 94.81M) Sce: 1 Ve:6361 Fa:5240 Ha:2447 La:1
Saved: star-collapse-0119 Time: 00:02.11 (Saving: 00:00.04)

Error, region type 2 missing in - name:"Info", id:7
Error, region type 4 missing in - name:"Info", id:7

Blender quit

real	0m3.828s
user	0m5.329s
sys	0m0.190s
ALSA lib confmisc.c:768:(parse_card) cannot find card '0'
ALSA lib conf.c:4292:(_snd_config_evaluate) function snd_func_card_driver returned error: No such file or directory
ALSA lib confmisc.c:392:(snd_func_concat) error evaluating strings
ALSA lib conf.c:4292:(_snd_config_evaluate) function snd_func_concat returned error: No such file or directory
ALSA lib confmisc.c:1251:(snd_func_refer) error evaluating name
ALSA lib conf.c:4292:(_snd_config_evaluate) function snd_func_refer returned error: No such file or directory
ALSA lib conf.c:4771:(snd_config_expand) Evaluate error: No such file or directory
ALSA lib pcm.c:2266:(snd_pcm_open_noupdate) Unknown PCM default
AL lib: alsa_open_playback: Could not open playback device 'default': No such file or directory
found bundled python: /sfs/nfs/blender/2.70/2.70/python
read blend: /home/sr7cb/ParallelComputing/test/Star-collapse-ntsc.blend
Old particle system converted to new system.
Old particle system converted to new system.
Old particle system converted to new system.
Old particle system converted to new system.
Old particle system converted to new system.
Old particle system converted to new system.
Old particle system converted to new system.
Old particle system converted to new system.
Old particle system converted to new system.
Old particle system converted to new system.
Old particle system converted to new system.
2.66 versioning fix: replacing black sky with premultiplied alpha for scene 1
Fra:159 Mem:10.52M (0.00M, Peak 10.52M) | Preparing Scene data
Fra:159 Mem:13.66M (0.00M, Peak 13.70M) | Preparing Scene data
Fra:159 Mem:13.68M (0.00M, Peak 13.70M) | Creating Shadowbuffers
Fra:159 Mem:13.68M (0.00M, Peak 13.70M) | Caching Point Densities
Fra:159 Mem:13.68M (0.00M, Peak 13.70M) Sce: 1 Ve:6361 Fa:5240 Ha:2422 La:1
Fra:159 Mem:13.68M (0.00M, Peak 13.70M) | Loading voxel datasets
Fra:159 Mem:13.68M (0.00M, Peak 13.70M) Sce: 1 Ve:6361 Fa:5240 Ha:2422 La:1
Fra:159 Mem:13.68M (0.00M, Peak 13.70M) Sce: 1 Ve:6361 Fa:5240 Ha:2422 La:1
Fra:159 Mem:13.68M (0.00M, Peak 13.70M) Sce: 1 Ve:6361 Fa:5240 Ha:2422 La:1
Fra:159 Mem:77.92M (0.00M, Peak 101.06M) | 1, Part 2-4
Fra:159 Mem:62.05M (0.00M, Peak 101.06M) | 1, Part 1-4
Fra:159 Mem:46.59M (0.00M, Peak 101.06M) | 1, Part 3-4
Fra:159 Mem:31.13M (0.00M, Peak 101.06M) | 1, Part 4-4
Fra:159 Mem:24.96M (0.00M, Peak 101.06M) Sce: 1 Ve:6361 Fa:5240 Ha:2422 La:1
Saved: star-collapse-0159 Time: 00:02.05 (Saving: 00:00.04)

Error, region type 2 missing in - name:"Info", id:7
Error, region type 4 missing in - name:"Info", id:7

Blender quit

real	0m3.760s
user	0m5.255s
sys	0m0.188s
ALSA lib confmisc.c:768:(parse_card) cannot find card '0'
ALSA lib conf.c:4292:(_snd_config_evaluate) function snd_func_card_driver returned error: No such file or directory
ALSA lib confmisc.c:392:(snd_func_concat) error evaluating strings
ALSA lib conf.c:4292:(_snd_config_evaluate) function snd_func_concat returned error: No such file or directory
ALSA lib confmisc.c:1251:(snd_func_refer) error evaluating name
ALSA lib conf.c:4292:(_snd_config_evaluate) function snd_func_refer returned error: No such file or directory
ALSA lib conf.c:4771:(snd_config_expand) Evaluate error: No such file or directory
ALSA lib pcm.c:2266:(snd_pcm_open_noupdate) Unknown PCM default
AL lib: alsa_open_playback: Could not open playback device 'default': No such file or directory
found bundled python: /sfs/nfs/blender/2.70/2.70/python
read blend: /home/sr7cb/ParallelComputing/test/Star-collapse-ntsc.blend
Old particle system converted to new system.
Old particle system converted to new system.
Old particle system converted to new system.
Old particle system converted to new system.
Old particle system converted to new system.
Old particle system converted to new system.
Old particle system converted to new system.
Old particle system converted to new system.
Old particle system converted to new system.
Old particle system converted to new system.
Old particle system converted to new system.
2.66 versioning fix: replacing black sky with premultiplied alpha for scene 1
Fra:199 Mem:10.59M (0.00M, Peak 10.60M) | Preparing Scene data
Fra:199 Mem:14.46M (0.00M, Peak 14.49M) | Preparing Scene data
Fra:199 Mem:14.49M (0.00M, Peak 14.49M) | Creating Shadowbuffers
Fra:199 Mem:14.49M (0.00M, Peak 14.49M) | Caching Point Densities
Fra:199 Mem:14.49M (0.00M, Peak 14.49M) Sce: 1 Ve:7409 Fa:8646 Ha:3763 La:1
Fra:199 Mem:14.49M (0.00M, Peak 14.49M) | Loading voxel datasets
Fra:199 Mem:14.49M (0.00M, Peak 14.49M) Sce: 1 Ve:7409 Fa:8646 Ha:3763 La:1
Fra:199 Mem:14.49M (0.00M, Peak 14.49M) Sce: 1 Ve:7409 Fa:8646 Ha:3763 La:1
Fra:199 Mem:14.49M (0.00M, Peak 14.49M) Sce: 1 Ve:7409 Fa:8646 Ha:3763 La:1
Fra:199 Mem:79.51M (0.00M, Peak 98.78M) | 1, Part 3-4
Fra:199 Mem:63.64M (0.00M, Peak 98.78M) | 1, Part 1-4
Fra:199 Mem:47.52M (0.00M, Peak 98.78M) | 1, Part 2-4
Fra:199 Mem:31.93M (0.00M, Peak 98.78M) | 1, Part 4-4
Fra:199 Mem:25.03M (0.00M, Peak 98.78M) Sce: 1 Ve:7409 Fa:8646 Ha:3763 La:1
Saved: star-collapse-0199 Time: 00:02.54 (Saving: 00:00.04)

Error, region type 2 missing in - name:"Info", id:7
Error, region type 4 missing in - name:"Info", id:7

Blender quit

real	0m4.273s
user	0m6.018s
sys	0m0.208s
ALSA lib confmisc.c:768:(parse_card) cannot find card '0'
ALSA lib conf.c:4292:(_snd_config_evaluate) function snd_func_card_driver returned error: No such file or directory
ALSA lib confmisc.c:392:(snd_func_concat) error evaluating strings
ALSA lib conf.c:4292:(_snd_config_evaluate) function snd_func_concat returned error: No such file or directory
ALSA lib confmisc.c:1251:(snd_func_refer) error evaluating name
ALSA lib conf.c:4292:(_snd_config_evaluate) function snd_func_refer returned error: No such file or directory
ALSA lib conf.c:4771:(snd_config_expand) Evaluate error: No such file or directory
ALSA lib pcm.c:2266:(snd_pcm_open_noupdate) Unknown PCM default
AL lib: alsa_open_playback: Could not open playback device 'default': No such file or directory
found bundled python: /sfs/nfs/blender/2.70/2.70/python
read blend: /home/sr7cb/ParallelComputing/test/Star-collapse-ntsc.blend
Old particle system converted to new system.
Old particle system converted to new system.
Old particle system converted to new system.
Old particle system converted to new system.
Old particle system converted to new system.
Old particle system converted to new system.
Old particle system converted to new system.
Old particle system converted to new system.
Old particle system converted to new system.
Old particle system converted to new system.
Old particle system converted to new system.
2.66 versioning fix: replacing black sky with premultiplied alpha for scene 1
Fra:239 Mem:10.64M (0.00M, Peak 10.64M) | Preparing Scene data
Fra:239 Mem:14.69M (0.00M, Peak 14.73M) | Preparing Scene data
Fra:239 Mem:14.72M (0.00M, Peak 14.73M) | Creating Shadowbuffers
Fra:239 Mem:14.72M (0.00M, Peak 14.73M) | Caching Point Densities
Fra:239 Mem:14.72M (0.00M, Peak 14.73M) Sce: 1 Ve:7409 Fa:8646 Ha:4375 La:1
Fra:239 Mem:14.72M (0.00M, Peak 14.73M) | Loading voxel datasets
Fra:239 Mem:14.72M (0.00M, Peak 14.73M) Sce: 1 Ve:7409 Fa:8646 Ha:4375 La:1
Fra:239 Mem:14.73M (0.00M, Peak 14.73M) Sce: 1 Ve:7409 Fa:8646 Ha:4375 La:1
Fra:239 Mem:14.73M (0.00M, Peak 14.73M) Sce: 1 Ve:7409 Fa:8646 Ha:4375 La:1
Fra:239 Mem:79.31M (0.00M, Peak 96.14M) | 1, Part 3-4
Fra:239 Mem:63.85M (0.00M, Peak 96.14M) | 1, Part 1-4
Fra:239 Mem:48.13M (0.00M, Peak 96.14M) | 1, Part 2-4
Fra:239 Mem:32.17M (0.00M, Peak 96.14M) | 1, Part 4-4
Fra:239 Mem:25.08M (0.00M, Peak 96.14M) Sce: 1 Ve:7409 Fa:8646 Ha:4375 La:1
Saved: star-collapse-0239 Time: 00:02.48 (Saving: 00:00.04)

Error, region type 2 missing in - name:"Info", id:7
Error, region type 4 missing in - name:"Info", id:7

Blender quit

real	0m39.927s
user	0m5.727s
sys	0m0.205s
