ALSA lib confmisc.c:768:(parse_card) cannot find card '0'
ALSA lib conf.c:4292:(_snd_config_evaluate) function snd_func_card_driver returned error: No such file or directory
ALSA lib confmisc.c:392:(snd_func_concat) error evaluating strings
ALSA lib conf.c:4292:(_snd_config_evaluate) function snd_func_concat returned error: No such file or directory
ALSA lib confmisc.c:1251:(snd_func_refer) error evaluating name
ALSA lib conf.c:4292:(_snd_config_evaluate) function snd_func_refer returned error: No such file or directory
ALSA lib conf.c:4771:(snd_config_expand) Evaluate error: No such file or directory
ALSA lib pcm.c:2266:(snd_pcm_open_noupdate) Unknown PCM default
AL lib: alsa_open_playback: Could not open playback device 'default': No such file or directory
found bundled python: /sfs/nfs/blender/2.70/2.70/python
read blend: /home/sr7cb/ParallelComputing/test/Star-collapse-ntsc.blend
Old particle system converted to new system.
Old particle system converted to new system.
Old particle system converted to new system.
Old particle system converted to new system.
Old particle system converted to new system.
Old particle system converted to new system.
Old particle system converted to new system.
Old particle system converted to new system.
Old particle system converted to new system.
Old particle system converted to new system.
Old particle system converted to new system.
2.66 versioning fix: replacing black sky with premultiplied alpha for scene 1
Fra:29 Mem:10.48M (0.00M, Peak 10.48M) | Preparing Scene data
Fra:29 Mem:13.67M (0.00M, Peak 13.69M) | Preparing Scene data
Fra:29 Mem:13.68M (0.00M, Peak 13.69M) | Creating Shadowbuffers
Fra:29 Mem:13.68M (0.00M, Peak 13.69M) | Caching Point Densities
Fra:29 Mem:13.68M (0.00M, Peak 13.69M) Sce: 1 Ve:5509 Fa:3820 Ha:1607 La:1
Fra:29 Mem:13.68M (0.00M, Peak 13.69M) | Loading voxel datasets
Fra:29 Mem:13.68M (0.00M, Peak 13.69M) Sce: 1 Ve:5509 Fa:3820 Ha:1607 La:1
Fra:29 Mem:13.69M (0.00M, Peak 13.69M) Sce: 1 Ve:5509 Fa:3820 Ha:1607 La:1
Fra:29 Mem:13.69M (0.00M, Peak 13.69M) Sce: 1 Ve:5509 Fa:3820 Ha:1607 La:1
Fra:29 Mem:74.30M (0.00M, Peak 92.97M) | 1, Part 2-4
Fra:29 Mem:61.82M (0.00M, Peak 92.97M) | 1, Part 1-4
Fra:29 Mem:46.97M (0.00M, Peak 92.97M) | 1, Part 4-4
Fra:29 Mem:31.13M (0.00M, Peak 92.97M) | 1, Part 3-4
Fra:29 Mem:24.92M (0.00M, Peak 92.97M) Sce: 1 Ve:5509 Fa:3820 Ha:1607 La:1
Saved: star-collapse-0029 Time: 00:00.53 (Saving: 00:00.02)

Error, region type 2 missing in - name:"Info", id:7
Error, region type 4 missing in - name:"Info", id:7

Blender quit

real	0m37.459s
user	0m1.652s
sys	0m0.131s
ALSA lib confmisc.c:768:(parse_card) cannot find card '0'
ALSA lib conf.c:4292:(_snd_config_evaluate) function snd_func_card_driver returned error: No such file or directory
ALSA lib confmisc.c:392:(snd_func_concat) error evaluating strings
ALSA lib conf.c:4292:(_snd_config_evaluate) function snd_func_concat returned error: No such file or directory
ALSA lib confmisc.c:1251:(snd_func_refer) error evaluating name
ALSA lib conf.c:4292:(_snd_config_evaluate) function snd_func_refer returned error: No such file or directory
ALSA lib conf.c:4771:(snd_config_expand) Evaluate error: No such file or directory
ALSA lib pcm.c:2266:(snd_pcm_open_noupdate) Unknown PCM default
AL lib: alsa_open_playback: Could not open playback device 'default': No such file or directory
found bundled python: /sfs/nfs/blender/2.70/2.70/python
read blend: /home/sr7cb/ParallelComputing/test/Star-collapse-ntsc.blend
Old particle system converted to new system.
Old particle system converted to new system.
Old particle system converted to new system.
Old particle system converted to new system.
Old particle system converted to new system.
Old particle system converted to new system.
Old particle system converted to new system.
Old particle system converted to new system.
Old particle system converted to new system.
Old particle system converted to new system.
Old particle system converted to new system.
2.66 versioning fix: replacing black sky with premultiplied alpha for scene 1
Fra:69 Mem:10.51M (0.00M, Peak 10.51M) | Preparing Scene data
Fra:69 Mem:13.71M (0.00M, Peak 13.74M) | Preparing Scene data
Fra:69 Mem:13.73M (0.00M, Peak 13.74M) | Creating Shadowbuffers
Fra:69 Mem:13.73M (0.00M, Peak 13.74M) | Caching Point Densities
Fra:69 Mem:13.73M (0.00M, Peak 13.74M) Sce: 1 Ve:5989 Fa:4620 Ha:2189 La:1
Fra:69 Mem:13.73M (0.00M, Peak 13.74M) | Loading voxel datasets
Fra:69 Mem:13.73M (0.00M, Peak 13.74M) Sce: 1 Ve:5989 Fa:4620 Ha:2189 La:1
Fra:69 Mem:13.73M (0.00M, Peak 13.74M) Sce: 1 Ve:5989 Fa:4620 Ha:2189 La:1
Fra:69 Mem:13.73M (0.00M, Peak 13.74M) Sce: 1 Ve:5989 Fa:4620 Ha:2189 La:1
Fra:69 Mem:76.97M (0.00M, Peak 94.98M) | 1, Part 3-4
Fra:69 Mem:62.35M (0.00M, Peak 94.98M) | 1, Part 1-4
Fra:69 Mem:46.89M (0.00M, Peak 94.98M) | 1, Part 2-4
Fra:69 Mem:31.18M (0.00M, Peak 94.98M) | 1, Part 4-4
Fra:69 Mem:24.95M (0.00M, Peak 94.98M) Sce: 1 Ve:5989 Fa:4620 Ha:2189 La:1
Saved: star-collapse-0069 Time: 00:00.97 (Saving: 00:00.02)

Error, region type 2 missing in - name:"Info", id:7
Error, region type 4 missing in - name:"Info", id:7

Blender quit

real	0m1.940s
user	0m2.406s
sys	0m0.124s
ALSA lib confmisc.c:768:(parse_card) cannot find card '0'
ALSA lib conf.c:4292:(_snd_config_evaluate) function snd_func_card_driver returned error: No such file or directory
ALSA lib confmisc.c:392:(snd_func_concat) error evaluating strings
ALSA lib conf.c:4292:(_snd_config_evaluate) function snd_func_concat returned error: No such file or directory
ALSA lib confmisc.c:1251:(snd_func_refer) error evaluating name
ALSA lib conf.c:4292:(_snd_config_evaluate) function snd_func_refer returned error: No such file or directory
ALSA lib conf.c:4771:(snd_config_expand) Evaluate error: No such file or directory
ALSA lib pcm.c:2266:(snd_pcm_open_noupdate) Unknown PCM default
AL lib: alsa_open_playback: Could not open playback device 'default': No such file or directory
found bundled python: /sfs/nfs/blender/2.70/2.70/python
read blend: /home/sr7cb/ParallelComputing/test/Star-collapse-ntsc.blend
Old particle system converted to new system.
Old particle system converted to new system.
Old particle system converted to new system.
Old particle system converted to new system.
Old particle system converted to new system.
Old particle system converted to new system.
Old particle system converted to new system.
Old particle system converted to new system.
Old particle system converted to new system.
Old particle system converted to new system.
Old particle system converted to new system.
2.66 versioning fix: replacing black sky with premultiplied alpha for scene 1
Fra:109 Mem:10.52M (0.00M, Peak 10.52M) | Preparing Scene data
Fra:109 Mem:13.73M (0.00M, Peak 13.77M) | Preparing Scene data
Fra:109 Mem:13.75M (0.00M, Peak 13.77M) | Creating Shadowbuffers
Fra:109 Mem:13.75M (0.00M, Peak 13.77M) | Caching Point Densities
Fra:109 Mem:13.75M (0.00M, Peak 13.77M) Sce: 1 Ve:6361 Fa:5240 Ha:2458 La:1
Fra:109 Mem:13.75M (0.00M, Peak 13.77M) | Loading voxel datasets
Fra:109 Mem:13.75M (0.00M, Peak 13.77M) Sce: 1 Ve:6361 Fa:5240 Ha:2458 La:1
Fra:109 Mem:13.75M (0.00M, Peak 13.77M) Sce: 1 Ve:6361 Fa:5240 Ha:2458 La:1
Fra:109 Mem:13.75M (0.00M, Peak 13.77M) Sce: 1 Ve:6361 Fa:5240 Ha:2458 La:1
Fra:109 Mem:78.09M (0.00M, Peak 94.17M) | 1, Part 2-4
Fra:109 Mem:62.37M (0.00M, Peak 94.17M) | 1, Part 3-4
Fra:109 Mem:46.78M (0.00M, Peak 94.17M) | 1, Part 4-4
Fra:109 Mem:31.20M (0.00M, Peak 94.17M) | 1, Part 1-4
Fra:109 Mem:24.96M (0.00M, Peak 94.17M) Sce: 1 Ve:6361 Fa:5240 Ha:2458 La:1
Saved: star-collapse-0109 Time: 00:01.00 (Saving: 00:00.02)

Error, region type 2 missing in - name:"Info", id:7
Error, region type 4 missing in - name:"Info", id:7

Blender quit

real	0m1.990s
user	0m2.636s
sys	0m0.138s
ALSA lib confmisc.c:768:(parse_card) cannot find card '0'
ALSA lib conf.c:4292:(_snd_config_evaluate) function snd_func_card_driver returned error: No such file or directory
ALSA lib confmisc.c:392:(snd_func_concat) error evaluating strings
ALSA lib conf.c:4292:(_snd_config_evaluate) function snd_func_concat returned error: No such file or directory
ALSA lib confmisc.c:1251:(snd_func_refer) error evaluating name
ALSA lib conf.c:4292:(_snd_config_evaluate) function snd_func_refer returned error: No such file or directory
ALSA lib conf.c:4771:(snd_config_expand) Evaluate error: No such file or directory
ALSA lib pcm.c:2266:(snd_pcm_open_noupdate) Unknown PCM default
AL lib: alsa_open_playback: Could not open playback device 'default': No such file or directory
found bundled python: /sfs/nfs/blender/2.70/2.70/python
read blend: /home/sr7cb/ParallelComputing/test/Star-collapse-ntsc.blend
Old particle system converted to new system.
Old particle system converted to new system.
Old particle system converted to new system.
Old particle system converted to new system.
Old particle system converted to new system.
Old particle system converted to new system.
Old particle system converted to new system.
Old particle system converted to new system.
Old particle system converted to new system.
Old particle system converted to new system.
Old particle system converted to new system.
2.66 versioning fix: replacing black sky with premultiplied alpha for scene 1
Fra:149 Mem:10.52M (0.00M, Peak 10.52M) | Preparing Scene data
Fra:149 Mem:13.70M (0.00M, Peak 13.74M) | Preparing Scene data
Fra:149 Mem:13.72M (0.00M, Peak 13.74M) | Creating Shadowbuffers
Fra:149 Mem:13.72M (0.00M, Peak 13.74M) | Caching Point Densities
Fra:149 Mem:13.72M (0.00M, Peak 13.74M) Sce: 1 Ve:6361 Fa:5240 Ha:2420 La:1
Fra:149 Mem:13.72M (0.00M, Peak 13.74M) | Loading voxel datasets
Fra:149 Mem:13.72M (0.00M, Peak 13.74M) Sce: 1 Ve:6361 Fa:5240 Ha:2420 La:1
Fra:149 Mem:13.72M (0.00M, Peak 13.74M) Sce: 1 Ve:6361 Fa:5240 Ha:2420 La:1
Fra:149 Mem:13.72M (0.00M, Peak 13.74M) Sce: 1 Ve:6361 Fa:5240 Ha:2420 La:1
Fra:149 Mem:77.80M (0.00M, Peak 99.71M) | 1, Part 4-4
Fra:149 Mem:62.34M (0.00M, Peak 99.71M) | 1, Part 3-4
Fra:149 Mem:46.75M (0.00M, Peak 99.71M) | 1, Part 1-4
Fra:149 Mem:31.16M (0.00M, Peak 99.71M) | 1, Part 2-4
Fra:149 Mem:24.96M (0.00M, Peak 99.71M) Sce: 1 Ve:6361 Fa:5240 Ha:2420 La:1
Saved: star-collapse-0149 Time: 00:01.00 (Saving: 00:00.02)

Error, region type 2 missing in - name:"Info", id:7
Error, region type 4 missing in - name:"Info", id:7

Blender quit

real	0m2.099s
user	0m2.635s
sys	0m0.133s
ALSA lib confmisc.c:768:(parse_card) cannot find card '0'
ALSA lib conf.c:4292:(_snd_config_evaluate) function snd_func_card_driver returned error: No such file or directory
ALSA lib confmisc.c:392:(snd_func_concat) error evaluating strings
ALSA lib conf.c:4292:(_snd_config_evaluate) function snd_func_concat returned error: No such file or directory
ALSA lib confmisc.c:1251:(snd_func_refer) error evaluating name
ALSA lib conf.c:4292:(_snd_config_evaluate) function snd_func_refer returned error: No such file or directory
ALSA lib conf.c:4771:(snd_config_expand) Evaluate error: No such file or directory
ALSA lib pcm.c:2266:(snd_pcm_open_noupdate) Unknown PCM default
AL lib: alsa_open_playback: Could not open playback device 'default': No such file or directory
found bundled python: /sfs/nfs/blender/2.70/2.70/python
read blend: /home/sr7cb/ParallelComputing/test/Star-collapse-ntsc.blend
Old particle system converted to new system.
Old particle system converted to new system.
Old particle system converted to new system.
Old particle system converted to new system.
Old particle system converted to new system.
Old particle system converted to new system.
Old particle system converted to new system.
Old particle system converted to new system.
Old particle system converted to new system.
Old particle system converted to new system.
Old particle system converted to new system.
2.66 versioning fix: replacing black sky with premultiplied alpha for scene 1
Fra:189 Mem:10.58M (0.00M, Peak 10.58M) | Preparing Scene data
Fra:189 Mem:13.93M (0.00M, Peak 13.97M) | Preparing Scene data
Fra:189 Mem:13.96M (0.00M, Peak 13.97M) | Creating Shadowbuffers
Fra:189 Mem:13.96M (0.00M, Peak 13.97M) | Caching Point Densities
Fra:189 Mem:13.96M (0.00M, Peak 13.97M) Sce: 1 Ve:6361 Fa:5240 Ha:3301 La:1
Fra:189 Mem:13.96M (0.00M, Peak 13.97M) | Loading voxel datasets
Fra:189 Mem:13.96M (0.00M, Peak 13.97M) Sce: 1 Ve:6361 Fa:5240 Ha:3301 La:1
Fra:189 Mem:13.96M (0.00M, Peak 13.97M) Sce: 1 Ve:6361 Fa:5240 Ha:3301 La:1
Fra:189 Mem:13.96M (0.00M, Peak 13.97M) Sce: 1 Ve:6361 Fa:5240 Ha:3301 La:1
Fra:189 Mem:78.20M (0.00M, Peak 101.09M) | 1, Part 1-4
Fra:189 Mem:62.20M (0.00M, Peak 101.09M) | 1, Part 2-4
Fra:189 Mem:46.87M (0.00M, Peak 101.09M) | 1, Part 3-4
Fra:189 Mem:31.40M (0.00M, Peak 101.09M) | 1, Part 4-4
Fra:189 Mem:25.02M (0.00M, Peak 101.09M) Sce: 1 Ve:6361 Fa:5240 Ha:3301 La:1
Saved: star-collapse-0189 Time: 00:01.11 (Saving: 00:00.02)

Error, region type 2 missing in - name:"Info", id:7
Error, region type 4 missing in - name:"Info", id:7

Blender quit

real	0m2.120s
user	0m2.856s
sys	0m0.126s
ALSA lib confmisc.c:768:(parse_card) cannot find card '0'
ALSA lib conf.c:4292:(_snd_config_evaluate) function snd_func_card_driver returned error: No such file or directory
ALSA lib confmisc.c:392:(snd_func_concat) error evaluating strings
ALSA lib conf.c:4292:(_snd_config_evaluate) function snd_func_concat returned error: No such file or directory
ALSA lib confmisc.c:1251:(snd_func_refer) error evaluating name
ALSA lib conf.c:4292:(_snd_config_evaluate) function snd_func_refer returned error: No such file or directory
ALSA lib conf.c:4771:(snd_config_expand) Evaluate error: No such file or directory
ALSA lib pcm.c:2266:(snd_pcm_open_noupdate) Unknown PCM default
AL lib: alsa_open_playback: Could not open playback device 'default': No such file or directory
found bundled python: /sfs/nfs/blender/2.70/2.70/python
read blend: /home/sr7cb/ParallelComputing/test/Star-collapse-ntsc.blend
Old particle system converted to new system.
Old particle system converted to new system.
Old particle system converted to new system.
Old particle system converted to new system.
Old particle system converted to new system.
Old particle system converted to new system.
Old particle system converted to new system.
Old particle system converted to new system.
Old particle system converted to new system.
Old particle system converted to new system.
Old particle system converted to new system.
2.66 versioning fix: replacing black sky with premultiplied alpha for scene 1
Fra:229 Mem:10.64M (0.00M, Peak 10.64M) | Preparing Scene data
Fra:229 Mem:14.69M (0.00M, Peak 14.73M) | Preparing Scene data
Fra:229 Mem:14.73M (0.00M, Peak 14.73M) | Creating Shadowbuffers
Fra:229 Mem:14.73M (0.00M, Peak 14.73M) | Caching Point Densities
Fra:229 Mem:14.73M (0.00M, Peak 14.73M) Sce: 1 Ve:7409 Fa:8646 Ha:4465 La:1
Fra:229 Mem:14.73M (0.00M, Peak 14.73M) | Loading voxel datasets
Fra:229 Mem:14.73M (0.00M, Peak 14.73M) Sce: 1 Ve:7409 Fa:8646 Ha:4465 La:1
Fra:229 Mem:14.73M (0.00M, Peak 14.73M) Sce: 1 Ve:7409 Fa:8646 Ha:4465 La:1
Fra:229 Mem:14.73M (0.00M, Peak 14.73M) Sce: 1 Ve:7409 Fa:8646 Ha:4465 La:1
Fra:229 Mem:77.37M (0.00M, Peak 105.66M) | 1, Part 4-4
Fra:229 Mem:61.66M (0.00M, Peak 105.66M) | 1, Part 2-4
Fra:229 Mem:46.07M (0.00M, Peak 105.66M) | 1, Part 1-4
Fra:229 Mem:32.17M (0.00M, Peak 105.66M) | 1, Part 3-4
Fra:229 Mem:25.08M (0.00M, Peak 105.66M) Sce: 1 Ve:7409 Fa:8646 Ha:4465 La:1
Saved: star-collapse-0229 Time: 00:02.50 (Saving: 00:00.04)

Error, region type 2 missing in - name:"Info", id:7
Error, region type 4 missing in - name:"Info", id:7

Blender quit

real	0m3.517s
user	0m5.215s
sys	0m0.167s
