ALSA lib confmisc.c:768:(parse_card) cannot find card '0'
ALSA lib conf.c:4292:(_snd_config_evaluate) function snd_func_card_driver returned error: No such file or directory
ALSA lib confmisc.c:392:(snd_func_concat) error evaluating strings
ALSA lib conf.c:4292:(_snd_config_evaluate) function snd_func_concat returned error: No such file or directory
ALSA lib confmisc.c:1251:(snd_func_refer) error evaluating name
ALSA lib conf.c:4292:(_snd_config_evaluate) function snd_func_refer returned error: No such file or directory
ALSA lib conf.c:4771:(snd_config_expand) Evaluate error: No such file or directory
ALSA lib pcm.c:2266:(snd_pcm_open_noupdate) Unknown PCM default
AL lib: alsa_open_playback: Could not open playback device 'default': No such file or directory
found bundled python: /sfs/nfs/blender/2.70/2.70/python
read blend: /home/sr7cb/ParallelComputing/test/Star-collapse-ntsc.blend
Old particle system converted to new system.
Old particle system converted to new system.
Old particle system converted to new system.
Old particle system converted to new system.
Old particle system converted to new system.
Old particle system converted to new system.
Old particle system converted to new system.
Old particle system converted to new system.
Old particle system converted to new system.
Old particle system converted to new system.
Old particle system converted to new system.
2.66 versioning fix: replacing black sky with premultiplied alpha for scene 1
Fra:9 Mem:10.46M (0.00M, Peak 10.47M) | Preparing Scene data
Fra:9 Mem:13.62M (0.00M, Peak 13.63M) | Preparing Scene data
Fra:9 Mem:13.63M (0.00M, Peak 13.63M) | Creating Shadowbuffers
Fra:9 Mem:13.63M (0.00M, Peak 13.63M) | Caching Point Densities
Fra:9 Mem:13.63M (0.00M, Peak 13.63M) Sce: 1 Ve:5269 Fa:3420 Ha:1225 La:1
Fra:9 Mem:13.63M (0.00M, Peak 13.63M) | Loading voxel datasets
Fra:9 Mem:13.63M (0.00M, Peak 13.63M) Sce: 1 Ve:5269 Fa:3420 Ha:1225 La:1
Fra:9 Mem:13.63M (0.00M, Peak 13.63M) Sce: 1 Ve:5269 Fa:3420 Ha:1225 La:1
Fra:9 Mem:13.63M (0.00M, Peak 13.63M) Sce: 1 Ve:5269 Fa:3420 Ha:1225 La:1
Fra:9 Mem:74.25M (0.00M, Peak 94.07M) | 1, Part 2-4
Fra:9 Mem:69.18M (0.00M, Peak 94.07M) | 1, Part 1-4
Fra:9 Mem:46.91M (0.00M, Peak 94.07M) | 1, Part 4-4
Fra:9 Mem:31.08M (0.00M, Peak 94.07M) | 1, Part 3-4
Fra:9 Mem:24.90M (0.00M, Peak 94.07M) Sce: 1 Ve:5269 Fa:3420 Ha:1225 La:1
Saved: star-collapse-0009 Time: 00:00.82 (Saving: 00:00.03)

Error, region type 2 missing in - name:"Info", id:7
Error, region type 4 missing in - name:"Info", id:7

Blender quit

real	1m8.338s
user	0m2.823s
sys	0m0.210s
ALSA lib confmisc.c:768:(parse_card) cannot find card '0'
ALSA lib conf.c:4292:(_snd_config_evaluate) function snd_func_card_driver returned error: No such file or directory
ALSA lib confmisc.c:392:(snd_func_concat) error evaluating strings
ALSA lib conf.c:4292:(_snd_config_evaluate) function snd_func_concat returned error: No such file or directory
ALSA lib confmisc.c:1251:(snd_func_refer) error evaluating name
ALSA lib conf.c:4292:(_snd_config_evaluate) function snd_func_refer returned error: No such file or directory
ALSA lib conf.c:4771:(snd_config_expand) Evaluate error: No such file or directory
ALSA lib pcm.c:2266:(snd_pcm_open_noupdate) Unknown PCM default
AL lib: alsa_open_playback: Could not open playback device 'default': No such file or directory
found bundled python: /sfs/nfs/blender/2.70/2.70/python
read blend: /home/sr7cb/ParallelComputing/test/Star-collapse-ntsc.blend
Old particle system converted to new system.
Old particle system converted to new system.
Old particle system converted to new system.
Old particle system converted to new system.
Old particle system converted to new system.
Old particle system converted to new system.
Old particle system converted to new system.
Old particle system converted to new system.
Old particle system converted to new system.
Old particle system converted to new system.
Old particle system converted to new system.
2.66 versioning fix: replacing black sky with premultiplied alpha for scene 1
Fra:49 Mem:10.50M (0.00M, Peak 10.50M) | Preparing Scene data
Fra:49 Mem:13.70M (0.00M, Peak 13.72M) | Preparing Scene data
Fra:49 Mem:13.71M (0.00M, Peak 13.72M) | Creating Shadowbuffers
Fra:49 Mem:13.71M (0.00M, Peak 13.72M) | Caching Point Densities
Fra:49 Mem:13.71M (0.00M, Peak 13.72M) Sce: 1 Ve:5749 Fa:4220 Ha:1989 La:1
Fra:49 Mem:13.71M (0.00M, Peak 13.72M) | Loading voxel datasets
Fra:49 Mem:13.71M (0.00M, Peak 13.72M) Sce: 1 Ve:5749 Fa:4220 Ha:1989 La:1
Fra:49 Mem:13.71M (0.00M, Peak 13.72M) Sce: 1 Ve:5749 Fa:4220 Ha:1989 La:1
Fra:49 Mem:13.71M (0.00M, Peak 13.72M) Sce: 1 Ve:5749 Fa:4220 Ha:1989 La:1
Fra:49 Mem:77.73M (0.00M, Peak 90.23M) | 1, Part 2-4
Fra:49 Mem:62.83M (0.00M, Peak 90.23M) | 1, Part 1-4
Fra:49 Mem:47.00M (0.00M, Peak 90.23M) | 1, Part 4-4
Fra:49 Mem:31.16M (0.00M, Peak 90.23M) | 1, Part 3-4
Fra:49 Mem:24.93M (0.00M, Peak 90.23M) Sce: 1 Ve:5749 Fa:4220 Ha:1989 La:1
Saved: star-collapse-0049 Time: 00:01.20 (Saving: 00:00.02)

Error, region type 2 missing in - name:"Info", id:7
Error, region type 4 missing in - name:"Info", id:7

Blender quit

real	0m32.609s
user	0m3.418s
sys	0m0.183s
ALSA lib confmisc.c:768:(parse_card) cannot find card '0'
ALSA lib conf.c:4292:(_snd_config_evaluate) function snd_func_card_driver returned error: No such file or directory
ALSA lib confmisc.c:392:(snd_func_concat) error evaluating strings
ALSA lib conf.c:4292:(_snd_config_evaluate) function snd_func_concat returned error: No such file or directory
ALSA lib confmisc.c:1251:(snd_func_refer) error evaluating name
ALSA lib conf.c:4292:(_snd_config_evaluate) function snd_func_refer returned error: No such file or directory
ALSA lib conf.c:4771:(snd_config_expand) Evaluate error: No such file or directory
ALSA lib pcm.c:2266:(snd_pcm_open_noupdate) Unknown PCM default
AL lib: alsa_open_playback: Could not open playback device 'default': No such file or directory
found bundled python: /sfs/nfs/blender/2.70/2.70/python
read blend: /home/sr7cb/ParallelComputing/test/Star-collapse-ntsc.blend
Old particle system converted to new system.
Old particle system converted to new system.
Old particle system converted to new system.
Old particle system converted to new system.
Old particle system converted to new system.
Old particle system converted to new system.
Old particle system converted to new system.
Old particle system converted to new system.
Old particle system converted to new system.
Old particle system converted to new system.
Old particle system converted to new system.
2.66 versioning fix: replacing black sky with premultiplied alpha for scene 1
Fra:89 Mem:10.52M (0.00M, Peak 10.52M) | Preparing Scene data
Fra:89 Mem:13.73M (0.00M, Peak 13.76M) | Preparing Scene data
Fra:89 Mem:13.75M (0.00M, Peak 13.76M) | Creating Shadowbuffers
Fra:89 Mem:13.75M (0.00M, Peak 13.76M) | Caching Point Densities
Fra:89 Mem:13.75M (0.00M, Peak 13.76M) Sce: 1 Ve:6229 Fa:5020 Ha:2369 La:1
Fra:89 Mem:13.75M (0.00M, Peak 13.76M) | Loading voxel datasets
Fra:89 Mem:13.75M (0.00M, Peak 13.76M) Sce: 1 Ve:6229 Fa:5020 Ha:2369 La:1
Fra:89 Mem:13.75M (0.00M, Peak 13.76M) Sce: 1 Ve:6229 Fa:5020 Ha:2369 La:1
Fra:89 Mem:13.75M (0.00M, Peak 13.76M) Sce: 1 Ve:6229 Fa:5020 Ha:2369 La:1
Fra:89 Mem:78.21M (0.00M, Peak 90.70M) | 1, Part 2-4
Fra:89 Mem:49.75M (0.00M, Peak 90.70M) | 1, Part 3-4
Fra:89 Mem:46.78M (0.00M, Peak 90.70M) | 1, Part 1-4
Fra:89 Mem:31.19M (0.00M, Peak 90.70M) | 1, Part 4-4
Fra:89 Mem:24.96M (0.00M, Peak 90.70M) Sce: 1 Ve:6229 Fa:5020 Ha:2369 La:1
Saved: star-collapse-0089 Time: 00:01.03 (Saving: 00:00.02)

Error, region type 2 missing in - name:"Info", id:7
Error, region type 4 missing in - name:"Info", id:7

Blender quit

real	0m2.015s
user	0m2.583s
sys	0m0.132s
ALSA lib confmisc.c:768:(parse_card) cannot find card '0'
ALSA lib conf.c:4292:(_snd_config_evaluate) function snd_func_card_driver returned error: No such file or directory
ALSA lib confmisc.c:392:(snd_func_concat) error evaluating strings
ALSA lib conf.c:4292:(_snd_config_evaluate) function snd_func_concat returned error: No such file or directory
ALSA lib confmisc.c:1251:(snd_func_refer) error evaluating name
ALSA lib conf.c:4292:(_snd_config_evaluate) function snd_func_refer returned error: No such file or directory
ALSA lib conf.c:4771:(snd_config_expand) Evaluate error: No such file or directory
ALSA lib pcm.c:2266:(snd_pcm_open_noupdate) Unknown PCM default
AL lib: alsa_open_playback: Could not open playback device 'default': No such file or directory
found bundled python: /sfs/nfs/blender/2.70/2.70/python
read blend: /home/sr7cb/ParallelComputing/test/Star-collapse-ntsc.blend
Old particle system converted to new system.
Old particle system converted to new system.
Old particle system converted to new system.
Old particle system converted to new system.
Old particle system converted to new system.
Old particle system converted to new system.
Old particle system converted to new system.
Old particle system converted to new system.
Old particle system converted to new system.
Old particle system converted to new system.
Old particle system converted to new system.
2.66 versioning fix: replacing black sky with premultiplied alpha for scene 1
Fra:129 Mem:10.52M (0.00M, Peak 10.52M) | Preparing Scene data
Fra:129 Mem:13.70M (0.00M, Peak 13.74M) | Preparing Scene data
Fra:129 Mem:13.72M (0.00M, Peak 13.74M) | Creating Shadowbuffers
Fra:129 Mem:13.72M (0.00M, Peak 13.74M) | Caching Point Densities
Fra:129 Mem:13.72M (0.00M, Peak 13.74M) Sce: 1 Ve:6361 Fa:5240 Ha:2436 La:1
Fra:129 Mem:13.72M (0.00M, Peak 13.74M) | Loading voxel datasets
Fra:129 Mem:13.72M (0.00M, Peak 13.74M) Sce: 1 Ve:6361 Fa:5240 Ha:2436 La:1
Fra:129 Mem:13.72M (0.00M, Peak 13.74M) Sce: 1 Ve:6361 Fa:5240 Ha:2436 La:1
Fra:129 Mem:13.72M (0.00M, Peak 13.74M) Sce: 1 Ve:6361 Fa:5240 Ha:2436 La:1
Fra:129 Mem:78.21M (0.00M, Peak 96.79M) | 1, Part 2-4
Fra:129 Mem:62.62M (0.00M, Peak 96.79M) | 1, Part 3-4
Fra:129 Mem:47.03M (0.00M, Peak 96.79M) | 1, Part 4-4
Fra:129 Mem:31.17M (0.00M, Peak 96.79M) | 1, Part 1-4
Fra:129 Mem:24.96M (0.00M, Peak 96.79M) Sce: 1 Ve:6361 Fa:5240 Ha:2436 La:1
Saved: star-collapse-0129 Time: 00:01.07 (Saving: 00:00.02)

Error, region type 2 missing in - name:"Info", id:7
Error, region type 4 missing in - name:"Info", id:7

Blender quit

real	0m2.063s
user	0m2.700s
sys	0m0.106s
ALSA lib confmisc.c:768:(parse_card) cannot find card '0'
ALSA lib conf.c:4292:(_snd_config_evaluate) function snd_func_card_driver returned error: No such file or directory
ALSA lib confmisc.c:392:(snd_func_concat) error evaluating strings
ALSA lib conf.c:4292:(_snd_config_evaluate) function snd_func_concat returned error: No such file or directory
ALSA lib confmisc.c:1251:(snd_func_refer) error evaluating name
ALSA lib conf.c:4292:(_snd_config_evaluate) function snd_func_refer returned error: No such file or directory
ALSA lib conf.c:4771:(snd_config_expand) Evaluate error: No such file or directory
ALSA lib pcm.c:2266:(snd_pcm_open_noupdate) Unknown PCM default
AL lib: alsa_open_playback: Could not open playback device 'default': No such file or directory
found bundled python: /sfs/nfs/blender/2.70/2.70/python
read blend: /home/sr7cb/ParallelComputing/test/Star-collapse-ntsc.blend
Old particle system converted to new system.
Old particle system converted to new system.
Old particle system converted to new system.
Old particle system converted to new system.
Old particle system converted to new system.
Old particle system converted to new system.
Old particle system converted to new system.
Old particle system converted to new system.
Old particle system converted to new system.
Old particle system converted to new system.
Old particle system converted to new system.
2.66 versioning fix: replacing black sky with premultiplied alpha for scene 1
Fra:169 Mem:10.52M (0.00M, Peak 10.52M) | Preparing Scene data
Fra:169 Mem:13.66M (0.00M, Peak 13.70M) | Preparing Scene data
Fra:169 Mem:13.68M (0.00M, Peak 13.70M) | Creating Shadowbuffers
Fra:169 Mem:13.68M (0.00M, Peak 13.70M) | Caching Point Densities
Fra:169 Mem:13.68M (0.00M, Peak 13.70M) Sce: 1 Ve:6361 Fa:5240 Ha:2422 La:1
Fra:169 Mem:13.68M (0.00M, Peak 13.70M) | Loading voxel datasets
Fra:169 Mem:13.68M (0.00M, Peak 13.70M) Sce: 1 Ve:6361 Fa:5240 Ha:2422 La:1
Fra:169 Mem:13.68M (0.00M, Peak 13.70M) Sce: 1 Ve:6361 Fa:5240 Ha:2422 La:1
Fra:169 Mem:13.68M (0.00M, Peak 13.70M) Sce: 1 Ve:6361 Fa:5240 Ha:2422 La:1
Fra:169 Mem:77.64M (0.00M, Peak 102.05M) | 1, Part 2-4
Fra:169 Mem:62.05M (0.00M, Peak 102.05M) | 1, Part 1-4
Fra:169 Mem:46.59M (0.00M, Peak 102.05M) | 1, Part 3-4
Fra:169 Mem:31.13M (0.00M, Peak 102.05M) | 1, Part 4-4
Fra:169 Mem:24.96M (0.00M, Peak 102.05M) Sce: 1 Ve:6361 Fa:5240 Ha:2422 La:1
Saved: star-collapse-0169 Time: 00:01.06 (Saving: 00:00.02)

Error, region type 2 missing in - name:"Info", id:7
Error, region type 4 missing in - name:"Info", id:7

Blender quit

real	0m2.105s
user	0m2.794s
sys	0m0.122s
ALSA lib confmisc.c:768:(parse_card) cannot find card '0'
ALSA lib conf.c:4292:(_snd_config_evaluate) function snd_func_card_driver returned error: No such file or directory
ALSA lib confmisc.c:392:(snd_func_concat) error evaluating strings
ALSA lib conf.c:4292:(_snd_config_evaluate) function snd_func_concat returned error: No such file or directory
ALSA lib confmisc.c:1251:(snd_func_refer) error evaluating name
ALSA lib conf.c:4292:(_snd_config_evaluate) function snd_func_refer returned error: No such file or directory
ALSA lib conf.c:4771:(snd_config_expand) Evaluate error: No such file or directory
ALSA lib pcm.c:2266:(snd_pcm_open_noupdate) Unknown PCM default
AL lib: alsa_open_playback: Could not open playback device 'default': No such file or directory
found bundled python: /sfs/nfs/blender/2.70/2.70/python
read blend: /home/sr7cb/ParallelComputing/test/Star-collapse-ntsc.blend
Old particle system converted to new system.
Old particle system converted to new system.
Old particle system converted to new system.
Old particle system converted to new system.
Old particle system converted to new system.
Old particle system converted to new system.
Old particle system converted to new system.
Old particle system converted to new system.
Old particle system converted to new system.
Old particle system converted to new system.
Old particle system converted to new system.
2.66 versioning fix: replacing black sky with premultiplied alpha for scene 1
Fra:209 Mem:10.61M (0.00M, Peak 10.61M) | Preparing Scene data
Fra:209 Mem:14.57M (0.00M, Peak 14.60M) | Preparing Scene data
Fra:209 Mem:14.60M (0.00M, Peak 14.60M) | Creating Shadowbuffers
Fra:209 Mem:14.60M (0.00M, Peak 14.60M) | Caching Point Densities
Fra:209 Mem:14.60M (0.00M, Peak 14.60M) Sce: 1 Ve:7409 Fa:8646 Ha:4141 La:1
Fra:209 Mem:14.60M (0.00M, Peak 14.60M) | Loading voxel datasets
Fra:209 Mem:14.60M (0.00M, Peak 14.60M) Sce: 1 Ve:7409 Fa:8646 Ha:4141 La:1
Fra:209 Mem:14.60M (0.00M, Peak 14.60M) Sce: 1 Ve:7409 Fa:8646 Ha:4141 La:1
Fra:209 Mem:14.60M (0.00M, Peak 14.60M) Sce: 1 Ve:7409 Fa:8646 Ha:4141 La:1
Fra:209 Mem:77.28M (0.00M, Peak 105.56M) | 1, Part 2-4
Fra:209 Mem:61.69M (0.00M, Peak 105.56M) | 1, Part 4-4
Fra:209 Mem:46.10M (0.00M, Peak 105.56M) | 1, Part 1-4
Fra:209 Mem:32.05M (0.00M, Peak 105.56M) | 1, Part 3-4
Fra:209 Mem:25.05M (0.00M, Peak 105.56M) Sce: 1 Ve:7409 Fa:8646 Ha:4141 La:1
Saved: star-collapse-0209 Time: 00:02.53 (Saving: 00:00.04)

Error, region type 2 missing in - name:"Info", id:7
Error, region type 4 missing in - name:"Info", id:7

Blender quit

real	0m3.532s
user	0m5.293s
sys	0m0.151s
