ALSA lib confmisc.c:768:(parse_card) cannot find card '0'
ALSA lib conf.c:4292:(_snd_config_evaluate) function snd_func_card_driver returned error: No such file or directory
ALSA lib confmisc.c:392:(snd_func_concat) error evaluating strings
ALSA lib conf.c:4292:(_snd_config_evaluate) function snd_func_concat returned error: No such file or directory
ALSA lib confmisc.c:1251:(snd_func_refer) error evaluating name
ALSA lib conf.c:4292:(_snd_config_evaluate) function snd_func_refer returned error: No such file or directory
ALSA lib conf.c:4771:(snd_config_expand) Evaluate error: No such file or directory
ALSA lib pcm.c:2266:(snd_pcm_open_noupdate) Unknown PCM default
AL lib: alsa_open_playback: Could not open playback device 'default': No such file or directory
found bundled python: /sfs/nfs/blender/2.70/2.70/python
read blend: /home/sr7cb/ParallelComputing/test/Star-collapse-ntsc.blend
Old particle system converted to new system.
Old particle system converted to new system.
Old particle system converted to new system.
Old particle system converted to new system.
Old particle system converted to new system.
Old particle system converted to new system.
Old particle system converted to new system.
Old particle system converted to new system.
Old particle system converted to new system.
Old particle system converted to new system.
Old particle system converted to new system.
2.66 versioning fix: replacing black sky with premultiplied alpha for scene 1
Fra:36 Mem:10.49M (0.00M, Peak 10.49M) | Preparing Scene data
Fra:36 Mem:13.68M (0.00M, Peak 13.70M) | Preparing Scene data
Fra:36 Mem:13.69M (0.00M, Peak 13.70M) | Creating Shadowbuffers
Fra:36 Mem:13.69M (0.00M, Peak 13.70M) | Caching Point Densities
Fra:36 Mem:13.69M (0.00M, Peak 13.70M) Sce: 1 Ve:5593 Fa:3960 Ha:1738 La:1
Fra:36 Mem:13.69M (0.00M, Peak 13.70M) | Loading voxel datasets
Fra:36 Mem:13.69M (0.00M, Peak 13.70M) Sce: 1 Ve:5593 Fa:3960 Ha:1738 La:1
Fra:36 Mem:13.70M (0.00M, Peak 13.70M) Sce: 1 Ve:5593 Fa:3960 Ha:1738 La:1
Fra:36 Mem:13.70M (0.00M, Peak 13.70M) Sce: 1 Ve:5593 Fa:3960 Ha:1738 La:1
Fra:36 Mem:64.80M (0.00M, Peak 95.64M) | 1, Part 2-4
Fra:36 Mem:62.56M (0.00M, Peak 95.64M) | 1, Part 1-4
Fra:36 Mem:46.98M (0.00M, Peak 95.64M) | 1, Part 4-4
Fra:36 Mem:31.14M (0.00M, Peak 95.64M) | 1, Part 3-4
Fra:36 Mem:24.92M (0.00M, Peak 95.64M) Sce: 1 Ve:5593 Fa:3960 Ha:1738 La:1
Saved: star-collapse-0036 Time: 00:01.17 (Saving: 00:00.04)

Error, region type 2 missing in - name:"Info", id:7
Error, region type 4 missing in - name:"Info", id:7

Blender quit

real	0m2.516s
user	0m3.119s
sys	0m0.178s
ALSA lib confmisc.c:768:(parse_card) cannot find card '0'
ALSA lib conf.c:4292:(_snd_config_evaluate) function snd_func_card_driver returned error: No such file or directory
ALSA lib confmisc.c:392:(snd_func_concat) error evaluating strings
ALSA lib conf.c:4292:(_snd_config_evaluate) function snd_func_concat returned error: No such file or directory
ALSA lib confmisc.c:1251:(snd_func_refer) error evaluating name
ALSA lib conf.c:4292:(_snd_config_evaluate) function snd_func_refer returned error: No such file or directory
ALSA lib conf.c:4771:(snd_config_expand) Evaluate error: No such file or directory
ALSA lib pcm.c:2266:(snd_pcm_open_noupdate) Unknown PCM default
AL lib: alsa_open_playback: Could not open playback device 'default': No such file or directory
found bundled python: /sfs/nfs/blender/2.70/2.70/python
read blend: /home/sr7cb/ParallelComputing/test/Star-collapse-ntsc.blend
Old particle system converted to new system.
Old particle system converted to new system.
Old particle system converted to new system.
Old particle system converted to new system.
Old particle system converted to new system.
Old particle system converted to new system.
Old particle system converted to new system.
Old particle system converted to new system.
Old particle system converted to new system.
Old particle system converted to new system.
Old particle system converted to new system.
2.66 versioning fix: replacing black sky with premultiplied alpha for scene 1
Fra:76 Mem:10.51M (0.00M, Peak 10.52M) | Preparing Scene data
Fra:76 Mem:13.72M (0.00M, Peak 13.75M) | Preparing Scene data
Fra:76 Mem:13.74M (0.00M, Peak 13.75M) | Creating Shadowbuffers
Fra:76 Mem:13.74M (0.00M, Peak 13.75M) | Caching Point Densities
Fra:76 Mem:13.74M (0.00M, Peak 13.75M) Sce: 1 Ve:6073 Fa:4760 Ha:2255 La:1
Fra:76 Mem:13.74M (0.00M, Peak 13.75M) | Loading voxel datasets
Fra:76 Mem:13.74M (0.00M, Peak 13.75M) Sce: 1 Ve:6073 Fa:4760 Ha:2255 La:1
Fra:76 Mem:13.74M (0.00M, Peak 13.75M) Sce: 1 Ve:6073 Fa:4760 Ha:2255 La:1
Fra:76 Mem:13.74M (0.00M, Peak 13.75M) Sce: 1 Ve:6073 Fa:4760 Ha:2255 La:1
Fra:76 Mem:78.20M (0.00M, Peak 90.95M) | 1, Part 2-4
Fra:76 Mem:62.73M (0.00M, Peak 90.95M) | 1, Part 1-4
Fra:76 Mem:47.02M (0.00M, Peak 90.95M) | 1, Part 4-4
Fra:76 Mem:31.18M (0.00M, Peak 90.95M) | 1, Part 3-4
Fra:76 Mem:24.95M (0.00M, Peak 90.95M) Sce: 1 Ve:6073 Fa:4760 Ha:2255 La:1
Saved: star-collapse-0076 Time: 00:01.72 (Saving: 00:00.04)

Error, region type 2 missing in - name:"Info", id:7
Error, region type 4 missing in - name:"Info", id:7

Blender quit

real	2m6.656s
user	0m4.197s
sys	0m0.178s
ALSA lib confmisc.c:768:(parse_card) cannot find card '0'
ALSA lib conf.c:4292:(_snd_config_evaluate) function snd_func_card_driver returned error: No such file or directory
ALSA lib confmisc.c:392:(snd_func_concat) error evaluating strings
ALSA lib conf.c:4292:(_snd_config_evaluate) function snd_func_concat returned error: No such file or directory
ALSA lib confmisc.c:1251:(snd_func_refer) error evaluating name
ALSA lib conf.c:4292:(_snd_config_evaluate) function snd_func_refer returned error: No such file or directory
ALSA lib conf.c:4771:(snd_config_expand) Evaluate error: No such file or directory
ALSA lib pcm.c:2266:(snd_pcm_open_noupdate) Unknown PCM default
AL lib: alsa_open_playback: Could not open playback device 'default': No such file or directory
found bundled python: /sfs/nfs/blender/2.70/2.70/python
read blend: /home/sr7cb/ParallelComputing/test/Star-collapse-ntsc.blend
Old particle system converted to new system.
Old particle system converted to new system.
Old particle system converted to new system.
Old particle system converted to new system.
Old particle system converted to new system.
Old particle system converted to new system.
Old particle system converted to new system.
Old particle system converted to new system.
Old particle system converted to new system.
Old particle system converted to new system.
Old particle system converted to new system.
2.66 versioning fix: replacing black sky with premultiplied alpha for scene 1
Fra:116 Mem:10.52M (0.00M, Peak 10.52M) | Preparing Scene data
Fra:116 Mem:13.73M (0.00M, Peak 13.77M) | Preparing Scene data
Fra:116 Mem:13.75M (0.00M, Peak 13.77M) | Creating Shadowbuffers
Fra:116 Mem:13.75M (0.00M, Peak 13.77M) | Caching Point Densities
Fra:116 Mem:13.75M (0.00M, Peak 13.77M) Sce: 1 Ve:6361 Fa:5240 Ha:2453 La:1
Fra:116 Mem:13.75M (0.00M, Peak 13.77M) | Loading voxel datasets
Fra:116 Mem:13.75M (0.00M, Peak 13.77M) Sce: 1 Ve:6361 Fa:5240 Ha:2453 La:1
Fra:116 Mem:13.75M (0.00M, Peak 13.77M) Sce: 1 Ve:6361 Fa:5240 Ha:2453 La:1
Fra:116 Mem:13.75M (0.00M, Peak 13.77M) Sce: 1 Ve:6361 Fa:5240 Ha:2453 La:1
Fra:116 Mem:78.08M (0.00M, Peak 94.81M) | 1, Part 1-4
Fra:116 Mem:49.75M (0.00M, Peak 94.81M) | 1, Part 3-4
Fra:116 Mem:46.78M (0.00M, Peak 94.81M) | 1, Part 2-4
Fra:116 Mem:31.20M (0.00M, Peak 94.81M) | 1, Part 4-4
Fra:116 Mem:24.96M (0.00M, Peak 94.81M) Sce: 1 Ve:6361 Fa:5240 Ha:2453 La:1
Saved: star-collapse-0116 Time: 00:01.93 (Saving: 00:00.04)

Error, region type 2 missing in - name:"Info", id:7
Error, region type 4 missing in - name:"Info", id:7

Blender quit

real	0m3.464s
user	0m4.760s
sys	0m0.188s
ALSA lib confmisc.c:768:(parse_card) cannot find card '0'
ALSA lib conf.c:4292:(_snd_config_evaluate) function snd_func_card_driver returned error: No such file or directory
ALSA lib confmisc.c:392:(snd_func_concat) error evaluating strings
ALSA lib conf.c:4292:(_snd_config_evaluate) function snd_func_concat returned error: No such file or directory
ALSA lib confmisc.c:1251:(snd_func_refer) error evaluating name
ALSA lib conf.c:4292:(_snd_config_evaluate) function snd_func_refer returned error: No such file or directory
ALSA lib conf.c:4771:(snd_config_expand) Evaluate error: No such file or directory
ALSA lib pcm.c:2266:(snd_pcm_open_noupdate) Unknown PCM default
AL lib: alsa_open_playback: Could not open playback device 'default': No such file or directory
found bundled python: /sfs/nfs/blender/2.70/2.70/python
read blend: /home/sr7cb/ParallelComputing/test/Star-collapse-ntsc.blend
Old particle system converted to new system.
Old particle system converted to new system.
Old particle system converted to new system.
Old particle system converted to new system.
Old particle system converted to new system.
Old particle system converted to new system.
Old particle system converted to new system.
Old particle system converted to new system.
Old particle system converted to new system.
Old particle system converted to new system.
Old particle system converted to new system.
2.66 versioning fix: replacing black sky with premultiplied alpha for scene 1
Fra:156 Mem:10.52M (0.00M, Peak 10.52M) | Preparing Scene data
Fra:156 Mem:13.66M (0.00M, Peak 13.70M) | Preparing Scene data
Fra:156 Mem:13.68M (0.00M, Peak 13.70M) | Creating Shadowbuffers
Fra:156 Mem:13.68M (0.00M, Peak 13.70M) | Caching Point Densities
Fra:156 Mem:13.68M (0.00M, Peak 13.70M) Sce: 1 Ve:6361 Fa:5240 Ha:2422 La:1
Fra:156 Mem:13.68M (0.00M, Peak 13.70M) | Loading voxel datasets
Fra:156 Mem:13.68M (0.00M, Peak 13.70M) Sce: 1 Ve:6361 Fa:5240 Ha:2422 La:1
Fra:156 Mem:13.68M (0.00M, Peak 13.70M) Sce: 1 Ve:6361 Fa:5240 Ha:2422 La:1
Fra:156 Mem:13.68M (0.00M, Peak 13.70M) Sce: 1 Ve:6361 Fa:5240 Ha:2422 La:1
Fra:156 Mem:77.64M (0.00M, Peak 103.05M) | 1, Part 2-4
Fra:156 Mem:62.05M (0.00M, Peak 103.05M) | 1, Part 1-4
Fra:156 Mem:46.59M (0.00M, Peak 103.05M) | 1, Part 3-4
Fra:156 Mem:31.13M (0.00M, Peak 103.05M) | 1, Part 4-4
Fra:156 Mem:24.96M (0.00M, Peak 103.05M) Sce: 1 Ve:6361 Fa:5240 Ha:2422 La:1
Saved: star-collapse-0156 Time: 00:01.88 (Saving: 00:00.03)

Error, region type 2 missing in - name:"Info", id:7
Error, region type 4 missing in - name:"Info", id:7

Blender quit

real	0m3.359s
user	0m4.804s
sys	0m0.176s
ALSA lib confmisc.c:768:(parse_card) cannot find card '0'
ALSA lib conf.c:4292:(_snd_config_evaluate) function snd_func_card_driver returned error: No such file or directory
ALSA lib confmisc.c:392:(snd_func_concat) error evaluating strings
ALSA lib conf.c:4292:(_snd_config_evaluate) function snd_func_concat returned error: No such file or directory
ALSA lib confmisc.c:1251:(snd_func_refer) error evaluating name
ALSA lib conf.c:4292:(_snd_config_evaluate) function snd_func_refer returned error: No such file or directory
ALSA lib conf.c:4771:(snd_config_expand) Evaluate error: No such file or directory
ALSA lib pcm.c:2266:(snd_pcm_open_noupdate) Unknown PCM default
AL lib: alsa_open_playback: Could not open playback device 'default': No such file or directory
found bundled python: /sfs/nfs/blender/2.70/2.70/python
read blend: /home/sr7cb/ParallelComputing/test/Star-collapse-ntsc.blend
Old particle system converted to new system.
Old particle system converted to new system.
Old particle system converted to new system.
Old particle system converted to new system.
Old particle system converted to new system.
Old particle system converted to new system.
Old particle system converted to new system.
Old particle system converted to new system.
Old particle system converted to new system.
Old particle system converted to new system.
Old particle system converted to new system.
2.66 versioning fix: replacing black sky with premultiplied alpha for scene 1
Fra:196 Mem:10.59M (0.00M, Peak 10.59M) | Preparing Scene data
Fra:196 Mem:14.45M (0.00M, Peak 14.49M) | Preparing Scene data
Fra:196 Mem:14.48M (0.00M, Peak 14.49M) | Creating Shadowbuffers
Fra:196 Mem:14.48M (0.00M, Peak 14.49M) | Caching Point Densities
Fra:196 Mem:14.48M (0.00M, Peak 14.49M) Sce: 1 Ve:7409 Fa:8646 Ha:3625 La:1
Fra:196 Mem:14.48M (0.00M, Peak 14.49M) | Loading voxel datasets
Fra:196 Mem:14.48M (0.00M, Peak 14.49M) Sce: 1 Ve:7409 Fa:8646 Ha:3625 La:1
Fra:196 Mem:14.48M (0.00M, Peak 14.49M) Sce: 1 Ve:7409 Fa:8646 Ha:3625 La:1
Fra:196 Mem:14.48M (0.00M, Peak 14.49M) Sce: 1 Ve:7409 Fa:8646 Ha:3625 La:1
Fra:196 Mem:78.85M (0.00M, Peak 101.74M) | 1, Part 1-4
Fra:196 Mem:62.73M (0.00M, Peak 101.74M) | 1, Part 2-4
Fra:196 Mem:47.39M (0.00M, Peak 101.74M) | 1, Part 3-4
Fra:196 Mem:31.93M (0.00M, Peak 101.74M) | 1, Part 4-4
Fra:196 Mem:25.03M (0.00M, Peak 101.74M) Sce: 1 Ve:7409 Fa:8646 Ha:3625 La:1
Saved: star-collapse-0196 Time: 00:02.19 (Saving: 00:00.03)

Error, region type 2 missing in - name:"Info", id:7
Error, region type 4 missing in - name:"Info", id:7

Blender quit

real	0m3.715s
user	0m5.366s
sys	0m0.181s
ALSA lib confmisc.c:768:(parse_card) cannot find card '0'
ALSA lib conf.c:4292:(_snd_config_evaluate) function snd_func_card_driver returned error: No such file or directory
ALSA lib confmisc.c:392:(snd_func_concat) error evaluating strings
ALSA lib conf.c:4292:(_snd_config_evaluate) function snd_func_concat returned error: No such file or directory
ALSA lib confmisc.c:1251:(snd_func_refer) error evaluating name
ALSA lib conf.c:4292:(_snd_config_evaluate) function snd_func_refer returned error: No such file or directory
ALSA lib conf.c:4771:(snd_config_expand) Evaluate error: No such file or directory
ALSA lib pcm.c:2266:(snd_pcm_open_noupdate) Unknown PCM default
AL lib: alsa_open_playback: Could not open playback device 'default': No such file or directory
found bundled python: /sfs/nfs/blender/2.70/2.70/python
read blend: /home/sr7cb/ParallelComputing/test/Star-collapse-ntsc.blend
Old particle system converted to new system.
Old particle system converted to new system.
Old particle system converted to new system.
Old particle system converted to new system.
Old particle system converted to new system.
Old particle system converted to new system.
Old particle system converted to new system.
Old particle system converted to new system.
Old particle system converted to new system.
Old particle system converted to new system.
Old particle system converted to new system.
2.66 versioning fix: replacing black sky with premultiplied alpha for scene 1
Fra:236 Mem:10.64M (0.00M, Peak 10.64M) | Preparing Scene data
Fra:236 Mem:14.69M (0.00M, Peak 14.73M) | Preparing Scene data
Fra:236 Mem:14.72M (0.00M, Peak 14.73M) | Creating Shadowbuffers
Fra:236 Mem:14.72M (0.00M, Peak 14.73M) | Caching Point Densities
Fra:236 Mem:14.72M (0.00M, Peak 14.73M) Sce: 1 Ve:7409 Fa:8646 Ha:4399 La:1
Fra:236 Mem:14.72M (0.00M, Peak 14.73M) | Loading voxel datasets
Fra:236 Mem:14.72M (0.00M, Peak 14.73M) Sce: 1 Ve:7409 Fa:8646 Ha:4399 La:1
Fra:236 Mem:14.73M (0.00M, Peak 14.73M) Sce: 1 Ve:7409 Fa:8646 Ha:4399 La:1
Fra:236 Mem:14.73M (0.00M, Peak 14.73M) Sce: 1 Ve:7409 Fa:8646 Ha:4399 La:1
Fra:236 Mem:83.57M (0.00M, Peak 102.25M) | 1, Part 1-4
Fra:236 Mem:63.85M (0.00M, Peak 102.25M) | 1, Part 3-4
Fra:236 Mem:48.13M (0.00M, Peak 102.25M) | 1, Part 2-4
Fra:236 Mem:32.17M (0.00M, Peak 102.25M) | 1, Part 4-4
Fra:236 Mem:25.08M (0.00M, Peak 102.25M) Sce: 1 Ve:7409 Fa:8646 Ha:4399 La:1
Saved: star-collapse-0236 Time: 00:02.43 (Saving: 00:00.04)

Error, region type 2 missing in - name:"Info", id:7
Error, region type 4 missing in - name:"Info", id:7

Blender quit

real	0m3.997s
user	0m5.540s
sys	0m0.190s
