ALSA lib confmisc.c:768:(parse_card) cannot find card '0'
ALSA lib conf.c:4292:(_snd_config_evaluate) function snd_func_card_driver returned error: No such file or directory
ALSA lib confmisc.c:392:(snd_func_concat) error evaluating strings
ALSA lib conf.c:4292:(_snd_config_evaluate) function snd_func_concat returned error: No such file or directory
ALSA lib confmisc.c:1251:(snd_func_refer) error evaluating name
ALSA lib conf.c:4292:(_snd_config_evaluate) function snd_func_refer returned error: No such file or directory
ALSA lib conf.c:4771:(snd_config_expand) Evaluate error: No such file or directory
ALSA lib pcm.c:2266:(snd_pcm_open_noupdate) Unknown PCM default
AL lib: alsa_open_playback: Could not open playback device 'default': No such file or directory
found bundled python: /sfs/nfs/blender/2.70/2.70/python
read blend: /home/sr7cb/ParallelComputing/test/Star-collapse-ntsc.blend
Old particle system converted to new system.
Old particle system converted to new system.
Old particle system converted to new system.
Old particle system converted to new system.
Old particle system converted to new system.
Old particle system converted to new system.
Old particle system converted to new system.
Old particle system converted to new system.
Old particle system converted to new system.
Old particle system converted to new system.
Old particle system converted to new system.
2.66 versioning fix: replacing black sky with premultiplied alpha for scene 1
Fra:15 Mem:10.47M (0.00M, Peak 10.47M) | Preparing Scene data
Fra:15 Mem:13.63M (0.00M, Peak 13.64M) | Preparing Scene data
Fra:15 Mem:13.64M (0.00M, Peak 13.64M) | Creating Shadowbuffers
Fra:15 Mem:13.64M (0.00M, Peak 13.64M) | Caching Point Densities
Fra:15 Mem:13.64M (0.00M, Peak 13.64M) Sce: 1 Ve:5341 Fa:3540 Ha:1340 La:1
Fra:15 Mem:13.64M (0.00M, Peak 13.64M) | Loading voxel datasets
Fra:15 Mem:13.64M (0.00M, Peak 13.64M) Sce: 1 Ve:5341 Fa:3540 Ha:1340 La:1
Fra:15 Mem:13.64M (0.00M, Peak 13.64M) Sce: 1 Ve:5341 Fa:3540 Ha:1340 La:1
Fra:15 Mem:13.64M (0.00M, Peak 13.64M) Sce: 1 Ve:5341 Fa:3540 Ha:1340 La:1
Fra:15 Mem:67.01M (0.00M, Peak 96.05M) | 1, Part 2-4
Fra:15 Mem:58.91M (0.00M, Peak 96.05M) | 1, Part 1-4
Fra:15 Mem:46.92M (0.00M, Peak 96.05M) | 1, Part 4-4
Fra:15 Mem:31.08M (0.00M, Peak 96.05M) | 1, Part 3-4
Fra:15 Mem:24.91M (0.00M, Peak 96.05M) Sce: 1 Ve:5341 Fa:3540 Ha:1340 La:1
Saved: star-collapse-0015 Time: 00:00.86 (Saving: 00:00.03)

Error, region type 2 missing in - name:"Info", id:7
Error, region type 4 missing in - name:"Info", id:7

Blender quit

real	3m44.421s
user	0m2.838s
sys	0m0.180s
ALSA lib confmisc.c:768:(parse_card) cannot find card '0'
ALSA lib conf.c:4292:(_snd_config_evaluate) function snd_func_card_driver returned error: No such file or directory
ALSA lib confmisc.c:392:(snd_func_concat) error evaluating strings
ALSA lib conf.c:4292:(_snd_config_evaluate) function snd_func_concat returned error: No such file or directory
ALSA lib confmisc.c:1251:(snd_func_refer) error evaluating name
ALSA lib conf.c:4292:(_snd_config_evaluate) function snd_func_refer returned error: No such file or directory
ALSA lib conf.c:4771:(snd_config_expand) Evaluate error: No such file or directory
ALSA lib pcm.c:2266:(snd_pcm_open_noupdate) Unknown PCM default
AL lib: alsa_open_playback: Could not open playback device 'default': No such file or directory
found bundled python: /sfs/nfs/blender/2.70/2.70/python
read blend: /home/sr7cb/ParallelComputing/test/Star-collapse-ntsc.blend
Old particle system converted to new system.
Old particle system converted to new system.
Old particle system converted to new system.
Old particle system converted to new system.
Old particle system converted to new system.
Old particle system converted to new system.
Old particle system converted to new system.
Old particle system converted to new system.
Old particle system converted to new system.
Old particle system converted to new system.
Old particle system converted to new system.
2.66 versioning fix: replacing black sky with premultiplied alpha for scene 1
Fra:55 Mem:10.50M (0.00M, Peak 10.51M) | Preparing Scene data
Fra:55 Mem:13.70M (0.00M, Peak 13.73M) | Preparing Scene data
Fra:55 Mem:13.72M (0.00M, Peak 13.73M) | Creating Shadowbuffers
Fra:55 Mem:13.72M (0.00M, Peak 13.73M) | Caching Point Densities
Fra:55 Mem:13.72M (0.00M, Peak 13.73M) Sce: 1 Ve:5821 Fa:4340 Ha:2063 La:1
Fra:55 Mem:13.72M (0.00M, Peak 13.73M) | Loading voxel datasets
Fra:55 Mem:13.72M (0.00M, Peak 13.73M) Sce: 1 Ve:5821 Fa:4340 Ha:2063 La:1
Fra:55 Mem:13.72M (0.00M, Peak 13.73M) Sce: 1 Ve:5821 Fa:4340 Ha:2063 La:1
Fra:55 Mem:13.72M (0.00M, Peak 13.73M) Sce: 1 Ve:5821 Fa:4340 Ha:2063 La:1
Fra:55 Mem:78.18M (0.00M, Peak 91.10M) | 1, Part 2-4
Fra:55 Mem:62.72M (0.00M, Peak 91.10M) | 1, Part 1-4
Fra:55 Mem:46.88M (0.00M, Peak 91.10M) | 1, Part 3-4
Fra:55 Mem:31.17M (0.00M, Peak 91.10M) | 1, Part 4-4
Fra:55 Mem:24.94M (0.00M, Peak 91.10M) Sce: 1 Ve:5821 Fa:4340 Ha:2063 La:1
Saved: star-collapse-0055 Time: 00:01.65 (Saving: 00:00.04)

Error, region type 2 missing in - name:"Info", id:7
Error, region type 4 missing in - name:"Info", id:7

Blender quit

real	0m3.296s
user	0m4.373s
sys	0m0.168s
ALSA lib confmisc.c:768:(parse_card) cannot find card '0'
ALSA lib conf.c:4292:(_snd_config_evaluate) function snd_func_card_driver returned error: No such file or directory
ALSA lib confmisc.c:392:(snd_func_concat) error evaluating strings
ALSA lib conf.c:4292:(_snd_config_evaluate) function snd_func_concat returned error: No such file or directory
ALSA lib confmisc.c:1251:(snd_func_refer) error evaluating name
ALSA lib conf.c:4292:(_snd_config_evaluate) function snd_func_refer returned error: No such file or directory
ALSA lib conf.c:4771:(snd_config_expand) Evaluate error: No such file or directory
ALSA lib pcm.c:2266:(snd_pcm_open_noupdate) Unknown PCM default
AL lib: alsa_open_playback: Could not open playback device 'default': No such file or directory
found bundled python: /sfs/nfs/blender/2.70/2.70/python
read blend: /home/sr7cb/ParallelComputing/test/Star-collapse-ntsc.blend
Old particle system converted to new system.
Old particle system converted to new system.
Old particle system converted to new system.
Old particle system converted to new system.
Old particle system converted to new system.
Old particle system converted to new system.
Old particle system converted to new system.
Old particle system converted to new system.
Old particle system converted to new system.
Old particle system converted to new system.
Old particle system converted to new system.
2.66 versioning fix: replacing black sky with premultiplied alpha for scene 1
Fra:95 Mem:10.52M (0.00M, Peak 10.52M) | Preparing Scene data
Fra:95 Mem:13.73M (0.00M, Peak 13.77M) | Preparing Scene data
Fra:95 Mem:13.75M (0.00M, Peak 13.77M) | Creating Shadowbuffers
Fra:95 Mem:13.75M (0.00M, Peak 13.77M) | Caching Point Densities
Fra:95 Mem:13.75M (0.00M, Peak 13.77M) Sce: 1 Ve:6301 Fa:5140 Ha:2423 La:1
Fra:95 Mem:13.75M (0.00M, Peak 13.77M) | Loading voxel datasets
Fra:95 Mem:13.75M (0.00M, Peak 13.77M) Sce: 1 Ve:6301 Fa:5140 Ha:2423 La:1
Fra:95 Mem:13.75M (0.00M, Peak 13.77M) Sce: 1 Ve:6301 Fa:5140 Ha:2423 La:1
Fra:95 Mem:13.75M (0.00M, Peak 13.77M) Sce: 1 Ve:6301 Fa:5140 Ha:2423 La:1
Fra:95 Mem:78.21M (0.00M, Peak 98.71M) | 1, Part 2-4
Fra:95 Mem:62.37M (0.00M, Peak 98.71M) | 1, Part 3-4
Fra:95 Mem:46.78M (0.00M, Peak 98.71M) | 1, Part 1-4
Fra:95 Mem:31.20M (0.00M, Peak 98.71M) | 1, Part 4-4
Fra:95 Mem:24.96M (0.00M, Peak 98.71M) Sce: 1 Ve:6301 Fa:5140 Ha:2423 La:1
Saved: star-collapse-0095 Time: 00:02.07 (Saving: 00:00.04)

Error, region type 2 missing in - name:"Info", id:7
Error, region type 4 missing in - name:"Info", id:7

Blender quit

real	0m3.711s
user	0m5.094s
sys	0m0.192s
ALSA lib confmisc.c:768:(parse_card) cannot find card '0'
ALSA lib conf.c:4292:(_snd_config_evaluate) function snd_func_card_driver returned error: No such file or directory
ALSA lib confmisc.c:392:(snd_func_concat) error evaluating strings
ALSA lib conf.c:4292:(_snd_config_evaluate) function snd_func_concat returned error: No such file or directory
ALSA lib confmisc.c:1251:(snd_func_refer) error evaluating name
ALSA lib conf.c:4292:(_snd_config_evaluate) function snd_func_refer returned error: No such file or directory
ALSA lib conf.c:4771:(snd_config_expand) Evaluate error: No such file or directory
ALSA lib pcm.c:2266:(snd_pcm_open_noupdate) Unknown PCM default
AL lib: alsa_open_playback: Could not open playback device 'default': No such file or directory
found bundled python: /sfs/nfs/blender/2.70/2.70/python
read blend: /home/sr7cb/ParallelComputing/test/Star-collapse-ntsc.blend
Old particle system converted to new system.
Old particle system converted to new system.
Old particle system converted to new system.
Old particle system converted to new system.
Old particle system converted to new system.
Old particle system converted to new system.
Old particle system converted to new system.
Old particle system converted to new system.
Old particle system converted to new system.
Old particle system converted to new system.
Old particle system converted to new system.
2.66 versioning fix: replacing black sky with premultiplied alpha for scene 1
Fra:135 Mem:10.52M (0.00M, Peak 10.52M) | Preparing Scene data
Fra:135 Mem:13.70M (0.00M, Peak 13.74M) | Preparing Scene data
Fra:135 Mem:13.72M (0.00M, Peak 13.74M) | Creating Shadowbuffers
Fra:135 Mem:13.72M (0.00M, Peak 13.74M) | Caching Point Densities
Fra:135 Mem:13.72M (0.00M, Peak 13.74M) Sce: 1 Ve:6361 Fa:5240 Ha:2435 La:1
Fra:135 Mem:13.72M (0.00M, Peak 13.74M) | Loading voxel datasets
Fra:135 Mem:13.72M (0.00M, Peak 13.74M) Sce: 1 Ve:6361 Fa:5240 Ha:2435 La:1
Fra:135 Mem:13.72M (0.00M, Peak 13.74M) Sce: 1 Ve:6361 Fa:5240 Ha:2435 La:1
Fra:135 Mem:13.72M (0.00M, Peak 13.74M) Sce: 1 Ve:6361 Fa:5240 Ha:2435 La:1
Fra:135 Mem:78.08M (0.00M, Peak 98.31M) | 1, Part 3-4
Fra:135 Mem:62.62M (0.00M, Peak 98.31M) | 1, Part 4-4
Fra:135 Mem:47.03M (0.00M, Peak 98.31M) | 1, Part 2-4
Fra:135 Mem:31.17M (0.00M, Peak 98.31M) | 1, Part 1-4
Fra:135 Mem:24.96M (0.00M, Peak 98.31M) Sce: 1 Ve:6361 Fa:5240 Ha:2435 La:1
Saved: star-collapse-0135 Time: 00:01.74 (Saving: 00:00.04)

Error, region type 2 missing in - name:"Info", id:7
Error, region type 4 missing in - name:"Info", id:7

Blender quit

real	0m3.372s
user	0m4.595s
sys	0m0.188s
ALSA lib confmisc.c:768:(parse_card) cannot find card '0'
ALSA lib conf.c:4292:(_snd_config_evaluate) function snd_func_card_driver returned error: No such file or directory
ALSA lib confmisc.c:392:(snd_func_concat) error evaluating strings
ALSA lib conf.c:4292:(_snd_config_evaluate) function snd_func_concat returned error: No such file or directory
ALSA lib confmisc.c:1251:(snd_func_refer) error evaluating name
ALSA lib conf.c:4292:(_snd_config_evaluate) function snd_func_refer returned error: No such file or directory
ALSA lib conf.c:4771:(snd_config_expand) Evaluate error: No such file or directory
ALSA lib pcm.c:2266:(snd_pcm_open_noupdate) Unknown PCM default
AL lib: alsa_open_playback: Could not open playback device 'default': No such file or directory
found bundled python: /sfs/nfs/blender/2.70/2.70/python
read blend: /home/sr7cb/ParallelComputing/test/Star-collapse-ntsc.blend
Old particle system converted to new system.
Old particle system converted to new system.
Old particle system converted to new system.
Old particle system converted to new system.
Old particle system converted to new system.
Old particle system converted to new system.
Old particle system converted to new system.
Old particle system converted to new system.
Old particle system converted to new system.
Old particle system converted to new system.
Old particle system converted to new system.
2.66 versioning fix: replacing black sky with premultiplied alpha for scene 1
Fra:175 Mem:10.55M (0.00M, Peak 10.55M) | Preparing Scene data
Fra:175 Mem:13.81M (0.00M, Peak 13.85M) | Preparing Scene data
Fra:175 Mem:13.83M (0.00M, Peak 13.85M) | Creating Shadowbuffers
Fra:175 Mem:13.83M (0.00M, Peak 13.85M) | Caching Point Densities
Fra:175 Mem:13.83M (0.00M, Peak 13.85M) Sce: 1 Ve:6361 Fa:5240 Ha:2653 La:1
Fra:175 Mem:13.83M (0.00M, Peak 13.85M) | Loading voxel datasets
Fra:175 Mem:13.83M (0.00M, Peak 13.85M) Sce: 1 Ve:6361 Fa:5240 Ha:2653 La:1
Fra:175 Mem:13.83M (0.00M, Peak 13.85M) Sce: 1 Ve:6361 Fa:5240 Ha:2653 La:1
Fra:175 Mem:13.83M (0.00M, Peak 13.85M) Sce: 1 Ve:6361 Fa:5240 Ha:2653 La:1
Fra:175 Mem:78.07M (0.00M, Peak 98.98M) | 1, Part 2-4
Fra:175 Mem:62.20M (0.00M, Peak 98.98M) | 1, Part 1-4
Fra:175 Mem:46.74M (0.00M, Peak 98.98M) | 1, Part 4-4
Fra:175 Mem:31.28M (0.00M, Peak 98.98M) | 1, Part 3-4
Fra:175 Mem:24.99M (0.00M, Peak 98.98M) Sce: 1 Ve:6361 Fa:5240 Ha:2653 La:1
Saved: star-collapse-0175 Time: 00:02.04 (Saving: 00:00.04)

Error, region type 2 missing in - name:"Info", id:7
Error, region type 4 missing in - name:"Info", id:7

Blender quit

real	0m3.683s
user	0m5.222s
sys	0m0.192s
ALSA lib confmisc.c:768:(parse_card) cannot find card '0'
ALSA lib conf.c:4292:(_snd_config_evaluate) function snd_func_card_driver returned error: No such file or directory
ALSA lib confmisc.c:392:(snd_func_concat) error evaluating strings
ALSA lib conf.c:4292:(_snd_config_evaluate) function snd_func_concat returned error: No such file or directory
ALSA lib confmisc.c:1251:(snd_func_refer) error evaluating name
ALSA lib conf.c:4292:(_snd_config_evaluate) function snd_func_refer returned error: No such file or directory
ALSA lib conf.c:4771:(snd_config_expand) Evaluate error: No such file or directory
ALSA lib pcm.c:2266:(snd_pcm_open_noupdate) Unknown PCM default
AL lib: alsa_open_playback: Could not open playback device 'default': No such file or directory
found bundled python: /sfs/nfs/blender/2.70/2.70/python
read blend: /home/sr7cb/ParallelComputing/test/Star-collapse-ntsc.blend
Old particle system converted to new system.
Old particle system converted to new system.
Old particle system converted to new system.
Old particle system converted to new system.
Old particle system converted to new system.
Old particle system converted to new system.
Old particle system converted to new system.
Old particle system converted to new system.
Old particle system converted to new system.
Old particle system converted to new system.
Old particle system converted to new system.
2.66 versioning fix: replacing black sky with premultiplied alpha for scene 1
Fra:215 Mem:10.62M (0.00M, Peak 10.62M) | Preparing Scene data
Fra:215 Mem:14.58M (0.00M, Peak 14.61M) | Preparing Scene data
Fra:215 Mem:14.61M (0.00M, Peak 14.61M) | Creating Shadowbuffers
Fra:215 Mem:14.61M (0.00M, Peak 14.61M) | Caching Point Densities
Fra:215 Mem:14.61M (0.00M, Peak 14.61M) Sce: 1 Ve:7409 Fa:8646 Ha:4363 La:1
Fra:215 Mem:14.61M (0.00M, Peak 14.61M) | Loading voxel datasets
Fra:215 Mem:14.61M (0.00M, Peak 14.61M) Sce: 1 Ve:7409 Fa:8646 Ha:4363 La:1
Fra:215 Mem:14.61M (0.00M, Peak 14.61M) Sce: 1 Ve:7409 Fa:8646 Ha:4363 La:1
Fra:215 Mem:14.61M (0.00M, Peak 14.61M) Sce: 1 Ve:7409 Fa:8646 Ha:4363 La:1
Fra:215 Mem:78.91M (0.00M, Peak 95.22M) | 1, Part 3-4
Fra:215 Mem:63.33M (0.00M, Peak 95.22M) | 1, Part 1-4
Fra:215 Mem:47.49M (0.00M, Peak 95.22M) | 1, Part 2-4
Fra:215 Mem:32.06M (0.00M, Peak 95.22M) | 1, Part 4-4
Fra:215 Mem:25.06M (0.00M, Peak 95.22M) Sce: 1 Ve:7409 Fa:8646 Ha:4363 La:1
Saved: star-collapse-0215 Time: 00:02.41 (Saving: 00:00.04)

Error, region type 2 missing in - name:"Info", id:7
Error, region type 4 missing in - name:"Info", id:7

Blender quit

real	0m4.081s
user	0m5.670s
sys	0m0.212s
