ALSA lib confmisc.c:768:(parse_card) cannot find card '0'
ALSA lib conf.c:4292:(_snd_config_evaluate) function snd_func_card_driver returned error: No such file or directory
ALSA lib confmisc.c:392:(snd_func_concat) error evaluating strings
ALSA lib conf.c:4292:(_snd_config_evaluate) function snd_func_concat returned error: No such file or directory
ALSA lib confmisc.c:1251:(snd_func_refer) error evaluating name
ALSA lib conf.c:4292:(_snd_config_evaluate) function snd_func_refer returned error: No such file or directory
ALSA lib conf.c:4771:(snd_config_expand) Evaluate error: No such file or directory
ALSA lib pcm.c:2266:(snd_pcm_open_noupdate) Unknown PCM default
AL lib: alsa_open_playback: Could not open playback device 'default': No such file or directory
found bundled python: /sfs/nfs/blender/2.70/2.70/python
read blend: /home/sr7cb/ParallelComputing/test/Star-collapse-ntsc.blend
Old particle system converted to new system.
Old particle system converted to new system.
Old particle system converted to new system.
Old particle system converted to new system.
Old particle system converted to new system.
Old particle system converted to new system.
Old particle system converted to new system.
Old particle system converted to new system.
Old particle system converted to new system.
Old particle system converted to new system.
Old particle system converted to new system.
2.66 versioning fix: replacing black sky with premultiplied alpha for scene 1
Fra:67 Mem:10.51M (0.00M, Peak 10.51M) | Preparing Scene data
Fra:67 Mem:13.71M (0.00M, Peak 13.74M) | Preparing Scene data
Fra:67 Mem:13.73M (0.00M, Peak 13.74M) | Creating Shadowbuffers
Fra:67 Mem:13.73M (0.00M, Peak 13.74M) | Caching Point Densities
Fra:67 Mem:13.73M (0.00M, Peak 13.74M) Sce: 1 Ve:5965 Fa:4580 Ha:2171 La:1
Fra:67 Mem:13.73M (0.00M, Peak 13.74M) | Loading voxel datasets
Fra:67 Mem:13.73M (0.00M, Peak 13.74M) Sce: 1 Ve:5965 Fa:4580 Ha:2171 La:1
Fra:67 Mem:13.73M (0.00M, Peak 13.74M) Sce: 1 Ve:5965 Fa:4580 Ha:2171 La:1
Fra:67 Mem:13.73M (0.00M, Peak 13.74M) Sce: 1 Ve:5965 Fa:4580 Ha:2171 La:1
Fra:67 Mem:77.35M (0.00M, Peak 90.10M) | 1, Part 2-4
Fra:67 Mem:62.73M (0.00M, Peak 90.10M) | 1, Part 1-4
Fra:67 Mem:46.89M (0.00M, Peak 90.10M) | 1, Part 3-4
Fra:67 Mem:31.18M (0.00M, Peak 90.10M) | 1, Part 4-4
Fra:67 Mem:24.95M (0.00M, Peak 90.10M) Sce: 1 Ve:5965 Fa:4580 Ha:2171 La:1
Saved: star-collapse-0067 Time: 00:01.78 (Saving: 00:00.04)

Error, region type 2 missing in - name:"Info", id:7
Error, region type 4 missing in - name:"Info", id:7

Blender quit

real	0m33.456s
user	0m4.679s
sys	0m0.191s
ALSA lib confmisc.c:768:(parse_card) cannot find card '0'
ALSA lib conf.c:4292:(_snd_config_evaluate) function snd_func_card_driver returned error: No such file or directory
ALSA lib confmisc.c:392:(snd_func_concat) error evaluating strings
ALSA lib conf.c:4292:(_snd_config_evaluate) function snd_func_concat returned error: No such file or directory
ALSA lib confmisc.c:1251:(snd_func_refer) error evaluating name
ALSA lib conf.c:4292:(_snd_config_evaluate) function snd_func_refer returned error: No such file or directory
ALSA lib conf.c:4771:(snd_config_expand) Evaluate error: No such file or directory
ALSA lib pcm.c:2266:(snd_pcm_open_noupdate) Unknown PCM default
AL lib: alsa_open_playback: Could not open playback device 'default': No such file or directory
found bundled python: /sfs/nfs/blender/2.70/2.70/python
read blend: /home/sr7cb/ParallelComputing/test/Star-collapse-ntsc.blend
Old particle system converted to new system.
Old particle system converted to new system.
Old particle system converted to new system.
Old particle system converted to new system.
Old particle system converted to new system.
Old particle system converted to new system.
Old particle system converted to new system.
Old particle system converted to new system.
Old particle system converted to new system.
Old particle system converted to new system.
Old particle system converted to new system.
2.66 versioning fix: replacing black sky with premultiplied alpha for scene 1
Fra:147 Mem:10.52M (0.00M, Peak 10.52M) | Preparing Scene data
Fra:147 Mem:13.70M (0.00M, Peak 13.74M) | Preparing Scene data
Fra:147 Mem:13.72M (0.00M, Peak 13.74M) | Creating Shadowbuffers
Fra:147 Mem:13.72M (0.00M, Peak 13.74M) | Caching Point Densities
Fra:147 Mem:13.72M (0.00M, Peak 13.74M) Sce: 1 Ve:6361 Fa:5240 Ha:2422 La:1
Fra:147 Mem:13.72M (0.00M, Peak 13.74M) | Loading voxel datasets
Fra:147 Mem:13.72M (0.00M, Peak 13.74M) Sce: 1 Ve:6361 Fa:5240 Ha:2422 La:1
Fra:147 Mem:13.72M (0.00M, Peak 13.74M) Sce: 1 Ve:6361 Fa:5240 Ha:2422 La:1
Fra:147 Mem:13.72M (0.00M, Peak 13.74M) Sce: 1 Ve:6361 Fa:5240 Ha:2422 La:1
Fra:147 Mem:78.08M (0.00M, Peak 97.83M) | 1, Part 3-4
Fra:147 Mem:62.62M (0.00M, Peak 97.83M) | 1, Part 4-4
Fra:147 Mem:47.03M (0.00M, Peak 97.83M) | 1, Part 2-4
Fra:147 Mem:31.16M (0.00M, Peak 97.83M) | 1, Part 1-4
Fra:147 Mem:24.96M (0.00M, Peak 97.83M) Sce: 1 Ve:6361 Fa:5240 Ha:2422 La:1
Saved: star-collapse-0147 Time: 00:01.95 (Saving: 00:00.04)

Error, region type 2 missing in - name:"Info", id:7
Error, region type 4 missing in - name:"Info", id:7

Blender quit

real	0m3.673s
user	0m5.081s
sys	0m0.216s
ALSA lib confmisc.c:768:(parse_card) cannot find card '0'
ALSA lib conf.c:4292:(_snd_config_evaluate) function snd_func_card_driver returned error: No such file or directory
ALSA lib confmisc.c:392:(snd_func_concat) error evaluating strings
ALSA lib conf.c:4292:(_snd_config_evaluate) function snd_func_concat returned error: No such file or directory
ALSA lib confmisc.c:1251:(snd_func_refer) error evaluating name
ALSA lib conf.c:4292:(_snd_config_evaluate) function snd_func_refer returned error: No such file or directory
ALSA lib conf.c:4771:(snd_config_expand) Evaluate error: No such file or directory
ALSA lib pcm.c:2266:(snd_pcm_open_noupdate) Unknown PCM default
AL lib: alsa_open_playback: Could not open playback device 'default': No such file or directory
found bundled python: /sfs/nfs/blender/2.70/2.70/python
read blend: /home/sr7cb/ParallelComputing/test/Star-collapse-ntsc.blend
Old particle system converted to new system.
Old particle system converted to new system.
Old particle system converted to new system.
Old particle system converted to new system.
Old particle system converted to new system.
Old particle system converted to new system.
Old particle system converted to new system.
Old particle system converted to new system.
Old particle system converted to new system.
Old particle system converted to new system.
Old particle system converted to new system.
2.66 versioning fix: replacing black sky with premultiplied alpha for scene 1
Fra:227 Mem:10.64M (0.00M, Peak 10.64M) | Preparing Scene data
Fra:227 Mem:14.69M (0.00M, Peak 14.73M) | Preparing Scene data
Fra:227 Mem:14.72M (0.00M, Peak 14.73M) | Creating Shadowbuffers
Fra:227 Mem:14.72M (0.00M, Peak 14.73M) | Caching Point Densities
Fra:227 Mem:14.72M (0.00M, Peak 14.73M) Sce: 1 Ve:7409 Fa:8646 Ha:4483 La:1
Fra:227 Mem:14.72M (0.00M, Peak 14.73M) | Loading voxel datasets
Fra:227 Mem:14.72M (0.00M, Peak 14.73M) Sce: 1 Ve:7409 Fa:8646 Ha:4483 La:1
Fra:227 Mem:14.73M (0.00M, Peak 14.73M) Sce: 1 Ve:7409 Fa:8646 Ha:4483 La:1
Fra:227 Mem:14.73M (0.00M, Peak 14.73M) Sce: 1 Ve:7409 Fa:8646 Ha:4483 La:1
Fra:227 Mem:77.46M (0.00M, Peak 100.36M) | 1, Part 1-4
Fra:227 Mem:61.63M (0.00M, Peak 100.36M) | 1, Part 2-4
Fra:227 Mem:48.01M (0.00M, Peak 100.36M) | 1, Part 3-4
Fra:227 Mem:32.17M (0.00M, Peak 100.36M) | 1, Part 4-4
Fra:227 Mem:25.08M (0.00M, Peak 100.36M) Sce: 1 Ve:7409 Fa:8646 Ha:4483 La:1
Saved: star-collapse-0227 Time: 00:02.51 (Saving: 00:00.04)

Error, region type 2 missing in - name:"Info", id:7
Error, region type 4 missing in - name:"Info", id:7

Blender quit

real	0m4.197s
user	0m5.923s
sys	0m0.229s
