ALSA lib confmisc.c:768:(parse_card) cannot find card '0'
ALSA lib conf.c:4292:(_snd_config_evaluate) function snd_func_card_driver returned error: No such file or directory
ALSA lib confmisc.c:392:(snd_func_concat) error evaluating strings
ALSA lib conf.c:4292:(_snd_config_evaluate) function snd_func_concat returned error: No such file or directory
ALSA lib confmisc.c:1251:(snd_func_refer) error evaluating name
ALSA lib conf.c:4292:(_snd_config_evaluate) function snd_func_refer returned error: No such file or directory
ALSA lib conf.c:4771:(snd_config_expand) Evaluate error: No such file or directory
ALSA lib pcm.c:2266:(snd_pcm_open_noupdate) Unknown PCM default
AL lib: alsa_open_playback: Could not open playback device 'default': No such file or directory
found bundled python: /sfs/nfs/blender/2.70/2.70/python
read blend: /home/sr7cb/ParallelComputing/test/Star-collapse-ntsc.blend
Old particle system converted to new system.
Old particle system converted to new system.
Old particle system converted to new system.
Old particle system converted to new system.
Old particle system converted to new system.
Old particle system converted to new system.
Old particle system converted to new system.
Old particle system converted to new system.
Old particle system converted to new system.
Old particle system converted to new system.
Old particle system converted to new system.
2.66 versioning fix: replacing black sky with premultiplied alpha for scene 1
Fra:38 Mem:10.49M (0.00M, Peak 10.49M) | Preparing Scene data
Fra:38 Mem:13.68M (0.00M, Peak 13.70M) | Preparing Scene data
Fra:38 Mem:13.70M (0.00M, Peak 13.70M) | Creating Shadowbuffers
Fra:38 Mem:13.70M (0.00M, Peak 13.70M) | Caching Point Densities
Fra:38 Mem:13.70M (0.00M, Peak 13.70M) Sce: 1 Ve:5617 Fa:4000 Ha:1776 La:1
Fra:38 Mem:13.70M (0.00M, Peak 13.70M) | Loading voxel datasets
Fra:38 Mem:13.70M (0.00M, Peak 13.70M) Sce: 1 Ve:5617 Fa:4000 Ha:1776 La:1
Fra:38 Mem:13.70M (0.00M, Peak 13.70M) Sce: 1 Ve:5617 Fa:4000 Ha:1776 La:1
Fra:38 Mem:13.70M (0.00M, Peak 13.70M) Sce: 1 Ve:5617 Fa:4000 Ha:1776 La:1
Fra:38 Mem:74.31M (0.00M, Peak 92.92M) | 1, Part 2-4
Fra:38 Mem:62.82M (0.00M, Peak 92.92M) | 1, Part 1-4
Fra:38 Mem:46.98M (0.00M, Peak 92.92M) | 1, Part 3-4
Fra:38 Mem:31.14M (0.00M, Peak 92.92M) | 1, Part 4-4
Fra:38 Mem:24.93M (0.00M, Peak 92.92M) Sce: 1 Ve:5617 Fa:4000 Ha:1776 La:1
Saved: star-collapse-0038 Time: 00:00.64 (Saving: 00:00.02)

Error, region type 2 missing in - name:"Info", id:7
Error, region type 4 missing in - name:"Info", id:7

Blender quit

real	1m37.329s
user	0m1.880s
sys	0m0.132s
ALSA lib confmisc.c:768:(parse_card) cannot find card '0'
ALSA lib conf.c:4292:(_snd_config_evaluate) function snd_func_card_driver returned error: No such file or directory
ALSA lib confmisc.c:392:(snd_func_concat) error evaluating strings
ALSA lib conf.c:4292:(_snd_config_evaluate) function snd_func_concat returned error: No such file or directory
ALSA lib confmisc.c:1251:(snd_func_refer) error evaluating name
ALSA lib conf.c:4292:(_snd_config_evaluate) function snd_func_refer returned error: No such file or directory
ALSA lib conf.c:4771:(snd_config_expand) Evaluate error: No such file or directory
ALSA lib pcm.c:2266:(snd_pcm_open_noupdate) Unknown PCM default
AL lib: alsa_open_playback: Could not open playback device 'default': No such file or directory
found bundled python: /sfs/nfs/blender/2.70/2.70/python
read blend: /home/sr7cb/ParallelComputing/test/Star-collapse-ntsc.blend
Old particle system converted to new system.
Old particle system converted to new system.
Old particle system converted to new system.
Old particle system converted to new system.
Old particle system converted to new system.
Old particle system converted to new system.
Old particle system converted to new system.
Old particle system converted to new system.
Old particle system converted to new system.
Old particle system converted to new system.
Old particle system converted to new system.
2.66 versioning fix: replacing black sky with premultiplied alpha for scene 1
Fra:118 Mem:10.52M (0.00M, Peak 10.52M) | Preparing Scene data
Fra:118 Mem:13.73M (0.00M, Peak 13.77M) | Preparing Scene data
Fra:118 Mem:13.75M (0.00M, Peak 13.77M) | Creating Shadowbuffers
Fra:118 Mem:13.75M (0.00M, Peak 13.77M) | Caching Point Densities
Fra:118 Mem:13.75M (0.00M, Peak 13.77M) Sce: 1 Ve:6361 Fa:5240 Ha:2451 La:1
Fra:118 Mem:13.75M (0.00M, Peak 13.77M) | Loading voxel datasets
Fra:118 Mem:13.75M (0.00M, Peak 13.77M) Sce: 1 Ve:6361 Fa:5240 Ha:2451 La:1
Fra:118 Mem:13.75M (0.00M, Peak 13.77M) Sce: 1 Ve:6361 Fa:5240 Ha:2451 La:1
Fra:118 Mem:13.75M (0.00M, Peak 13.77M) Sce: 1 Ve:6361 Fa:5240 Ha:2451 La:1
Fra:118 Mem:78.08M (0.00M, Peak 97.64M) | 1, Part 4-4
Fra:118 Mem:62.50M (0.00M, Peak 97.64M) | 1, Part 2-4
Fra:118 Mem:46.78M (0.00M, Peak 97.64M) | 1, Part 3-4
Fra:118 Mem:31.20M (0.00M, Peak 97.64M) | 1, Part 1-4
Fra:118 Mem:24.96M (0.00M, Peak 97.64M) Sce: 1 Ve:6361 Fa:5240 Ha:2451 La:1
Saved: star-collapse-0118 Time: 00:01.17 (Saving: 00:00.02)

Error, region type 2 missing in - name:"Info", id:7
Error, region type 4 missing in - name:"Info", id:7

Blender quit

real	0m2.789s
user	0m3.340s
sys	0m0.154s
ALSA lib confmisc.c:768:(parse_card) cannot find card '0'
ALSA lib conf.c:4292:(_snd_config_evaluate) function snd_func_card_driver returned error: No such file or directory
ALSA lib confmisc.c:392:(snd_func_concat) error evaluating strings
ALSA lib conf.c:4292:(_snd_config_evaluate) function snd_func_concat returned error: No such file or directory
ALSA lib confmisc.c:1251:(snd_func_refer) error evaluating name
ALSA lib conf.c:4292:(_snd_config_evaluate) function snd_func_refer returned error: No such file or directory
ALSA lib conf.c:4771:(snd_config_expand) Evaluate error: No such file or directory
ALSA lib pcm.c:2266:(snd_pcm_open_noupdate) Unknown PCM default
AL lib: alsa_open_playback: Could not open playback device 'default': No such file or directory
found bundled python: /sfs/nfs/blender/2.70/2.70/python
read blend: /home/sr7cb/ParallelComputing/test/Star-collapse-ntsc.blend
Old particle system converted to new system.
Old particle system converted to new system.
Old particle system converted to new system.
Old particle system converted to new system.
Old particle system converted to new system.
Old particle system converted to new system.
Old particle system converted to new system.
Old particle system converted to new system.
Old particle system converted to new system.
Old particle system converted to new system.
Old particle system converted to new system.
2.66 versioning fix: replacing black sky with premultiplied alpha for scene 1
Fra:198 Mem:10.59M (0.00M, Peak 10.60M) | Preparing Scene data
Fra:198 Mem:14.45M (0.00M, Peak 14.49M) | Preparing Scene data
Fra:198 Mem:14.48M (0.00M, Peak 14.49M) | Creating Shadowbuffers
Fra:198 Mem:14.48M (0.00M, Peak 14.49M) | Caching Point Densities
Fra:198 Mem:14.48M (0.00M, Peak 14.49M) Sce: 1 Ve:7409 Fa:8646 Ha:3715 La:1
Fra:198 Mem:14.48M (0.00M, Peak 14.49M) | Loading voxel datasets
Fra:198 Mem:14.48M (0.00M, Peak 14.49M) Sce: 1 Ve:7409 Fa:8646 Ha:3715 La:1
Fra:198 Mem:14.49M (0.00M, Peak 14.49M) Sce: 1 Ve:7409 Fa:8646 Ha:3715 La:1
Fra:198 Mem:14.49M (0.00M, Peak 14.49M) Sce: 1 Ve:7409 Fa:8646 Ha:3715 La:1
Fra:198 Mem:79.26M (0.00M, Peak 101.97M) | 1, Part 4-4
Fra:198 Mem:63.92M (0.00M, Peak 101.97M) | 1, Part 3-4
Fra:198 Mem:48.05M (0.00M, Peak 101.97M) | 1, Part 1-4
Fra:198 Mem:31.93M (0.00M, Peak 101.97M) | 1, Part 2-4
Fra:198 Mem:25.03M (0.00M, Peak 101.97M) Sce: 1 Ve:7409 Fa:8646 Ha:3715 La:1
Saved: star-collapse-0198 Time: 00:01.36 (Saving: 00:00.03)

Error, region type 2 missing in - name:"Info", id:7
Error, region type 4 missing in - name:"Info", id:7

Blender quit

real	0m2.319s
user	0m3.136s
sys	0m0.142s
