ALSA lib confmisc.c:768:(parse_card) cannot find card '0'
ALSA lib conf.c:4292:(_snd_config_evaluate) function snd_func_card_driver returned error: No such file or directory
ALSA lib confmisc.c:392:(snd_func_concat) error evaluating strings
ALSA lib conf.c:4292:(_snd_config_evaluate) function snd_func_concat returned error: No such file or directory
ALSA lib confmisc.c:1251:(snd_func_refer) error evaluating name
ALSA lib conf.c:4292:(_snd_config_evaluate) function snd_func_refer returned error: No such file or directory
ALSA lib conf.c:4771:(snd_config_expand) Evaluate error: No such file or directory
ALSA lib pcm.c:2266:(snd_pcm_open_noupdate) Unknown PCM default
AL lib: alsa_open_playback: Could not open playback device 'default': No such file or directory
found bundled python: /sfs/nfs/blender/2.70/2.70/python
read blend: /home/sr7cb/ParallelComputing/test/Star-collapse-ntsc.blend
Old particle system converted to new system.
Old particle system converted to new system.
Old particle system converted to new system.
Old particle system converted to new system.
Old particle system converted to new system.
Old particle system converted to new system.
Old particle system converted to new system.
Old particle system converted to new system.
Old particle system converted to new system.
Old particle system converted to new system.
Old particle system converted to new system.
2.66 versioning fix: replacing black sky with premultiplied alpha for scene 1
Fra:27 Mem:10.48M (0.00M, Peak 10.48M) | Preparing Scene data
Fra:27 Mem:13.67M (0.00M, Peak 13.69M) | Preparing Scene data
Fra:27 Mem:13.68M (0.00M, Peak 13.69M) | Creating Shadowbuffers
Fra:27 Mem:13.68M (0.00M, Peak 13.69M) | Caching Point Densities
Fra:27 Mem:13.68M (0.00M, Peak 13.69M) Sce: 1 Ve:5485 Fa:3780 Ha:1569 La:1
Fra:27 Mem:13.68M (0.00M, Peak 13.69M) | Loading voxel datasets
Fra:27 Mem:13.68M (0.00M, Peak 13.69M) Sce: 1 Ve:5485 Fa:3780 Ha:1569 La:1
Fra:27 Mem:13.69M (0.00M, Peak 13.69M) Sce: 1 Ve:5485 Fa:3780 Ha:1569 La:1
Fra:27 Mem:13.69M (0.00M, Peak 13.69M) Sce: 1 Ve:5485 Fa:3780 Ha:1569 La:1
Fra:27 Mem:50.46M (0.00M, Peak 67.70M) | 1, Part 1-4
Fra:27 Mem:51.90M (0.00M, Peak 67.70M) | 1, Part 2-4
Fra:27 Mem:46.97M (0.00M, Peak 67.70M) | 1, Part 4-4
Fra:27 Mem:31.13M (0.00M, Peak 67.70M) | 1, Part 3-4
Fra:27 Mem:24.92M (0.00M, Peak 67.70M) Sce: 1 Ve:5485 Fa:3780 Ha:1569 La:1
Saved: star-collapse-0027 Time: 00:00.84 (Saving: 00:00.03)

Error, region type 2 missing in - name:"Info", id:7
Error, region type 4 missing in - name:"Info", id:7

Blender quit

real	1m37.724s
user	0m2.665s
sys	0m0.171s
ALSA lib confmisc.c:768:(parse_card) cannot find card '0'
ALSA lib conf.c:4292:(_snd_config_evaluate) function snd_func_card_driver returned error: No such file or directory
ALSA lib confmisc.c:392:(snd_func_concat) error evaluating strings
ALSA lib conf.c:4292:(_snd_config_evaluate) function snd_func_concat returned error: No such file or directory
ALSA lib confmisc.c:1251:(snd_func_refer) error evaluating name
ALSA lib conf.c:4292:(_snd_config_evaluate) function snd_func_refer returned error: No such file or directory
ALSA lib conf.c:4771:(snd_config_expand) Evaluate error: No such file or directory
ALSA lib pcm.c:2266:(snd_pcm_open_noupdate) Unknown PCM default
AL lib: alsa_open_playback: Could not open playback device 'default': No such file or directory
found bundled python: /sfs/nfs/blender/2.70/2.70/python
read blend: /home/sr7cb/ParallelComputing/test/Star-collapse-ntsc.blend
Old particle system converted to new system.
Old particle system converted to new system.
Old particle system converted to new system.
Old particle system converted to new system.
Old particle system converted to new system.
Old particle system converted to new system.
Old particle system converted to new system.
Old particle system converted to new system.
Old particle system converted to new system.
Old particle system converted to new system.
Old particle system converted to new system.
2.66 versioning fix: replacing black sky with premultiplied alpha for scene 1
Fra:107 Mem:10.52M (0.00M, Peak 10.52M) | Preparing Scene data
Fra:107 Mem:13.73M (0.00M, Peak 13.77M) | Preparing Scene data
Fra:107 Mem:13.75M (0.00M, Peak 13.77M) | Creating Shadowbuffers
Fra:107 Mem:13.75M (0.00M, Peak 13.77M) | Caching Point Densities
Fra:107 Mem:13.75M (0.00M, Peak 13.77M) Sce: 1 Ve:6361 Fa:5240 Ha:2460 La:1
Fra:107 Mem:13.75M (0.00M, Peak 13.77M) | Loading voxel datasets
Fra:107 Mem:13.75M (0.00M, Peak 13.77M) Sce: 1 Ve:6361 Fa:5240 Ha:2460 La:1
Fra:107 Mem:13.75M (0.00M, Peak 13.77M) Sce: 1 Ve:6361 Fa:5240 Ha:2460 La:1
Fra:107 Mem:13.75M (0.00M, Peak 13.77M) Sce: 1 Ve:6361 Fa:5240 Ha:2460 La:1
Fra:107 Mem:78.09M (0.00M, Peak 95.72M) | 1, Part 2-4
Fra:107 Mem:62.50M (0.00M, Peak 95.72M) | 1, Part 4-4
Fra:107 Mem:46.79M (0.00M, Peak 95.72M) | 1, Part 3-4
Fra:107 Mem:31.20M (0.00M, Peak 95.72M) | 1, Part 1-4
Fra:107 Mem:24.96M (0.00M, Peak 95.72M) Sce: 1 Ve:6361 Fa:5240 Ha:2460 La:1
Saved: star-collapse-0107 Time: 00:01.94 (Saving: 00:00.04)

Error, region type 2 missing in - name:"Info", id:7
Error, region type 4 missing in - name:"Info", id:7

Blender quit

real	0m3.327s
user	0m4.658s
sys	0m0.149s
ALSA lib confmisc.c:768:(parse_card) cannot find card '0'
ALSA lib conf.c:4292:(_snd_config_evaluate) function snd_func_card_driver returned error: No such file or directory
ALSA lib confmisc.c:392:(snd_func_concat) error evaluating strings
ALSA lib conf.c:4292:(_snd_config_evaluate) function snd_func_concat returned error: No such file or directory
ALSA lib confmisc.c:1251:(snd_func_refer) error evaluating name
ALSA lib conf.c:4292:(_snd_config_evaluate) function snd_func_refer returned error: No such file or directory
ALSA lib conf.c:4771:(snd_config_expand) Evaluate error: No such file or directory
ALSA lib pcm.c:2266:(snd_pcm_open_noupdate) Unknown PCM default
AL lib: alsa_open_playback: Could not open playback device 'default': No such file or directory
found bundled python: /sfs/nfs/blender/2.70/2.70/python
read blend: /home/sr7cb/ParallelComputing/test/Star-collapse-ntsc.blend
Old particle system converted to new system.
Old particle system converted to new system.
Old particle system converted to new system.
Old particle system converted to new system.
Old particle system converted to new system.
Old particle system converted to new system.
Old particle system converted to new system.
Old particle system converted to new system.
Old particle system converted to new system.
Old particle system converted to new system.
Old particle system converted to new system.
2.66 versioning fix: replacing black sky with premultiplied alpha for scene 1
Fra:187 Mem:10.58M (0.00M, Peak 10.58M) | Preparing Scene data
Fra:187 Mem:13.93M (0.00M, Peak 13.96M) | Preparing Scene data
Fra:187 Mem:13.95M (0.00M, Peak 13.96M) | Creating Shadowbuffers
Fra:187 Mem:13.95M (0.00M, Peak 13.96M) | Caching Point Densities
Fra:187 Mem:13.95M (0.00M, Peak 13.96M) Sce: 1 Ve:6361 Fa:5240 Ha:3208 La:1
Fra:187 Mem:13.95M (0.00M, Peak 13.96M) | Loading voxel datasets
Fra:187 Mem:13.95M (0.00M, Peak 13.96M) Sce: 1 Ve:6361 Fa:5240 Ha:3208 La:1
Fra:187 Mem:13.95M (0.00M, Peak 13.96M) Sce: 1 Ve:6361 Fa:5240 Ha:3208 La:1
Fra:187 Mem:13.95M (0.00M, Peak 13.96M) Sce: 1 Ve:6361 Fa:5240 Ha:3208 La:1
Fra:187 Mem:67.64M (0.00M, Peak 98.98M) | 1, Part 1-4
Fra:187 Mem:62.20M (0.00M, Peak 98.98M) | 1, Part 2-4
Fra:187 Mem:46.86M (0.00M, Peak 98.98M) | 1, Part 3-4
Fra:187 Mem:31.40M (0.00M, Peak 98.98M) | 1, Part 4-4
Fra:187 Mem:25.01M (0.00M, Peak 98.98M) Sce: 1 Ve:6361 Fa:5240 Ha:3208 La:1
Saved: star-collapse-0187 Time: 00:02.27 (Saving: 00:00.04)

Error, region type 2 missing in - name:"Info", id:7
Error, region type 4 missing in - name:"Info", id:7

Blender quit

real	0m3.827s
user	0m5.467s
sys	0m0.184s
