ALSA lib confmisc.c:768:(parse_card) cannot find card '0'
ALSA lib conf.c:4292:(_snd_config_evaluate) function snd_func_card_driver returned error: No such file or directory
ALSA lib confmisc.c:392:(snd_func_concat) error evaluating strings
ALSA lib conf.c:4292:(_snd_config_evaluate) function snd_func_concat returned error: No such file or directory
ALSA lib confmisc.c:1251:(snd_func_refer) error evaluating name
ALSA lib conf.c:4292:(_snd_config_evaluate) function snd_func_refer returned error: No such file or directory
ALSA lib conf.c:4771:(snd_config_expand) Evaluate error: No such file or directory
ALSA lib pcm.c:2266:(snd_pcm_open_noupdate) Unknown PCM default
AL lib: alsa_open_playback: Could not open playback device 'default': No such file or directory
found bundled python: /sfs/nfs/blender/2.70/2.70/python
read blend: /home/sr7cb/ParallelComputing/test/Star-collapse-ntsc.blend
Old particle system converted to new system.
Old particle system converted to new system.
Old particle system converted to new system.
Old particle system converted to new system.
Old particle system converted to new system.
Old particle system converted to new system.
Old particle system converted to new system.
Old particle system converted to new system.
Old particle system converted to new system.
Old particle system converted to new system.
Old particle system converted to new system.
2.66 versioning fix: replacing black sky with premultiplied alpha for scene 1
Fra:49 Mem:10.50M (0.00M, Peak 10.50M) | Preparing Scene data
Fra:49 Mem:13.70M (0.00M, Peak 13.72M) | Preparing Scene data
Fra:49 Mem:13.71M (0.00M, Peak 13.72M) | Creating Shadowbuffers
Fra:49 Mem:13.71M (0.00M, Peak 13.72M) | Caching Point Densities
Fra:49 Mem:13.71M (0.00M, Peak 13.72M) Sce: 1 Ve:5749 Fa:4220 Ha:1989 La:1
Fra:49 Mem:13.71M (0.00M, Peak 13.72M) | Loading voxel datasets
Fra:49 Mem:13.71M (0.00M, Peak 13.72M) Sce: 1 Ve:5749 Fa:4220 Ha:1989 La:1
Fra:49 Mem:13.71M (0.00M, Peak 13.72M) Sce: 1 Ve:5749 Fa:4220 Ha:1989 La:1
Fra:49 Mem:13.71M (0.00M, Peak 13.72M) Sce: 1 Ve:5749 Fa:4220 Ha:1989 La:1
Fra:49 Mem:79.66M (0.00M, Peak 92.16M) | 1, Part 2-4
Fra:49 Mem:62.83M (0.00M, Peak 92.16M) | 1, Part 1-4
Fra:49 Mem:47.00M (0.00M, Peak 92.16M) | 1, Part 4-4
Fra:49 Mem:31.16M (0.00M, Peak 92.16M) | 1, Part 3-4
Fra:49 Mem:24.93M (0.00M, Peak 92.16M) Sce: 1 Ve:5749 Fa:4220 Ha:1989 La:1
Saved: star-collapse-0049 Time: 00:00.88 (Saving: 00:00.02)

Error, region type 2 missing in - name:"Info", id:7
Error, region type 4 missing in - name:"Info", id:7

Blender quit

real	0m31.773s
user	0m2.090s
sys	0m0.123s
ALSA lib confmisc.c:768:(parse_card) cannot find card '0'
ALSA lib conf.c:4292:(_snd_config_evaluate) function snd_func_card_driver returned error: No such file or directory
ALSA lib confmisc.c:392:(snd_func_concat) error evaluating strings
ALSA lib conf.c:4292:(_snd_config_evaluate) function snd_func_concat returned error: No such file or directory
ALSA lib confmisc.c:1251:(snd_func_refer) error evaluating name
ALSA lib conf.c:4292:(_snd_config_evaluate) function snd_func_refer returned error: No such file or directory
ALSA lib conf.c:4771:(snd_config_expand) Evaluate error: No such file or directory
ALSA lib pcm.c:2266:(snd_pcm_open_noupdate) Unknown PCM default
AL lib: alsa_open_playback: Could not open playback device 'default': No such file or directory
found bundled python: /sfs/nfs/blender/2.70/2.70/python
read blend: /home/sr7cb/ParallelComputing/test/Star-collapse-ntsc.blend
Old particle system converted to new system.
Old particle system converted to new system.
Old particle system converted to new system.
Old particle system converted to new system.
Old particle system converted to new system.
Old particle system converted to new system.
Old particle system converted to new system.
Old particle system converted to new system.
Old particle system converted to new system.
Old particle system converted to new system.
Old particle system converted to new system.
2.66 versioning fix: replacing black sky with premultiplied alpha for scene 1
Fra:129 Mem:10.52M (0.00M, Peak 10.52M) | Preparing Scene data
Fra:129 Mem:13.70M (0.00M, Peak 13.74M) | Preparing Scene data
Fra:129 Mem:13.72M (0.00M, Peak 13.74M) | Creating Shadowbuffers
Fra:129 Mem:13.72M (0.00M, Peak 13.74M) | Caching Point Densities
Fra:129 Mem:13.72M (0.00M, Peak 13.74M) Sce: 1 Ve:6361 Fa:5240 Ha:2436 La:1
Fra:129 Mem:13.72M (0.00M, Peak 13.74M) | Loading voxel datasets
Fra:129 Mem:13.72M (0.00M, Peak 13.74M) Sce: 1 Ve:6361 Fa:5240 Ha:2436 La:1
Fra:129 Mem:13.72M (0.00M, Peak 13.74M) Sce: 1 Ve:6361 Fa:5240 Ha:2436 La:1
Fra:129 Mem:13.72M (0.00M, Peak 13.74M) Sce: 1 Ve:6361 Fa:5240 Ha:2436 La:1
Fra:129 Mem:78.21M (0.00M, Peak 94.26M) | 1, Part 3-4
Fra:129 Mem:62.62M (0.00M, Peak 94.26M) | 1, Part 2-4
Fra:129 Mem:47.03M (0.00M, Peak 94.26M) | 1, Part 4-4
Fra:129 Mem:31.17M (0.00M, Peak 94.26M) | 1, Part 1-4
Fra:129 Mem:24.96M (0.00M, Peak 94.26M) Sce: 1 Ve:6361 Fa:5240 Ha:2436 La:1
Saved: star-collapse-0129 Time: 00:01.07 (Saving: 00:00.02)

Error, region type 2 missing in - name:"Info", id:7
Error, region type 4 missing in - name:"Info", id:7

Blender quit

real	0m1.928s
user	0m2.545s
sys	0m0.124s
ALSA lib confmisc.c:768:(parse_card) cannot find card '0'
ALSA lib conf.c:4292:(_snd_config_evaluate) function snd_func_card_driver returned error: No such file or directory
ALSA lib confmisc.c:392:(snd_func_concat) error evaluating strings
ALSA lib conf.c:4292:(_snd_config_evaluate) function snd_func_concat returned error: No such file or directory
ALSA lib confmisc.c:1251:(snd_func_refer) error evaluating name
ALSA lib conf.c:4292:(_snd_config_evaluate) function snd_func_refer returned error: No such file or directory
ALSA lib conf.c:4771:(snd_config_expand) Evaluate error: No such file or directory
ALSA lib pcm.c:2266:(snd_pcm_open_noupdate) Unknown PCM default
AL lib: alsa_open_playback: Could not open playback device 'default': No such file or directory
found bundled python: /sfs/nfs/blender/2.70/2.70/python
read blend: /home/sr7cb/ParallelComputing/test/Star-collapse-ntsc.blend
Old particle system converted to new system.
Old particle system converted to new system.
Old particle system converted to new system.
Old particle system converted to new system.
Old particle system converted to new system.
Old particle system converted to new system.
Old particle system converted to new system.
Old particle system converted to new system.
Old particle system converted to new system.
Old particle system converted to new system.
Old particle system converted to new system.
2.66 versioning fix: replacing black sky with premultiplied alpha for scene 1
Fra:209 Mem:10.61M (0.00M, Peak 10.61M) | Preparing Scene data
Fra:209 Mem:14.57M (0.00M, Peak 14.60M) | Preparing Scene data
Fra:209 Mem:14.60M (0.00M, Peak 14.60M) | Creating Shadowbuffers
Fra:209 Mem:14.60M (0.00M, Peak 14.60M) | Caching Point Densities
Fra:209 Mem:14.60M (0.00M, Peak 14.60M) Sce: 1 Ve:7409 Fa:8646 Ha:4141 La:1
Fra:209 Mem:14.60M (0.00M, Peak 14.60M) | Loading voxel datasets
Fra:209 Mem:14.60M (0.00M, Peak 14.60M) Sce: 1 Ve:7409 Fa:8646 Ha:4141 La:1
Fra:209 Mem:14.60M (0.00M, Peak 14.60M) Sce: 1 Ve:7409 Fa:8646 Ha:4141 La:1
Fra:209 Mem:14.60M (0.00M, Peak 14.60M) Sce: 1 Ve:7409 Fa:8646 Ha:4141 La:1
Fra:209 Mem:77.53M (0.00M, Peak 95.29M) | 1, Part 1-4
Fra:209 Mem:61.69M (0.00M, Peak 95.29M) | 1, Part 2-4
Fra:209 Mem:46.10M (0.00M, Peak 95.29M) | 1, Part 4-4
Fra:209 Mem:32.05M (0.00M, Peak 95.29M) | 1, Part 3-4
Fra:209 Mem:25.05M (0.00M, Peak 95.29M) Sce: 1 Ve:7409 Fa:8646 Ha:4141 La:1
Saved: star-collapse-0209 Time: 00:01.32 (Saving: 00:00.02)

Error, region type 2 missing in - name:"Info", id:7
Error, region type 4 missing in - name:"Info", id:7

Blender quit

real	0m2.176s
user	0m2.978s
sys	0m0.137s
