ALSA lib confmisc.c:768:(parse_card) cannot find card '0'
ALSA lib conf.c:4292:(_snd_config_evaluate) function snd_func_card_driver returned error: No such file or directory
ALSA lib confmisc.c:392:(snd_func_concat) error evaluating strings
ALSA lib conf.c:4292:(_snd_config_evaluate) function snd_func_concat returned error: No such file or directory
ALSA lib confmisc.c:1251:(snd_func_refer) error evaluating name
ALSA lib conf.c:4292:(_snd_config_evaluate) function snd_func_refer returned error: No such file or directory
ALSA lib conf.c:4771:(snd_config_expand) Evaluate error: No such file or directory
ALSA lib pcm.c:2266:(snd_pcm_open_noupdate) Unknown PCM default
AL lib: alsa_open_playback: Could not open playback device 'default': No such file or directory
found bundled python: /sfs/nfs/blender/2.70/2.70/python
read blend: /home/sr7cb/ParallelComputing/test/Star-collapse-ntsc.blend
Old particle system converted to new system.
Old particle system converted to new system.
Old particle system converted to new system.
Old particle system converted to new system.
Old particle system converted to new system.
Old particle system converted to new system.
Old particle system converted to new system.
Old particle system converted to new system.
Old particle system converted to new system.
Old particle system converted to new system.
Old particle system converted to new system.
2.66 versioning fix: replacing black sky with premultiplied alpha for scene 1
Fra:61 Mem:10.51M (0.00M, Peak 10.51M) | Preparing Scene data
Fra:61 Mem:13.71M (0.00M, Peak 13.74M) | Preparing Scene data
Fra:61 Mem:13.72M (0.00M, Peak 13.74M) | Creating Shadowbuffers
Fra:61 Mem:13.72M (0.00M, Peak 13.74M) | Caching Point Densities
Fra:61 Mem:13.72M (0.00M, Peak 13.74M) Sce: 1 Ve:5893 Fa:4460 Ha:2117 La:1
Fra:61 Mem:13.72M (0.00M, Peak 13.74M) | Loading voxel datasets
Fra:61 Mem:13.72M (0.00M, Peak 13.74M) Sce: 1 Ve:5893 Fa:4460 Ha:2117 La:1
Fra:61 Mem:13.73M (0.00M, Peak 13.74M) Sce: 1 Ve:5893 Fa:4460 Ha:2117 La:1
Fra:61 Mem:13.73M (0.00M, Peak 13.74M) Sce: 1 Ve:5893 Fa:4460 Ha:2117 La:1
Fra:61 Mem:77.62M (0.00M, Peak 90.37M) | 1, Part 2-4
Fra:61 Mem:62.72M (0.00M, Peak 90.37M) | 1, Part 1-4
Fra:61 Mem:46.89M (0.00M, Peak 90.37M) | 1, Part 3-4
Fra:61 Mem:31.17M (0.00M, Peak 90.37M) | 1, Part 4-4
Fra:61 Mem:24.95M (0.00M, Peak 90.37M) Sce: 1 Ve:5893 Fa:4460 Ha:2117 La:1
Saved: star-collapse-0061 Time: 00:00.89 (Saving: 00:00.02)

Error, region type 2 missing in - name:"Info", id:7
Error, region type 4 missing in - name:"Info", id:7

Blender quit

real	7m44.194s
user	0m2.231s
sys	0m0.128s
ALSA lib confmisc.c:768:(parse_card) cannot find card '0'
ALSA lib conf.c:4292:(_snd_config_evaluate) function snd_func_card_driver returned error: No such file or directory
ALSA lib confmisc.c:392:(snd_func_concat) error evaluating strings
ALSA lib conf.c:4292:(_snd_config_evaluate) function snd_func_concat returned error: No such file or directory
ALSA lib confmisc.c:1251:(snd_func_refer) error evaluating name
ALSA lib conf.c:4292:(_snd_config_evaluate) function snd_func_refer returned error: No such file or directory
ALSA lib conf.c:4771:(snd_config_expand) Evaluate error: No such file or directory
ALSA lib pcm.c:2266:(snd_pcm_open_noupdate) Unknown PCM default
AL lib: alsa_open_playback: Could not open playback device 'default': No such file or directory
found bundled python: /sfs/nfs/blender/2.70/2.70/python
read blend: /home/sr7cb/ParallelComputing/test/Star-collapse-ntsc.blend
Old particle system converted to new system.
Old particle system converted to new system.
Old particle system converted to new system.
Old particle system converted to new system.
Old particle system converted to new system.
Old particle system converted to new system.
Old particle system converted to new system.
Old particle system converted to new system.
Old particle system converted to new system.
Old particle system converted to new system.
Old particle system converted to new system.
2.66 versioning fix: replacing black sky with premultiplied alpha for scene 1
Fra:141 Mem:10.52M (0.00M, Peak 10.52M) | Preparing Scene data
Fra:141 Mem:13.70M (0.00M, Peak 13.74M) | Preparing Scene data
Fra:141 Mem:13.72M (0.00M, Peak 13.74M) | Creating Shadowbuffers
Fra:141 Mem:13.72M (0.00M, Peak 13.74M) | Caching Point Densities
Fra:141 Mem:13.72M (0.00M, Peak 13.74M) Sce: 1 Ve:6361 Fa:5240 Ha:2428 La:1
Fra:141 Mem:13.72M (0.00M, Peak 13.74M) | Loading voxel datasets
Fra:141 Mem:13.72M (0.00M, Peak 13.74M) Sce: 1 Ve:6361 Fa:5240 Ha:2428 La:1
Fra:141 Mem:13.72M (0.00M, Peak 13.74M) Sce: 1 Ve:6361 Fa:5240 Ha:2428 La:1
Fra:141 Mem:13.72M (0.00M, Peak 13.74M) Sce: 1 Ve:6361 Fa:5240 Ha:2428 La:1
Fra:141 Mem:78.21M (0.00M, Peak 104.85M) | 1, Part 4-4
Fra:141 Mem:62.62M (0.00M, Peak 104.85M) | 1, Part 3-4
Fra:141 Mem:47.03M (0.00M, Peak 104.85M) | 1, Part 2-4
Fra:141 Mem:31.16M (0.00M, Peak 104.85M) | 1, Part 1-4
Fra:141 Mem:24.96M (0.00M, Peak 104.85M) Sce: 1 Ve:6361 Fa:5240 Ha:2428 La:1
Saved: star-collapse-0141 Time: 00:01.17 (Saving: 00:00.02)

Error, region type 2 missing in - name:"Info", id:7
Error, region type 4 missing in - name:"Info", id:7

Blender quit

real	0m2.038s
user	0m2.603s
sys	0m0.106s
ALSA lib confmisc.c:768:(parse_card) cannot find card '0'
ALSA lib conf.c:4292:(_snd_config_evaluate) function snd_func_card_driver returned error: No such file or directory
ALSA lib confmisc.c:392:(snd_func_concat) error evaluating strings
ALSA lib conf.c:4292:(_snd_config_evaluate) function snd_func_concat returned error: No such file or directory
ALSA lib confmisc.c:1251:(snd_func_refer) error evaluating name
ALSA lib conf.c:4292:(_snd_config_evaluate) function snd_func_refer returned error: No such file or directory
ALSA lib conf.c:4771:(snd_config_expand) Evaluate error: No such file or directory
ALSA lib pcm.c:2266:(snd_pcm_open_noupdate) Unknown PCM default
AL lib: alsa_open_playback: Could not open playback device 'default': No such file or directory
found bundled python: /sfs/nfs/blender/2.70/2.70/python
read blend: /home/sr7cb/ParallelComputing/test/Star-collapse-ntsc.blend
Old particle system converted to new system.
Old particle system converted to new system.
Old particle system converted to new system.
Old particle system converted to new system.
Old particle system converted to new system.
Old particle system converted to new system.
Old particle system converted to new system.
Old particle system converted to new system.
Old particle system converted to new system.
Old particle system converted to new system.
Old particle system converted to new system.
2.66 versioning fix: replacing black sky with premultiplied alpha for scene 1
Fra:221 Mem:10.63M (0.00M, Peak 10.63M) | Preparing Scene data
Fra:221 Mem:14.68M (0.00M, Peak 14.72M) | Preparing Scene data
Fra:221 Mem:14.71M (0.00M, Peak 14.72M) | Creating Shadowbuffers
Fra:221 Mem:14.71M (0.00M, Peak 14.72M) | Caching Point Densities
Fra:221 Mem:14.71M (0.00M, Peak 14.72M) Sce: 1 Ve:7409 Fa:8646 Ha:4537 La:1
Fra:221 Mem:14.71M (0.00M, Peak 14.72M) | Loading voxel datasets
Fra:221 Mem:14.71M (0.00M, Peak 14.72M) Sce: 1 Ve:7409 Fa:8646 Ha:4537 La:1
Fra:221 Mem:14.72M (0.00M, Peak 14.72M) Sce: 1 Ve:7409 Fa:8646 Ha:4537 La:1
Fra:221 Mem:14.72M (0.00M, Peak 14.72M) Sce: 1 Ve:7409 Fa:8646 Ha:4537 La:1
Fra:221 Mem:79.30M (0.00M, Peak 100.51M) | 1, Part 3-4
Fra:221 Mem:63.71M (0.00M, Peak 100.51M) | 1, Part 1-4
Fra:221 Mem:48.00M (0.00M, Peak 100.51M) | 1, Part 4-4
Fra:221 Mem:32.16M (0.00M, Peak 100.51M) | 1, Part 2-4
Fra:221 Mem:25.07M (0.00M, Peak 100.51M) Sce: 1 Ve:7409 Fa:8646 Ha:4537 La:1
Saved: star-collapse-0221 Time: 00:01.29 (Saving: 00:00.02)

Error, region type 2 missing in - name:"Info", id:7
Error, region type 4 missing in - name:"Info", id:7

Blender quit

real	0m2.146s
user	0m2.936s
sys	0m0.113s
