ALSA lib confmisc.c:768:(parse_card) cannot find card '0'
ALSA lib conf.c:4292:(_snd_config_evaluate) function snd_func_card_driver returned error: No such file or directory
ALSA lib confmisc.c:392:(snd_func_concat) error evaluating strings
ALSA lib conf.c:4292:(_snd_config_evaluate) function snd_func_concat returned error: No such file or directory
ALSA lib confmisc.c:1251:(snd_func_refer) error evaluating name
ALSA lib conf.c:4292:(_snd_config_evaluate) function snd_func_refer returned error: No such file or directory
ALSA lib conf.c:4771:(snd_config_expand) Evaluate error: No such file or directory
ALSA lib pcm.c:2266:(snd_pcm_open_noupdate) Unknown PCM default
AL lib: alsa_open_playback: Could not open playback device 'default': No such file or directory
found bundled python: /sfs/nfs/blender/2.70/2.70/python
read blend: /home/sr7cb/ParallelComputing/test/Star-collapse-ntsc.blend
Old particle system converted to new system.
Old particle system converted to new system.
Old particle system converted to new system.
Old particle system converted to new system.
Old particle system converted to new system.
Old particle system converted to new system.
Old particle system converted to new system.
Old particle system converted to new system.
Old particle system converted to new system.
Old particle system converted to new system.
Old particle system converted to new system.
2.66 versioning fix: replacing black sky with premultiplied alpha for scene 1
Fra:43 Mem:10.49M (0.00M, Peak 10.50M) | Preparing Scene data
Fra:43 Mem:13.69M (0.00M, Peak 13.71M) | Preparing Scene data
Fra:43 Mem:13.70M (0.00M, Peak 13.71M) | Creating Shadowbuffers
Fra:43 Mem:13.70M (0.00M, Peak 13.71M) | Caching Point Densities
Fra:43 Mem:13.70M (0.00M, Peak 13.71M) Sce: 1 Ve:5677 Fa:4100 Ha:1875 La:1
Fra:43 Mem:13.70M (0.00M, Peak 13.71M) | Loading voxel datasets
Fra:43 Mem:13.70M (0.00M, Peak 13.71M) Sce: 1 Ve:5677 Fa:4100 Ha:1875 La:1
Fra:43 Mem:13.71M (0.00M, Peak 13.71M) Sce: 1 Ve:5677 Fa:4100 Ha:1875 La:1
Fra:43 Mem:13.71M (0.00M, Peak 13.71M) Sce: 1 Ve:5677 Fa:4100 Ha:1875 La:1
Fra:43 Mem:63.60M (0.00M, Peak 75.13M) | 1, Part 1-4
Fra:43 Mem:64.11M (0.00M, Peak 79.37M) | 1, Part 2-4
Fra:43 Mem:46.99M (0.00M, Peak 79.37M) | 1, Part 4-4
Fra:43 Mem:31.15M (0.00M, Peak 79.37M) | 1, Part 3-4
Fra:43 Mem:24.93M (0.00M, Peak 79.37M) Sce: 1 Ve:5677 Fa:4100 Ha:1875 La:1
Saved: star-collapse-0043 Time: 00:01.32 (Saving: 00:00.05)

Error, region type 2 missing in - name:"Info", id:7
Error, region type 4 missing in - name:"Info", id:7

Blender quit

real	0m2.955s
user	0m3.687s
sys	0m0.196s
ALSA lib confmisc.c:768:(parse_card) cannot find card '0'
ALSA lib conf.c:4292:(_snd_config_evaluate) function snd_func_card_driver returned error: No such file or directory
ALSA lib confmisc.c:392:(snd_func_concat) error evaluating strings
ALSA lib conf.c:4292:(_snd_config_evaluate) function snd_func_concat returned error: No such file or directory
ALSA lib confmisc.c:1251:(snd_func_refer) error evaluating name
ALSA lib conf.c:4292:(_snd_config_evaluate) function snd_func_refer returned error: No such file or directory
ALSA lib conf.c:4771:(snd_config_expand) Evaluate error: No such file or directory
ALSA lib pcm.c:2266:(snd_pcm_open_noupdate) Unknown PCM default
AL lib: alsa_open_playback: Could not open playback device 'default': No such file or directory
found bundled python: /sfs/nfs/blender/2.70/2.70/python
read blend: /home/sr7cb/ParallelComputing/test/Star-collapse-ntsc.blend
Old particle system converted to new system.
Old particle system converted to new system.
Old particle system converted to new system.
Old particle system converted to new system.
Old particle system converted to new system.
Old particle system converted to new system.
Old particle system converted to new system.
Old particle system converted to new system.
Old particle system converted to new system.
Old particle system converted to new system.
Old particle system converted to new system.
2.66 versioning fix: replacing black sky with premultiplied alpha for scene 1
Fra:123 Mem:10.52M (0.00M, Peak 10.52M) | Preparing Scene data
Fra:123 Mem:13.73M (0.00M, Peak 13.77M) | Preparing Scene data
Fra:123 Mem:13.75M (0.00M, Peak 13.77M) | Creating Shadowbuffers
Fra:123 Mem:13.75M (0.00M, Peak 13.77M) | Caching Point Densities
Fra:123 Mem:13.75M (0.00M, Peak 13.77M) Sce: 1 Ve:6361 Fa:5240 Ha:2442 La:1
Fra:123 Mem:13.75M (0.00M, Peak 13.77M) | Loading voxel datasets
Fra:123 Mem:13.75M (0.00M, Peak 13.77M) Sce: 1 Ve:6361 Fa:5240 Ha:2442 La:1
Fra:123 Mem:13.75M (0.00M, Peak 13.77M) Sce: 1 Ve:6361 Fa:5240 Ha:2442 La:1
Fra:123 Mem:13.75M (0.00M, Peak 13.77M) Sce: 1 Ve:6361 Fa:5240 Ha:2442 La:1
Fra:123 Mem:77.96M (0.00M, Peak 90.63M) | 1, Part 3-4
Fra:123 Mem:62.37M (0.00M, Peak 90.63M) | 1, Part 2-4
Fra:123 Mem:46.78M (0.00M, Peak 90.63M) | 1, Part 4-4
Fra:123 Mem:31.20M (0.00M, Peak 90.63M) | 1, Part 1-4
Fra:123 Mem:24.96M (0.00M, Peak 90.63M) Sce: 1 Ve:6361 Fa:5240 Ha:2442 La:1
Saved: star-collapse-0123 Time: 00:02.09 (Saving: 00:00.04)

Error, region type 2 missing in - name:"Info", id:7
Error, region type 4 missing in - name:"Info", id:7

Blender quit

real	1m43.220s
user	0m4.995s
sys	0m0.184s
ALSA lib confmisc.c:768:(parse_card) cannot find card '0'
ALSA lib conf.c:4292:(_snd_config_evaluate) function snd_func_card_driver returned error: No such file or directory
ALSA lib confmisc.c:392:(snd_func_concat) error evaluating strings
ALSA lib conf.c:4292:(_snd_config_evaluate) function snd_func_concat returned error: No such file or directory
ALSA lib confmisc.c:1251:(snd_func_refer) error evaluating name
ALSA lib conf.c:4292:(_snd_config_evaluate) function snd_func_refer returned error: No such file or directory
ALSA lib conf.c:4771:(snd_config_expand) Evaluate error: No such file or directory
ALSA lib pcm.c:2266:(snd_pcm_open_noupdate) Unknown PCM default
AL lib: alsa_open_playback: Could not open playback device 'default': No such file or directory
found bundled python: /sfs/nfs/blender/2.70/2.70/python
read blend: /home/sr7cb/ParallelComputing/test/Star-collapse-ntsc.blend
Old particle system converted to new system.
Old particle system converted to new system.
Old particle system converted to new system.
Old particle system converted to new system.
Old particle system converted to new system.
Old particle system converted to new system.
Old particle system converted to new system.
Old particle system converted to new system.
Old particle system converted to new system.
Old particle system converted to new system.
Old particle system converted to new system.
2.66 versioning fix: replacing black sky with premultiplied alpha for scene 1
Fra:203 Mem:10.60M (0.00M, Peak 10.60M) | Preparing Scene data
Fra:203 Mem:14.46M (0.00M, Peak 14.50M) | Preparing Scene data
Fra:203 Mem:14.49M (0.00M, Peak 14.50M) | Creating Shadowbuffers
Fra:203 Mem:14.49M (0.00M, Peak 14.50M) | Caching Point Densities
Fra:203 Mem:14.49M (0.00M, Peak 14.50M) Sce: 1 Ve:7409 Fa:8646 Ha:3916 La:1
Fra:203 Mem:14.49M (0.00M, Peak 14.50M) | Loading voxel datasets
Fra:203 Mem:14.49M (0.00M, Peak 14.50M) Sce: 1 Ve:7409 Fa:8646 Ha:3916 La:1
Fra:203 Mem:14.50M (0.00M, Peak 14.50M) Sce: 1 Ve:7409 Fa:8646 Ha:3916 La:1
Fra:203 Mem:14.50M (0.00M, Peak 14.50M) Sce: 1 Ve:7409 Fa:8646 Ha:3916 La:1
Fra:203 Mem:78.70M (0.00M, Peak 97.38M) | 1, Part 1-4
Fra:203 Mem:63.37M (0.00M, Peak 97.38M) | 1, Part 3-4
Fra:203 Mem:47.53M (0.00M, Peak 97.38M) | 1, Part 2-4
Fra:203 Mem:31.94M (0.00M, Peak 97.38M) | 1, Part 4-4
Fra:203 Mem:25.04M (0.00M, Peak 97.38M) Sce: 1 Ve:7409 Fa:8646 Ha:3916 La:1
Saved: star-collapse-0203 Time: 00:01.26 (Saving: 00:00.02)

Error, region type 2 missing in - name:"Info", id:7
Error, region type 4 missing in - name:"Info", id:7

Blender quit

real	0m2.794s
user	0m3.562s
sys	0m0.160s
