ALSA lib confmisc.c:768:(parse_card) cannot find card '0'
ALSA lib conf.c:4292:(_snd_config_evaluate) function snd_func_card_driver returned error: No such file or directory
ALSA lib confmisc.c:392:(snd_func_concat) error evaluating strings
ALSA lib conf.c:4292:(_snd_config_evaluate) function snd_func_concat returned error: No such file or directory
ALSA lib confmisc.c:1251:(snd_func_refer) error evaluating name
ALSA lib conf.c:4292:(_snd_config_evaluate) function snd_func_refer returned error: No such file or directory
ALSA lib conf.c:4771:(snd_config_expand) Evaluate error: No such file or directory
ALSA lib pcm.c:2266:(snd_pcm_open_noupdate) Unknown PCM default
AL lib: alsa_open_playback: Could not open playback device 'default': No such file or directory
found bundled python: /sfs/nfs/blender/2.70/2.70/python
read blend: /home/sr7cb/ParallelComputing/test/Star-collapse-ntsc.blend
Old particle system converted to new system.
Old particle system converted to new system.
Old particle system converted to new system.
Old particle system converted to new system.
Old particle system converted to new system.
Old particle system converted to new system.
Old particle system converted to new system.
Old particle system converted to new system.
Old particle system converted to new system.
Old particle system converted to new system.
Old particle system converted to new system.
2.66 versioning fix: replacing black sky with premultiplied alpha for scene 1
Fra:10 Mem:10.46M (0.00M, Peak 10.47M) | Preparing Scene data
Fra:10 Mem:13.62M (0.00M, Peak 13.63M) | Preparing Scene data
Fra:10 Mem:13.63M (0.00M, Peak 13.63M) | Creating Shadowbuffers
Fra:10 Mem:13.63M (0.00M, Peak 13.63M) | Caching Point Densities
Fra:10 Mem:13.63M (0.00M, Peak 13.63M) Sce: 1 Ve:5281 Fa:3440 Ha:1241 La:1
Fra:10 Mem:13.63M (0.00M, Peak 13.63M) | Loading voxel datasets
Fra:10 Mem:13.63M (0.00M, Peak 13.63M) Sce: 1 Ve:5281 Fa:3440 Ha:1241 La:1
Fra:10 Mem:13.63M (0.00M, Peak 13.63M) Sce: 1 Ve:5281 Fa:3440 Ha:1241 La:1
Fra:10 Mem:13.63M (0.00M, Peak 13.63M) Sce: 1 Ve:5281 Fa:3440 Ha:1241 La:1
Fra:10 Mem:74.24M (0.00M, Peak 93.32M) | 1, Part 1-4
Fra:10 Mem:58.90M (0.00M, Peak 93.32M) | 1, Part 2-4
Fra:10 Mem:46.91M (0.00M, Peak 93.32M) | 1, Part 4-4
Fra:10 Mem:31.08M (0.00M, Peak 93.32M) | 1, Part 3-4
Fra:10 Mem:24.90M (0.00M, Peak 93.32M) Sce: 1 Ve:5281 Fa:3440 Ha:1241 La:1
Saved: star-collapse-0010 Time: 00:00.44 (Saving: 00:00.02)

Error, region type 2 missing in - name:"Info", id:7
Error, region type 4 missing in - name:"Info", id:7

Blender quit

real	2m6.616s
user	0m1.476s
sys	0m0.113s
ALSA lib confmisc.c:768:(parse_card) cannot find card '0'
ALSA lib conf.c:4292:(_snd_config_evaluate) function snd_func_card_driver returned error: No such file or directory
ALSA lib confmisc.c:392:(snd_func_concat) error evaluating strings
ALSA lib conf.c:4292:(_snd_config_evaluate) function snd_func_concat returned error: No such file or directory
ALSA lib confmisc.c:1251:(snd_func_refer) error evaluating name
ALSA lib conf.c:4292:(_snd_config_evaluate) function snd_func_refer returned error: No such file or directory
ALSA lib conf.c:4771:(snd_config_expand) Evaluate error: No such file or directory
ALSA lib pcm.c:2266:(snd_pcm_open_noupdate) Unknown PCM default
AL lib: alsa_open_playback: Could not open playback device 'default': No such file or directory
found bundled python: /sfs/nfs/blender/2.70/2.70/python
read blend: /home/sr7cb/ParallelComputing/test/Star-collapse-ntsc.blend
Old particle system converted to new system.
Old particle system converted to new system.
Old particle system converted to new system.
Old particle system converted to new system.
Old particle system converted to new system.
Old particle system converted to new system.
Old particle system converted to new system.
Old particle system converted to new system.
Old particle system converted to new system.
Old particle system converted to new system.
Old particle system converted to new system.
2.66 versioning fix: replacing black sky with premultiplied alpha for scene 1
Fra:90 Mem:10.52M (0.00M, Peak 10.52M) | Preparing Scene data
Fra:90 Mem:13.73M (0.00M, Peak 13.76M) | Preparing Scene data
Fra:90 Mem:13.75M (0.00M, Peak 13.76M) | Creating Shadowbuffers
Fra:90 Mem:13.75M (0.00M, Peak 13.76M) | Caching Point Densities
Fra:90 Mem:13.75M (0.00M, Peak 13.76M) Sce: 1 Ve:6241 Fa:5040 Ha:2381 La:1
Fra:90 Mem:13.75M (0.00M, Peak 13.76M) | Loading voxel datasets
Fra:90 Mem:13.75M (0.00M, Peak 13.76M) Sce: 1 Ve:6241 Fa:5040 Ha:2381 La:1
Fra:90 Mem:13.75M (0.00M, Peak 13.76M) Sce: 1 Ve:6241 Fa:5040 Ha:2381 La:1
Fra:90 Mem:13.75M (0.00M, Peak 13.76M) Sce: 1 Ve:6241 Fa:5040 Ha:2381 La:1
Fra:90 Mem:78.21M (0.00M, Peak 94.81M) | 1, Part 2-4
Fra:90 Mem:62.62M (0.00M, Peak 94.81M) | 1, Part 4-4
Fra:90 Mem:47.03M (0.00M, Peak 94.81M) | 1, Part 1-4
Fra:90 Mem:31.19M (0.00M, Peak 94.81M) | 1, Part 3-4
Fra:90 Mem:24.96M (0.00M, Peak 94.81M) Sce: 1 Ve:6241 Fa:5040 Ha:2381 La:1
Saved: star-collapse-0090 Time: 00:01.18 (Saving: 00:00.04)

Error, region type 2 missing in - name:"Info", id:7
Error, region type 4 missing in - name:"Info", id:7

Blender quit

real	0m2.807s
user	0m3.313s
sys	0m0.197s
ALSA lib confmisc.c:768:(parse_card) cannot find card '0'
ALSA lib conf.c:4292:(_snd_config_evaluate) function snd_func_card_driver returned error: No such file or directory
ALSA lib confmisc.c:392:(snd_func_concat) error evaluating strings
ALSA lib conf.c:4292:(_snd_config_evaluate) function snd_func_concat returned error: No such file or directory
ALSA lib confmisc.c:1251:(snd_func_refer) error evaluating name
ALSA lib conf.c:4292:(_snd_config_evaluate) function snd_func_refer returned error: No such file or directory
ALSA lib conf.c:4771:(snd_config_expand) Evaluate error: No such file or directory
ALSA lib pcm.c:2266:(snd_pcm_open_noupdate) Unknown PCM default
AL lib: alsa_open_playback: Could not open playback device 'default': No such file or directory
found bundled python: /sfs/nfs/blender/2.70/2.70/python
read blend: /home/sr7cb/ParallelComputing/test/Star-collapse-ntsc.blend
Old particle system converted to new system.
Old particle system converted to new system.
Old particle system converted to new system.
Old particle system converted to new system.
Old particle system converted to new system.
Old particle system converted to new system.
Old particle system converted to new system.
Old particle system converted to new system.
Old particle system converted to new system.
Old particle system converted to new system.
Old particle system converted to new system.
2.66 versioning fix: replacing black sky with premultiplied alpha for scene 1
Fra:170 Mem:10.52M (0.00M, Peak 10.52M) | Preparing Scene data
Fra:170 Mem:13.80M (0.00M, Peak 13.84M) | Preparing Scene data
Fra:170 Mem:13.82M (0.00M, Peak 13.84M) | Creating Shadowbuffers
Fra:170 Mem:13.82M (0.00M, Peak 13.84M) | Caching Point Densities
Fra:170 Mem:13.82M (0.00M, Peak 13.84M) Sce: 1 Ve:6361 Fa:5240 Ha:2425 La:1
Fra:170 Mem:13.82M (0.00M, Peak 13.84M) | Loading voxel datasets
Fra:170 Mem:13.82M (0.00M, Peak 13.84M) Sce: 1 Ve:6361 Fa:5240 Ha:2425 La:1
Fra:170 Mem:13.82M (0.00M, Peak 13.84M) Sce: 1 Ve:6361 Fa:5240 Ha:2425 La:1
Fra:170 Mem:13.82M (0.00M, Peak 13.84M) Sce: 1 Ve:6361 Fa:5240 Ha:2425 La:1
Fra:170 Mem:67.31M (0.00M, Peak 101.20M) | 1, Part 1-4
Fra:170 Mem:62.19M (0.00M, Peak 101.20M) | 1, Part 2-4
Fra:170 Mem:46.73M (0.00M, Peak 101.20M) | 1, Part 3-4
Fra:170 Mem:31.27M (0.00M, Peak 101.20M) | 1, Part 4-4
Fra:170 Mem:24.98M (0.00M, Peak 101.20M) Sce: 1 Ve:6361 Fa:5240 Ha:2425 La:1
Saved: star-collapse-0170 Time: 00:01.14 (Saving: 00:00.03)

Error, region type 2 missing in - name:"Info", id:7
Error, region type 4 missing in - name:"Info", id:7

Blender quit

real	0m2.767s
user	0m3.468s
sys	0m0.164s
