ALSA lib confmisc.c:768:(parse_card) cannot find card '0'
ALSA lib conf.c:4292:(_snd_config_evaluate) function snd_func_card_driver returned error: No such file or directory
ALSA lib confmisc.c:392:(snd_func_concat) error evaluating strings
ALSA lib conf.c:4292:(_snd_config_evaluate) function snd_func_concat returned error: No such file or directory
ALSA lib confmisc.c:1251:(snd_func_refer) error evaluating name
ALSA lib conf.c:4292:(_snd_config_evaluate) function snd_func_refer returned error: No such file or directory
ALSA lib conf.c:4771:(snd_config_expand) Evaluate error: No such file or directory
ALSA lib pcm.c:2266:(snd_pcm_open_noupdate) Unknown PCM default
AL lib: alsa_open_playback: Could not open playback device 'default': No such file or directory
found bundled python: /sfs/nfs/blender/2.70/2.70/python
read blend: /home/sr7cb/ParallelComputing/test/Star-collapse-ntsc.blend
Old particle system converted to new system.
Old particle system converted to new system.
Old particle system converted to new system.
Old particle system converted to new system.
Old particle system converted to new system.
Old particle system converted to new system.
Old particle system converted to new system.
Old particle system converted to new system.
Old particle system converted to new system.
Old particle system converted to new system.
Old particle system converted to new system.
2.66 versioning fix: replacing black sky with premultiplied alpha for scene 1
Fra:29 Mem:10.48M (0.00M, Peak 10.48M) | Preparing Scene data
Fra:29 Mem:13.67M (0.00M, Peak 13.69M) | Preparing Scene data
Fra:29 Mem:13.68M (0.00M, Peak 13.69M) | Creating Shadowbuffers
Fra:29 Mem:13.68M (0.00M, Peak 13.69M) | Caching Point Densities
Fra:29 Mem:13.68M (0.00M, Peak 13.69M) Sce: 1 Ve:5509 Fa:3820 Ha:1607 La:1
Fra:29 Mem:13.68M (0.00M, Peak 13.69M) | Loading voxel datasets
Fra:29 Mem:13.68M (0.00M, Peak 13.69M) Sce: 1 Ve:5509 Fa:3820 Ha:1607 La:1
Fra:29 Mem:13.69M (0.00M, Peak 13.69M) Sce: 1 Ve:5509 Fa:3820 Ha:1607 La:1
Fra:29 Mem:13.69M (0.00M, Peak 13.69M) Sce: 1 Ve:5509 Fa:3820 Ha:1607 La:1
Fra:29 Mem:74.30M (0.00M, Peak 93.86M) | 1, Part 2-4
Fra:29 Mem:58.96M (0.00M, Peak 93.86M) | 1, Part 1-4
Fra:29 Mem:46.97M (0.00M, Peak 93.86M) | 1, Part 4-4
Fra:29 Mem:31.13M (0.00M, Peak 93.86M) | 1, Part 3-4
Fra:29 Mem:24.92M (0.00M, Peak 93.86M) Sce: 1 Ve:5509 Fa:3820 Ha:1607 La:1
Saved: star-collapse-0029 Time: 00:01.07 (Saving: 00:00.04)

Error, region type 2 missing in - name:"Info", id:7
Error, region type 4 missing in - name:"Info", id:7

Blender quit

real	0m38.341s
user	0m3.314s
sys	0m0.212s
ALSA lib confmisc.c:768:(parse_card) cannot find card '0'
ALSA lib conf.c:4292:(_snd_config_evaluate) function snd_func_card_driver returned error: No such file or directory
ALSA lib confmisc.c:392:(snd_func_concat) error evaluating strings
ALSA lib conf.c:4292:(_snd_config_evaluate) function snd_func_concat returned error: No such file or directory
ALSA lib confmisc.c:1251:(snd_func_refer) error evaluating name
ALSA lib conf.c:4292:(_snd_config_evaluate) function snd_func_refer returned error: No such file or directory
ALSA lib conf.c:4771:(snd_config_expand) Evaluate error: No such file or directory
ALSA lib pcm.c:2266:(snd_pcm_open_noupdate) Unknown PCM default
AL lib: alsa_open_playback: Could not open playback device 'default': No such file or directory
found bundled python: /sfs/nfs/blender/2.70/2.70/python
read blend: /home/sr7cb/ParallelComputing/test/Star-collapse-ntsc.blend
Old particle system converted to new system.
Old particle system converted to new system.
Old particle system converted to new system.
Old particle system converted to new system.
Old particle system converted to new system.
Old particle system converted to new system.
Old particle system converted to new system.
Old particle system converted to new system.
Old particle system converted to new system.
Old particle system converted to new system.
Old particle system converted to new system.
2.66 versioning fix: replacing black sky with premultiplied alpha for scene 1
Fra:109 Mem:10.52M (0.00M, Peak 10.52M) | Preparing Scene data
Fra:109 Mem:13.73M (0.00M, Peak 13.77M) | Preparing Scene data
Fra:109 Mem:13.75M (0.00M, Peak 13.77M) | Creating Shadowbuffers
Fra:109 Mem:13.75M (0.00M, Peak 13.77M) | Caching Point Densities
Fra:109 Mem:13.75M (0.00M, Peak 13.77M) Sce: 1 Ve:6361 Fa:5240 Ha:2458 La:1
Fra:109 Mem:13.75M (0.00M, Peak 13.77M) | Loading voxel datasets
Fra:109 Mem:13.75M (0.00M, Peak 13.77M) Sce: 1 Ve:6361 Fa:5240 Ha:2458 La:1
Fra:109 Mem:13.75M (0.00M, Peak 13.77M) Sce: 1 Ve:6361 Fa:5240 Ha:2458 La:1
Fra:109 Mem:13.75M (0.00M, Peak 13.77M) Sce: 1 Ve:6361 Fa:5240 Ha:2458 La:1
Fra:109 Mem:77.96M (0.00M, Peak 94.69M) | 1, Part 1-4
Fra:109 Mem:62.50M (0.00M, Peak 94.69M) | 1, Part 2-4
Fra:109 Mem:46.78M (0.00M, Peak 94.69M) | 1, Part 3-4
Fra:109 Mem:31.20M (0.00M, Peak 94.69M) | 1, Part 4-4
Fra:109 Mem:24.96M (0.00M, Peak 94.69M) Sce: 1 Ve:6361 Fa:5240 Ha:2458 La:1
Saved: star-collapse-0109 Time: 00:02.15 (Saving: 00:00.04)

Error, region type 2 missing in - name:"Info", id:7
Error, region type 4 missing in - name:"Info", id:7

Blender quit

real	0m3.872s
user	0m5.349s
sys	0m0.209s
ALSA lib confmisc.c:768:(parse_card) cannot find card '0'
ALSA lib conf.c:4292:(_snd_config_evaluate) function snd_func_card_driver returned error: No such file or directory
ALSA lib confmisc.c:392:(snd_func_concat) error evaluating strings
ALSA lib conf.c:4292:(_snd_config_evaluate) function snd_func_concat returned error: No such file or directory
ALSA lib confmisc.c:1251:(snd_func_refer) error evaluating name
ALSA lib conf.c:4292:(_snd_config_evaluate) function snd_func_refer returned error: No such file or directory
ALSA lib conf.c:4771:(snd_config_expand) Evaluate error: No such file or directory
ALSA lib pcm.c:2266:(snd_pcm_open_noupdate) Unknown PCM default
AL lib: alsa_open_playback: Could not open playback device 'default': No such file or directory
found bundled python: /sfs/nfs/blender/2.70/2.70/python
read blend: /home/sr7cb/ParallelComputing/test/Star-collapse-ntsc.blend
Old particle system converted to new system.
Old particle system converted to new system.
Old particle system converted to new system.
Old particle system converted to new system.
Old particle system converted to new system.
Old particle system converted to new system.
Old particle system converted to new system.
Old particle system converted to new system.
Old particle system converted to new system.
Old particle system converted to new system.
Old particle system converted to new system.
2.66 versioning fix: replacing black sky with premultiplied alpha for scene 1
Fra:189 Mem:10.58M (0.00M, Peak 10.58M) | Preparing Scene data
Fra:189 Mem:13.93M (0.00M, Peak 13.97M) | Preparing Scene data
Fra:189 Mem:13.96M (0.00M, Peak 13.97M) | Creating Shadowbuffers
Fra:189 Mem:13.96M (0.00M, Peak 13.97M) | Caching Point Densities
Fra:189 Mem:13.96M (0.00M, Peak 13.97M) Sce: 1 Ve:6361 Fa:5240 Ha:3301 La:1
Fra:189 Mem:13.96M (0.00M, Peak 13.97M) | Loading voxel datasets
Fra:189 Mem:13.96M (0.00M, Peak 13.97M) Sce: 1 Ve:6361 Fa:5240 Ha:3301 La:1
Fra:189 Mem:13.96M (0.00M, Peak 13.97M) Sce: 1 Ve:6361 Fa:5240 Ha:3301 La:1
Fra:189 Mem:13.96M (0.00M, Peak 13.97M) Sce: 1 Ve:6361 Fa:5240 Ha:3301 La:1
Fra:189 Mem:78.20M (0.00M, Peak 97.84M) | 1, Part 1-4
Fra:189 Mem:62.20M (0.00M, Peak 97.84M) | 1, Part 2-4
Fra:189 Mem:46.87M (0.00M, Peak 97.84M) | 1, Part 3-4
Fra:189 Mem:31.40M (0.00M, Peak 97.84M) | 1, Part 4-4
Fra:189 Mem:25.02M (0.00M, Peak 97.84M) Sce: 1 Ve:6361 Fa:5240 Ha:3301 La:1
Saved: star-collapse-0189 Time: 00:02.31 (Saving: 00:00.04)

Error, region type 2 missing in - name:"Info", id:7
Error, region type 4 missing in - name:"Info", id:7

Blender quit

real	0m4.028s
user	0m5.721s
sys	0m0.230s
