ALSA lib confmisc.c:768:(parse_card) cannot find card '0'
ALSA lib conf.c:4292:(_snd_config_evaluate) function snd_func_card_driver returned error: No such file or directory
ALSA lib confmisc.c:392:(snd_func_concat) error evaluating strings
ALSA lib conf.c:4292:(_snd_config_evaluate) function snd_func_concat returned error: No such file or directory
ALSA lib confmisc.c:1251:(snd_func_refer) error evaluating name
ALSA lib conf.c:4292:(_snd_config_evaluate) function snd_func_refer returned error: No such file or directory
ALSA lib conf.c:4771:(snd_config_expand) Evaluate error: No such file or directory
ALSA lib pcm.c:2266:(snd_pcm_open_noupdate) Unknown PCM default
AL lib: alsa_open_playback: Could not open playback device 'default': No such file or directory
found bundled python: /sfs/nfs/blender/2.70/2.70/python
read blend: /home/sr7cb/ParallelComputing/test/Star-collapse-ntsc.blend
Old particle system converted to new system.
Old particle system converted to new system.
Old particle system converted to new system.
Old particle system converted to new system.
Old particle system converted to new system.
Old particle system converted to new system.
Old particle system converted to new system.
Old particle system converted to new system.
Old particle system converted to new system.
Old particle system converted to new system.
Old particle system converted to new system.
2.66 versioning fix: replacing black sky with premultiplied alpha for scene 1
Fra:63 Mem:10.51M (0.00M, Peak 10.51M) | Preparing Scene data
Fra:63 Mem:13.71M (0.00M, Peak 13.74M) | Preparing Scene data
Fra:63 Mem:13.73M (0.00M, Peak 13.74M) | Creating Shadowbuffers
Fra:63 Mem:13.73M (0.00M, Peak 13.74M) | Caching Point Densities
Fra:63 Mem:13.73M (0.00M, Peak 13.74M) Sce: 1 Ve:5917 Fa:4500 Ha:2135 La:1
Fra:63 Mem:13.73M (0.00M, Peak 13.74M) | Loading voxel datasets
Fra:63 Mem:13.73M (0.00M, Peak 13.74M) Sce: 1 Ve:5917 Fa:4500 Ha:2135 La:1
Fra:63 Mem:13.73M (0.00M, Peak 13.74M) Sce: 1 Ve:5917 Fa:4500 Ha:2135 La:1
Fra:63 Mem:13.73M (0.00M, Peak 13.74M) Sce: 1 Ve:5917 Fa:4500 Ha:2135 La:1
Fra:63 Mem:77.34M (0.00M, Peak 89.84M) | 1, Part 2-4
Fra:63 Mem:62.72M (0.00M, Peak 89.84M) | 1, Part 1-4
Fra:63 Mem:46.89M (0.00M, Peak 89.84M) | 1, Part 3-4
Fra:63 Mem:31.17M (0.00M, Peak 89.84M) | 1, Part 4-4
Fra:63 Mem:24.95M (0.00M, Peak 89.84M) Sce: 1 Ve:5917 Fa:4500 Ha:2135 La:1
Saved: star-collapse-0063 Time: 00:01.82 (Saving: 00:00.04)

Error, region type 2 missing in - name:"Info", id:7
Error, region type 4 missing in - name:"Info", id:7

Blender quit

real	9m21.633s
user	0m4.485s
sys	0m0.192s
ALSA lib confmisc.c:768:(parse_card) cannot find card '0'
ALSA lib conf.c:4292:(_snd_config_evaluate) function snd_func_card_driver returned error: No such file or directory
ALSA lib confmisc.c:392:(snd_func_concat) error evaluating strings
ALSA lib conf.c:4292:(_snd_config_evaluate) function snd_func_concat returned error: No such file or directory
ALSA lib confmisc.c:1251:(snd_func_refer) error evaluating name
ALSA lib conf.c:4292:(_snd_config_evaluate) function snd_func_refer returned error: No such file or directory
ALSA lib conf.c:4771:(snd_config_expand) Evaluate error: No such file or directory
ALSA lib pcm.c:2266:(snd_pcm_open_noupdate) Unknown PCM default
AL lib: alsa_open_playback: Could not open playback device 'default': No such file or directory
found bundled python: /sfs/nfs/blender/2.70/2.70/python
read blend: /home/sr7cb/ParallelComputing/test/Star-collapse-ntsc.blend
Old particle system converted to new system.
Old particle system converted to new system.
Old particle system converted to new system.
Old particle system converted to new system.
Old particle system converted to new system.
Old particle system converted to new system.
Old particle system converted to new system.
Old particle system converted to new system.
Old particle system converted to new system.
Old particle system converted to new system.
Old particle system converted to new system.
2.66 versioning fix: replacing black sky with premultiplied alpha for scene 1
Fra:143 Mem:10.52M (0.00M, Peak 10.52M) | Preparing Scene data
Fra:143 Mem:13.70M (0.00M, Peak 13.74M) | Preparing Scene data
Fra:143 Mem:13.72M (0.00M, Peak 13.74M) | Creating Shadowbuffers
Fra:143 Mem:13.72M (0.00M, Peak 13.74M) | Caching Point Densities
Fra:143 Mem:13.72M (0.00M, Peak 13.74M) Sce: 1 Ve:6361 Fa:5240 Ha:2426 La:1
Fra:143 Mem:13.72M (0.00M, Peak 13.74M) | Loading voxel datasets
Fra:143 Mem:13.72M (0.00M, Peak 13.74M) Sce: 1 Ve:6361 Fa:5240 Ha:2426 La:1
Fra:143 Mem:13.72M (0.00M, Peak 13.74M) Sce: 1 Ve:6361 Fa:5240 Ha:2426 La:1
Fra:143 Mem:13.72M (0.00M, Peak 13.74M) Sce: 1 Ve:6361 Fa:5240 Ha:2426 La:1
Fra:143 Mem:77.80M (0.00M, Peak 98.59M) | 1, Part 1-4
Fra:143 Mem:62.21M (0.00M, Peak 98.59M) | 1, Part 3-4
Fra:143 Mem:46.75M (0.00M, Peak 98.59M) | 1, Part 4-4
Fra:143 Mem:31.16M (0.00M, Peak 98.59M) | 1, Part 2-4
Fra:143 Mem:24.96M (0.00M, Peak 98.59M) Sce: 1 Ve:6361 Fa:5240 Ha:2426 La:1
Saved: star-collapse-0143 Time: 00:02.10 (Saving: 00:00.04)

Error, region type 2 missing in - name:"Info", id:7
Error, region type 4 missing in - name:"Info", id:7

Blender quit

real	0m3.737s
user	0m5.073s
sys	0m0.187s
ALSA lib confmisc.c:768:(parse_card) cannot find card '0'
ALSA lib conf.c:4292:(_snd_config_evaluate) function snd_func_card_driver returned error: No such file or directory
ALSA lib confmisc.c:392:(snd_func_concat) error evaluating strings
ALSA lib conf.c:4292:(_snd_config_evaluate) function snd_func_concat returned error: No such file or directory
ALSA lib confmisc.c:1251:(snd_func_refer) error evaluating name
ALSA lib conf.c:4292:(_snd_config_evaluate) function snd_func_refer returned error: No such file or directory
ALSA lib conf.c:4771:(snd_config_expand) Evaluate error: No such file or directory
ALSA lib pcm.c:2266:(snd_pcm_open_noupdate) Unknown PCM default
AL lib: alsa_open_playback: Could not open playback device 'default': No such file or directory
found bundled python: /sfs/nfs/blender/2.70/2.70/python
read blend: /home/sr7cb/ParallelComputing/test/Star-collapse-ntsc.blend
Old particle system converted to new system.
Old particle system converted to new system.
Old particle system converted to new system.
Old particle system converted to new system.
Old particle system converted to new system.
Old particle system converted to new system.
Old particle system converted to new system.
Old particle system converted to new system.
Old particle system converted to new system.
Old particle system converted to new system.
Old particle system converted to new system.
2.66 versioning fix: replacing black sky with premultiplied alpha for scene 1
Fra:223 Mem:10.63M (0.00M, Peak 10.64M) | Preparing Scene data
Fra:223 Mem:14.68M (0.00M, Peak 14.72M) | Preparing Scene data
Fra:223 Mem:14.72M (0.00M, Peak 14.72M) | Creating Shadowbuffers
Fra:223 Mem:14.72M (0.00M, Peak 14.72M) | Caching Point Densities
Fra:223 Mem:14.72M (0.00M, Peak 14.72M) Sce: 1 Ve:7409 Fa:8646 Ha:4519 La:1
Fra:223 Mem:14.72M (0.00M, Peak 14.72M) | Loading voxel datasets
Fra:223 Mem:14.72M (0.00M, Peak 14.72M) Sce: 1 Ve:7409 Fa:8646 Ha:4519 La:1
Fra:223 Mem:14.72M (0.00M, Peak 14.72M) Sce: 1 Ve:7409 Fa:8646 Ha:4519 La:1
Fra:223 Mem:14.72M (0.00M, Peak 14.72M) Sce: 1 Ve:7409 Fa:8646 Ha:4519 La:1
Fra:223 Mem:77.46M (0.00M, Peak 100.35M) | 1, Part 1-4
Fra:223 Mem:61.62M (0.00M, Peak 100.35M) | 1, Part 2-4
Fra:223 Mem:47.72M (0.00M, Peak 100.35M) | 1, Part 3-4
Fra:223 Mem:32.16M (0.00M, Peak 100.35M) | 1, Part 4-4
Fra:223 Mem:25.07M (0.00M, Peak 100.35M) Sce: 1 Ve:7409 Fa:8646 Ha:4519 La:1
Saved: star-collapse-0223 Time: 00:02.63 (Saving: 00:00.04)

Error, region type 2 missing in - name:"Info", id:7
Error, region type 4 missing in - name:"Info", id:7

Blender quit

real	0m4.279s
user	0m5.879s
sys	0m0.203s
