ALSA lib confmisc.c:768:(parse_card) cannot find card '0'
ALSA lib conf.c:4292:(_snd_config_evaluate) function snd_func_card_driver returned error: No such file or directory
ALSA lib confmisc.c:392:(snd_func_concat) error evaluating strings
ALSA lib conf.c:4292:(_snd_config_evaluate) function snd_func_concat returned error: No such file or directory
ALSA lib confmisc.c:1251:(snd_func_refer) error evaluating name
ALSA lib conf.c:4292:(_snd_config_evaluate) function snd_func_refer returned error: No such file or directory
ALSA lib conf.c:4771:(snd_config_expand) Evaluate error: No such file or directory
ALSA lib pcm.c:2266:(snd_pcm_open_noupdate) Unknown PCM default
AL lib: alsa_open_playback: Could not open playback device 'default': No such file or directory
found bundled python: /sfs/nfs/blender/2.70/2.70/python
read blend: /home/sr7cb/ParallelComputing/test/Star-collapse-ntsc.blend
Old particle system converted to new system.
Old particle system converted to new system.
Old particle system converted to new system.
Old particle system converted to new system.
Old particle system converted to new system.
Old particle system converted to new system.
Old particle system converted to new system.
Old particle system converted to new system.
Old particle system converted to new system.
Old particle system converted to new system.
Old particle system converted to new system.
2.66 versioning fix: replacing black sky with premultiplied alpha for scene 1
Fra:33 Mem:10.48M (0.00M, Peak 10.49M) | Preparing Scene data
Fra:33 Mem:13.68M (0.00M, Peak 13.70M) | Preparing Scene data
Fra:33 Mem:13.69M (0.00M, Peak 13.70M) | Creating Shadowbuffers
Fra:33 Mem:13.69M (0.00M, Peak 13.70M) | Caching Point Densities
Fra:33 Mem:13.69M (0.00M, Peak 13.70M) Sce: 1 Ve:5557 Fa:3900 Ha:1684 La:1
Fra:33 Mem:13.69M (0.00M, Peak 13.70M) | Loading voxel datasets
Fra:33 Mem:13.69M (0.00M, Peak 13.70M) Sce: 1 Ve:5557 Fa:3900 Ha:1684 La:1
Fra:33 Mem:13.69M (0.00M, Peak 13.70M) Sce: 1 Ve:5557 Fa:3900 Ha:1684 La:1
Fra:33 Mem:13.69M (0.00M, Peak 13.70M) Sce: 1 Ve:5557 Fa:3900 Ha:1684 La:1
Fra:33 Mem:77.87M (0.00M, Peak 92.26M) | 1, Part 2-4
Fra:33 Mem:62.81M (0.00M, Peak 92.26M) | 1, Part 1-4
Fra:33 Mem:46.98M (0.00M, Peak 92.26M) | 1, Part 3-4
Fra:33 Mem:31.14M (0.00M, Peak 92.26M) | 1, Part 4-4
Fra:33 Mem:24.92M (0.00M, Peak 92.26M) Sce: 1 Ve:5557 Fa:3900 Ha:1684 La:1
Saved: star-collapse-0033 Time: 00:00.65 (Saving: 00:00.02)

Error, region type 2 missing in - name:"Info", id:7
Error, region type 4 missing in - name:"Info", id:7

Blender quit

real	0m37.592s
user	0m1.772s
sys	0m0.128s
ALSA lib confmisc.c:768:(parse_card) cannot find card '0'
ALSA lib conf.c:4292:(_snd_config_evaluate) function snd_func_card_driver returned error: No such file or directory
ALSA lib confmisc.c:392:(snd_func_concat) error evaluating strings
ALSA lib conf.c:4292:(_snd_config_evaluate) function snd_func_concat returned error: No such file or directory
ALSA lib confmisc.c:1251:(snd_func_refer) error evaluating name
ALSA lib conf.c:4292:(_snd_config_evaluate) function snd_func_refer returned error: No such file or directory
ALSA lib conf.c:4771:(snd_config_expand) Evaluate error: No such file or directory
ALSA lib pcm.c:2266:(snd_pcm_open_noupdate) Unknown PCM default
AL lib: alsa_open_playback: Could not open playback device 'default': No such file or directory
found bundled python: /sfs/nfs/blender/2.70/2.70/python
read blend: /home/sr7cb/ParallelComputing/test/Star-collapse-ntsc.blend
Old particle system converted to new system.
Old particle system converted to new system.
Old particle system converted to new system.
Old particle system converted to new system.
Old particle system converted to new system.
Old particle system converted to new system.
Old particle system converted to new system.
Old particle system converted to new system.
Old particle system converted to new system.
Old particle system converted to new system.
Old particle system converted to new system.
2.66 versioning fix: replacing black sky with premultiplied alpha for scene 1
Fra:113 Mem:10.52M (0.00M, Peak 10.52M) | Preparing Scene data
Fra:113 Mem:13.73M (0.00M, Peak 13.77M) | Preparing Scene data
Fra:113 Mem:13.75M (0.00M, Peak 13.77M) | Creating Shadowbuffers
Fra:113 Mem:13.75M (0.00M, Peak 13.77M) | Caching Point Densities
Fra:113 Mem:13.75M (0.00M, Peak 13.77M) Sce: 1 Ve:6361 Fa:5240 Ha:2453 La:1
Fra:113 Mem:13.75M (0.00M, Peak 13.77M) | Loading voxel datasets
Fra:113 Mem:13.75M (0.00M, Peak 13.77M) Sce: 1 Ve:6361 Fa:5240 Ha:2453 La:1
Fra:113 Mem:13.75M (0.00M, Peak 13.77M) Sce: 1 Ve:6361 Fa:5240 Ha:2453 La:1
Fra:113 Mem:13.75M (0.00M, Peak 13.77M) Sce: 1 Ve:6361 Fa:5240 Ha:2453 La:1
Fra:113 Mem:77.96M (0.00M, Peak 101.69M) | 1, Part 3-4
Fra:113 Mem:62.37M (0.00M, Peak 101.69M) | 1, Part 2-4
Fra:113 Mem:46.78M (0.00M, Peak 101.69M) | 1, Part 4-4
Fra:113 Mem:31.20M (0.00M, Peak 101.69M) | 1, Part 1-4
Fra:113 Mem:24.96M (0.00M, Peak 101.69M) Sce: 1 Ve:6361 Fa:5240 Ha:2453 La:1
Saved: star-collapse-0113 Time: 00:01.16 (Saving: 00:00.02)

Error, region type 2 missing in - name:"Info", id:7
Error, region type 4 missing in - name:"Info", id:7

Blender quit

real	0m2.014s
user	0m2.654s
sys	0m0.113s
ALSA lib confmisc.c:768:(parse_card) cannot find card '0'
ALSA lib conf.c:4292:(_snd_config_evaluate) function snd_func_card_driver returned error: No such file or directory
ALSA lib confmisc.c:392:(snd_func_concat) error evaluating strings
ALSA lib conf.c:4292:(_snd_config_evaluate) function snd_func_concat returned error: No such file or directory
ALSA lib confmisc.c:1251:(snd_func_refer) error evaluating name
ALSA lib conf.c:4292:(_snd_config_evaluate) function snd_func_refer returned error: No such file or directory
ALSA lib conf.c:4771:(snd_config_expand) Evaluate error: No such file or directory
ALSA lib pcm.c:2266:(snd_pcm_open_noupdate) Unknown PCM default
AL lib: alsa_open_playback: Could not open playback device 'default': No such file or directory
found bundled python: /sfs/nfs/blender/2.70/2.70/python
read blend: /home/sr7cb/ParallelComputing/test/Star-collapse-ntsc.blend
Old particle system converted to new system.
Old particle system converted to new system.
Old particle system converted to new system.
Old particle system converted to new system.
Old particle system converted to new system.
Old particle system converted to new system.
Old particle system converted to new system.
Old particle system converted to new system.
Old particle system converted to new system.
Old particle system converted to new system.
Old particle system converted to new system.
2.66 versioning fix: replacing black sky with premultiplied alpha for scene 1
Fra:193 Mem:10.59M (0.00M, Peak 10.59M) | Preparing Scene data
Fra:193 Mem:14.45M (0.00M, Peak 14.48M) | Preparing Scene data
Fra:193 Mem:14.47M (0.00M, Peak 14.48M) | Creating Shadowbuffers
Fra:193 Mem:14.47M (0.00M, Peak 14.48M) | Caching Point Densities
Fra:193 Mem:14.47M (0.00M, Peak 14.48M) Sce: 1 Ve:7409 Fa:8646 Ha:3484 La:1
Fra:193 Mem:14.47M (0.00M, Peak 14.48M) | Loading voxel datasets
Fra:193 Mem:14.47M (0.00M, Peak 14.48M) Sce: 1 Ve:7409 Fa:8646 Ha:3484 La:1
Fra:193 Mem:14.48M (0.00M, Peak 14.48M) Sce: 1 Ve:7409 Fa:8646 Ha:3484 La:1
Fra:193 Mem:14.48M (0.00M, Peak 14.48M) Sce: 1 Ve:7409 Fa:8646 Ha:3484 La:1
Fra:193 Mem:79.09M (0.00M, Peak 103.61M) | 1, Part 1-4
Fra:193 Mem:62.97M (0.00M, Peak 103.61M) | 1, Part 2-4
Fra:193 Mem:47.51M (0.00M, Peak 103.61M) | 1, Part 3-4
Fra:193 Mem:31.92M (0.00M, Peak 103.61M) | 1, Part 4-4
Fra:193 Mem:25.02M (0.00M, Peak 103.61M) Sce: 1 Ve:7409 Fa:8646 Ha:3484 La:1
Saved: star-collapse-0193 Time: 00:01.24 (Saving: 00:00.02)

Error, region type 2 missing in - name:"Info", id:7
Error, region type 4 missing in - name:"Info", id:7

Blender quit

real	0m2.098s
user	0m2.898s
sys	0m0.131s
