ALSA lib confmisc.c:768:(parse_card) cannot find card '0'
ALSA lib conf.c:4292:(_snd_config_evaluate) function snd_func_card_driver returned error: No such file or directory
ALSA lib confmisc.c:392:(snd_func_concat) error evaluating strings
ALSA lib conf.c:4292:(_snd_config_evaluate) function snd_func_concat returned error: No such file or directory
ALSA lib confmisc.c:1251:(snd_func_refer) error evaluating name
ALSA lib conf.c:4292:(_snd_config_evaluate) function snd_func_refer returned error: No such file or directory
ALSA lib conf.c:4771:(snd_config_expand) Evaluate error: No such file or directory
ALSA lib pcm.c:2266:(snd_pcm_open_noupdate) Unknown PCM default
AL lib: alsa_open_playback: Could not open playback device 'default': No such file or directory
found bundled python: /sfs/nfs/blender/2.70/2.70/python
read blend: /home/sr7cb/ParallelComputing/test/Star-collapse-ntsc.blend
Old particle system converted to new system.
Old particle system converted to new system.
Old particle system converted to new system.
Old particle system converted to new system.
Old particle system converted to new system.
Old particle system converted to new system.
Old particle system converted to new system.
Old particle system converted to new system.
Old particle system converted to new system.
Old particle system converted to new system.
Old particle system converted to new system.
2.66 versioning fix: replacing black sky with premultiplied alpha for scene 1
Fra:6 Mem:10.46M (0.00M, Peak 10.46M) | Preparing Scene data
Fra:6 Mem:13.62M (0.00M, Peak 13.63M) | Preparing Scene data
Fra:6 Mem:13.62M (0.00M, Peak 13.63M) | Creating Shadowbuffers
Fra:6 Mem:13.62M (0.00M, Peak 13.63M) | Caching Point Densities
Fra:6 Mem:13.62M (0.00M, Peak 13.63M) Sce: 1 Ve:5233 Fa:3360 Ha:1165 La:1
Fra:6 Mem:13.62M (0.00M, Peak 13.63M) | Loading voxel datasets
Fra:6 Mem:13.62M (0.00M, Peak 13.63M) Sce: 1 Ve:5233 Fa:3360 Ha:1165 La:1
Fra:6 Mem:13.63M (0.00M, Peak 13.63M) Sce: 1 Ve:5233 Fa:3360 Ha:1165 La:1
Fra:6 Mem:13.63M (0.00M, Peak 13.63M) Sce: 1 Ve:5233 Fa:3360 Ha:1165 La:1
Fra:6 Mem:63.64M (0.00M, Peak 95.76M) | 1, Part 1-4
Fra:6 Mem:58.90M (0.00M, Peak 95.76M) | 1, Part 2-4
Fra:6 Mem:46.91M (0.00M, Peak 95.76M) | 1, Part 4-4
Fra:6 Mem:31.07M (0.00M, Peak 95.76M) | 1, Part 3-4
Fra:6 Mem:24.90M (0.00M, Peak 95.76M) Sce: 1 Ve:5233 Fa:3360 Ha:1165 La:1
Saved: star-collapse-0006 Time: 00:00.78 (Saving: 00:00.03)

Error, region type 2 missing in - name:"Info", id:7
Error, region type 4 missing in - name:"Info", id:7

Blender quit

real	1m7.946s
user	0m2.533s
sys	0m0.163s
ALSA lib confmisc.c:768:(parse_card) cannot find card '0'
ALSA lib conf.c:4292:(_snd_config_evaluate) function snd_func_card_driver returned error: No such file or directory
ALSA lib confmisc.c:392:(snd_func_concat) error evaluating strings
ALSA lib conf.c:4292:(_snd_config_evaluate) function snd_func_concat returned error: No such file or directory
ALSA lib confmisc.c:1251:(snd_func_refer) error evaluating name
ALSA lib conf.c:4292:(_snd_config_evaluate) function snd_func_refer returned error: No such file or directory
ALSA lib conf.c:4771:(snd_config_expand) Evaluate error: No such file or directory
ALSA lib pcm.c:2266:(snd_pcm_open_noupdate) Unknown PCM default
AL lib: alsa_open_playback: Could not open playback device 'default': No such file or directory
found bundled python: /sfs/nfs/blender/2.70/2.70/python
read blend: /home/sr7cb/ParallelComputing/test/Star-collapse-ntsc.blend
Old particle system converted to new system.
Old particle system converted to new system.
Old particle system converted to new system.
Old particle system converted to new system.
Old particle system converted to new system.
Old particle system converted to new system.
Old particle system converted to new system.
Old particle system converted to new system.
Old particle system converted to new system.
Old particle system converted to new system.
Old particle system converted to new system.
2.66 versioning fix: replacing black sky with premultiplied alpha for scene 1
Fra:86 Mem:10.52M (0.00M, Peak 10.52M) | Preparing Scene data
Fra:86 Mem:13.73M (0.00M, Peak 13.76M) | Preparing Scene data
Fra:86 Mem:13.74M (0.00M, Peak 13.76M) | Creating Shadowbuffers
Fra:86 Mem:13.74M (0.00M, Peak 13.76M) | Caching Point Densities
Fra:86 Mem:13.74M (0.00M, Peak 13.76M) Sce: 1 Ve:6193 Fa:4960 Ha:2345 La:1
Fra:86 Mem:13.74M (0.00M, Peak 13.76M) | Loading voxel datasets
Fra:86 Mem:13.74M (0.00M, Peak 13.76M) Sce: 1 Ve:6193 Fa:4960 Ha:2345 La:1
Fra:86 Mem:13.75M (0.00M, Peak 13.76M) Sce: 1 Ve:6193 Fa:4960 Ha:2345 La:1
Fra:86 Mem:13.75M (0.00M, Peak 13.76M) Sce: 1 Ve:6193 Fa:4960 Ha:2345 La:1
Fra:86 Mem:78.20M (0.00M, Peak 90.96M) | 1, Part 2-4
Fra:86 Mem:62.62M (0.00M, Peak 90.96M) | 1, Part 1-4
Fra:86 Mem:47.03M (0.00M, Peak 90.96M) | 1, Part 4-4
Fra:86 Mem:31.19M (0.00M, Peak 90.96M) | 1, Part 3-4
Fra:86 Mem:24.96M (0.00M, Peak 90.96M) Sce: 1 Ve:6193 Fa:4960 Ha:2345 La:1
Saved: star-collapse-0086 Time: 00:01.95 (Saving: 00:00.04)

Error, region type 2 missing in - name:"Info", id:7
Error, region type 4 missing in - name:"Info", id:7

Blender quit

real	0m3.493s
user	0m4.848s
sys	0m0.181s
ALSA lib confmisc.c:768:(parse_card) cannot find card '0'
ALSA lib conf.c:4292:(_snd_config_evaluate) function snd_func_card_driver returned error: No such file or directory
ALSA lib confmisc.c:392:(snd_func_concat) error evaluating strings
ALSA lib conf.c:4292:(_snd_config_evaluate) function snd_func_concat returned error: No such file or directory
ALSA lib confmisc.c:1251:(snd_func_refer) error evaluating name
ALSA lib conf.c:4292:(_snd_config_evaluate) function snd_func_refer returned error: No such file or directory
ALSA lib conf.c:4771:(snd_config_expand) Evaluate error: No such file or directory
ALSA lib pcm.c:2266:(snd_pcm_open_noupdate) Unknown PCM default
AL lib: alsa_open_playback: Could not open playback device 'default': No such file or directory
found bundled python: /sfs/nfs/blender/2.70/2.70/python
read blend: /home/sr7cb/ParallelComputing/test/Star-collapse-ntsc.blend
Old particle system converted to new system.
Old particle system converted to new system.
Old particle system converted to new system.
Old particle system converted to new system.
Old particle system converted to new system.
Old particle system converted to new system.
Old particle system converted to new system.
Old particle system converted to new system.
Old particle system converted to new system.
Old particle system converted to new system.
Old particle system converted to new system.
2.66 versioning fix: replacing black sky with premultiplied alpha for scene 1
Fra:166 Mem:10.52M (0.00M, Peak 10.52M) | Preparing Scene data
Fra:166 Mem:13.66M (0.00M, Peak 13.70M) | Preparing Scene data
Fra:166 Mem:13.68M (0.00M, Peak 13.70M) | Creating Shadowbuffers
Fra:166 Mem:13.68M (0.00M, Peak 13.70M) | Caching Point Densities
Fra:166 Mem:13.68M (0.00M, Peak 13.70M) Sce: 1 Ve:6361 Fa:5240 Ha:2422 La:1
Fra:166 Mem:13.68M (0.00M, Peak 13.70M) | Loading voxel datasets
Fra:166 Mem:13.68M (0.00M, Peak 13.70M) Sce: 1 Ve:6361 Fa:5240 Ha:2422 La:1
Fra:166 Mem:13.68M (0.00M, Peak 13.70M) Sce: 1 Ve:6361 Fa:5240 Ha:2422 La:1
Fra:166 Mem:13.68M (0.00M, Peak 13.70M) Sce: 1 Ve:6361 Fa:5240 Ha:2422 La:1
Fra:166 Mem:77.89M (0.00M, Peak 101.77M) | 1, Part 3-4
Fra:166 Mem:62.30M (0.00M, Peak 101.77M) | 1, Part 1-4
Fra:166 Mem:46.59M (0.00M, Peak 101.77M) | 1, Part 2-4
Fra:166 Mem:31.13M (0.00M, Peak 101.77M) | 1, Part 4-4
Fra:166 Mem:24.96M (0.00M, Peak 101.77M) Sce: 1 Ve:6361 Fa:5240 Ha:2422 La:1
Saved: star-collapse-0166 Time: 00:02.09 (Saving: 00:00.03)

Error, region type 2 missing in - name:"Info", id:7
Error, region type 4 missing in - name:"Info", id:7

Blender quit

real	0m3.644s
user	0m5.054s
sys	0m0.178s
