ALSA lib confmisc.c:768:(parse_card) cannot find card '0'
ALSA lib conf.c:4292:(_snd_config_evaluate) function snd_func_card_driver returned error: No such file or directory
ALSA lib confmisc.c:392:(snd_func_concat) error evaluating strings
ALSA lib conf.c:4292:(_snd_config_evaluate) function snd_func_concat returned error: No such file or directory
ALSA lib confmisc.c:1251:(snd_func_refer) error evaluating name
ALSA lib conf.c:4292:(_snd_config_evaluate) function snd_func_refer returned error: No such file or directory
ALSA lib conf.c:4771:(snd_config_expand) Evaluate error: No such file or directory
ALSA lib pcm.c:2266:(snd_pcm_open_noupdate) Unknown PCM default
AL lib: alsa_open_playback: Could not open playback device 'default': No such file or directory
found bundled python: /sfs/nfs/blender/2.70/2.70/python
read blend: /home/sr7cb/ParallelComputing/test/Star-collapse-ntsc.blend
Old particle system converted to new system.
Old particle system converted to new system.
Old particle system converted to new system.
Old particle system converted to new system.
Old particle system converted to new system.
Old particle system converted to new system.
Old particle system converted to new system.
Old particle system converted to new system.
Old particle system converted to new system.
Old particle system converted to new system.
Old particle system converted to new system.
2.66 versioning fix: replacing black sky with premultiplied alpha for scene 1
Fra:7 Mem:10.46M (0.00M, Peak 10.47M) | Preparing Scene data
Fra:7 Mem:13.62M (0.00M, Peak 13.63M) | Preparing Scene data
Fra:7 Mem:13.63M (0.00M, Peak 13.63M) | Creating Shadowbuffers
Fra:7 Mem:13.63M (0.00M, Peak 13.63M) | Caching Point Densities
Fra:7 Mem:13.63M (0.00M, Peak 13.63M) Sce: 1 Ve:5245 Fa:3380 Ha:1187 La:1
Fra:7 Mem:13.63M (0.00M, Peak 13.63M) | Loading voxel datasets
Fra:7 Mem:13.63M (0.00M, Peak 13.63M) Sce: 1 Ve:5245 Fa:3380 Ha:1187 La:1
Fra:7 Mem:13.63M (0.00M, Peak 13.63M) Sce: 1 Ve:5245 Fa:3380 Ha:1187 La:1
Fra:7 Mem:13.63M (0.00M, Peak 13.63M) Sce: 1 Ve:5245 Fa:3380 Ha:1187 La:1
Fra:7 Mem:63.97M (0.00M, Peak 96.32M) | 1, Part 2-4
Fra:7 Mem:58.90M (0.00M, Peak 96.32M) | 1, Part 1-4
Fra:7 Mem:46.91M (0.00M, Peak 96.32M) | 1, Part 4-4
Fra:7 Mem:31.07M (0.00M, Peak 96.32M) | 1, Part 3-4
Fra:7 Mem:24.90M (0.00M, Peak 96.32M) Sce: 1 Ve:5245 Fa:3380 Ha:1187 La:1
Saved: star-collapse-0007 Time: 00:00.76 (Saving: 00:00.03)

Error, region type 2 missing in - name:"Info", id:7
Error, region type 4 missing in - name:"Info", id:7

Blender quit

real	0m37.356s
user	0m2.677s
sys	0m0.195s
ALSA lib confmisc.c:768:(parse_card) cannot find card '0'
ALSA lib conf.c:4292:(_snd_config_evaluate) function snd_func_card_driver returned error: No such file or directory
ALSA lib confmisc.c:392:(snd_func_concat) error evaluating strings
ALSA lib conf.c:4292:(_snd_config_evaluate) function snd_func_concat returned error: No such file or directory
ALSA lib confmisc.c:1251:(snd_func_refer) error evaluating name
ALSA lib conf.c:4292:(_snd_config_evaluate) function snd_func_refer returned error: No such file or directory
ALSA lib conf.c:4771:(snd_config_expand) Evaluate error: No such file or directory
ALSA lib pcm.c:2266:(snd_pcm_open_noupdate) Unknown PCM default
AL lib: alsa_open_playback: Could not open playback device 'default': No such file or directory
found bundled python: /sfs/nfs/blender/2.70/2.70/python
read blend: /home/sr7cb/ParallelComputing/test/Star-collapse-ntsc.blend
Old particle system converted to new system.
Old particle system converted to new system.
Old particle system converted to new system.
Old particle system converted to new system.
Old particle system converted to new system.
Old particle system converted to new system.
Old particle system converted to new system.
Old particle system converted to new system.
Old particle system converted to new system.
Old particle system converted to new system.
Old particle system converted to new system.
2.66 versioning fix: replacing black sky with premultiplied alpha for scene 1
Fra:87 Mem:10.52M (0.00M, Peak 10.52M) | Preparing Scene data
Fra:87 Mem:13.73M (0.00M, Peak 13.76M) | Preparing Scene data
Fra:87 Mem:13.74M (0.00M, Peak 13.76M) | Creating Shadowbuffers
Fra:87 Mem:13.74M (0.00M, Peak 13.76M) | Caching Point Densities
Fra:87 Mem:13.74M (0.00M, Peak 13.76M) Sce: 1 Ve:6205 Fa:4980 Ha:2351 La:1
Fra:87 Mem:13.74M (0.00M, Peak 13.76M) | Loading voxel datasets
Fra:87 Mem:13.74M (0.00M, Peak 13.76M) Sce: 1 Ve:6205 Fa:4980 Ha:2351 La:1
Fra:87 Mem:13.75M (0.00M, Peak 13.76M) Sce: 1 Ve:6205 Fa:4980 Ha:2351 La:1
Fra:87 Mem:13.75M (0.00M, Peak 13.76M) Sce: 1 Ve:6205 Fa:4980 Ha:2351 La:1
Fra:87 Mem:78.21M (0.00M, Peak 90.96M) | 1, Part 2-4
Fra:87 Mem:62.62M (0.00M, Peak 90.96M) | 1, Part 1-4
Fra:87 Mem:46.78M (0.00M, Peak 90.96M) | 1, Part 3-4
Fra:87 Mem:31.19M (0.00M, Peak 90.96M) | 1, Part 4-4
Fra:87 Mem:24.96M (0.00M, Peak 90.96M) Sce: 1 Ve:6205 Fa:4980 Ha:2351 La:1
Saved: star-collapse-0087 Time: 00:01.92 (Saving: 00:00.04)

Error, region type 2 missing in - name:"Info", id:7
Error, region type 4 missing in - name:"Info", id:7

Blender quit

real	0m3.565s
user	0m4.850s
sys	0m0.185s
ALSA lib confmisc.c:768:(parse_card) cannot find card '0'
ALSA lib conf.c:4292:(_snd_config_evaluate) function snd_func_card_driver returned error: No such file or directory
ALSA lib confmisc.c:392:(snd_func_concat) error evaluating strings
ALSA lib conf.c:4292:(_snd_config_evaluate) function snd_func_concat returned error: No such file or directory
ALSA lib confmisc.c:1251:(snd_func_refer) error evaluating name
ALSA lib conf.c:4292:(_snd_config_evaluate) function snd_func_refer returned error: No such file or directory
ALSA lib conf.c:4771:(snd_config_expand) Evaluate error: No such file or directory
ALSA lib pcm.c:2266:(snd_pcm_open_noupdate) Unknown PCM default
AL lib: alsa_open_playback: Could not open playback device 'default': No such file or directory
found bundled python: /sfs/nfs/blender/2.70/2.70/python
read blend: /home/sr7cb/ParallelComputing/test/Star-collapse-ntsc.blend
Old particle system converted to new system.
Old particle system converted to new system.
Old particle system converted to new system.
Old particle system converted to new system.
Old particle system converted to new system.
Old particle system converted to new system.
Old particle system converted to new system.
Old particle system converted to new system.
Old particle system converted to new system.
Old particle system converted to new system.
Old particle system converted to new system.
2.66 versioning fix: replacing black sky with premultiplied alpha for scene 1
Fra:167 Mem:10.52M (0.00M, Peak 10.52M) | Preparing Scene data
Fra:167 Mem:13.66M (0.00M, Peak 13.70M) | Preparing Scene data
Fra:167 Mem:13.68M (0.00M, Peak 13.70M) | Creating Shadowbuffers
Fra:167 Mem:13.68M (0.00M, Peak 13.70M) | Caching Point Densities
Fra:167 Mem:13.68M (0.00M, Peak 13.70M) Sce: 1 Ve:6361 Fa:5240 Ha:2422 La:1
Fra:167 Mem:13.68M (0.00M, Peak 13.70M) | Loading voxel datasets
Fra:167 Mem:13.68M (0.00M, Peak 13.70M) Sce: 1 Ve:6361 Fa:5240 Ha:2422 La:1
Fra:167 Mem:13.68M (0.00M, Peak 13.70M) Sce: 1 Ve:6361 Fa:5240 Ha:2422 La:1
Fra:167 Mem:13.68M (0.00M, Peak 13.70M) Sce: 1 Ve:6361 Fa:5240 Ha:2422 La:1
Fra:167 Mem:77.77M (0.00M, Peak 105.80M) | 1, Part 1-4
Fra:167 Mem:62.05M (0.00M, Peak 105.80M) | 1, Part 2-4
Fra:167 Mem:34.10M (0.00M, Peak 105.80M) | 1, Part 4-4
Fra:167 Mem:31.13M (0.00M, Peak 105.80M) | 1, Part 3-4
Fra:167 Mem:24.96M (0.00M, Peak 105.80M) Sce: 1 Ve:6361 Fa:5240 Ha:2422 La:1
Saved: star-collapse-0167 Time: 00:02.00 (Saving: 00:00.04)

Error, region type 2 missing in - name:"Info", id:7
Error, region type 4 missing in - name:"Info", id:7

Blender quit

real	0m3.638s
user	0m5.161s
sys	0m0.192s
